Component: ARM Compiler 5.06 update 6 (build 750) Tool: armlink [4d35ed]

==============================================================================

Section Cross References

    startup_stm32h743xx.o(STACK) refers (Special) to heapauxi.o(.text) for __use_two_region_memory
    startup_stm32h743xx.o(HEAP) refers (Special) to heapauxi.o(.text) for __use_two_region_memory
    startup_stm32h743xx.o(RESET) refers (Special) to heapauxi.o(.text) for __use_two_region_memory
    startup_stm32h743xx.o(RESET) refers to startup_stm32h743xx.o(STACK) for __initial_sp
    startup_stm32h743xx.o(RESET) refers to startup_stm32h743xx.o(.text) for Reset_Handler
    startup_stm32h743xx.o(RESET) refers to stm32h7xx_it.o(i.NMI_Handler) for NMI_Handler
    startup_stm32h743xx.o(RESET) refers to stm32h7xx_it.o(i.HardFault_Handler) for HardFault_Handler
    startup_stm32h743xx.o(RESET) refers to stm32h7xx_it.o(i.MemManage_Handler) for MemManage_Handler
    startup_stm32h743xx.o(RESET) refers to stm32h7xx_it.o(i.BusFault_Handler) for BusFault_Handler
    startup_stm32h743xx.o(RESET) refers to stm32h7xx_it.o(i.UsageFault_Handler) for UsageFault_Handler
    startup_stm32h743xx.o(RESET) refers to stm32h7xx_it.o(i.SVC_Handler) for SVC_Handler
    startup_stm32h743xx.o(RESET) refers to stm32h7xx_it.o(i.DebugMon_Handler) for DebugMon_Handler
    startup_stm32h743xx.o(RESET) refers to stm32h7xx_it.o(i.PendSV_Handler) for PendSV_Handler
    startup_stm32h743xx.o(RESET) refers to stm32h7xx_it.o(i.SysTick_Handler) for SysTick_Handler
    startup_stm32h743xx.o(RESET) refers to stm32h7xx_it.o(i.DMA1_Stream0_IRQHandler) for DMA1_Stream0_IRQHandler
    startup_stm32h743xx.o(RESET) refers to stm32h7xx_it.o(i.DMA1_Stream1_IRQHandler) for DMA1_Stream1_IRQHandler
    startup_stm32h743xx.o(RESET) refers to stm32h7xx_it.o(i.DMA1_Stream2_IRQHandler) for DMA1_Stream2_IRQHandler
    startup_stm32h743xx.o(RESET) refers to stm32h7xx_it.o(i.DMA1_Stream4_IRQHandler) for DMA1_Stream4_IRQHandler
    startup_stm32h743xx.o(RESET) refers to stm32h7xx_it.o(i.DMA1_Stream5_IRQHandler) for DMA1_Stream5_IRQHandler
    startup_stm32h743xx.o(RESET) refers to stm32h7xx_it.o(i.DMA1_Stream6_IRQHandler) for DMA1_Stream6_IRQHandler
    startup_stm32h743xx.o(RESET) refers to stm32h7xx_it.o(i.USART1_IRQHandler) for USART1_IRQHandler
    startup_stm32h743xx.o(RESET) refers to stm32h7xx_it.o(i.USART2_IRQHandler) for USART2_IRQHandler
    startup_stm32h743xx.o(RESET) refers to stm32h7xx_it.o(i.USART3_IRQHandler) for USART3_IRQHandler
    startup_stm32h743xx.o(RESET) refers to stm32h7xx_it.o(i.TIM5_IRQHandler) for TIM5_IRQHandler
    startup_stm32h743xx.o(RESET) refers to stm32h7xx_it.o(i.TIM16_IRQHandler) for TIM16_IRQHandler
    startup_stm32h743xx.o(RESET) refers to stm32h7xx_it.o(i.TIM17_IRQHandler) for TIM17_IRQHandler
    startup_stm32h743xx.o(.text) refers (Special) to heapauxi.o(.text) for __use_two_region_memory
    startup_stm32h743xx.o(.text) refers to system_stm32h7xx_1.o(i.ExitRun0Mode) for ExitRun0Mode
    startup_stm32h743xx.o(.text) refers to system_stm32h7xx_1.o(i.SystemInit) for SystemInit
    startup_stm32h743xx.o(.text) refers to __main.o(!!!main) for __main
    startup_stm32h743xx.o(.text) refers to startup_stm32h743xx.o(HEAP) for Heap_Mem
    startup_stm32h743xx.o(.text) refers to startup_stm32h743xx.o(STACK) for Stack_Mem
    ps4_esp.o(i.PS4_Init) refers to ps4_esp.o(.data) for .data
    ps4_esp.o(i.PS4_UART_Req) refers to stm32h7xx_hal_uart.o(i.HAL_UART_Transmit_IT) for HAL_UART_Transmit_IT
    ps4_esp.o(i.PS4_UART_Req) refers to stm32h7xx_hal_uart.o(i.HAL_UART_Receive_DMA) for HAL_UART_Receive_DMA
    ps4_esp.o(i.PS4_UART_Req) refers to ps4_esp.o(.constdata) for .constdata
    ps4_esp.o(i.PS4_UART_Req) refers to ps4_esp.o(.data) for .data
    ps4_esp.o(i.PS4_UART_Req) refers to ps4_esp.o(.bss) for .bss
    ps4_esp.o(i.PS4_UART_Rx_IDLE_Handle) refers to stm32h7xx_hal_uart.o(i.HAL_UART_Receive_DMA) for HAL_UART_Receive_DMA
    ps4_esp.o(i.PS4_UART_Rx_IDLE_Handle) refers to stm32h7xx_hal.o(i.HAL_GetTick) for HAL_GetTick
    ps4_esp.o(i.PS4_UART_Rx_IDLE_Handle) refers to ps4_esp.o(.bss) for .bss
    ps4_esp.o(i.PS4_UART_Rx_IDLE_Handle) refers to ps4_esp.o(.data) for .data
    driver_pid_aml.o(i.AML_PackLastTxWords) refers to driver_pid_aml.o(.bss) for .bss
    driver_pid_aml.o(i.AML_PackLastTxWords) refers to driver_pid_aml.o(.data) for .data
    driver_pid_aml.o(i.Driver_Home_Request) refers to stm32h7xx_hal_uart.o(i.HAL_UART_Transmit) for HAL_UART_Transmit
    driver_pid_aml.o(i.Driver_Home_Request) refers to driver_pid_aml.o(.data) for .data
    driver_pid_aml.o(i.Driver_Send_Setpoints_U1) refers to rt_memclr_w.o(.text) for __aeabi_memclr4
    driver_pid_aml.o(i.Driver_Send_Setpoints_U1) refers to rt_memcpy_w.o(.text) for __aeabi_memcpy4
    driver_pid_aml.o(i.Driver_Send_Setpoints_U1) refers to driver_pid_aml.o(i.AML_PackLastTxWords) for AML_PackLastTxWords
[...]
    Req_Char                                 0x080077fe   Data           1  ps4_esp.o(.constdata)
    .constdata                               0x08007800   Section       10  timer_timeout.o(.constdata)
    Task_Timeout_ms                          0x08007800   Data          10  timer_timeout.o(.constdata)
    .constdata                               0x0800780a   Section       15  wt901c.o(.constdata)
    tx_angle_rst_buffer                      0x0800780a   Data          15  wt901c.o(.constdata)
    .constdata                               0x08007819   Section        8  stm32h7xx_hal_dma.o(.constdata)
    flagBitshiftOffset                       0x08007819   Data           8  stm32h7xx_hal_dma.o(.constdata)
    .constdata                               0x08007822   Section       24  stm32h7xx_hal_uart.o(.constdata)
    .constdata                               0x0800783a   Section       16  stm32h7xx_hal_uart_ex.o(.constdata)
    numerator                                0x0800783a   Data           8  stm32h7xx_hal_uart_ex.o(.constdata)
    denominator                              0x08007842   Data           8  stm32h7xx_hal_uart_ex.o(.constdata)
    .constdata                               0x0800784a   Section       16  system_stm32h7xx_1.o(.constdata)
    .constdata                               0x0800785c   Section       32  rredf.o(.constdata)
    twooverpi                                0x0800785c   Data          32  rredf.o(.constdata)
    .data                                    0x24000000   Section       12  ps4_esp.o(.data)
    .data                                    0x2400000c   Section       16  driver_pid_aml.o(.data)
    .data                                    0x24000020   Section       40  mecanum_field_kin.o(.data)
    Mecanum_Kp_Omega                         0x24000020   Data           8  mecanum_field_kin.o(.data)
    Mecanum_Ki_Omega                         0x24000028   Data           8  mecanum_field_kin.o(.data)
    Mecanum_Kd_Omega                         0x24000030   Data           8  mecanum_field_kin.o(.data)
    Mecanum_Speed_Omega_PID                  0x24000038   Data           8  mecanum_field_kin.o(.data)
    .data                                    0x24000048   Section       16  wt901c.o(.data)
    overflowLength                           0x24000048   Data           1  wt901c.o(.data)
    Yaw_Roll_Count                           0x2400004a   Data           2  wt901c.o(.data)
    Yaw_Continuous_Angle                     0x2400004c   Data           4  wt901c.o(.data)
    Prev_Yaw_Angle                           0x24000050   Data           4  wt901c.o(.data)
    offset_angle                             0x24000054   Data           4  wt901c.o(.data)
    .data                                    0x24000058   Section       46  main.o(.data)
    prev_timeout_state                       0x24000065   Data           1  main.o(.data)
    first_connect_beep_done                  0x24000066   Data           1  main.o(.data)
    .data                                    0x24000088   Section       12  stm32h7xx_hal.o(.data)
    .data                                    0x24000094   Section        8  system_stm32h7xx_1.o(.data)
    .bss                                     0x2400009c   Section       18  ps4_esp.o(.bss)
    .bss                                     0x240000b0   Section      160  driver_pid_aml.o(.bss)
    buffer_tx_setpoints_u1                   0x24000100   Data          40  driver_pid_aml.o(.bss)
    buffer_tx_setpoints_u2                   0x24000128   Data          40  driver_pid_aml.o(.bss)
    .bss                                     0x24000150   Section       36  wt901c.o(.bss)
    overflowBuffer                           0x24000150   Data          11  wt901c.o(.bss)
    .bss                                     0x24000178   Section      264  main.o(.bss)
    .bss                                     0x24000280   Section      380  tim.o(.bss)
    .bss                                     0x240003fc   Section     1164  usart.o(.bss)
    .bss                                     0x24000888   Section       96  libspace.o(.bss)
    HEAP                                     0x240008e8   Section      512  startup_stm32h743xx.o(HEAP)
    Heap_Mem                                 0x240008e8   Data         512  startup_stm32h743xx.o(HEAP)
    STACK                                    0x24000ae8   Section     1024  startup_stm32h743xx.o(STACK)
    Stack_Mem                                0x24000ae8   Data        1024  startup_stm32h743xx.o(STACK)
    __initial_sp                             0x24000ee8   Data           0  startup_stm32h743xx.o(STACK)

    Global Symbols

    Symbol Name                              Value     Ov Type        Size  Object(Section)

    BuildAttributes$$THM_ISAv4$E$P$D$K$B$S$7EM$VFPv5_D16$PE$PLD8$A:L22UL41UL21$X:L11$S22US41US21$IEEE1$IW$USESV6$~STKCKD$USESV7$~SHL$OTIME$ROPI$IEEEX$EBA8$UX$STANDARDLIB$REQ8$PRES8$EABIv2 0x00000000   Number         0  anon$$obj.o ABSOLUTE
    __ARM_use_no_argv                        0x00000000   Number         0  main.o ABSOLUTE
    __ARM_exceptions_init                     - Undefined Weak Reference
    __alloca_initialize                       - Undefined Weak Reference
    __arm_preinit_                            - Undefined Weak Reference
    __cpp_initialize__aeabi_                  - Undefined Weak Reference
    __cxa_finalize                            - Undefined Weak Reference
    __rt_locale                               - Undefined Weak Reference
    __sigvec_lookup                           - Undefined Weak Reference
    _atexit_init                              - Undefined Weak Reference
    _call_atexit_fns                          - Undefined Weak Reference
    _clock_init                               - Undefined Weak Reference
    _fp_trap_init                             - Undefined Weak Reference
    _fp_trap_shutdown                         - Undefined Weak Reference
    _get_lc_collate                           - Undefined Weak Reference
    _get_lc_ctype                             - Undefined Weak Reference
    _get_lc_monetary                          - Undefined Weak Reference
    _get_lc_numeric                           - Undefined Weak Reference
    _get_lc_time                              - Undefined Weak Reference
    _getenv_init                              - Undefined Weak Reference
    _handle_redirection                       - Undefined Weak Reference
    _init_alloc                               - Undefined Weak Reference
    _init_user_alloc                          - Undefined Weak Reference
    _initio                                   - Undefined Weak Reference
    _rand_init                                - Undefined Weak Reference
    _signal_finish                            - Undefined Weak Reference
    _signal_init                              - Undefined Weak Reference
    _terminate_alloc                          - Undefined Weak Reference
    _terminate_user_alloc                     - Undefined Weak Reference
    _terminateio                              - Undefined Weak Reference
    __Vectors_Size                           0x00000298   Number         0  startup_stm32h743xx.o ABSOLUTE
    __Vectors                                0x08000000   Data           4  startup_stm32h743xx.o(RESET)
    __Vectors_End                            0x08000298   Data           0  startup_stm32h743xx.o(RESET)
    __main                                   0x08000299   Thumb Code     8  __main.o(!!!main)
    __scatterload                            0x080002a1   Thumb Code     0  __scatter.o(!!!scatter)
    __scatterload_rt2                        0x080002a1   Thumb Code    44  __scatter.o(!!!scatter)
    __scatterload_rt2_thumb_only             0x080002a1   Thumb Code     0  __scatter.o(!!!scatter)
    __scatterload_null                       0x080002af   Thumb Code     0  __scatter.o(!!!scatter)
    __scatterload_copy                       0x080002d5   Thumb Code    26  __scatter_copy.o(!!handler_copy)
    __scatterload_zeroinit                   0x080002f1   Thumb Code    28  __scatter_zi.o(!!handler_zi)
    __rt_lib_init                            0x0800030d   Thumb Code     0  libinit.o(.ARM.Collect$$libinit$$00000000)
    __rt_lib_init_fp_1                       0x0800030f   Thumb Code     0  libinit2.o(.ARM.Collect$$libinit$$00000001)
    __rt_lib_init_alloca_1                   0x08000313   Thumb Code     0  libinit2.o(.ARM.Collect$$libinit$$0000002E)
    __rt_lib_init_argv_1                     0x08000313   Thumb Code     0  libinit2.o(.ARM.Collect$$libinit$$0000002C)
    __rt_lib_init_atexit_1                   0x08000313   Thumb Code     0  libinit2.o(.ARM.Collect$$libinit$$0000001B)
    __rt_lib_init_clock_1                    0x08000313   Thumb Code     0  libinit2.o(.ARM.Collect$$libinit$$00000021)
    __rt_lib_init_cpp_1                      0x08000313   Thumb Code     0  libinit2.o(.ARM.Collect$$libinit$$00000032)
    __rt_lib_init_exceptions_1               0x08000313   Thumb Code     0  libinit2.o(.ARM.Collect$$libinit$$00000030)
    __rt_lib_init_fp_trap_1                  0x08000313   Thumb Code     0  libinit2.o(.ARM.Collect$$libinit$$0000001F)
    __rt_lib_init_getenv_1                   0x08000313   Thumb Code     0  libinit2.o(.ARM.Collect$$libinit$$00000023)
    __rt_lib_init_heap_1                     0x08000313   Thumb Code     0  libinit2.o(.ARM.Collect$$libinit$$0000000A)
    __rt_lib_init_lc_collate_1               0x08000313   Thumb Code     0  libinit2.o(.ARM.Collect$$libinit$$00000011)
    __rt_lib_init_lc_ctype_1                 0x08000313   Thumb Code     0  libinit2.o(.ARM.Collect$$libinit$$00000013)
    __rt_lib_init_lc_monetary_1              0x08000313   Thumb Code     0  libinit2.o(.ARM.Collect$$libinit$$00000015)
    __rt_lib_init_lc_numeric_1               0x08000313   Thumb Code     0  libinit2.o(.ARM.Collect$$libinit$$00000017)
    __rt_lib_init_lc_time_1                  0x08000313   Thumb Code     0  libinit2.o(.ARM.Collect$$libinit$$00000019)
    __rt_lib_init_preinit_1                  0x08000313   Thumb Code     0  libinit2.o(.ARM.Collect$$libinit$$00000004)
    __rt_lib_init_rand_1                     0x08000313   Thumb Code     0  libinit2.o(.ARM.Collect$$libinit$$0000000E)
    __rt_lib_init_return                     0x08000313   Thumb Code     0  libinit2.o(.ARM.Collect$$libinit$$00000033)
    __rt_lib_init_signal_1                   0x08000313   Thumb Code     0  libinit2.o(.ARM.Collect$$libinit$$0000001D)
    __rt_lib_init_stdio_1                    0x08000313   Thumb Code     0  libinit2.o(.ARM.Collect$$libinit$$00000025)
    __rt_lib_init_user_alloc_1               0x08000313   Thumb Code     0  libinit2.o(.ARM.Collect$$libinit$$0000000C)
    __rt_lib_shutdown                        0x08000315   Thumb Code     0  libshutdown.o(.ARM.Collect$$libshutdown$$00000000)
    __rt_lib_shutdown_cpp_1                  0x08000317   Thumb Code     0  libshutdown2.o(.ARM.Collect$$libshutdown$$00000002)
    __rt_lib_shutdown_fp_trap_1              0x08000317   Thumb Code     0  libshutdown2.o(.ARM.Collect$$libshutdown$$00000007)
    __rt_lib_shutdown_heap_1                 0x08000317   Thumb Code     0  libshutdown2.o(.ARM.Collect$$libshutdown$$0000000F)
    __rt_lib_shutdown_return                 0x08000317   Thumb Code     0  libshutdown2.o(.ARM.Collect$$libshutdown$$00000010)
    __rt_lib_shutdown_signal_1               0x08000317   Thumb Code     0  libshutdown2.o(.ARM.Collect$$libshutdown$$0000000A)
    __rt_lib_shutdown_stdio_1                0x08000317   Thumb Code     0  libshutdown2.o(.ARM.Collect$$libshutdown$$00000004)
    __rt_lib_shutdown_user_alloc_1           0x08000317   Thumb Code     0  libshutdown2.o(.ARM.Collect$$libshutdown$$0000000C)
    __rt_entry                               0x08000319   Thumb Code     0  __rtentry.o(.ARM.Collect$$rtentry$$00000000)
    __rt_entry_presh_1                       0x08000319   Thumb Code     0  __rtentry2.o(.ARM.Collect$$rtentry$$00000002)
    __rt_entry_sh                            0x08000319   Thumb Code     0  __rtentry4.o(.ARM.Collect$$rtentry$$00000004)
    __rt_entry_li                            0x0800031f   Thumb Code     0  __rtentry2.o(.ARM.Collect$$rtentry$$0000000A)
    __rt_entry_postsh_1                      0x0800031f   Thumb Code     0  __rtentry2.o(.ARM.Collect$$rtentry$$00000009)
    __rt_entry_main                          0x08000323   Thumb Code     0  __rtentry2.o(.ARM.Collect$$rtentry$$0000000D)
    __rt_entry_postli_1                      0x08000323   Thumb Code     0  __rtentry2.o(.ARM.Collect$$rtentry$$0000000C)
    __rt_exit                                0x0800032b   Thumb Code     0  rtexit.o(.ARM.Collect$$rtexit$$00000000)
    __rt_exit_ls                             0x0800032d   Thumb Code     0  rtexit2.o(.ARM.Collect$$rtexit$$00000003)
    __rt_exit_prels_1                        0x0800032d   Thumb Code     0  rtexit2.o(.ARM.Collect$$rtexit$$00000002)
    __rt_exit_exit                           0x08000331   Thumb Code     0  rtexit2.o(.ARM.Collect$$rtexit$$00000004)
    Reset_Handler                            0x08000339   Thumb Code    12  startup_stm32h743xx.o(.text)
    ADC3_IRQHandler                          0x08000357   Thumb Code     0  startup_stm32h743xx.o(.text)
    ADC_IRQHandler                           0x08000357   Thumb Code     0  startup_stm32h743xx.o(.text)
    BDMA_Channel0_IRQHandler                 0x08000357   Thumb Code     0  startup_stm32h743xx.o(.text)
    BDMA_Channel1_IRQHandler                 0x08000357   Thumb Code     0  startup_stm32h743xx.o(.text)
    BDMA_Channel2_IRQHandler                 0x08000357   Thumb Code     0  startup_stm32h743xx.o(.text)
    BDMA_Channel3_IRQHandler                 0x08000357   Thumb Code     0  startup_stm32h743xx.o(.text)
    BDMA_Channel4_IRQHandler                 0x08000357   Thumb Code     0  startup_stm32h743xx.o(.text)
    BDMA_Channel5_IRQHandler                 0x08000357   Thumb Code     0  startup_stm32h743xx.o(.text)
    BDMA_Channel6_IRQHandler                 0x08000357   Thumb Code     0  startup_stm32h743xx.o(.text)
    BDMA_Channel7_IRQHandler                 0x08000357   Thumb Code     0  startup_stm32h743xx.o(.text)
    CEC_IRQHandler                           0x08000357   Thumb Code     0  startup_stm32h743xx.o(.text)
    COMP1_IRQHandler                         0x08000357   Thumb Code     0  startup_stm32h743xx.o(.text)
    CRS_IRQHandler                           0x08000357   Thumb Code     0  startup_stm32h743xx.o(.text)
    DCMI_IRQHandler                          0x08000357   Thumb Code     0  startup_stm32h743xx.o(.text)
    DFSDM1_FLT0_IRQHandler                   0x08000357   Thumb Code     0  startup_stm32h743xx.o(.text)
    DFSDM1_FLT1_IRQHandler                   0x08000357   Thumb Code     0  startup_stm32h743xx.o(.text)
    DFSDM1_FLT2_IRQHandler                   0x08000357   Thumb Code     0  startup_stm32h743xx.o(.text)
    DFSDM1_FLT3_IRQHandler                   0x08000357   Thumb Code     0  startup_stm32h743xx.o(.text)
    DMA1_Stream3_IRQHandler                  0x08000357   Thumb Code     0  startup_stm32h743xx.o(.text)
    DMA1_Stream7_IRQHandler                  0x08000357   Thumb Code     0  startup_stm32h743xx.o(.text)
    DMA2D_IRQHandler                         0x08000357   Thumb Code     0  startup_stm32h743xx.o(.text)
    DMA2_Stream0_IRQHandler                  0x08000357   Thumb Code     0  startup_stm32h743xx.o(.text)
    DMA2_Stream1_IRQHandler                  0x08000357   Thumb Code     0  startup_stm32h743xx.o(.text)
    DMA2_Stream2_IRQHandler                  0x08000357   Thumb Code     0  startup_stm32h743xx.o(.text)
    DMA2_Stream3_IRQHandler                  0x08000357   Thumb Code     0  startup_stm32h743xx.o(.text)
    DMA2_Stream4_IRQHandler                  0x08000357   Thumb Code     0  startup_stm32h743xx.o(.text)
    DMA2_Stream5_IRQHandler                  0x08000357   Thumb Code     0  startup_stm32h743xx.o(.text)
    DMA2_Stream6_IRQHandler                  0x08000357   Thumb Code     0  startup_stm32h743xx.o(.text)
    DMA2_Stream7_IRQHandler                  0x08000357   Thumb Code     0  startup_stm32h743xx.o(.text)
    DMAMUX1_OVR_IRQHandler                   0x08000357   Thumb Code     0  startup_stm32h743xx.o(.text)
    DMAMUX2_OVR_IRQHandler                   0x08000357   Thumb Code     0  startup_stm32h743xx.o(.text)
    ECC_IRQHandler                           0x08000357   Thumb Code     0  startup_stm32h743xx.o(.text)
    ETH_IRQHandler                           0x08000357   Thumb Code     0  startup_stm32h743xx.o(.text)
    ETH_WKUP_IRQHandler                      0x08000357   Thumb Code     0  startup_stm32h743xx.o(.text)
    EXTI0_IRQHandler                         0x08000357   Thumb Code     0  startup_stm32h743xx.o(.text)
    EXTI15_10_IRQHandler                     0x08000357   Thumb Code     0  startup_stm32h743xx.o(.text)
    EXTI1_IRQHandler                         0x08000357   Thumb Code     0  startup_stm32h743xx.o(.text)
    EXTI2_IRQHandler                         0x08000357   Thumb Code     0  startup_stm32h743xx.o(.text)
    EXTI3_IRQHandler                         0x08000357   Thumb Code     0  startup_stm32h743xx.o(.text)
    EXTI4_IRQHandler                         0x08000357   Thumb Code     0  startup_stm32h743xx.o(.text)
    EXTI9_5_IRQHandler                       0x08000357   Thumb Code     0  startup_stm32h743xx.o(.text)
    FDCAN1_IT0_IRQHandler                    0x08000357   Thumb Code     0  startup_stm32h743xx.o(.text)
    FDCAN1_IT1_IRQHandler                    0x08000357   Thumb Code     0  startup_stm32h743xx.o(.text)
    FDCAN2_IT0_IRQHandler                    0x08000357   Thumb Code     0  startup_stm32h743xx.o(.text)
    FDCAN2_IT1_IRQHandler                    0x08000357   Thumb Code     0  startup_stm32h743xx.o(.text)
    FDCAN_CAL_IRQHandler                     0x08000357   Thumb Code     0  startup_stm32h743xx.o(.text)
    FLASH_IRQHandler                         0x08000357   Thumb Code     0  startup_stm32h743xx.o(.text)
    FMC_IRQHandler                           0x08000357   Thumb Code     0  startup_stm32h743xx.o(.text)
    FPU_IRQHandler                           0x08000357   Thumb Code     0  startup_stm32h743xx.o(.text)
    HRTIM1_FLT_IRQHandler                    0x08000357   Thumb Code     0  startup_stm32h743xx.o(.text)
    HRTIM1_Master_IRQHandler                 0x08000357   Thumb Code     0  startup_stm32h743xx.o(.text)
    HRTIM1_TIMA_IRQHandler                   0x08000357   Thumb Code     0  startup_stm32h743xx.o(.text)
    HRTIM1_TIMB_IRQHandler                   0x08000357   Thumb Code     0  startup_stm32h743xx.o(.text)
    HRTIM1_TIMC_IRQHandler                   0x08000357   Thumb Code     0  startup_stm32h743xx.o(.text)
    HRTIM1_TIMD_IRQHandler                   0x08000357   Thumb Code     0  startup_stm32h743xx.o(.text)
    HRTIM1_TIME_IRQHandler                   0x08000357   Thumb Code     0  startup_stm32h743xx.o(.text)
    HSEM1_IRQHandler                         0x08000357   Thumb Code     0  startup_stm32h743xx.o(.text)
    I2C1_ER_IRQHandler                       0x08000357   Thumb Code     0  startup_stm32h743xx.o(.text)
    I2C1_EV_IRQHandler                       0x08000357   Thumb Code     0  startup_stm32h743xx.o(.text)
    I2C2_ER_IRQHandler                       0x08000357   Thumb Code     0  startup_stm32h743xx.o(.text)
    I2C2_EV_IRQHandler                       0x08000357   Thumb Code     0  startup_stm32h743xx.o(.text)
    I2C3_ER_IRQHandler                       0x08000357   Thumb Code     0  startup_stm32h743xx.o(.text)
    I2C3_EV_IRQHandler                       0x08000357   Thumb Code     0  startup_stm32h743xx.o(.text)
    I2C4_ER_IRQHandler                       0x08000357   Thumb Code     0  startup_stm32h743xx.o(.text)
    I2C4_EV_IRQHandler                       0x08000357   Thumb Code     0  startup_stm32h743xx.o(.text)
    JPEG_IRQHandler                          0x08000357   Thumb Code     0  startup_stm32h743xx.o(.text)
    LPTIM1_IRQHandler                        0x08000357   Thumb Code     0  startup_stm32h743xx.o(.text)
    LPTIM2_IRQHandler                        0x08000357   Thumb Code     0  startup_stm32h743xx.o(.text)
    LPTIM3_IRQHandler                        0x08000357   Thumb Code     0  startup_stm32h743xx.o(.text)
    LPTIM4_IRQHandler                        0x08000357   Thumb Code     0  startup_stm32h743xx.o(.text)
    LPTIM5_IRQHandler                        0x08000357   Thumb Code     0  startup_stm32h743xx.o(.text)
    LPUART1_IRQHandler                       0x08000357   Thumb Code     0  startup_stm32h743xx.o(.text)
    LTDC_ER_IRQHandler                       0x08000357   Thumb Code     0  startup_stm32h743xx.o(.text)
    LTDC_IRQHandler                          0x08000357   Thumb Code     0  startup_stm32h743xx.o(.text)
    MDIOS_IRQHandler                         0x08000357   Thumb Code     0  startup_stm32h743xx.o(.text)
    MDIOS_WKUP_IRQHandler                    0x08000357   Thumb Code     0  startup_stm32h743xx.o(.text)
    MDMA_IRQHandler                          0x08000357   Thumb Code     0  startup_stm32h743xx.o(.text)
    OTG_FS_EP1_IN_IRQHandler                 0x08000357   Thumb Code     0  startup_stm32h743xx.o(.text)
    OTG_FS_EP1_OUT_IRQHandler                0x08000357   Thumb Code     0  startup_stm32h743xx.o(.text)
    OTG_FS_IRQHandler                        0x08000357   Thumb Code     0  startup_stm32h743xx.o(.text)
    OTG_FS_WKUP_IRQHandler                   0x08000357   Thumb Code     0  startup_stm32h743xx.o(.text)
    OTG_HS_EP1_IN_IRQHandler                 0x08000357   Thumb Code     0  startup_stm32h743xx.o(.text)
    OTG_HS_EP1_OUT_IRQHandler                0x08000357   Thumb Code     0  startup_stm32h743xx.o(.text)
    OTG_HS_IRQHandler                        0x08000357   Thumb Code     0  startup_stm32h743xx.o(.text)
    OTG_HS_WKUP_IRQHandler                   0x08000357   Thumb Code     0  startup_stm32h743xx.o(.text)
    PVD_AVD_IRQHandler                       0x08000357   Thumb Code     0  startup_stm32h743xx.o(.text)
    QUADSPI_IRQHandler                       0x08000357   Thumb Code     0  startup_stm32h743xx.o(.text)
    RCC_IRQHandler                           0x08000357   Thumb Code     0  startup_stm32h743xx.o(.text)
    RNG_IRQHandler                           0x08000357   Thumb Code     0  startup_stm32h743xx.o(.text)
    RTC_Alarm_IRQHandler                     0x08000357   Thumb Code     0  startup_stm32h743xx.o(.text)
    RTC_WKUP_IRQHandler                      0x08000357   Thumb Code     0  startup_stm32h743xx.o(.text)
    SAI1_IRQHandler                          0x08000357   Thumb Code     0  startup_stm32h743xx.o(.text)
    SAI2_IRQHandler                          0x08000357   Thumb Code     0  startup_stm32h743xx.o(.text)
    SAI3_IRQHandler                          0x08000357   Thumb Code     0  startup_stm32h743xx.o(.text)
    SAI4_IRQHandler                          0x08000357   Thumb Code     0  startup_stm32h743xx.o(.text)
    SDMMC1_IRQHandler                        0x08000357   Thumb Code     0  startup_stm32h743xx.o(.text)
    SDMMC2_IRQHandler                        0x08000357   Thumb Code     0  startup_stm32h743xx.o(.text)
    SPDIF_RX_IRQHandler                      0x08000357   Thumb Code     0  startup_stm32h743xx.o(.text)
    SPI1_IRQHandler                          0x08000357   Thumb Code     0  startup_stm32h743xx.o(.text)
    SPI2_IRQHandler                          0x08000357   Thumb Code     0  startup_stm32h743xx.o(.text)
    SPI3_IRQHandler                          0x08000357   Thumb Code     0  startup_stm32h743xx.o(.text)
    SPI4_IRQHandler                          0x08000357   Thumb Code     0  startup_stm32h743xx.o(.text)
    SPI5_IRQHandler                          0x08000357   Thumb Code     0  startup_stm32h743xx.o(.text)
    SPI6_IRQHandler                          0x08000357   Thumb Code     0  startup_stm32h743xx.o(.text)
    SWPMI1_IRQHandler                        0x08000357   Thumb Code     0  startup_stm32h743xx.o(.text)
    TAMP_STAMP_IRQHandler                    0x08000357   Thumb Code     0  startup_stm32h743xx.o(.text)
    TIM15_IRQHandler                         0x08000357   Thumb Code     0  startup_stm32h743xx.o(.text)
    TIM1_BRK_IRQHandler                      0x08000357   Thumb Code     0  startup_stm32h743xx.o(.text)
    TIM1_CC_IRQHandler                       0x08000357   Thumb Code     0  startup_stm32h743xx.o(.text)
    TIM1_TRG_COM_IRQHandler                  0x08000357   Thumb Code     0  startup_stm32h743xx.o(.text)
    TIM1_UP_IRQHandler                       0x08000357   Thumb Code     0  startup_stm32h743xx.o(.text)
    TIM2_IRQHandler                          0x08000357   Thumb Code     0  startup_stm32h743xx.o(.text)
    TIM3_IRQHandler                          0x08000357   Thumb Code     0  startup_stm32h743xx.o(.text)
    TIM4_IRQHandler                          0x08000357   Thumb Code     0  startup_stm32h743xx.o(.text)
    TIM6_DAC_IRQHandler                      0x08000357   Thumb Code     0  startup_stm32h743xx.o(.text)
    TIM7_IRQHandler                          0x08000357   Thumb Code     0  startup_stm32h743xx.o(.text)
    TIM8_BRK_TIM12_IRQHandler                0x08000357   Thumb Code     0  startup_stm32h743xx.o(.text)
    TIM8_CC_IRQHandler                       0x08000357   Thumb Code     0  startup_stm32h743xx.o(.text)
    TIM8_TRG_COM_TIM14_IRQHandler            0x08000357   Thumb Code     0  startup_stm32h743xx.o(.text)
    TIM8_UP_TIM13_IRQHandler                 0x08000357   Thumb Code     0  startup_stm32h743xx.o(.text)
    UART4_IRQHandler                         0x08000357   Thumb Code     0  startup_stm32h743xx.o(.text)
    UART5_IRQHandler                         0x08000357   Thumb Code     0  startup_stm32h743xx.o(.text)
    UART7_IRQHandler                         0x08000357   Thumb Code     0  startup_stm32h743xx.o(.text)
    UART8_IRQHandler                         0x08000357   Thumb Code     0  startup_stm32h743xx.o(.text)
    USART6_IRQHandler                        0x08000357   Thumb Code     0  startup_stm32h743xx.o(.text)
    WAKEUP_PIN_IRQHandler                    0x08000357   Thumb Code     0  startup_stm32h743xx.o(.text)
    WWDG_IRQHandler                          0x08000357   Thumb Code     0  startup_stm32h743xx.o(.text)
    __user_initial_stackheap                 0x08000359   Thumb Code     0  startup_stm32h743xx.o(.text)
    __aeabi_uldivmod                         0x08000381   Thumb Code     0  lludivv7m.o(.text)
    _ll_udiv                                 0x08000381   Thumb Code   238  lludivv7m.o(.text)
    __aeabi_memcpy                           0x0800046f   Thumb Code     0  rt_memcpy_v6.o(.text)
    __rt_memcpy                              0x0800046f   Thumb Code   138  rt_memcpy_v6.o(.text)
    _memcpy_lastbytes                        0x080004d5   Thumb Code     0  rt_memcpy_v6.o(.text)
    __aeabi_memcpy4                          0x080004f9   Thumb Code     0  rt_memcpy_w.o(.text)
    __aeabi_memcpy8                          0x080004f9   Thumb Code     0  rt_memcpy_w.o(.text)
    __rt_memcpy_w                            0x080004f9   Thumb Code   100  rt_memcpy_w.o(.text)
    _memcpy_lastbytes_aligned                0x08000541   Thumb Code     0  rt_memcpy_w.o(.text)
    __aeabi_memclr4                          0x0800055d   Thumb Code     0  rt_memclr_w.o(.text)
    __aeabi_memclr8                          0x0800055d   Thumb Code     0  rt_memclr_w.o(.text)
    __rt_memclr_w                            0x0800055d   Thumb Code    78  rt_memclr_w.o(.text)
    _memset_w                                0x08000561   Thumb Code     0  rt_memclr_w.o(.text)
    __use_two_region_memory                  0x080005ab   Thumb Code     2  heapauxi.o(.text)
    __rt_heap_escrow$2region                 0x080005ad   Thumb Code     2  heapauxi.o(.text)
    __rt_heap_expand$2region                 0x080005af   Thumb Code     2  heapauxi.o(.text)
    __read_errno                             0x080005b1   Thumb Code    10  _rserrno.o(.text)
    __set_errno                              0x080005bb   Thumb Code    12  _rserrno.o(.text)
    __aeabi_errno_addr                       0x080005c9   Thumb Code     8  rt_errno_addr_intlibspace.o(.text)
    __errno$intlibspace                      0x080005c9   Thumb Code     0  rt_errno_addr_intlibspace.o(.text)
    __rt_errno_addr$intlibspace              0x080005c9   Thumb Code     0  rt_errno_addr_intlibspace.o(.text)
    __user_libspace                          0x080005d1   Thumb Code     8  libspace.o(.text)
    __user_perproc_libspace                  0x080005d1   Thumb Code     0  libspace.o(.text)
    __user_perthread_libspace                0x080005d1   Thumb Code     0  libspace.o(.text)
    __user_setup_stackheap                   0x080005d9   Thumb Code    74  sys_stackheap_outer.o(.text)
    exit                                     0x08000623   Thumb Code    18  exit.o(.text)
    _sys_exit                                0x08000635   Thumb Code     8  sys_exit.o(.text)
    __I$use$semihosting                      0x08000641   Thumb Code     0  use_no_semi.o(.text)
    __use_no_semihosting_swi                 0x08000641   Thumb Code     2  use_no_semi.o(.text)
    __semihosting_library_function           0x08000643   Thumb Code     0  indicate_semi.o(.text)
    Assign_PID_AML_Id                        0x080006cb   Thumb Code     4  driver_pid_aml.o(i.Assign_PID_AML_Id)
    BusFault_Handler                         0x080006cf   Thumb Code     2  stm32h7xx_it.o(i.BusFault_Handler)
    Buzzer_Beep                              0x080006d1   Thumb Code    26  main.o(i.Buzzer_Beep)
    Buzzer_Update                            0x080006f5   Thumb Code    42  main.o(i.Buzzer_Update)
    DMA1_Stream0_IRQHandler                  0x0800075d   Thumb Code     6  stm32h7xx_it.o(i.DMA1_Stream0_IRQHandler)
    DMA1_Stream1_IRQHandler                  0x08000769   Thumb Code     6  stm32h7xx_it.o(i.DMA1_Stream1_IRQHandler)
    DMA1_Stream2_IRQHandler                  0x08000775   Thumb Code     6  stm32h7xx_it.o(i.DMA1_Stream2_IRQHandler)
    DMA1_Stream4_IRQHandler                  0x08000781   Thumb Code     6  stm32h7xx_it.o(i.DMA1_Stream4_IRQHandler)
    DMA1_Stream5_IRQHandler                  0x0800078d   Thumb Code     6  stm32h7xx_it.o(i.DMA1_Stream5_IRQHandler)
    DMA1_Stream6_IRQHandler                  0x08000799   Thumb Code     6  stm32h7xx_it.o(i.DMA1_Stream6_IRQHandler)
    DebugMon_Handler                         0x08000bdd   Thumb Code     2  stm32h7xx_it.o(i.DebugMon_Handler)
    Driver_PID_AML_Init_UART                 0x08000bdf   Thumb Code     4  driver_pid_aml.o(i.Driver_PID_AML_Init_UART)
    Driver_Send_Setpoints_U1                 0x08000be5   Thumb Code   126  driver_pid_aml.o(i.Driver_Send_Setpoints_U1)
    Error_Handler                            0x08000c6d   Thumb Code     4  main.o(i.Error_Handler)
    ExitRun0Mode                             0x08000c71   Thumb Code    22  system_stm32h7xx_1.o(i.ExitRun0Mode)
    HAL_DMA_Abort                            0x08000c8d   Thumb Code   836  stm32h7xx_hal_dma.o(i.HAL_DMA_Abort)
    HAL_DMA_Abort_IT                         0x08000fed   Thumb Code   602  stm32h7xx_hal_dma.o(i.HAL_DMA_Abort_IT)
    HAL_DMA_GetError                         0x08001271   Thumb Code     4  stm32h7xx_hal_dma.o(i.HAL_DMA_GetError)
    HAL_DMA_IRQHandler                       0x08001275   Thumb Code  1756  stm32h7xx_hal_dma.o(i.HAL_DMA_IRQHandler)
    HAL_DMA_Init                             0x0800195d   Thumb Code   926  stm32h7xx_hal_dma.o(i.HAL_DMA_Init)
    HAL_DMA_Start_IT                         0x08001d21   Thumb Code   628  stm32h7xx_hal_dma.o(i.HAL_DMA_Start_IT)
    HAL_Delay                                0x08001fbd   Thumb Code    32  stm32h7xx_hal.o(i.HAL_Delay)
    HAL_GPIO_Init                            0x08001fe1   Thumb Code   506  stm32h7xx_hal_gpio.o(i.HAL_GPIO_Init)
    HAL_GPIO_WritePin                        0x0800220d   Thumb Code    10  stm32h7xx_hal_gpio.o(i.HAL_GPIO_WritePin)
    HAL_GetREVID                             0x08002219   Thumb Code     8  stm32h7xx_hal.o(i.HAL_GetREVID)
    HAL_GetTick                              0x08002225   Thumb Code     6  stm32h7xx_hal.o(i.HAL_GetTick)
    HAL_IncTick                              0x08002231   Thumb Code    12  stm32h7xx_hal.o(i.HAL_IncTick)
    HAL_Init                                 0x08002241   Thumb Code    74  stm32h7xx_hal.o(i.HAL_Init)
    HAL_InitTick                             0x0800229d   Thumb Code    56  stm32h7xx_hal.o(i.HAL_InitTick)
    HAL_MPU_ConfigRegion                     0x080022dd   Thumb Code    86  stm32h7xx_hal_cortex.o(i.HAL_MPU_ConfigRegion)
    HAL_MPU_Disable                          0x08002339   Thumb Code    24  stm32h7xx_hal_cortex.o(i.HAL_MPU_Disable)
    HAL_MPU_Enable                           0x08002355   Thumb Code    30  stm32h7xx_hal_cortex.o(i.HAL_MPU_Enable)
    HAL_MspInit                              0x08002379   Thumb Code    22  stm32h7xx_hal_msp.o(i.HAL_MspInit)
    HAL_NVIC_EnableIRQ                       0x08002395   Thumb Code    26  stm32h7xx_hal_cortex.o(i.HAL_NVIC_EnableIRQ)
    HAL_NVIC_SetPriority                     0x080023b1   Thumb Code    60  stm32h7xx_hal_cortex.o(i.HAL_NVIC_SetPriority)
    HAL_NVIC_SetPriorityGrouping             0x080023f1   Thumb Code    28  stm32h7xx_hal_cortex.o(i.HAL_NVIC_SetPriorityGrouping)
    HAL_PWREx_ConfigSupply                   0x08002415   Thumb Code    78  stm32h7xx_hal_pwr_ex.o(i.HAL_PWREx_ConfigSupply)
    HAL_RCCEx_GetD3PCLK1Freq                 0x08002469   Thumb Code    26  stm32h7xx_hal_rcc_ex.o(i.HAL_RCCEx_GetD3PCLK1Freq)
    HAL_RCCEx_GetPLL2ClockFreq               0x0800248d   Thumb Code   296  stm32h7xx_hal_rcc_ex.o(i.HAL_RCCEx_GetPLL2ClockFreq)
    HAL_RCCEx_GetPLL3ClockFreq               0x080025d1   Thumb Code   296  stm32h7xx_hal_rcc_ex.o(i.HAL_RCCEx_GetPLL3ClockFreq)
    HAL_RCCEx_PeriphCLKConfig                0x08002715   Thumb Code  2472  stm32h7xx_hal_rcc_ex.o(i.HAL_RCCEx_PeriphCLKConfig)
    HAL_RCC_ClockConfig                      0x080030c1   Thumb Code   580  stm32h7xx_hal_rcc.o(i.HAL_RCC_ClockConfig)
    HAL_RCC_GetHCLKFreq                      0x0800331d   Thumb Code    52  stm32h7xx_hal_rcc.o(i.HAL_RCC_GetHCLKFreq)
    HAL_RCC_GetPCLK1Freq                     0x08003361   Thumb Code    26  stm32h7xx_hal_rcc.o(i.HAL_RCC_GetPCLK1Freq)
    HAL_RCC_GetPCLK2Freq                     0x08003385   Thumb Code    26  stm32h7xx_hal_rcc.o(i.HAL_RCC_GetPCLK2Freq)
    HAL_RCC_GetSysClockFreq                  0x080033a9   Thumb Code   278  stm32h7xx_hal_rcc.o(i.HAL_RCC_GetSysClockFreq)
    HAL_RCC_OscConfig                        0x080034e1   Thumb Code  1410  stm32h7xx_hal_rcc.o(i.HAL_RCC_OscConfig)
    HAL_SYSTICK_Config                       0x08003a63   Thumb Code    38  stm32h7xx_hal_cortex.o(i.HAL_SYSTICK_Config)
    HAL_TIMEx_Break2Callback                 0x08003a89   Thumb Code     2  stm32h7xx_hal_tim_ex.o(i.HAL_TIMEx_Break2Callback)
    HAL_TIMEx_BreakCallback                  0x08003a8b   Thumb Code     2  stm32h7xx_hal_tim_ex.o(i.HAL_TIMEx_BreakCallback)
    HAL_TIMEx_CommutCallback                 0x08003a8d   Thumb Code     2  stm32h7xx_hal_tim_ex.o(i.HAL_TIMEx_CommutCallback)
    HAL_TIMEx_MasterConfigSynchronization    0x08003a91   Thumb Code   134  stm32h7xx_hal_tim_ex.o(i.HAL_TIMEx_MasterConfigSynchronization)
    HAL_TIM_Base_Init                        0x08003b35   Thumb Code    98  stm32h7xx_hal_tim.o(i.HAL_TIM_Base_Init)
    HAL_TIM_Base_MspInit                     0x08003b99   Thumb Code   126  tim.o(i.HAL_TIM_Base_MspInit)
    HAL_TIM_Base_Start_IT                    0x08003c29   Thumb Code   106  stm32h7xx_hal_tim.o(i.HAL_TIM_Base_Start_IT)
    HAL_TIM_ConfigClockSource                0x08003cb5   Thumb Code   248  stm32h7xx_hal_tim.o(i.HAL_TIM_ConfigClockSource)
    HAL_TIM_Encoder_Init                     0x08003db1   Thumb Code   182  stm32h7xx_hal_tim.o(i.HAL_TIM_Encoder_Init)
    HAL_TIM_Encoder_MspInit                  0x08003e6d   Thumb Code   156  tim.o(i.HAL_TIM_Encoder_MspInit)
    HAL_TIM_IC_CaptureCallback               0x08003f1d   Thumb Code     2  stm32h7xx_hal_tim.o(i.HAL_TIM_IC_CaptureCallback)
    HAL_TIM_IRQHandler                       0x08003f1f   Thumb Code   328  stm32h7xx_hal_tim.o(i.HAL_TIM_IRQHandler)
    HAL_TIM_MspPostInit                      0x08004069   Thumb Code    68  tim.o(i.HAL_TIM_MspPostInit)
    HAL_TIM_OC_DelayElapsedCallback          0x080040b9   Thumb Code     2  stm32h7xx_hal_tim.o(i.HAL_TIM_OC_DelayElapsedCallback)
    HAL_TIM_PWM_ConfigChannel                0x080040bb   Thumb Code   292  stm32h7xx_hal_tim.o(i.HAL_TIM_PWM_ConfigChannel)
    HAL_TIM_PWM_Init                         0x080041df   Thumb Code    98  stm32h7xx_hal_tim.o(i.HAL_TIM_PWM_Init)
    HAL_TIM_PWM_MspInit                      0x08004241   Thumb Code     2  stm32h7xx_hal_tim.o(i.HAL_TIM_PWM_MspInit)
    HAL_TIM_PWM_PulseFinishedCallback        0x08004243   Thumb Code     2  stm32h7xx_hal_tim.o(i.HAL_TIM_PWM_PulseFinishedCallback)
    HAL_TIM_PeriodElapsedCallback            0x08004245   Thumb Code    48  main.o(i.HAL_TIM_PeriodElapsedCallback)
    HAL_TIM_TriggerCallback                  0x08004281   Thumb Code     2  stm32h7xx_hal_tim.o(i.HAL_TIM_TriggerCallback)
    HAL_UARTEx_DisableFifoMode               0x08004283   Thumb Code    64  stm32h7xx_hal_uart_ex.o(i.HAL_UARTEx_DisableFifoMode)
    HAL_UARTEx_RxEventCallback               0x080042c3   Thumb Code     2  stm32h7xx_hal_uart.o(i.HAL_UARTEx_RxEventCallback)
    HAL_UARTEx_RxFifoFullCallback            0x080042c5   Thumb Code     2  stm32h7xx_hal_uart_ex.o(i.HAL_UARTEx_RxFifoFullCallback)
    HAL_UARTEx_SetRxFifoThreshold            0x080042c7   Thumb Code    76  stm32h7xx_hal_uart_ex.o(i.HAL_UARTEx_SetRxFifoThreshold)
    HAL_UARTEx_SetTxFifoThreshold            0x08004313   Thumb Code    76  stm32h7xx_hal_uart_ex.o(i.HAL_UARTEx_SetTxFifoThreshold)
    HAL_UARTEx_TxFifoEmptyCallback           0x0800435f   Thumb Code     2  stm32h7xx_hal_uart_ex.o(i.HAL_UARTEx_TxFifoEmptyCallback)
    HAL_UARTEx_WakeupCallback                0x08004361   Thumb Code     2  stm32h7xx_hal_uart_ex.o(i.HAL_UARTEx_WakeupCallback)
    HAL_UART_DMAStop                         0x08004363   Thumb Code   146  stm32h7xx_hal_uart.o(i.HAL_UART_DMAStop)
    HAL_UART_ErrorCallback                   0x080043f5   Thumb Code     2  stm32h7xx_hal_uart.o(i.HAL_UART_ErrorCallback)
    HAL_UART_IRQHandler                      0x080043f9   Thumb Code   898  stm32h7xx_hal_uart.o(i.HAL_UART_IRQHandler)
    HAL_UART_Init                            0x08004795   Thumb Code   106  stm32h7xx_hal_uart.o(i.HAL_UART_Init)
    HAL_UART_MspInit                         0x08004801   Thumb Code   686  usart.o(i.HAL_UART_MspInit)
    HAL_UART_Receive_DMA                     0x08004ad9   Thumb Code    66  stm32h7xx_hal_uart.o(i.HAL_UART_Receive_DMA)
    HAL_UART_RxCpltCallback                  0x08004b21   Thumb Code    52  main.o(i.HAL_UART_RxCpltCallback)
    HAL_UART_RxHalfCpltCallback              0x08004b61   Thumb Code     2  stm32h7xx_hal_uart.o(i.HAL_UART_RxHalfCpltCallback)
    HAL_UART_Transmit                        0x08004b63   Thumb Code   176  stm32h7xx_hal_uart.o(i.HAL_UART_Transmit)
    HAL_UART_Transmit_DMA                    0x08004c15   Thumb Code   132  stm32h7xx_hal_uart.o(i.HAL_UART_Transmit_DMA)
    HAL_UART_Transmit_IT                     0x08004ca5   Thumb Code   136  stm32h7xx_hal_uart.o(i.HAL_UART_Transmit_IT)
    HAL_UART_TxCpltCallback                  0x08004d3d   Thumb Code    16  main.o(i.HAL_UART_TxCpltCallback)
    HAL_UART_TxHalfCpltCallback              0x08004d55   Thumb Code     2  stm32h7xx_hal_uart.o(i.HAL_UART_TxHalfCpltCallback)
    HandleButtonPress                        0x08004d59   Thumb Code   212  main.o(i.HandleButtonPress)
    HardFault_Handler                        0x08004e39   Thumb Code     2  stm32h7xx_it.o(i.HardFault_Handler)
    MX_DMA_Init                              0x08004e9d   Thumb Code   120  dma.o(i.MX_DMA_Init)
    MX_GPIO_Init                             0x08004f19   Thumb Code   132  gpio.o(i.MX_GPIO_Init)
    MX_TIM16_Init                            0x08004fa5   Thumb Code    46  tim.o(i.MX_TIM16_Init)
    MX_TIM17_Init                            0x08004fdd   Thumb Code    46  tim.o(i.MX_TIM17_Init)
    MX_TIM1_Init                             0x08005015   Thumb Code   102  tim.o(i.MX_TIM1_Init)
    MX_TIM4_Init                             0x08005085   Thumb Code    98  tim.o(i.MX_TIM4_Init)
    MX_TIM5_Init                             0x080050f1   Thumb Code   198  tim.o(i.MX_TIM5_Init)
    MX_USART1_UART_Init                      0x080051c1   Thumb Code    94  usart.o(i.MX_USART1_UART_Init)
    MX_USART2_UART_Init                      0x08005229   Thumb Code    94  usart.o(i.MX_USART2_UART_Init)
    MX_USART3_UART_Init                      0x08005291   Thumb Code    94  usart.o(i.MX_USART3_UART_Init)
    MecanumRobot_CalculateWheelSpeeds        0x080052f9   Thumb Code   196  mecanum_field_kin.o(i.MecanumRobot_CalculateWheelSpeeds)
    MecanumRobot_Init                        0x080053c5   Thumb Code   134  mecanum_field_kin.o(i.MecanumRobot_Init)
    MecanumRobot_SetMotion                   0x08005461   Thumb Code   102  mecanum_field_kin.o(i.MecanumRobot_SetMotion)
    Mecanum_Calculate                        0x080054d9   Thumb Code   802  main.o(i.Mecanum_Calculate)
    MemManage_Handler                        0x08005859   Thumb Code     2  stm32h7xx_it.o(i.MemManage_Handler)
    Motor_Update                             0x0800585d   Thumb Code    88  main.o(i.Motor_Update)
    NMI_Handler                              0x080058bd   Thumb Code     2  stm32h7xx_it.o(i.NMI_Handler)
    PID                                      0x080058c1   Thumb Code    90  pid.o(i.PID)
    PID_Compute                              0x0800592d   Thumb Code   202  pid.o(i.PID_Compute)
    PID_Init                                 0x08005a01   Thumb Code    54  pid.o(i.PID_Init)
    PID_SetControllerDirection               0x08005a37   Thumb Code    50  pid.o(i.PID_SetControllerDirection)
    PID_SetMode                              0x08005a69   Thumb Code    28  pid.o(i.PID_SetMode)
    PID_SetOutputLimits                      0x08005a85   Thumb Code    98  pid.o(i.PID_SetOutputLimits)
    PID_SetSampleTime                        0x08005ae7   Thumb Code    52  pid.o(i.PID_SetSampleTime)
    PID_SetTunings2                          0x08005b1d   Thumb Code   116  pid.o(i.PID_SetTunings2)
    PS4_Init                                 0x08005b99   Thumb Code    16  ps4_esp.o(i.PS4_Init)
    PS4_Process                              0x08005bad   Thumb Code    18  main.o(i.PS4_Process)
    PS4_UART_Req                             0x08005bc5   Thumb Code    28  ps4_esp.o(i.PS4_UART_Req)
    PS4_UART_Rx_IDLE_Handle                  0x08005bed   Thumb Code    82  ps4_esp.o(i.PS4_UART_Rx_IDLE_Handle)
    PendSV_Handler                           0x08005c49   Thumb Code     2  stm32h7xx_it.o(i.PendSV_Handler)
    Robot_Hold_Stop                          0x08005e8d   Thumb Code    22  main.o(i.Robot_Hold_Stop)
    SVC_Handler                              0x08005ea9   Thumb Code     2  stm32h7xx_it.o(i.SVC_Handler)
    SysTick_Handler                          0x08005eab   Thumb Code     4  stm32h7xx_it.o(i.SysTick_Handler)
    SystemClock_Config                       0x08005eb1   Thumb Code   156  main.o(i.SystemClock_Config)
    SystemInit                               0x08005f55   Thumb Code   206  system_stm32h7xx_1.o(i.SystemInit)
    TIM16_IRQHandler                         0x0800604d   Thumb Code     6  stm32h7xx_it.o(i.TIM16_IRQHandler)
    TIM17_IRQHandler                         0x08006059   Thumb Code     6  stm32h7xx_it.o(i.TIM17_IRQHandler)
    TIM5_IRQHandler                          0x08006065   Thumb Code     6  stm32h7xx_it.o(i.TIM5_IRQHandler)
    TIM_Base_SetConfig                       0x08006071   Thumb Code   170  stm32h7xx_hal_tim.o(i.TIM_Base_SetConfig)
    TIM_ETR_SetConfig                        0x0800613d   Thumb Code    18  stm32h7xx_hal_tim.o(i.TIM_ETR_SetConfig)
    TIM_OC2_SetConfig                        0x08006209   Thumb Code   126  stm32h7xx_hal_tim.o(i.TIM_OC2_SetConfig)
    Timeout_Begin                            0x080064e1   Thumb Code    42  timer_timeout.o(i.Timeout_Begin)
    Timer_Timeout_Check                      0x08006515   Thumb Code    48  timer_timeout.o(i.Timer_Timeout_Check)
    Timer_Timeout_Init                       0x08006545   Thumb Code    10  timer_timeout.o(i.Timer_Timeout_Init)
    Timer_Timeout_Reset                      0x0800654f   Thumb Code     8  timer_timeout.o(i.Timer_Timeout_Reset)
    Timer_Timeout_Start                      0x08006557   Thumb Code     4  timer_timeout.o(i.Timer_Timeout_Start)
    UART_AdvFeatureConfig                    0x080065a1   Thumb Code   200  stm32h7xx_hal_uart.o(i.UART_AdvFeatureConfig)
    UART_CheckIdleState                      0x08006669   Thumb Code   170  stm32h7xx_hal_uart.o(i.UART_CheckIdleState)
    UART_SetConfig                           0x080068e1   Thumb Code   876  stm32h7xx_hal_uart.o(i.UART_SetConfig)
    UART_Start_Receive_DMA                   0x08006c8d   Thumb Code   156  stm32h7xx_hal_uart.o(i.UART_Start_Receive_DMA)
    UART_WaitOnFlagUntilTimeout              0x08006ea7   Thumb Code   148  stm32h7xx_hal_uart.o(i.UART_WaitOnFlagUntilTimeout)
    USART1_IRQHandler                        0x08006f3d   Thumb Code    38  stm32h7xx_it.o(i.USART1_IRQHandler)
    USART2_IRQHandler                        0x08006f69   Thumb Code    34  stm32h7xx_it.o(i.USART2_IRQHandler)
    USART3_IRQHandler                        0x08006f91   Thumb Code     6  stm32h7xx_it.o(i.USART3_IRQHandler)
    UsageFault_Handler                       0x08006f9d   Thumb Code     2  stm32h7xx_it.o(i.UsageFault_Handler)
    WT901C_Begin_Recieve                     0x08006f9f   Thumb Code     4  wt901c.o(i.WT901C_Begin_Recieve)
    WT901C_Calibrate_Accel                   0x08006fa5   Thumb Code   130  wt901c.o(i.WT901C_Calibrate_Accel)
    WT901C_Init                              0x08007041   Thumb Code    56  wt901c.o(i.WT901C_Init)
    WT901C_Process_Buffer                    0x0800707d   Thumb Code   234  wt901c.o(i.WT901C_Process_Buffer)
    WT901C_Reset_Angles                      0x08007175   Thumb Code    86  wt901c.o(i.WT901C_Reset_Angles)
    WT901C_Start_Receive                     0x080071d9   Thumb Code    10  wt901c.o(i.WT901C_Start_Receive)
    WT901C_UART_Rx_IDLE_Hanlde               0x080071e9   Thumb Code    22  wt901c.o(i.WT901C_UART_Rx_IDLE_Hanlde)
    __ARM_fpclassifyf                        0x08007205   Thumb Code    38  fpclassifyf.o(i.__ARM_fpclassifyf)
    __hardfp_cosf                            0x0800724d   Thumb Code   276  cosf.o(i.__hardfp_cosf)
    __hardfp_sinf                            0x0800739d   Thumb Code   344  sinf.o(i.__hardfp_sinf)
    __mathlib_flt_infnan                     0x08007531   Thumb Code     6  funder.o(i.__mathlib_flt_infnan)
    __mathlib_flt_invalid                    0x08007539   Thumb Code    10  funder.o(i.__mathlib_flt_invalid)
    __mathlib_flt_underflow                  0x08007549   Thumb Code    10  funder.o(i.__mathlib_flt_underflow)
    __mathlib_rredf2                         0x08007559   Thumb Code   316  rredf.o(i.__mathlib_rredf2)
    main                                     0x080076ad   Thumb Code   272  main.o(i.main)
    _fp_init                                 0x080077f5   Thumb Code    10  fpinit.o(x$fpl$fpinit)
    __fplib_config_fpu_vfp                   0x080077fd   Thumb Code     0  fpinit.o(x$fpl$fpinit)
    __fplib_config_pureend_doubles           0x080077fd   Thumb Code     0  fpinit.o(x$fpl$fpinit)
    __I$use$fp                               0x080077fe   Number         0  usenofp.o(x$fpl$usenofp)
    UARTPrescTable                           0x08007822   Data          24  stm32h7xx_hal_uart.o(.constdata)
    D1CorePrescTable                         0x0800784a   Data          16  system_stm32h7xx_1.o(.constdata)
    Region$$Table$$Base                      0x0800787c   Number         0  anon$$obj.o(Region$$Table)
    Region$$Table$$Limit                     0x0800789c   Number         0  anon$$obj.o(Region$$Table)
    Button_State                             0x24000000   Data           2  ps4_esp.o(.data)
    PS4_LastRxTick                           0x24000004   Data           4  ps4_esp.o(.data)
    huart_ps4                                0x24000008   Data           4  ps4_esp.o(.data)
    AML_LastTxLen                            0x2400000c   Data           2  driver_pid_aml.o(.data)
    AML_TxDmaOk                              0x24000010   Data           4  driver_pid_aml.o(.data)
    AML_TxDmaErr                             0x24000014   Data           4  driver_pid_aml.o(.data)
    buffer                                   0x24000018   Data           4  driver_pid_aml.o(.data)
    Mecanum_Omega_PID_Out                    0x24000040   Data           8  mecanum_field_kin.o(.data)
    Button_Hold_State                        0x24000058   Data           1  main.o(.data)
    Button_Debounce_Counter                  0x24000059   Data           1  main.o(.data)
    tick_1ms_flag                            0x2400005a   Data           1  main.o(.data)
    ps4_req_flag                             0x2400005b   Data           1  main.o(.data)
    motor_send_flag                          0x2400005c   Data           1  main.o(.data)
    Robot_Reset_Home                         0x2400005d   Data           1  main.o(.data)
    Button_X_Active                          0x2400005e   Data           1  main.o(.data)
    Button_Circle_Active                     0x2400005f   Data           1  main.o(.data)
    Robot_Direction                          0x24000060   Data           1  main.o(.data)
    PS4_Ever_Connected                       0x24000061   Data           1  main.o(.data)
    Button_UP_Active                         0x24000062   Data           1  main.o(.data)
    Button_Strafe_Lock                       0x24000063   Data           1  main.o(.data)
    M3_Dropout_Hold_Counter                  0x24000064   Data           1  main.o(.data)
    Last_Button                              0x24000068   Data           2  main.o(.data)
    Timer_OVF_Flag_2                         0x2400006a   Data           2  main.o(.data)
    M3_Last_Good_Cmd                         0x2400006c   Data           2  main.o(.data)
    prev_vx_cmd                              0x24000070   Data           4  main.o(.data)
    prev_vy_cmd                              0x24000074   Data           4  main.o(.data)
    prev_omg_cmd                             0x24000078   Data           4  main.o(.data)
    M3_Dropout_Events                        0x2400007c   Data           4  main.o(.data)
    Buzzer                                   0x24000080   Data           6  main.o(.data)
    uwTickFreq                               0x24000088   Data           1  stm32h7xx_hal.o(.data)
    uwTickPrio                               0x2400008c   Data           4  stm32h7xx_hal.o(.data)
    uwTick                                   0x24000090   Data           4  stm32h7xx_hal.o(.data)
    SystemCoreClock                          0x24000094   Data           4  system_stm32h7xx_1.o(.data)
    SystemD2Clock                            0x24000098   Data           4  system_stm32h7xx_1.o(.data)
    PS4_Dat                                  0x2400009c   Data           9  ps4_esp.o(.bss)
    rx_buffer                                0x240000a5   Data           9  ps4_esp.o(.bss)
    AML_LastTx                               0x240000b0   Data          40  driver_pid_aml.o(.bss)
    AML_LastTxW                              0x240000d8   Data          40  driver_pid_aml.o(.bss)
    rx_buffer_imu                            0x2400015b   Data          25  wt901c.o(.bss)
    Task_TO                                  0x24000178   Data          30  main.o(.bss)
    Mecanum_4_Bot                            0x24000198   Data          72  main.o(.bss)
    Mecanum_Omega_PID                        0x240001e0   Data         112  main.o(.bss)
    IMU                                      0x24000250   Data          16  main.o(.bss)
    Wheel_Motors                             0x24000260   Data          32  main.o(.bss)
    htim1                                    0x24000280   Data          76  tim.o(.bss)
    htim4                                    0x240002cc   Data          76  tim.o(.bss)
    htim5                                    0x24000318   Data          76  tim.o(.bss)
    htim16                                   0x24000364   Data          76  tim.o(.bss)
    htim17                                   0x240003b0   Data          76  tim.o(.bss)
    huart1                                   0x240003fc   Data         148  usart.o(.bss)
    huart2                                   0x24000490   Data         148  usart.o(.bss)
    huart3                                   0x24000524   Data         148  usart.o(.bss)
    hdma_usart1_rx                           0x240005b8   Data         120  usart.o(.bss)
    hdma_usart1_tx                           0x24000630   Data         120  usart.o(.bss)
    hdma_usart2_rx                           0x240006a8   Data         120  usart.o(.bss)
    hdma_usart2_tx                           0x24000720   Data         120  usart.o(.bss)
    hdma_usart3_rx                           0x24000798   Data         120  usart.o(.bss)
    hdma_usart3_tx                           0x24000810   Data         120  usart.o(.bss)
    __libspace_start                         0x24000888   Data          96  libspace.o(.bss)
    __temporary_stack_top$libspace           0x240008e8   Data           0  libspace.o(.bss)



==============================================================================

Memory Map of the image

  Image Entry point : 0x08000299

  Load Region LR_IROM1 (Base: 0x08000000, Size: 0x00007938, Max: 0x00200000, ABSOLUTE)

    Execution Region ER_IROM1 (Exec base: 0x08000000, Load base: 0x08000000, Size: 0x0000789c, Max: 0x00200000, ABSOLUTE)

    Exec Addr    Load Addr    Size         Type   Attr      Idx    E Section Name        Object

    0x08000000   0x08000000   0x00000298   Data   RO            3    RESET               startup_stm32h743xx.o
    0x08000298   0x08000298   0x00000008   Code   RO         5123  * !!!main             c_w.l(__main.o)
    0x080002a0   0x080002a0   0x00000034   Code   RO         5341    !!!scatter          c_w.l(__scatter.o)
    0x080002d4   0x080002d4   0x0000001a   Code   RO         5343    !!handler_copy      c_w.l(__scatter_copy.o)
    0x080002ee   0x080002ee   0x00000002   PAD
    0x080002f0   0x080002f0   0x0000001c   Code   RO         5345    !!handler_zi        c_w.l(__scatter_zi.o)
    0x0800030c   0x0800030c   0x00000002   Code   RO         5214    .ARM.Collect$$libinit$$00000000  c_w.l(libinit.o)
    0x0800030e   0x0800030e   0x00000004   Code   RO         5223    .ARM.Collect$$libinit$$00000001  c_w.l(libinit2.o)
    0x08000312   0x08000312   0x00000000   Code   RO         5226    .ARM.Collect$$libinit$$00000004  c_w.l(libinit2.o)
    0x08000312   0x08000312   0x00000000   Code   RO         5229    .ARM.Collect$$libinit$$0000000A  c_w.l(libinit2.o)
    0x08000312   0x08000312   0x00000000   Code   RO         5231    .ARM.Collect$$libinit$$0000000C  c_w.l(libinit2.o)
    0x08000312   0x08000312   0x00000000   Code   RO         5233    .ARM.Collect$$libinit$$0000000E  c_w.l(libinit2.o)
    0x08000312   0x08000312   0x00000000   Code   RO         5236    .ARM.Collect$$libinit$$00000011  c_w.l(libinit2.o)
    0x08000312   0x08000312   0x00000000   Code   RO         5238    .ARM.Collect$$libinit$$00000013  c_w.l(libinit2.o)
    0x08000312   0x08000312   0x00000000   Code   RO         5240    .ARM.Collect$$libinit$$00000015  c_w.l(libinit2.o)
    0x08000312   0x08000312   0x00000000   Code   RO         5242    .ARM.Collect$$libinit$$00000017  c_w.l(libinit2.o)
    0x08000312   0x08000312   0x00000000   Code   RO         5244    .ARM.Collect$$libinit$$00000019  c_w.l(libinit2.o)
    0x08000312   0x08000312   0x00000000   Code   RO         5246    .ARM.Collect$$libinit$$0000001B  c_w.l(libinit2.o)
    0x08000312   0x08000312   0x00000000   Code   RO         5248    .ARM.Collect$$libinit$$0000001D  c_w.l(libinit2.o)
    0x08000312   0x08000312   0x00000000   Code   RO         5250    .ARM.Collect$$libinit$$0000001F  c_w.l(libinit2.o)
    0x08000312   0x08000312   0x00000000   Code   RO         5252    .ARM.Collect$$libinit$$00000021  c_w.l(libinit2.o)
    0x08000312   0x08000312   0x00000000   Code   RO         5254    .ARM.Collect$$libinit$$00000023  c_w.l(libinit2.o)
    0x08000312   0x08000312   0x00000000   Code   RO         5256    .ARM.Collect$$libinit$$00000025  c_w.l(libinit2.o)
    0x08000312   0x08000312   0x00000000   Code   RO         5260    .ARM.Collect$$libinit$$0000002C  c_w.l(libinit2.o)
    0x08000312   0x08000312   0x00000000   Code   RO         5262    .ARM.Collect$$libinit$$0000002E  c_w.l(libinit2.o)
    0x08000312   0x08000312   0x00000000   Code   RO         5264    .ARM.Collect$$libinit$$00000030  c_w.l(libinit2.o)
    0x08000312   0x08000312   0x00000000   Code   RO         5266    .ARM.Collect$$libinit$$00000032  c_w.l(libinit2.o)
    0x08000312   0x08000312   0x00000002   Code   RO         5267    .ARM.Collect$$libinit$$00000033  c_w.l(libinit2.o)
    0x08000314   0x08000314   0x00000002   Code   RO         5298    .ARM.Collect$$libshutdown$$00000000  c_w.l(libshutdown.o)
    0x08000316   0x08000316   0x00000000   Code   RO         5324    .ARM.Collect$$libshutdown$$00000002  c_w.l(libshutdown2.o)
    0x08000316   0x08000316   0x00000000   Code   RO         5326    .ARM.Collect$$libshutdown$$00000004  c_w.l(libshutdown2.o)
    0x08000316   0x08000316   0x00000000   Code   RO         5329    .ARM.Collect$$libshutdown$$00000007  c_w.l(libshutdown2.o)
    0x08000316   0x08000316   0x00000000   Code   RO         5332    .ARM.Collect$$libshutdown$$0000000A  c_w.l(libshutdown2.o)
    0x08000316   0x08000316   0x00000000   Code   RO         5334    .ARM.Collect$$libshutdown$$0000000C  c_w.l(libshutdown2.o)
    0x08000316   0x08000316   0x00000000   Code   RO         5337    .ARM.Collect$$libshutdown$$0000000F  c_w.l(libshutdown2.o)
    0x08000316   0x08000316   0x00000002   Code   RO         5338    .ARM.Collect$$libshutdown$$00000010  c_w.l(libshutdown2.o)
    0x08000318   0x08000318   0x00000000   Code   RO         5149    .ARM.Collect$$rtentry$$00000000  c_w.l(__rtentry.o)
    0x08000318   0x08000318   0x00000000   Code   RO         5177    .ARM.Collect$$rtentry$$00000002  c_w.l(__rtentry2.o)
    0x08000318   0x08000318   0x00000006   Code   RO         5189    .ARM.Collect$$rtentry$$00000004  c_w.l(__rtentry4.o)
    0x0800031e   0x0800031e   0x00000000   Code   RO         5179    .ARM.Collect$$rtentry$$00000009  c_w.l(__rtentry2.o)
    0x0800031e   0x0800031e   0x00000004   Code   RO         5180    .ARM.Collect$$rtentry$$0000000A  c_w.l(__rtentry2.o)
    0x08000322   0x08000322   0x00000000   Code   RO         5182    .ARM.Collect$$rtentry$$0000000C  c_w.l(__rtentry2.o)
    0x08000322   0x08000322   0x00000008   Code   RO         5183    .ARM.Collect$$rtentry$$0000000D  c_w.l(__rtentry2.o)
    0x0800032a   0x0800032a   0x00000002   Code   RO         5215    .ARM.Collect$$rtexit$$00000000  c_w.l(rtexit.o)
    0x0800032c   0x0800032c   0x00000000   Code   RO         5271    .ARM.Collect$$rtexit$$00000002  c_w.l(rtexit2.o)
    0x0800032c   0x0800032c   0x00000004   Code   RO         5272    .ARM.Collect$$rtexit$$00000003  c_w.l(rtexit2.o)
    0x08000330   0x08000330   0x00000006   Code   RO         5273    .ARM.Collect$$rtexit$$00000004  c_w.l(rtexit2.o)
    0x08000336   0x08000336   0x00000002   PAD
    0x08000338   0x08000338   0x00000048   Code   RO            4    .text               startup_stm32h743xx.o
    0x08000380   0x08000380   0x000000ee   Code   RO         5113    .text               c_w.l(lludivv7m.o)
    0x0800046e   0x0800046e   0x0000008a   Code   RO         5115    .text               c_w.l(rt_memcpy_v6.o)
    0x080004f8   0x080004f8   0x00000064   Code   RO         5117    .text               c_w.l(rt_memcpy_w.o)
    0x0800055c   0x0800055c   0x0000004e   Code   RO         5119    .text               c_w.l(rt_memclr_w.o)
    0x080005aa   0x080005aa   0x00000006   Code   RO         5121    .text               c_w.l(heapauxi.o)
    0x080005b0   0x080005b0   0x00000016   Code   RO         5154    .text               c_w.l(_rserrno.o)
    0x080005c6   0x080005c6   0x00000002   PAD
    0x080005c8   0x080005c8   0x00000008   Code   RO         5196    .text               c_w.l(rt_errno_addr_intlibspace.o)
    0x080005d0   0x080005d0   0x00000008   Code   RO         5198    .text               c_w.l(libspace.o)
    0x080005d8   0x080005d8   0x0000004a   Code   RO         5201    .text               c_w.l(sys_stackheap_outer.o)
    0x08000622   0x08000622   0x00000012   Code   RO         5203    .text               c_w.l(exit.o)
    0x08000634   0x08000634   0x0000000c   Code   RO         5268    .text               c_w.l(sys_exit.o)
    0x08000640   0x08000640   0x00000002   Code   RO         5287    .text               c_w.l(use_no_semi.o)
    0x08000642   0x08000642   0x00000000   Code   RO         5289    .text               c_w.l(indicate_semi.o)
    0x08000642   0x08000642   0x00000002   PAD
    0x08000644   0x08000644   0x0000007c   Code   RO          181    i.AML_PackLastTxWords  driver_pid_aml.o
    0x080006c0   0x080006c0   0x0000000a   Code   RO          611    i.AbsInt16          main.o
    0x080006ca   0x080006ca   0x00000004   Code   RO          182    i.Assign_PID_AML_Id  driver_pid_aml.o
    0x080006ce   0x080006ce   0x00000002   Code   RO          942    i.BusFault_Handler  stm32h7xx_it.o
    0x080006d0   0x080006d0   0x00000024   Code   RO          612    i.Buzzer_Beep       main.o
    0x080006f4   0x080006f4   0x00000034   Code   RO          613    i.Buzzer_Update     main.o
    0x08000728   0x08000728   0x00000034   Code   RO          614    i.ClampToInt16      main.o
    0x0800075c   0x0800075c   0x0000000c   Code   RO          943    i.DMA1_Stream0_IRQHandler  stm32h7xx_it.o
    0x08000768   0x08000768   0x0000000c   Code   RO          944    i.DMA1_Stream1_IRQHandler  stm32h7xx_it.o
    0x08000774   0x08000774   0x0000000c   Code   RO          945    i.DMA1_Stream2_IRQHandler  stm32h7xx_it.o
    0x08000780   0x08000780   0x0000000c   Code   RO          946    i.DMA1_Stream4_IRQHandler  stm32h7xx_it.o
    0x0800078c   0x0800078c   0x0000000c   Code   RO          947    i.DMA1_Stream5_IRQHandler  stm32h7xx_it.o
    0x08000798   0x08000798   0x0000000c   Code   RO          948    i.DMA1_Stream6_IRQHandler  stm32h7xx_it.o
    0x080007a4   0x080007a4   0x000000b4   Code   RO         1909    i.DMA_CalcBaseAndBitshift  stm32h7xx_hal_dma.o
    0x08000858   0x08000858   0x0000009c   Code   RO         1910    i.DMA_CalcDMAMUXChannelBaseAndMask  stm32h7xx_hal_dma.o
    0x080008f4   0x080008f4   0x00000074   Code   RO         1911    i.DMA_CalcDMAMUXRequestGenBaseAndMask  stm32h7xx_hal_dma.o
    0x08000968   0x08000968   0x00000054   Code   RO         1912    i.DMA_CheckFifoParam  stm32h7xx_hal_dma.o
    0x080009bc   0x080009bc   0x00000220   Code   RO         1913    i.DMA_SetConfig     stm32h7xx_hal_dma.o
    0x08000bdc   0x08000bdc   0x00000002   Code   RO          949    i.DebugMon_Handler  stm32h7xx_it.o
    0x08000bde   0x08000bde   0x00000004   Code   RO          184    i.Driver_PID_AML_Init_UART  driver_pid_aml.o
    0x08000be2   0x08000be2   0x00000002   PAD
    0x08000be4   0x08000be4   0x00000088   Code   RO          185    i.Driver_Send_Setpoints_U1  driver_pid_aml.o
    0x08000c6c   0x08000c6c   0x00000004   Code   RO          615    i.Error_Handler     main.o
    0x08000c70   0x08000c70   0x0000001c   Code   RO         5071    i.ExitRun0Mode      system_stm32h7xx_1.o
    0x08000c8c   0x08000c8c   0x00000360   Code   RO         1914    i.HAL_DMA_Abort     stm32h7xx_hal_dma.o
    0x08000fec   0x08000fec   0x00000284   Code   RO         1915    i.HAL_DMA_Abort_IT  stm32h7xx_hal_dma.o
    0x08001270   0x08001270   0x00000004   Code   RO         1917    i.HAL_DMA_GetError  stm32h7xx_hal_dma.o
    0x08001274   0x08001274   0x000006e8   Code   RO         1919    i.HAL_DMA_IRQHandler  stm32h7xx_hal_dma.o
    0x0800195c   0x0800195c   0x000003c4   Code   RO         1920    i.HAL_DMA_Init      stm32h7xx_hal_dma.o
    0x08001d20   0x08001d20   0x0000029c   Code   RO         1924    i.HAL_DMA_Start_IT  stm32h7xx_hal_dma.o
    0x08001fbc   0x08001fbc   0x00000024   Code   RO         2623    i.HAL_Delay         stm32h7xx_hal.o
    0x08001fe0   0x08001fe0   0x0000022c   Code   RO         1762    i.HAL_GPIO_Init     stm32h7xx_hal_gpio.o
    0x0800220c   0x0800220c   0x0000000a   Code   RO         1766    i.HAL_GPIO_WritePin  stm32h7xx_hal_gpio.o
    0x08002216   0x08002216   0x00000002   PAD
    0x08002218   0x08002218   0x0000000c   Code   RO         2634    i.HAL_GetREVID      stm32h7xx_hal.o
    0x08002224   0x08002224   0x0000000c   Code   RO         2635    i.HAL_GetTick       stm32h7xx_hal.o
    0x08002230   0x08002230   0x00000010   Code   RO         2641    i.HAL_IncTick       stm32h7xx_hal.o
    0x08002240   0x08002240   0x0000005c   Code   RO         2642    i.HAL_Init          stm32h7xx_hal.o
    0x0800229c   0x0800229c   0x00000040   Code   RO         2643    i.HAL_InitTick      stm32h7xx_hal.o
    0x080022dc   0x080022dc   0x0000005c   Code   RO         1115    i.HAL_MPU_ConfigRegion  stm32h7xx_hal_cortex.o
    0x08002338   0x08002338   0x0000001c   Code   RO         1116    i.HAL_MPU_Disable   stm32h7xx_hal_cortex.o
    0x08002354   0x08002354   0x00000024   Code   RO         1118    i.HAL_MPU_Enable    stm32h7xx_hal_cortex.o
    0x08002378   0x08002378   0x0000001c   Code   RO         1090    i.HAL_MspInit       stm32h7xx_hal_msp.o
    0x08002394   0x08002394   0x0000001a   Code   RO         1122    i.HAL_NVIC_EnableIRQ  stm32h7xx_hal_cortex.o
    0x080023ae   0x080023ae   0x00000002   PAD
    0x080023b0   0x080023b0   0x00000040   Code   RO         1128    i.HAL_NVIC_SetPriority  stm32h7xx_hal_cortex.o
    0x080023f0   0x080023f0   0x00000024   Code   RO         1129    i.HAL_NVIC_SetPriorityGrouping  stm32h7xx_hal_cortex.o
    0x08002414   0x08002414   0x00000054   Code   RO         2363    i.HAL_PWREx_ConfigSupply  stm32h7xx_hal_pwr_ex.o
    0x08002468   0x08002468   0x00000024   Code   RO         1383    i.HAL_RCCEx_GetD3PCLK1Freq  stm32h7xx_hal_rcc_ex.o
    0x0800248c   0x0800248c   0x00000144   Code   RO         1385    i.HAL_RCCEx_GetPLL2ClockFreq  stm32h7xx_hal_rcc_ex.o
    0x080025d0   0x080025d0   0x00000144   Code   RO         1386    i.HAL_RCCEx_GetPLL3ClockFreq  stm32h7xx_hal_rcc_ex.o
    0x08002714   0x08002714   0x000009ac   Code   RO         1392    i.HAL_RCCEx_PeriphCLKConfig  stm32h7xx_hal_rcc_ex.o
    0x080030c0   0x080030c0   0x0000025c   Code   RO         1268    i.HAL_RCC_ClockConfig  stm32h7xx_hal_rcc.o
    0x0800331c   0x0800331c   0x00000044   Code   RO         1273    i.HAL_RCC_GetHCLKFreq  stm32h7xx_hal_rcc.o
    0x08003360   0x08003360   0x00000024   Code   RO         1275    i.HAL_RCC_GetPCLK1Freq  stm32h7xx_hal_rcc.o
    0x08003384   0x08003384   0x00000024   Code   RO         1276    i.HAL_RCC_GetPCLK2Freq  stm32h7xx_hal_rcc.o
    0x080033a8   0x080033a8   0x00000138   Code   RO         1277    i.HAL_RCC_GetSysClockFreq  stm32h7xx_hal_rcc.o
    0x080034e0   0x080034e0   0x00000582   Code   RO         1280    i.HAL_RCC_OscConfig  stm32h7xx_hal_rcc.o
    0x08003a62   0x08003a62   0x00000026   Code   RO         1133    i.HAL_SYSTICK_Config  stm32h7xx_hal_cortex.o
    0x08003a88   0x08003a88   0x00000002   Code   RO         4242    i.HAL_TIMEx_Break2Callback  stm32h7xx_hal_tim_ex.o
    0x08003a8a   0x08003a8a   0x00000002   Code   RO         4243    i.HAL_TIMEx_BreakCallback  stm32h7xx_hal_tim_ex.o
    0x08003a8c   0x08003a8c   0x00000002   Code   RO         4244    i.HAL_TIMEx_CommutCallback  stm32h7xx_hal_tim_ex.o
    0x08003a8e   0x08003a8e   0x00000002   PAD
    0x08003a90   0x08003a90   0x000000a4   Code   RO         4264    i.HAL_TIMEx_MasterConfigSynchronization  stm32h7xx_hal_tim_ex.o
    0x08003b34   0x08003b34   0x00000062   Code   RO         3528    i.HAL_TIM_Base_Init  stm32h7xx_hal_tim.o
    0x08003b96   0x08003b96   0x00000002   PAD
    0x08003b98   0x08003b98   0x00000090   Code   RO          805    i.HAL_TIM_Base_MspInit  tim.o
    0x08003c28   0x08003c28   0x0000008c   Code   RO         3533    i.HAL_TIM_Base_Start_IT  stm32h7xx_hal_tim.o
    0x08003cb4   0x08003cb4   0x000000fc   Code   RO         3537    i.HAL_TIM_ConfigClockSource  stm32h7xx_hal_tim.o
    0x08003db0   0x08003db0   0x000000bc   Code   RO         3549    i.HAL_TIM_Encoder_Init  stm32h7xx_hal_tim.o
    0x08003e6c   0x08003e6c   0x000000b0   Code   RO          807    i.HAL_TIM_Encoder_MspInit  tim.o
    0x08003f1c   0x08003f1c   0x00000002   Code   RO         3562    i.HAL_TIM_IC_CaptureCallback  stm32h7xx_hal_tim.o
    0x08003f1e   0x08003f1e   0x00000148   Code   RO         3576    i.HAL_TIM_IRQHandler  stm32h7xx_hal_tim.o
    0x08004066   0x08004066   0x00000002   PAD
    0x08004068   0x08004068   0x00000050   Code   RO          808    i.HAL_TIM_MspPostInit  tim.o
    0x080040b8   0x080040b8   0x00000002   Code   RO         3579    i.HAL_TIM_OC_DelayElapsedCallback  stm32h7xx_hal_tim.o
    0x080040ba   0x080040ba   0x00000124   Code   RO         3600    i.HAL_TIM_PWM_ConfigChannel  stm32h7xx_hal_tim.o
    0x080041de   0x080041de   0x00000062   Code   RO         3603    i.HAL_TIM_PWM_Init  stm32h7xx_hal_tim.o
    0x08004240   0x08004240   0x00000002   Code   RO         3605    i.HAL_TIM_PWM_MspInit  stm32h7xx_hal_tim.o
    0x08004242   0x08004242   0x00000002   Code   RO         3606    i.HAL_TIM_PWM_PulseFinishedCallback  stm32h7xx_hal_tim.o
    0x08004244   0x08004244   0x0000003c   Code   RO          616    i.HAL_TIM_PeriodElapsedCallback  main.o
    0x08004280   0x08004280   0x00000002   Code   RO         3619    i.HAL_TIM_TriggerCallback  stm32h7xx_hal_tim.o
    0x08004282   0x08004282   0x00000040   Code   RO         4953    i.HAL_UARTEx_DisableFifoMode  stm32h7xx_hal_uart_ex.o
    0x080042c2   0x080042c2   0x00000002   Code   RO         4542    i.HAL_UARTEx_RxEventCallback  stm32h7xx_hal_uart.o
    0x080042c4   0x080042c4   0x00000002   Code   RO         4961    i.HAL_UARTEx_RxFifoFullCallback  stm32h7xx_hal_uart_ex.o
    0x080042c6   0x080042c6   0x0000004c   Code   RO         4962    i.HAL_UARTEx_SetRxFifoThreshold  stm32h7xx_hal_uart_ex.o
    0x08004312   0x08004312   0x0000004c   Code   RO         4963    i.HAL_UARTEx_SetTxFifoThreshold  stm32h7xx_hal_uart_ex.o
    0x0800435e   0x0800435e   0x00000002   Code   RO         4965    i.HAL_UARTEx_TxFifoEmptyCallback  stm32h7xx_hal_uart_ex.o
    0x08004360   0x08004360   0x00000002   Code   RO         4966    i.HAL_UARTEx_WakeupCallback  stm32h7xx_hal_uart_ex.o
    0x08004362   0x08004362   0x00000092   Code   RO         4554    i.HAL_UART_DMAStop  stm32h7xx_hal_uart.o
    0x080043f4   0x080043f4   0x00000002   Code   RO         4558    i.HAL_UART_ErrorCallback  stm32h7xx_hal_uart.o
    0x080043f6   0x080043f6   0x00000002   PAD
    0x080043f8   0x080043f8   0x0000039c   Code   RO         4561    i.HAL_UART_IRQHandler  stm32h7xx_hal_uart.o
    0x08004794   0x08004794   0x0000006a   Code   RO         4562    i.HAL_UART_Init     stm32h7xx_hal_uart.o
    0x080047fe   0x080047fe   0x00000002   PAD
    0x08004800   0x08004800   0x000002d8   Code   RO          889    i.HAL_UART_MspInit  usart.o
    0x08004ad8   0x08004ad8   0x00000048   Code   RO         4566    i.HAL_UART_Receive_DMA  stm32h7xx_hal_uart.o
    0x08004b20   0x08004b20   0x00000040   Code   RO          617    i.HAL_UART_RxCpltCallback  main.o
    0x08004b60   0x08004b60   0x00000002   Code   RO         4570    i.HAL_UART_RxHalfCpltCallback  stm32h7xx_hal_uart.o
    0x08004b62   0x08004b62   0x000000b0   Code   RO         4571    i.HAL_UART_Transmit  stm32h7xx_hal_uart.o
    0x08004c12   0x08004c12   0x00000002   PAD
    0x08004c14   0x08004c14   0x00000090   Code   RO         4572    i.HAL_UART_Transmit_DMA  stm32h7xx_hal_uart.o
    0x08004ca4   0x08004ca4   0x00000098   Code   RO         4573    i.HAL_UART_Transmit_IT  stm32h7xx_hal_uart.o
    0x08004d3c   0x08004d3c   0x00000018   Code   RO          618    i.HAL_UART_TxCpltCallback  main.o
    0x08004d54   0x08004d54   0x00000002   Code   RO         4575    i.HAL_UART_TxHalfCpltCallback  stm32h7xx_hal_uart.o
    0x08004d56   0x08004d56   0x00000002   PAD
    0x08004d58   0x08004d58   0x000000e0   Code   RO          619    i.HandleButtonPress  main.o
    0x08004e38   0x08004e38   0x00000002   Code   RO          950    i.HardFault_Handler  stm32h7xx_it.o
    0x08004e3a   0x08004e3a   0x00000002   PAD
    0x08004e3c   0x08004e3c   0x00000060   Code   RO          518    i.Infinite_Yaw      wt901c.o
    0x08004e9c   0x08004e9c   0x0000007c   Code   RO          780    i.MX_DMA_Init       dma.o
    0x08004f18   0x08004f18   0x0000008c   Code   RO          756    i.MX_GPIO_Init      gpio.o
    0x08004fa4   0x08004fa4   0x00000038   Code   RO          809    i.MX_TIM16_Init     tim.o
    0x08004fdc   0x08004fdc   0x00000038   Code   RO          810    i.MX_TIM17_Init     tim.o
    0x08005014   0x08005014   0x00000070   Code   RO          811    i.MX_TIM1_Init      tim.o
    0x08005084   0x08005084   0x0000006c   Code   RO          812    i.MX_TIM4_Init      tim.o
    0x080050f0   0x080050f0   0x000000d0   Code   RO          813    i.MX_TIM5_Init      tim.o
    0x080051c0   0x080051c0   0x00000068   Code   RO          890    i.MX_USART1_UART_Init  usart.o
    0x08005228   0x08005228   0x00000068   Code   RO          891    i.MX_USART2_UART_Init  usart.o
    0x08005290   0x08005290   0x00000068   Code   RO          892    i.MX_USART3_UART_Init  usart.o
    0x080052f8   0x080052f8   0x000000cc   Code   RO          260    i.MecanumRobot_CalculateWheelSpeeds  mecanum_field_kin.o
    0x080053c4   0x080053c4   0x0000009c   Code   RO          263    i.MecanumRobot_Init  mecanum_field_kin.o
    0x08005460   0x08005460   0x00000078   Code   RO          264    i.MecanumRobot_SetMotion  mecanum_field_kin.o
    0x080054d8   0x080054d8   0x00000380   Code   RO          620    i.Mecanum_Calculate  main.o
    0x08005858   0x08005858   0x00000002   Code   RO          951    i.MemManage_Handler  stm32h7xx_it.o
    0x0800585a   0x0800585a   0x00000002   PAD
    0x0800585c   0x0800585c   0x00000060   Code   RO          621    i.Motor_Update      main.o
    0x080058bc   0x080058bc   0x00000002   Code   RO          952    i.NMI_Handler       stm32h7xx_it.o
    0x080058be   0x080058be   0x00000002   PAD
    0x080058c0   0x080058c0   0x0000006c   Code   RO          352    i.PID               pid.o
    0x0800592c   0x0800592c   0x000000d4   Code   RO          354    i.PID_Compute       pid.o
    0x08005a00   0x08005a00   0x00000036   Code   RO          360    i.PID_Init          pid.o
    0x08005a36   0x08005a36   0x00000032   Code   RO          361    i.PID_SetControllerDirection  pid.o
    0x08005a68   0x08005a68   0x0000001c   Code   RO          362    i.PID_SetMode       pid.o
    0x08005a84   0x08005a84   0x00000062   Code   RO          363    i.PID_SetOutputLimits  pid.o
    0x08005ae6   0x08005ae6   0x00000034   Code   RO          364    i.PID_SetSampleTime  pid.o
    0x08005b1a   0x08005b1a   0x00000002   PAD
    0x08005b1c   0x08005b1c   0x0000007c   Code   RO          366    i.PID_SetTunings2   pid.o
    0x08005b98   0x08005b98   0x00000014   Code   RO           14    i.PS4_Init          ps4_esp.o
    0x08005bac   0x08005bac   0x00000018   Code   RO          622    i.PS4_Process       main.o
    0x08005bc4   0x08005bc4   0x00000028   Code   RO           15    i.PS4_UART_Req      ps4_esp.o
    0x08005bec   0x08005bec   0x0000005c   Code   RO           16    i.PS4_UART_Rx_IDLE_Handle  ps4_esp.o
    0x08005c48   0x08005c48   0x00000002   Code   RO          953    i.PendSV_Handler    stm32h7xx_it.o
    0x08005c4a   0x08005c4a   0x00000002   PAD
    0x08005c4c   0x08005c4c   0x00000120   Code   RO         1395    i.RCCEx_PLL2_Config  stm32h7xx_hal_rcc_ex.o
    0x08005d6c   0x08005d6c   0x00000120   Code   RO         1396    i.RCCEx_PLL3_Config  stm32h7xx_hal_rcc_ex.o
    0x08005e8c   0x08005e8c   0x0000001c   Code   RO          623    i.Robot_Hold_Stop   main.o
    0x08005ea8   0x08005ea8   0x00000002   Code   RO          954    i.SVC_Handler       stm32h7xx_it.o
    0x08005eaa   0x08005eaa   0x00000004   Code   RO          955    i.SysTick_Handler   stm32h7xx_it.o
    0x08005eae   0x08005eae   0x00000002   PAD
    0x08005eb0   0x08005eb0   0x000000a4   Code   RO          625    i.SystemClock_Config  main.o
    0x08005f54   0x08005f54   0x000000f8   Code   RO         5073    i.SystemInit        system_stm32h7xx_1.o
    0x0800604c   0x0800604c   0x0000000c   Code   RO          956    i.TIM16_IRQHandler  stm32h7xx_it.o
    0x08006058   0x08006058   0x0000000c   Code   RO          957    i.TIM17_IRQHandler  stm32h7xx_it.o
    0x08006064   0x08006064   0x0000000c   Code   RO          958    i.TIM5_IRQHandler   stm32h7xx_it.o
    0x08006070   0x08006070   0x000000cc   Code   RO         3621    i.TIM_Base_SetConfig  stm32h7xx_hal_tim.o
    0x0800613c   0x0800613c   0x00000012   Code   RO         3632    i.TIM_ETR_SetConfig  stm32h7xx_hal_tim.o
    0x0800614e   0x0800614e   0x00000002   PAD
    0x08006150   0x08006150   0x00000014   Code   RO         3633    i.TIM_ITRx_SetConfig  stm32h7xx_hal_tim.o
    0x08006164   0x08006164   0x000000a4   Code   RO         3634    i.TIM_OC1_SetConfig  stm32h7xx_hal_tim.o
    0x08006208   0x08006208   0x00000098   Code   RO         3635    i.TIM_OC2_SetConfig  stm32h7xx_hal_tim.o
    0x080062a0   0x080062a0   0x00000098   Code   RO         3636    i.TIM_OC3_SetConfig  stm32h7xx_hal_tim.o
    0x08006338   0x08006338   0x00000078   Code   RO         3637    i.TIM_OC4_SetConfig  stm32h7xx_hal_tim.o
    0x080063b0   0x080063b0   0x00000074   Code   RO         3638    i.TIM_OC5_SetConfig  stm32h7xx_hal_tim.o
    0x08006424   0x08006424   0x00000074   Code   RO         3639    i.TIM_OC6_SetConfig  stm32h7xx_hal_tim.o
    0x08006498   0x08006498   0x00000022   Code   RO         3641    i.TIM_TI1_ConfigInputStage  stm32h7xx_hal_tim.o
    0x080064ba   0x080064ba   0x00000024   Code   RO         3643    i.TIM_TI2_ConfigInputStage  stm32h7xx_hal_tim.o
    0x080064de   0x080064de   0x00000002   PAD
    0x080064e0   0x080064e0   0x00000034   Code   RO          465    i.Timeout_Begin     timer_timeout.o
    0x08006514   0x08006514   0x00000030   Code   RO          466    i.Timer_Timeout_Check  timer_timeout.o
    0x08006544   0x08006544   0x0000000a   Code   RO          467    i.Timer_Timeout_Init  timer_timeout.o
    0x0800654e   0x0800654e   0x00000008   Code   RO          468    i.Timer_Timeout_Reset  timer_timeout.o
    0x08006556   0x08006556   0x00000004   Code   RO          469    i.Timer_Timeout_Start  timer_timeout.o
    0x0800655a   0x0800655a   0x00000002   PAD
    0x0800655c   0x0800655c   0x00000044   Code   RO         4967    i.UARTEx_SetNbDataToProcess  stm32h7xx_hal_uart_ex.o
    0x080065a0   0x080065a0   0x000000c8   Code   RO         4576    i.UART_AdvFeatureConfig  stm32h7xx_hal_uart.o
    0x08006668   0x08006668   0x000000aa   Code   RO         4577    i.UART_CheckIdleState  stm32h7xx_hal_uart.o
    0x08006712   0x08006712   0x00000010   Code   RO         4578    i.UART_DMAAbortOnError  stm32h7xx_hal_uart.o
    0x08006722   0x08006722   0x0000004e   Code   RO         4579    i.UART_DMAError     stm32h7xx_hal_uart.o
    0x08006770   0x08006770   0x00000082   Code   RO         4580    i.UART_DMAReceiveCplt  stm32h7xx_hal_uart.o
    0x080067f2   0x080067f2   0x00000020   Code   RO         4582    i.UART_DMARxHalfCplt  stm32h7xx_hal_uart.o
    0x08006812   0x08006812   0x00000040   Code   RO         4584    i.UART_DMATransmitCplt  stm32h7xx_hal_uart.o
    0x08006852   0x08006852   0x0000000a   Code   RO         4586    i.UART_DMATxHalfCplt  stm32h7xx_hal_uart.o
    0x0800685c   0x0800685c   0x00000054   Code   RO         4588    i.UART_EndRxTransfer  stm32h7xx_hal_uart.o
    0x080068b0   0x080068b0   0x0000002e   Code   RO         4589    i.UART_EndTxTransfer  stm32h7xx_hal_uart.o
    0x080068de   0x080068de   0x00000002   PAD
    0x080068e0   0x080068e0   0x000003ac   Code   RO         4594    i.UART_SetConfig    stm32h7xx_hal_uart.o
    0x08006c8c   0x08006c8c   0x000000a8   Code   RO         4595    i.UART_Start_Receive_DMA  stm32h7xx_hal_uart.o
    0x08006d34   0x08006d34   0x00000052   Code   RO         4597    i.UART_TxISR_16BIT  stm32h7xx_hal_uart.o
    0x08006d86   0x08006d86   0x00000002   PAD
    0x08006d88   0x08006d88   0x0000006a   Code   RO         4598    i.UART_TxISR_16BIT_FIFOEN  stm32h7xx_hal_uart.o
    0x08006df2   0x08006df2   0x0000004e   Code   RO         4599    i.UART_TxISR_8BIT   stm32h7xx_hal_uart.o
    0x08006e40   0x08006e40   0x00000066   Code   RO         4600    i.UART_TxISR_8BIT_FIFOEN  stm32h7xx_hal_uart.o
    0x08006ea6   0x08006ea6   0x00000094   Code   RO         4601    i.UART_WaitOnFlagUntilTimeout  stm32h7xx_hal_uart.o
    0x08006f3a   0x08006f3a   0x00000002   PAD
    0x08006f3c   0x08006f3c   0x0000002c   Code   RO          959    i.USART1_IRQHandler  stm32h7xx_it.o
    0x08006f68   0x08006f68   0x00000028   Code   RO          960    i.USART2_IRQHandler  stm32h7xx_it.o
    0x08006f90   0x08006f90   0x0000000c   Code   RO          961    i.USART3_IRQHandler  stm32h7xx_it.o
    0x08006f9c   0x08006f9c   0x00000002   Code   RO          962    i.UsageFault_Handler  stm32h7xx_it.o
    0x08006f9e   0x08006f9e   0x00000004   Code   RO          519    i.WT901C_Begin_Recieve  wt901c.o
    0x08006fa2   0x08006fa2   0x00000002   PAD
    0x08006fa4   0x08006fa4   0x0000009c   Code   RO          520    i.WT901C_Calibrate_Accel  wt901c.o
    0x08007040   0x08007040   0x0000003c   Code   RO          521    i.WT901C_Init       wt901c.o
    0x0800707c   0x0800707c   0x000000f8   Code   RO          522    i.WT901C_Process_Buffer  wt901c.o
    0x08007174   0x08007174   0x00000064   Code   RO          523    i.WT901C_Reset_Angles  wt901c.o
    0x080071d8   0x080071d8   0x00000010   Code   RO          524    i.WT901C_Start_Receive  wt901c.o
    0x080071e8   0x080071e8   0x0000001c   Code   RO          526    i.WT901C_UART_Rx_IDLE_Hanlde  wt901c.o
    0x08007204   0x08007204   0x00000026   Code   RO         5157    i.__ARM_fpclassifyf  m_wv.l(fpclassifyf.o)
    0x0800722a   0x0800722a   0x00000022   Code   RO         1135    i.__NVIC_SetPriority  stm32h7xx_hal_cortex.o
    0x0800724c   0x0800724c   0x00000150   Code   RO         5125    i.__hardfp_cosf     m_wv.l(cosf.o)
    0x0800739c   0x0800739c   0x00000194   Code   RO         5137    i.__hardfp_sinf     m_wv.l(sinf.o)
    0x08007530   0x08007530   0x00000006   Code   RO         5160    i.__mathlib_flt_infnan  m_wv.l(funder.o)
    0x08007536   0x08007536   0x00000002   PAD
    0x08007538   0x08007538   0x00000010   Code   RO         5162    i.__mathlib_flt_invalid  m_wv.l(funder.o)
    0x08007548   0x08007548   0x00000010   Code   RO         5165    i.__mathlib_flt_underflow  m_wv.l(funder.o)
    0x08007558   0x08007558   0x00000154   Code   RO         5173    i.__mathlib_rredf2  m_wv.l(rredf.o)
    0x080076ac   0x080076ac   0x0000012c   Code   RO          626    i.main              main.o
    0x080077d8   0x080077d8   0x0000001c   Code   RO          267    i.rads_2_rpm        mecanum_field_kin.o
    0x080077f4   0x080077f4   0x0000000a   Code   RO         5283    x$fpl$fpinit        fz_wv.l(fpinit.o)
    0x080077fe   0x080077fe   0x00000000   Code   RO         5156    x$fpl$usenofp       fz_wv.l(usenofp.o)
    0x080077fe   0x080077fe   0x00000001   Data   RO           18    .constdata          ps4_esp.o
    0x080077ff   0x080077ff   0x00000001   PAD
    0x08007800   0x08007800   0x0000000a   Data   RO          470    .constdata          timer_timeout.o
    0x0800780a   0x0800780a   0x0000000f   Data   RO          528    .constdata          wt901c.o
    0x08007819   0x08007819   0x00000008   Data   RO         1926    .constdata          stm32h7xx_hal_dma.o
    0x08007821   0x08007821   0x00000001   PAD
    0x08007822   0x08007822   0x00000018   Data   RO         4602    .constdata          stm32h7xx_hal_uart.o
    0x0800783a   0x0800783a   0x00000010   Data   RO         4968    .constdata          stm32h7xx_hal_uart_ex.o
    0x0800784a   0x0800784a   0x00000010   Data   RO         5074    .constdata          system_stm32h7xx_1.o
    0x0800785a   0x0800785a   0x00000002   PAD
    0x0800785c   0x0800785c   0x00000020   Data   RO         5174    .constdata          m_wv.l(rredf.o)
    0x0800787c   0x0800787c   0x00000020   Data   RO         5339    Region$$Table       anon$$obj.o


    Execution Region RW_IRAM1 (Exec base: 0x20000000, Load base: 0x0800789c, Size: 0x00000000, Max: 0x00020000, ABSOLUTE)

    **** No section assigned to this execution region ****


    Execution Region RW_IRAM2 (Exec base: 0x24000000, Load base: 0x0800789c, Size: 0x00000ee8, Max: 0x00080000, ABSOLUTE)

    Exec Addr    Load Addr    Size         Type   Attr      Idx    E Section Name        Object

    0x24000000   0x0800789c   0x0000000c   Data   RW           19    .data               ps4_esp.o
    0x2400000c   0x080078a8   0x00000010   Data   RW          190    .data               driver_pid_aml.o
    0x2400001c   0x080078b8   0x00000004   PAD
    0x24000020   0x080078bc   0x00000028   Data   RW          270    .data               mecanum_field_kin.o
    0x24000048   0x080078e4   0x00000010   Data   RW          529    .data               wt901c.o
    0x24000058   0x080078f4   0x0000002e   Data   RW          628    .data               main.o
    0x24000086   0x08007922   0x00000002   PAD
    0x24000088   0x08007924   0x0000000c   Data   RW         2664    .data               stm32h7xx_hal.o
    0x24000094   0x08007930   0x00000008   Data   RW         5075    .data               system_stm32h7xx_1.o
    0x2400009c        -       0x00000012   Zero   RW           17    .bss                ps4_esp.o
    0x240000ae   0x08007938   0x00000002   PAD
    0x240000b0        -       0x000000a0   Zero   RW          188    .bss                driver_pid_aml.o
    0x24000150        -       0x00000024   Zero   RW          527    .bss                wt901c.o
    0x24000174   0x08007938   0x00000004   PAD
    0x24000178        -       0x00000108   Zero   RW          627    .bss                main.o
    0x24000280        -       0x0000017c   Zero   RW          814    .bss                tim.o
    0x240003fc        -       0x0000048c   Zero   RW          893    .bss                usart.o
    0x24000888        -       0x00000060   Zero   RW         5199    .bss                c_w.l(libspace.o)
    0x240008e8        -       0x00000200   Zero   RW            2    HEAP                startup_stm32h743xx.o
    0x24000ae8        -       0x00000400   Zero   RW            1    STACK               startup_stm32h743xx.o


==============================================================================

Image component sizes


      Code (inc. data)   RO Data    RW Data    ZI Data      Debug   Object Name

       124          4          0          0          0       1010   dma.o
       268         18          0         16        160       5910   driver_pid_aml.o
       140          8          0          0          0       1171   gpio.o
      2034        224          0         46        264      16679   main.o
       508         58          0         40          0      11692   mecanum_field_kin.o
       726         36          0          0          0       6072   pid.o
       152         26          1         12         18    1293335   ps4_esp.o
        72         30        664          0       1536        884   startup_stm32h743xx.o
       232         44          0         12          0      23824   stm32h7xx_hal.o
       354         28          0          0          0      42245   stm32h7xx_hal_cortex.o
      5992        246          8          0          0      12965   stm32h7xx_hal_dma.o
       566         50          0          0          0       2440   stm32h7xx_hal_gpio.o
        28          6          0          0          0       1010   stm32h7xx_hal_msp.o
        84          6          0          0          0        825   stm32h7xx_hal_pwr_ex.o
      2466        102          0          0          0       7436   stm32h7xx_hal_rcc.o
      3736        118          0          0          0       8161   stm32h7xx_hal_rcc_ex.o
      2538        242          0          0          0      19173   stm32h7xx_hal_tim.o
       170         30          0          0          0       3420   stm32h7xx_hal_tim_ex.o
      4182        184         24          0          0      43984   stm32h7xx_hal_uart.o
       290          6         16          0          0       5814   stm32h7xx_hal_uart_ex.o
       224         72          0          0          0      10730   stm32h7xx_it.o
       276         48         16          8          0       2161   system_stm32h7xx_1.o
       940        100          0          0        380       6386   tim.o
       122         10         10          0          0       4227   timer_timeout.o
      1040         72          0          0       1164       4358   usart.o
       708         88         15         16         36       7767   wt901c.o

    ----------------------------------------------------------------------
     28018       1856        790        156       3564    1543679   Object Totals
         0          0         32          0          0          0   (incl. Generated)
        46          0          4          6          6          0   (incl. Padding)

    ----------------------------------------------------------------------

      Code (inc. data)   RO Data    RW Data    ZI Data      Debug   Library Member Name

         8          0          0          0          0         68   __main.o
         0          0          0          0          0          0   __rtentry.o
        12          0          0          0          0          0   __rtentry2.o
         6          0          0          0          0          0   __rtentry4.o
        52          8          0          0          0          0   __scatter.o
        26          0          0          0          0          0   __scatter_copy.o
        28          0          0          0          0          0   __scatter_zi.o
        22          0          0          0          0        100   _rserrno.o
        18          0          0          0          0         80   exit.o
         6          0          0          0          0        152   heapauxi.o
         0          0          0          0          0          0   indicate_semi.o
         2          0          0          0          0          0   libinit.o
         6          0          0          0          0          0   libinit2.o
         2          0          0          0          0          0   libshutdown.o
         2          0          0          0          0          0   libshutdown2.o
         8          4          0          0         96         68   libspace.o
       238          0          0          0          0        100   lludivv7m.o
         8          4          0          0          0         68   rt_errno_addr_intlibspace.o
        78          0          0          0          0         80   rt_memclr_w.o
       138          0          0          0          0         68   rt_memcpy_v6.o
       100          0          0          0          0         80   rt_memcpy_w.o
         2          0          0          0          0          0   rtexit.o
        10          0          0          0          0          0   rtexit2.o
        12          4          0          0          0         68   sys_exit.o
        74          0          0          0          0         80   sys_stackheap_outer.o
         2          0          0          0          0         68   use_no_semi.o
        10          0          0          0          0        116   fpinit.o
         0          0          0          0          0          0   usenofp.o
       336         60          0          0          0        136   cosf.o
        38          0          0          0          0        116   fpclassifyf.o
        38         12          0          0          0        348   funder.o
       340         24         32          0          0        160   rredf.o
       404         60          0          0          0        212   sinf.o

    ----------------------------------------------------------------------
      2036        176         32          0         96       2168   Library Totals
        10          0          0          0          0          0   (incl. Padding)

    ----------------------------------------------------------------------

      Code (inc. data)   RO Data    RW Data    ZI Data      Debug   Library Name

       860         20          0          0         96       1080   c_w.l
        10          0          0          0          0        116   fz_wv.l
      1156        156         32          0          0        972   m_wv.l

    ----------------------------------------------------------------------
      2036        176         32          0         96       2168   Library Totals

    ----------------------------------------------------------------------

==============================================================================


      Code (inc. data)   RO Data    RW Data    ZI Data      Debug   

     30054       2032        822        156       3660    1527579   Grand Totals
     30054       2032        822        156       3660    1527579   ELF Image Totals
     30054       2032        822        156          0          0   ROM Totals

==============================================================================

    Total RO  Size (Code + RO Data)                30876 (  30.15kB)
    Total RW  Size (RW Data + ZI Data)              3816 (   3.73kB)
    Total ROM Size (Code + RO Data + RW Data)      31032 (  30.30kB)

==============================================================================

