Component: ARM Compiler 5.06 update 6 (build 750) Tool: armlink [4d35ed]

==============================================================================

Section Cross References

    startup_stm32h743xx.o(STACK) refers (Special) to heapauxi.o(.text) for __use_two_region_memory
    startup_stm32h743xx.o(HEAP) refers (Special) to heapauxi.o(.text) for __use_two_region_memory
    startup_stm32h743xx.o(RESET) refers (Special) to heapauxi.o(.text) for __use_two_region_memory
    startup_stm32h743xx.o(RESET) refers to startup_stm32h743xx.o(STACK) for __initial_sp
    startup_stm32h743xx.o(RESET) refers to startup_stm32h743xx.o(.text) for Reset_Handler
    startup_stm32h743xx.o(RESET) refers to stm32h7xx_it.o(i.NMI_Handler) for NMI_Handler
    startup_stm32h743xx.o(RESET) refers to stm32h7xx_it.o(i.HardFault_Handler) for HardFault_Handler
    startup_stm32h743xx.o(RESET) refers to stm32h7xx_it.o(i.MemManage_Handler) for MemManage_Handler
    startup_stm32h743xx.o(RESET) refers to stm32h7xx_it.o(i.BusFault_Handler) for BusFault_Handler
    startup_stm32h743xx.o(RESET) refers to stm32h7xx_it.o(i.UsageFault_Handler) for UsageFault_Handler
    startup_stm32h743xx.o(RESET) refers to stm32h7xx_it.o(i.SVC_Handler) for SVC_Handler
    startup_stm32h743xx.o(RESET) refers to stm32h7xx_it.o(i.DebugMon_Handler) for DebugMon_Handler
    startup_stm32h743xx.o(RESET) refers to stm32h7xx_it.o(i.PendSV_Handler) for PendSV_Handler
    startup_stm32h743xx.o(RESET) refers to stm32h7xx_it.o(i.SysTick_Handler) for SysTick_Handler
    startup_stm32h743xx.o(RESET) refers to stm32h7xx_it.o(i.DMA1_Stream0_IRQHandler) for DMA1_Stream0_IRQHandler
    startup_stm32h743xx.o(RESET) refers to stm32h7xx_it.o(i.DMA1_Stream1_IRQHandler) for DMA1_Stream1_IRQHandler
    startup_stm32h743xx.o(RESET) refers to stm32h7xx_it.o(i.DMA1_Stream2_IRQHandler) for DMA1_Stream2_IRQHandler
    startup_stm32h743xx.o(RESET) refers to stm32h7xx_it.o(i.DMA1_Stream4_IRQHandler) for DMA1_Stream4_IRQHandler
    startup_stm32h743xx.o(RESET) refers to stm32h7xx_it.o(i.DMA1_Stream5_IRQHandler) for DMA1_Stream5_IRQHandler
    startup_stm32h743xx.o(RESET) refers to stm32h7xx_it.o(i.DMA1_Stream6_IRQHandler) for DMA1_Stream6_IRQHandler
    startup_stm32h743xx.o(RESET) refers to stm32h7xx_it.o(i.USART1_IRQHandler) for USART1_IRQHandler
    startup_stm32h743xx.o(RESET) refers to stm32h7xx_it.o(i.USART2_IRQHandler) for USART2_IRQHandler
    startup_stm32h743xx.o(RESET) refers to stm32h7xx_it.o(i.USART3_IRQHandler) for USART3_IRQHandler
    startup_stm32h743xx.o(RESET) refers to stm32h7xx_it.o(i.TIM5_IRQHandler) for TIM5_IRQHandler
    startup_stm32h743xx.o(RESET) refers to stm32h7xx_it.o(i.TIM16_IRQHandler) for TIM16_IRQHandler
    startup_stm32h743xx.o(RESET) refers to stm32h7xx_it.o(i.TIM17_IRQHandler) for TIM17_IRQHandler
    startup_stm32h743xx.o(.text) refers (Special) to heapauxi.o(.text) for __use_two_region_memory
    startup_stm32h743xx.o(.text) refers to system_stm32h7xx_1.o(i.ExitRun0Mode) for ExitRun0Mode
    startup_stm32h743xx.o(.text) refers to system_stm32h7xx_1.o(i.SystemInit) for SystemInit
    startup_stm32h743xx.o(.text) refers to __main.o(!!!main) for __main
    startup_stm32h743xx.o(.text) refers to startup_stm32h743xx.o(HEAP) for Heap_Mem
    startup_stm32h743xx.o(.text) refers to startup_stm32h743xx.o(STACK) for Stack_Mem
    ps4_esp.o(i.PS4_Init) refers to ps4_esp.o(.data) for .data
    ps4_esp.o(i.PS4_UART_Req) refers to stm32h7xx_hal_uart.o(i.HAL_UART_Transmit_IT) for HAL_UART_Transmit_IT
    ps4_esp.o(i.PS4_UART_Req) refers to stm32h7xx_hal_uart.o(i.HAL_UART_Receive_DMA) for HAL_UART_Receive_DMA
    ps4_esp.o(i.PS4_UART_Req) refers to ps4_esp.o(.constdata) for .constdata
    ps4_esp.o(i.PS4_UART_Req) refers to ps4_esp.o(.data) for .data
    ps4_esp.o(i.PS4_UART_Req) refers to ps4_esp.o(.bss) for .bss
    ps4_esp.o(i.PS4_UART_Rx_IDLE_Handle) refers to stm32h7xx_hal_uart.o(i.HAL_UART_Receive_DMA) for HAL_UART_Receive_DMA
    ps4_esp.o(i.PS4_UART_Rx_IDLE_Handle) refers to stm32h7xx_hal.o(i.HAL_GetTick) for HAL_GetTick
    ps4_esp.o(i.PS4_UART_Rx_IDLE_Handle) refers to ps4_esp.o(.bss) for .bss
    ps4_esp.o(i.PS4_UART_Rx_IDLE_Handle) refers to ps4_esp.o(.data) for .data
    driver_pid_aml.o(i.AML_PackLastTxWords) refers to driver_pid_aml.o(.bss) for .bss
    driver_pid_aml.o(i.AML_PackLastTxWords) refers to driver_pid_aml.o(.data) for .data
    driver_pid_aml.o(i.Driver_Home_Request) refers to stm32h7xx_hal_uart.o(i.HAL_UART_Transmit) for HAL_UART_Transmit
    driver_pid_aml.o(i.Driver_Home_Request) refers to driver_pid_aml.o(.data) for .data
    driver_pid_aml.o(i.Driver_Send_Setpoints_U1) refers to rt_memclr_w.o(.text) for __aeabi_memclr4
    driver_pid_aml.o(i.Driver_Send_Setpoints_U1) refers to rt_memcpy_w.o(.text) for __aeabi_memcpy4
    driver_pid_aml.o(i.Driver_Send_Setpoints_U1) refers to driver_pid_aml.o(i.AML_PackLastTxWords) for AML_PackLastTxWords
[...]
    rads_2_rpm                               0x08007769   Thumb Code    18  mecanum_field_kin.o(i.rads_2_rpm)
    x$fpl$fpinit                             0x08007784   Section       10  fpinit.o(x$fpl$fpinit)
    $v0                                      0x08007784   Number         0  fpinit.o(x$fpl$fpinit)
    .constdata                               0x0800778e   Section        1  ps4_esp.o(.constdata)
    x$fpl$usenofp                            0x0800778e   Section        0  usenofp.o(x$fpl$usenofp)
    Req_Char                                 0x0800778e   Data           1  ps4_esp.o(.constdata)
    .constdata                               0x08007790   Section       10  timer_timeout.o(.constdata)
    Task_Timeout_ms                          0x08007790   Data          10  timer_timeout.o(.constdata)
    .constdata                               0x0800779a   Section       15  wt901c.o(.constdata)
    tx_angle_rst_buffer                      0x0800779a   Data          15  wt901c.o(.constdata)
    .constdata                               0x080077a9   Section        8  stm32h7xx_hal_dma.o(.constdata)
    flagBitshiftOffset                       0x080077a9   Data           8  stm32h7xx_hal_dma.o(.constdata)
    .constdata                               0x080077b2   Section       24  stm32h7xx_hal_uart.o(.constdata)
    .constdata                               0x080077ca   Section       16  stm32h7xx_hal_uart_ex.o(.constdata)
    numerator                                0x080077ca   Data           8  stm32h7xx_hal_uart_ex.o(.constdata)
    denominator                              0x080077d2   Data           8  stm32h7xx_hal_uart_ex.o(.constdata)
    .constdata                               0x080077da   Section       16  system_stm32h7xx_1.o(.constdata)
    .constdata                               0x080077ec   Section       32  rredf.o(.constdata)
    twooverpi                                0x080077ec   Data          32  rredf.o(.constdata)
    .data                                    0x24000000   Section       12  ps4_esp.o(.data)
    .data                                    0x2400000c   Section       16  driver_pid_aml.o(.data)
    .data                                    0x24000020   Section       40  mecanum_field_kin.o(.data)
    Mecanum_Kp_Omega                         0x24000020   Data           8  mecanum_field_kin.o(.data)
    Mecanum_Ki_Omega                         0x24000028   Data           8  mecanum_field_kin.o(.data)
    Mecanum_Kd_Omega                         0x24000030   Data           8  mecanum_field_kin.o(.data)
    Mecanum_Speed_Omega_PID                  0x24000038   Data           8  mecanum_field_kin.o(.data)
    .data                                    0x24000048   Section       16  wt901c.o(.data)
    overflowLength                           0x24000048   Data           1  wt901c.o(.data)
    Yaw_Roll_Count                           0x2400004a   Data           2  wt901c.o(.data)
    Yaw_Continuous_Angle                     0x2400004c   Data           4  wt901c.o(.data)
    Prev_Yaw_Angle                           0x24000050   Data           4  wt901c.o(.data)
    offset_angle                             0x24000054   Data           4  wt901c.o(.data)
    .data                                    0x24000058   Section       42  main.o(.data)
    prev_timeout_state                       0x24000063   Data           1  main.o(.data)
    first_connect_beep_done                  0x24000064   Data           1  main.o(.data)
    .data                                    0x24000084   Section       12  stm32h7xx_hal.o(.data)
    .data                                    0x24000090   Section        8  system_stm32h7xx_1.o(.data)
    .bss                                     0x24000098   Section       18  ps4_esp.o(.bss)
    .bss                                     0x240000ac   Section      160  driver_pid_aml.o(.bss)
    buffer_tx_setpoints_u1                   0x240000fc   Data          40  driver_pid_aml.o(.bss)
    buffer_tx_setpoints_u2                   0x24000124   Data          40  driver_pid_aml.o(.bss)
    .bss                                     0x2400014c   Section       36  wt901c.o(.bss)
    overflowBuffer                           0x2400014c   Data          11  wt901c.o(.bss)
    .bss                                     0x24000170   Section      256  main.o(.bss)
    .bss                                     0x24000270   Section      380  tim.o(.bss)
    .bss                                     0x240003ec   Section     1164  usart.o(.bss)
    .bss                                     0x24000878   Section       96  libspace.o(.bss)
    HEAP                                     0x240008d8   Section      512  startup_stm32h743xx.o(HEAP)
    Heap_Mem                                 0x240008d8   Data         512  startup_stm32h743xx.o(HEAP)
    STACK                                    0x24000ad8   Section     1024  startup_stm32h743xx.o(STACK)
    Stack_Mem                                0x24000ad8   Data        1024  startup_stm32h743xx.o(STACK)
    __initial_sp                             0x24000ed8   Data           0  startup_stm32h743xx.o(STACK)

    Global Symbols

    Symbol Name                              Value     Ov Type        Size  Object(Section)

    BuildAttributes$$THM_ISAv4$E$P$D$K$B$S$7EM$VFPv5_D16$PE$PLD8$A:L22UL41UL21$X:L11$S22US41US21$IEEE1$IW$USESV6$~STKCKD$USESV7$~SHL$OTIME$ROPI$IEEEX$EBA8$UX$STANDARDLIB$REQ8$PRES8$EABIv2 0x00000000   Number         0  anon$$obj.o ABSOLUTE
    __ARM_use_no_argv                        0x00000000   Number         0  main.o ABSOLUTE
    __ARM_exceptions_init                     - Undefined Weak Reference
    __alloca_initialize                       - Undefined Weak Reference
    __arm_preinit_                            - Undefined Weak Reference
    __cpp_initialize__aeabi_                  - Undefined Weak Reference
    __cxa_finalize                            - Undefined Weak Reference
    __rt_locale                               - Undefined Weak Reference
    __sigvec_lookup                           - Undefined Weak Reference
    _atexit_init                              - Undefined Weak Reference
    _call_atexit_fns                          - Undefined Weak Reference
    _clock_init                               - Undefined Weak Reference
    _fp_trap_init                             - Undefined Weak Reference
    _fp_trap_shutdown                         - Undefined Weak Reference
    _get_lc_collate                           - Undefined Weak Reference
    _get_lc_ctype                             - Undefined Weak Reference
    _get_lc_monetary                          - Undefined Weak Reference
    _get_lc_numeric                           - Undefined Weak Reference
    _get_lc_time                              - Undefined Weak Reference
    _getenv_init                              - Undefined Weak Reference
    _handle_redirection                       - Undefined Weak Reference
    _init_alloc                               - Undefined Weak Reference
    _init_user_alloc                          - Undefined Weak Reference
    _initio                                   - Undefined Weak Reference
    _rand_init                                - Undefined Weak Reference
    _signal_finish                            - Undefined Weak Reference
    _signal_init                              - Undefined Weak Reference
    _terminate_alloc                          - Undefined Weak Reference
    _terminate_user_alloc                     - Undefined Weak Reference
    _terminateio                              - Undefined Weak Reference
    __Vectors_Size                           0x00000298   Number         0  startup_stm32h743xx.o ABSOLUTE
    __Vectors                                0x08000000   Data           4  startup_stm32h743xx.o(RESET)
    __Vectors_End                            0x08000298   Data           0  startup_stm32h743xx.o(RESET)
    __main                                   0x08000299   Thumb Code     8  __main.o(!!!main)
    __scatterload                            0x080002a1   Thumb Code     0  __scatter.o(!!!scatter)
    __scatterload_rt2                        0x080002a1   Thumb Code    44  __scatter.o(!!!scatter)
    __scatterload_rt2_thumb_only             0x080002a1   Thumb Code     0  __scatter.o(!!!scatter)
    __scatterload_null                       0x080002af   Thumb Code     0  __scatter.o(!!!scatter)
    __scatterload_copy                       0x080002d5   Thumb Code    26  __scatter_copy.o(!!handler_copy)
    __scatterload_zeroinit                   0x080002f1   Thumb Code    28  __scatter_zi.o(!!handler_zi)
    __rt_lib_init                            0x0800030d   Thumb Code     0  libinit.o(.ARM.Collect$$libinit$$00000000)
    __rt_lib_init_fp_1                       0x0800030f   Thumb Code     0  libinit2.o(.ARM.Collect$$libinit$$00000001)
    __rt_lib_init_alloca_1                   0x08000313   Thumb Code     0  libinit2.o(.ARM.Collect$$libinit$$0000002E)
    __rt_lib_init_argv_1                     0x08000313   Thumb Code     0  libinit2.o(.ARM.Collect$$libinit$$0000002C)
    __rt_lib_init_atexit_1                   0x08000313   Thumb Code     0  libinit2.o(.ARM.Collect$$libinit$$0000001B)
    __rt_lib_init_clock_1                    0x08000313   Thumb Code     0  libinit2.o(.ARM.Collect$$libinit$$00000021)
    __rt_lib_init_cpp_1                      0x08000313   Thumb Code     0  libinit2.o(.ARM.Collect$$libinit$$00000032)
    __rt_lib_init_exceptions_1               0x08000313   Thumb Code     0  libinit2.o(.ARM.Collect$$libinit$$00000030)
    __rt_lib_init_fp_trap_1                  0x08000313   Thumb Code     0  libinit2.o(.ARM.Collect$$libinit$$0000001F)
    __rt_lib_init_getenv_1                   0x08000313   Thumb Code     0  libinit2.o(.ARM.Collect$$libinit$$00000023)
    __rt_lib_init_heap_1                     0x08000313   Thumb Code     0  libinit2.o(.ARM.Collect$$libinit$$0000000A)
    __rt_lib_init_lc_collate_1               0x08000313   Thumb Code     0  libinit2.o(.ARM.Collect$$libinit$$00000011)
    __rt_lib_init_lc_ctype_1                 0x08000313   Thumb Code     0  libinit2.o(.ARM.Collect$$libinit$$00000013)
    __rt_lib_init_lc_monetary_1              0x08000313   Thumb Code     0  libinit2.o(.ARM.Collect$$libinit$$00000015)
    __rt_lib_init_lc_numeric_1               0x08000313   Thumb Code     0  libinit2.o(.ARM.Collect$$libinit$$00000017)
    __rt_lib_init_lc_time_1                  0x08000313   Thumb Code     0  libinit2.o(.ARM.Collect$$libinit$$00000019)
    __rt_lib_init_preinit_1                  0x08000313   Thumb Code     0  libinit2.o(.ARM.Collect$$libinit$$00000004)
    __rt_lib_init_rand_1                     0x08000313   Thumb Code     0  libinit2.o(.ARM.Collect$$libinit$$0000000E)
    __rt_lib_init_return                     0x08000313   Thumb Code     0  libinit2.o(.ARM.Collect$$libinit$$00000033)
    __rt_lib_init_signal_1                   0x08000313   Thumb Code     0  libinit2.o(.ARM.Collect$$libinit$$0000001D)
    __rt_lib_init_stdio_1                    0x08000313   Thumb Code     0  libinit2.o(.ARM.Collect$$libinit$$00000025)
    __rt_lib_init_user_alloc_1               0x08000313   Thumb Code     0  libinit2.o(.ARM.Collect$$libinit$$0000000C)
    __rt_lib_shutdown                        0x08000315   Thumb Code     0  libshutdown.o(.ARM.Collect$$libshutdown$$00000000)
    __rt_lib_shutdown_cpp_1                  0x08000317   Thumb Code     0  libshutdown2.o(.ARM.Collect$$libshutdown$$00000002)
    __rt_lib_shutdown_fp_trap_1              0x08000317   Thumb Code     0  libshutdown2.o(.ARM.Collect$$libshutdown$$00000007)
    __rt_lib_shutdown_heap_1                 0x08000317   Thumb Code     0  libshutdown2.o(.ARM.Collect$$libshutdown$$0000000F)
    __rt_lib_shutdown_return                 0x08000317   Thumb Code     0  libshutdown2.o(.ARM.Collect$$libshutdown$$00000010)
    __rt_lib_shutdown_signal_1               0x08000317   Thumb Code     0  libshutdown2.o(.ARM.Collect$$libshutdown$$0000000A)
    __rt_lib_shutdown_stdio_1                0x08000317   Thumb Code     0  libshutdown2.o(.ARM.Collect$$libshutdown$$00000004)
    __rt_lib_shutdown_user_alloc_1           0x08000317   Thumb Code     0  libshutdown2.o(.ARM.Collect$$libshutdown$$0000000C)
    __rt_entry                               0x08000319   Thumb Code     0  __rtentry.o(.ARM.Collect$$rtentry$$00000000)
    __rt_entry_presh_1                       0x08000319   Thumb Code     0  __rtentry2.o(.ARM.Collect$$rtentry$$00000002)
    __rt_entry_sh                            0x08000319   Thumb Code     0  __rtentry4.o(.ARM.Collect$$rtentry$$00000004)
    __rt_entry_li                            0x0800031f   Thumb Code     0  __rtentry2.o(.ARM.Collect$$rtentry$$0000000A)
    __rt_entry_postsh_1                      0x0800031f   Thumb Code     0  __rtentry2.o(.ARM.Collect$$rtentry$$00000009)
    __rt_entry_main                          0x08000323   Thumb Code     0  __rtentry2.o(.ARM.Collect$$rtentry$$0000000D)
    __rt_entry_postli_1                      0x08000323   Thumb Code     0  __rtentry2.o(.ARM.Collect$$rtentry$$0000000C)
    __rt_exit                                0x0800032b   Thumb Code     0  rtexit.o(.ARM.Collect$$rtexit$$00000000)
    __rt_exit_ls                             0x0800032d   Thumb Code     0  rtexit2.o(.ARM.Collect$$rtexit$$00000003)
    __rt_exit_prels_1                        0x0800032d   Thumb Code     0  rtexit2.o(.ARM.Collect$$rtexit$$00000002)
    __rt_exit_exit                           0x08000331   Thumb Code     0  rtexit2.o(.ARM.Collect$$rtexit$$00000004)
    Reset_Handler                            0x08000339   Thumb Code    12  startup_stm32h743xx.o(.text)
    ADC3_IRQHandler                          0x08000357   Thumb Code     0  startup_stm32h743xx.o(.text)
    ADC_IRQHandler                           0x08000357   Thumb Code     0  startup_stm32h743xx.o(.text)
    BDMA_Channel0_IRQHandler                 0x08000357   Thumb Code     0  startup_stm32h743xx.o(.text)
    BDMA_Channel1_IRQHandler                 0x08000357   Thumb Code     0  startup_stm32h743xx.o(.text)
    BDMA_Channel2_IRQHandler                 0x08000357   Thumb Code     0  startup_stm32h743xx.o(.text)
    BDMA_Channel3_IRQHandler                 0x08000357   Thumb Code     0  startup_stm32h743xx.o(.text)
    BDMA_Channel4_IRQHandler                 0x08000357   Thumb Code     0  startup_stm32h743xx.o(.text)
    BDMA_Channel5_IRQHandler                 0x08000357   Thumb Code     0  startup_stm32h743xx.o(.text)
    BDMA_Channel6_IRQHandler                 0x08000357   Thumb Code     0  startup_stm32h743xx.o(.text)
    BDMA_Channel7_IRQHandler                 0x08000357   Thumb Code     0  startup_stm32h743xx.o(.text)
    CEC_IRQHandler                           0x08000357   Thumb Code     0  startup_stm32h743xx.o(.text)
    COMP1_IRQHandler                         0x08000357   Thumb Code     0  startup_stm32h743xx.o(.text)
    CRS_IRQHandler                           0x08000357   Thumb Code     0  startup_stm32h743xx.o(.text)
    DCMI_IRQHandler                          0x08000357   Thumb Code     0  startup_stm32h743xx.o(.text)
    DFSDM1_FLT0_IRQHandler                   0x08000357   Thumb Code     0  startup_stm32h743xx.o(.text)
    DFSDM1_FLT1_IRQHandler                   0x08000357   Thumb Code     0  startup_stm32h743xx.o(.text)
    DFSDM1_FLT2_IRQHandler                   0x08000357   Thumb Code     0  startup_stm32h743xx.o(.text)
    DFSDM1_FLT3_IRQHandler                   0x08000357   Thumb Code     0  startup_stm32h743xx.o(.text)
    DMA1_Stream3_IRQHandler                  0x08000357   Thumb Code     0  startup_stm32h743xx.o(.text)
    DMA1_Stream7_IRQHandler                  0x08000357   Thumb Code     0  startup_stm32h743xx.o(.text)
    DMA2D_IRQHandler                         0x08000357   Thumb Code     0  startup_stm32h743xx.o(.text)
    DMA2_Stream0_IRQHandler                  0x08000357   Thumb Code     0  startup_stm32h743xx.o(.text)
    DMA2_Stream1_IRQHandler                  0x08000357   Thumb Code     0  startup_stm32h743xx.o(.text)
    DMA2_Stream2_IRQHandler                  0x08000357   Thumb Code     0  startup_stm32h743xx.o(.text)
    DMA2_Stream3_IRQHandler                  0x08000357   Thumb Code     0  startup_stm32h743xx.o(.text)
    DMA2_Stream4_IRQHandler                  0x08000357   Thumb Code     0  startup_stm32h743xx.o(.text)
    DMA2_Stream5_IRQHandler                  0x08000357   Thumb Code     0  startup_stm32h743xx.o(.text)
    DMA2_Stream6_IRQHandler                  0x08000357   Thumb Code     0  startup_stm32h743xx.o(.text)
    DMA2_Stream7_IRQHandler                  0x08000357   Thumb Code     0  startup_stm32h743xx.o(.text)
    DMAMUX1_OVR_IRQHandler                   0x08000357   Thumb Code     0  startup_stm32h743xx.o(.text)
    DMAMUX2_OVR_IRQHandler                   0x08000357   Thumb Code     0  startup_stm32h743xx.o(.text)
    ECC_IRQHandler                           0x08000357   Thumb Code     0  startup_stm32h743xx.o(.text)
    ETH_IRQHandler                           0x08000357   Thumb Code     0  startup_stm32h743xx.o(.text)
    ETH_WKUP_IRQHandler                      0x08000357   Thumb Code     0  startup_stm32h743xx.o(.text)
    EXTI0_IRQHandler                         0x08000357   Thumb Code     0  startup_stm32h743xx.o(.text)
    EXTI15_10_IRQHandler                     0x08000357   Thumb Code     0  startup_stm32h743xx.o(.text)
    EXTI1_IRQHandler                         0x08000357   Thumb Code     0  startup_stm32h743xx.o(.text)
    EXTI2_IRQHandler                         0x08000357   Thumb Code     0  startup_stm32h743xx.o(.text)
    EXTI3_IRQHandler                         0x08000357   Thumb Code     0  startup_stm32h743xx.o(.text)
    EXTI4_IRQHandler                         0x08000357   Thumb Code     0  startup_stm32h743xx.o(.text)
    EXTI9_5_IRQHandler                       0x08000357   Thumb Code     0  startup_stm32h743xx.o(.text)
    FDCAN1_IT0_IRQHandler                    0x08000357   Thumb Code     0  startup_stm32h743xx.o(.text)
    FDCAN1_IT1_IRQHandler                    0x08000357   Thumb Code     0  startup_stm32h743xx.o(.text)
    FDCAN2_IT0_IRQHandler                    0x08000357   Thumb Code     0  startup_stm32h743xx.o(.text)
    FDCAN2_IT1_IRQHandler                    0x08000357   Thumb Code     0  startup_stm32h743xx.o(.text)
    FDCAN_CAL_IRQHandler                     0x08000357   Thumb Code     0  startup_stm32h743xx.o(.text)
    FLASH_IRQHandler                         0x08000357   Thumb Code     0  startup_stm32h743xx.o(.text)
    FMC_IRQHandler                           0x08000357   Thumb Code     0  startup_stm32h743xx.o(.text)
    FPU_IRQHandler                           0x08000357   Thumb Code     0  startup_stm32h743xx.o(.text)
    HRTIM1_FLT_IRQHandler                    0x08000357   Thumb Code     0  startup_stm32h743xx.o(.text)
    HRTIM1_Master_IRQHandler                 0x08000357   Thumb Code     0  startup_stm32h743xx.o(.text)
    HRTIM1_TIMA_IRQHandler                   0x08000357   Thumb Code     0  startup_stm32h743xx.o(.text)
    HRTIM1_TIMB_IRQHandler                   0x08000357   Thumb Code     0  startup_stm32h743xx.o(.text)
    HRTIM1_TIMC_IRQHandler                   0x08000357   Thumb Code     0  startup_stm32h743xx.o(.text)
    HRTIM1_TIMD_IRQHandler                   0x08000357   Thumb Code     0  startup_stm32h743xx.o(.text)
    HRTIM1_TIME_IRQHandler                   0x08000357   Thumb Code     0  startup_stm32h743xx.o(.text)
    HSEM1_IRQHandler                         0x08000357   Thumb Code     0  startup_stm32h743xx.o(.text)
    I2C1_ER_IRQHandler                       0x08000357   Thumb Code     0  startup_stm32h743xx.o(.text)
    I2C1_EV_IRQHandler                       0x08000357   Thumb Code     0  startup_stm32h743xx.o(.text)
    I2C2_ER_IRQHandler                       0x08000357   Thumb Code     0  startup_stm32h743xx.o(.text)
    I2C2_EV_IRQHandler                       0x08000357   Thumb Code     0  startup_stm32h743xx.o(.text)
    I2C3_ER_IRQHandler                       0x08000357   Thumb Code     0  startup_stm32h743xx.o(.text)
    I2C3_EV_IRQHandler                       0x08000357   Thumb Code     0  startup_stm32h743xx.o(.text)
    I2C4_ER_IRQHandler                       0x08000357   Thumb Code     0  startup_stm32h743xx.o(.text)
    I2C4_EV_IRQHandler                       0x08000357   Thumb Code     0  startup_stm32h743xx.o(.text)
    JPEG_IRQHandler                          0x08000357   Thumb Code     0  startup_stm32h743xx.o(.text)
    LPTIM1_IRQHandler                        0x08000357   Thumb Code     0  startup_stm32h743xx.o(.text)
    LPTIM2_IRQHandler                        0x08000357   Thumb Code     0  startup_stm32h743xx.o(.text)
    LPTIM3_IRQHandler                        0x08000357   Thumb Code     0  startup_stm32h743xx.o(.text)
    LPTIM4_IRQHandler                        0x08000357   Thumb Code     0  startup_stm32h743xx.o(.text)
    LPTIM5_IRQHandler                        0x08000357   Thumb Code     0  startup_stm32h743xx.o(.text)
    LPUART1_IRQHandler                       0x08000357   Thumb Code     0  startup_stm32h743xx.o(.text)
    LTDC_ER_IRQHandler                       0x08000357   Thumb Code     0  startup_stm32h743xx.o(.text)
    LTDC_IRQHandler                          0x08000357   Thumb Code     0  startup_stm32h743xx.o(.text)
    MDIOS_IRQHandler                         0x08000357   Thumb Code     0  startup_stm32h743xx.o(.text)
    MDIOS_WKUP_IRQHandler                    0x08000357   Thumb Code     0  startup_stm32h743xx.o(.text)
    MDMA_IRQHandler                          0x08000357   Thumb Code     0  startup_stm32h743xx.o(.text)
    OTG_FS_EP1_IN_IRQHandler                 0x08000357   Thumb Code     0  startup_stm32h743xx.o(.text)
    OTG_FS_EP1_OUT_IRQHandler                0x08000357   Thumb Code     0  startup_stm32h743xx.o(.text)
    OTG_FS_IRQHandler                        0x08000357   Thumb Code     0  startup_stm32h743xx.o(.text)
    OTG_FS_WKUP_IRQHandler                   0x08000357   Thumb Code     0  startup_stm32h743xx.o(.text)
    OTG_HS_EP1_IN_IRQHandler                 0x08000357   Thumb Code     0  startup_stm32h743xx.o(.text)
    OTG_HS_EP1_OUT_IRQHandler                0x08000357   Thumb Code     0  startup_stm32h743xx.o(.text)
    OTG_HS_IRQHandler                        0x08000357   Thumb Code     0  startup_stm32h743xx.o(.text)
    OTG_HS_WKUP_IRQHandler                   0x08000357   Thumb Code     0  startup_stm32h743xx.o(.text)
    PVD_AVD_IRQHandler                       0x08000357   Thumb Code     0  startup_stm32h743xx.o(.text)
    QUADSPI_IRQHandler                       0x08000357   Thumb Code     0  startup_stm32h743xx.o(.text)
    RCC_IRQHandler                           0x08000357   Thumb Code     0  startup_stm32h743xx.o(.text)
    RNG_IRQHandler                           0x08000357   Thumb Code     0  startup_stm32h743xx.o(.text)
    RTC_Alarm_IRQHandler                     0x08000357   Thumb Code     0  startup_stm32h743xx.o(.text)
    RTC_WKUP_IRQHandler                      0x08000357   Thumb Code     0  startup_stm32h743xx.o(.text)
    SAI1_IRQHandler                          0x08000357   Thumb Code     0  startup_stm32h743xx.o(.text)
    SAI2_IRQHandler                          0x08000357   Thumb Code     0  startup_stm32h743xx.o(.text)
    SAI3_IRQHandler                          0x08000357   Thumb Code     0  startup_stm32h743xx.o(.text)
    SAI4_IRQHandler                          0x08000357   Thumb Code     0  startup_stm32h743xx.o(.text)
    SDMMC1_IRQHandler                        0x08000357   Thumb Code     0  startup_stm32h743xx.o(.text)
    SDMMC2_IRQHandler                        0x08000357   Thumb Code     0  startup_stm32h743xx.o(.text)
    SPDIF_RX_IRQHandler                      0x08000357   Thumb Code     0  startup_stm32h743xx.o(.text)
    SPI1_IRQHandler                          0x08000357   Thumb Code     0  startup_stm32h743xx.o(.text)
    SPI2_IRQHandler                          0x08000357   Thumb Code     0  startup_stm32h743xx.o(.text)
    SPI3_IRQHandler                          0x08000357   Thumb Code     0  startup_stm32h743xx.o(.text)
    SPI4_IRQHandler                          0x08000357   Thumb Code     0  startup_stm32h743xx.o(.text)
    SPI5_IRQHandler                          0x08000357   Thumb Code     0  startup_stm32h743xx.o(.text)
    SPI6_IRQHandler                          0x08000357   Thumb Code     0  startup_stm32h743xx.o(.text)
    SWPMI1_IRQHandler                        0x08000357   Thumb Code     0  startup_stm32h743xx.o(.text)
    TAMP_STAMP_IRQHandler                    0x08000357   Thumb Code     0  startup_stm32h743xx.o(.text)
    TIM15_IRQHandler                         0x08000357   Thumb Code     0  startup_stm32h743xx.o(.text)
    TIM1_BRK_IRQHandler                      0x08000357   Thumb Code     0  startup_stm32h743xx.o(.text)
    TIM1_CC_IRQHandler                       0x08000357   Thumb Code     0  startup_stm32h743xx.o(.text)
    TIM1_TRG_COM_IRQHandler                  0x08000357   Thumb Code     0  startup_stm32h743xx.o(.text)
    TIM1_UP_IRQHandler                       0x08000357   Thumb Code     0  startup_stm32h743xx.o(.text)
    TIM2_IRQHandler                          0x08000357   Thumb Code     0  startup_stm32h743xx.o(.text)
    TIM3_IRQHandler                          0x08000357   Thumb Code     0  startup_stm32h743xx.o(.text)
    TIM4_IRQHandler                          0x08000357   Thumb Code     0  startup_stm32h743xx.o(.text)
    TIM6_DAC_IRQHandler                      0x08000357   Thumb Code     0  startup_stm32h743xx.o(.text)
    TIM7_IRQHandler                          0x08000357   Thumb Code     0  startup_stm32h743xx.o(.text)
    TIM8_BRK_TIM12_IRQHandler                0x08000357   Thumb Code     0  startup_stm32h743xx.o(.text)
    TIM8_CC_IRQHandler                       0x08000357   Thumb Code     0  startup_stm32h743xx.o(.text)
    TIM8_TRG_COM_TIM14_IRQHandler            0x08000357   Thumb Code     0  startup_stm32h743xx.o(.text)
    TIM8_UP_TIM13_IRQHandler                 0x08000357   Thumb Code     0  startup_stm32h743xx.o(.text)
    UART4_IRQHandler                         0x08000357   Thumb Code     0  startup_stm32h743xx.o(.text)
    UART5_IRQHandler                         0x08000357   Thumb Code     0  startup_stm32h743xx.o(.text)
    UART7_IRQHandler                         0x08000357   Thumb Code     0  startup_stm32h743xx.o(.text)
    UART8_IRQHandler                         0x08000357   Thumb Code     0  startup_stm32h743xx.o(.text)
    USART6_IRQHandler                        0x08000357   Thumb Code     0  startup_stm32h743xx.o(.text)
    WAKEUP_PIN_IRQHandler                    0x08000357   Thumb Code     0  startup_stm32h743xx.o(.text)
    WWDG_IRQHandler                          0x08000357   Thumb Code     0  startup_stm32h743xx.o(.text)
    __user_initial_stackheap                 0x08000359   Thumb Code     0  startup_stm32h743xx.o(.text)
    __aeabi_uldivmod                         0x08000381   Thumb Code     0  lludivv7m.o(.text)
    _ll_udiv                                 0x08000381   Thumb Code   238  lludivv7m.o(.text)
    __aeabi_memcpy                           0x0800046f   Thumb Code     0  rt_memcpy_v6.o(.text)
    __rt_memcpy                              0x0800046f   Thumb Code   138  rt_memcpy_v6.o(.text)
    _memcpy_lastbytes                        0x080004d5   Thumb Code     0  rt_memcpy_v6.o(.text)
    __aeabi_memcpy4                          0x080004f9   Thumb Code     0  rt_memcpy_w.o(.text)
    __aeabi_memcpy8                          0x080004f9   Thumb Code     0  rt_memcpy_w.o(.text)
    __rt_memcpy_w                            0x080004f9   Thumb Code   100  rt_memcpy_w.o(.text)
    _memcpy_lastbytes_aligned                0x08000541   Thumb Code     0  rt_memcpy_w.o(.text)
    __aeabi_memclr4                          0x0800055d   Thumb Code     0  rt_memclr_w.o(.text)
    __aeabi_memclr8                          0x0800055d   Thumb Code     0  rt_memclr_w.o(.text)
    __rt_memclr_w                            0x0800055d   Thumb Code    78  rt_memclr_w.o(.text)
    _memset_w                                0x08000561   Thumb Code     0  rt_memclr_w.o(.text)
    __use_two_region_memory                  0x080005ab   Thumb Code     2  heapauxi.o(.text)
    __rt_heap_escrow$2region                 0x080005ad   Thumb Code     2  heapauxi.o(.text)
    __rt_heap_expand$2region                 0x080005af   Thumb Code     2  heapauxi.o(.text)
    __read_errno                             0x080005b1   Thumb Code    10  _rserrno.o(.text)
    __set_errno                              0x080005bb   Thumb Code    12  _rserrno.o(.text)
    __aeabi_errno_addr                       0x080005c9   Thumb Code     8  rt_errno_addr_intlibspace.o(.text)
    __errno$intlibspace                      0x080005c9   Thumb Code     0  rt_errno_addr_intlibspace.o(.text)
    __rt_errno_addr$intlibspace              0x080005c9   Thumb Code     0  rt_errno_addr_intlibspace.o(.text)
    __user_libspace                          0x080005d1   Thumb Code     8  libspace.o(.text)
    __user_perproc_libspace                  0x080005d1   Thumb Code     0  libspace.o(.text)
    __user_perthread_libspace                0x080005d1   Thumb Code     0  libspace.o(.text)
    __user_setup_stackheap                   0x080005d9   Thumb Code    74  sys_stackheap_outer.o(.text)
    exit                                     0x08000623   Thumb Code    18  exit.o(.text)
    _sys_exit                                0x08000635   Thumb Code     8  sys_exit.o(.text)
    __I$use$semihosting                      0x08000641   Thumb Code     0  use_no_semi.o(.text)
    __use_no_semihosting_swi                 0x08000641   Thumb Code     2  use_no_semi.o(.text)
    __semihosting_library_function           0x08000643   Thumb Code     0  indicate_semi.o(.text)
    Assign_PID_AML_Id                        0x080006c1   Thumb Code     4  driver_pid_aml.o(i.Assign_PID_AML_Id)
    BusFault_Handler                         0x080006c5   Thumb Code     2  stm32h7xx_it.o(i.BusFault_Handler)
    Buzzer_Beep                              0x080006c9   Thumb Code    26  main.o(i.Buzzer_Beep)
    Buzzer_Update                            0x080006ed   Thumb Code    42  main.o(i.Buzzer_Update)
    DMA1_Stream0_IRQHandler                  0x08000721   Thumb Code     6  stm32h7xx_it.o(i.DMA1_Stream0_IRQHandler)
    DMA1_Stream1_IRQHandler                  0x0800072d   Thumb Code     6  stm32h7xx_it.o(i.DMA1_Stream1_IRQHandler)
    DMA1_Stream2_IRQHandler                  0x08000739   Thumb Code     6  stm32h7xx_it.o(i.DMA1_Stream2_IRQHandler)
    DMA1_Stream4_IRQHandler                  0x08000745   Thumb Code     6  stm32h7xx_it.o(i.DMA1_Stream4_IRQHandler)
    DMA1_Stream5_IRQHandler                  0x08000751   Thumb Code     6  stm32h7xx_it.o(i.DMA1_Stream5_IRQHandler)
    DMA1_Stream6_IRQHandler                  0x0800075d   Thumb Code     6  stm32h7xx_it.o(i.DMA1_Stream6_IRQHandler)
    DebugMon_Handler                         0x08000ba1   Thumb Code     2  stm32h7xx_it.o(i.DebugMon_Handler)
    Driver_PID_AML_Init_UART                 0x08000ba3   Thumb Code     4  driver_pid_aml.o(i.Driver_PID_AML_Init_UART)
    Driver_Send_Setpoints_U1                 0x08000ba9   Thumb Code   126  driver_pid_aml.o(i.Driver_Send_Setpoints_U1)
    Error_Handler                            0x08000c31   Thumb Code     4  main.o(i.Error_Handler)
    ExitRun0Mode                             0x08000c35   Thumb Code    22  system_stm32h7xx_1.o(i.ExitRun0Mode)
    HAL_DMA_Abort                            0x08000c51   Thumb Code   836  stm32h7xx_hal_dma.o(i.HAL_DMA_Abort)
    HAL_DMA_Abort_IT                         0x08000fb1   Thumb Code   602  stm32h7xx_hal_dma.o(i.HAL_DMA_Abort_IT)
    HAL_DMA_GetError                         0x08001235   Thumb Code     4  stm32h7xx_hal_dma.o(i.HAL_DMA_GetError)
    HAL_DMA_IRQHandler                       0x08001239   Thumb Code  1756  stm32h7xx_hal_dma.o(i.HAL_DMA_IRQHandler)
    HAL_DMA_Init                             0x08001921   Thumb Code   926  stm32h7xx_hal_dma.o(i.HAL_DMA_Init)
    HAL_DMA_Start_IT                         0x08001ce5   Thumb Code   628  stm32h7xx_hal_dma.o(i.HAL_DMA_Start_IT)
    HAL_Delay                                0x08001f81   Thumb Code    32  stm32h7xx_hal.o(i.HAL_Delay)
    HAL_GPIO_Init                            0x08001fa5   Thumb Code   506  stm32h7xx_hal_gpio.o(i.HAL_GPIO_Init)
    HAL_GPIO_WritePin                        0x080021d1   Thumb Code    10  stm32h7xx_hal_gpio.o(i.HAL_GPIO_WritePin)
    HAL_GetREVID                             0x080021dd   Thumb Code     8  stm32h7xx_hal.o(i.HAL_GetREVID)
    HAL_GetTick                              0x080021e9   Thumb Code     6  stm32h7xx_hal.o(i.HAL_GetTick)
    HAL_IncTick                              0x080021f5   Thumb Code    12  stm32h7xx_hal.o(i.HAL_IncTick)
    HAL_Init                                 0x08002205   Thumb Code    74  stm32h7xx_hal.o(i.HAL_Init)
    HAL_InitTick                             0x08002261   Thumb Code    56  stm32h7xx_hal.o(i.HAL_InitTick)
    HAL_MPU_ConfigRegion                     0x080022a1   Thumb Code    86  stm32h7xx_hal_cortex.o(i.HAL_MPU_ConfigRegion)
    HAL_MPU_Disable                          0x080022fd   Thumb Code    24  stm32h7xx_hal_cortex.o(i.HAL_MPU_Disable)
    HAL_MPU_Enable                           0x08002319   Thumb Code    30  stm32h7xx_hal_cortex.o(i.HAL_MPU_Enable)
    HAL_MspInit                              0x0800233d   Thumb Code    22  stm32h7xx_hal_msp.o(i.HAL_MspInit)
    HAL_NVIC_EnableIRQ                       0x08002359   Thumb Code    26  stm32h7xx_hal_cortex.o(i.HAL_NVIC_EnableIRQ)
    HAL_NVIC_SetPriority                     0x08002375   Thumb Code    60  stm32h7xx_hal_cortex.o(i.HAL_NVIC_SetPriority)
    HAL_NVIC_SetPriorityGrouping             0x080023b5   Thumb Code    28  stm32h7xx_hal_cortex.o(i.HAL_NVIC_SetPriorityGrouping)
    HAL_PWREx_ConfigSupply                   0x080023d9   Thumb Code    78  stm32h7xx_hal_pwr_ex.o(i.HAL_PWREx_ConfigSupply)
    HAL_RCCEx_GetD3PCLK1Freq                 0x0800242d   Thumb Code    26  stm32h7xx_hal_rcc_ex.o(i.HAL_RCCEx_GetD3PCLK1Freq)
    HAL_RCCEx_GetPLL2ClockFreq               0x08002451   Thumb Code   296  stm32h7xx_hal_rcc_ex.o(i.HAL_RCCEx_GetPLL2ClockFreq)
    HAL_RCCEx_GetPLL3ClockFreq               0x08002595   Thumb Code   296  stm32h7xx_hal_rcc_ex.o(i.HAL_RCCEx_GetPLL3ClockFreq)
    HAL_RCCEx_PeriphCLKConfig                0x080026d9   Thumb Code  2472  stm32h7xx_hal_rcc_ex.o(i.HAL_RCCEx_PeriphCLKConfig)
    HAL_RCC_ClockConfig                      0x08003085   Thumb Code   580  stm32h7xx_hal_rcc.o(i.HAL_RCC_ClockConfig)
    HAL_RCC_GetHCLKFreq                      0x080032e1   Thumb Code    52  stm32h7xx_hal_rcc.o(i.HAL_RCC_GetHCLKFreq)
    HAL_RCC_GetPCLK1Freq                     0x08003325   Thumb Code    26  stm32h7xx_hal_rcc.o(i.HAL_RCC_GetPCLK1Freq)
    HAL_RCC_GetPCLK2Freq                     0x08003349   Thumb Code    26  stm32h7xx_hal_rcc.o(i.HAL_RCC_GetPCLK2Freq)
    HAL_RCC_GetSysClockFreq                  0x0800336d   Thumb Code   278  stm32h7xx_hal_rcc.o(i.HAL_RCC_GetSysClockFreq)
    HAL_RCC_OscConfig                        0x080034a5   Thumb Code  1410  stm32h7xx_hal_rcc.o(i.HAL_RCC_OscConfig)
    HAL_SYSTICK_Config                       0x08003a27   Thumb Code    38  stm32h7xx_hal_cortex.o(i.HAL_SYSTICK_Config)
    HAL_TIMEx_Break2Callback                 0x08003a4d   Thumb Code     2  stm32h7xx_hal_tim_ex.o(i.HAL_TIMEx_Break2Callback)
    HAL_TIMEx_BreakCallback                  0x08003a4f   Thumb Code     2  stm32h7xx_hal_tim_ex.o(i.HAL_TIMEx_BreakCallback)
    HAL_TIMEx_CommutCallback                 0x08003a51   Thumb Code     2  stm32h7xx_hal_tim_ex.o(i.HAL_TIMEx_CommutCallback)
    HAL_TIMEx_MasterConfigSynchronization    0x08003a55   Thumb Code   134  stm32h7xx_hal_tim_ex.o(i.HAL_TIMEx_MasterConfigSynchronization)
    HAL_TIM_Base_Init                        0x08003af9   Thumb Code    98  stm32h7xx_hal_tim.o(i.HAL_TIM_Base_Init)
    HAL_TIM_Base_MspInit                     0x08003b5d   Thumb Code   126  tim.o(i.HAL_TIM_Base_MspInit)
    HAL_TIM_Base_Start_IT                    0x08003bed   Thumb Code   106  stm32h7xx_hal_tim.o(i.HAL_TIM_Base_Start_IT)
    HAL_TIM_ConfigClockSource                0x08003c79   Thumb Code   248  stm32h7xx_hal_tim.o(i.HAL_TIM_ConfigClockSource)
    HAL_TIM_Encoder_Init                     0x08003d75   Thumb Code   182  stm32h7xx_hal_tim.o(i.HAL_TIM_Encoder_Init)
    HAL_TIM_Encoder_MspInit                  0x08003e31   Thumb Code   156  tim.o(i.HAL_TIM_Encoder_MspInit)
    HAL_TIM_IC_CaptureCallback               0x08003ee1   Thumb Code     2  stm32h7xx_hal_tim.o(i.HAL_TIM_IC_CaptureCallback)
    HAL_TIM_IRQHandler                       0x08003ee3   Thumb Code   328  stm32h7xx_hal_tim.o(i.HAL_TIM_IRQHandler)
    HAL_TIM_MspPostInit                      0x0800402d   Thumb Code    68  tim.o(i.HAL_TIM_MspPostInit)
    HAL_TIM_OC_DelayElapsedCallback          0x0800407d   Thumb Code     2  stm32h7xx_hal_tim.o(i.HAL_TIM_OC_DelayElapsedCallback)
    HAL_TIM_PWM_ConfigChannel                0x0800407f   Thumb Code   292  stm32h7xx_hal_tim.o(i.HAL_TIM_PWM_ConfigChannel)
    HAL_TIM_PWM_Init                         0x080041a3   Thumb Code    98  stm32h7xx_hal_tim.o(i.HAL_TIM_PWM_Init)
    HAL_TIM_PWM_MspInit                      0x08004205   Thumb Code     2  stm32h7xx_hal_tim.o(i.HAL_TIM_PWM_MspInit)
    HAL_TIM_PWM_PulseFinishedCallback        0x08004207   Thumb Code     2  stm32h7xx_hal_tim.o(i.HAL_TIM_PWM_PulseFinishedCallback)
    HAL_TIM_PeriodElapsedCallback            0x08004209   Thumb Code    48  main.o(i.HAL_TIM_PeriodElapsedCallback)
    HAL_TIM_TriggerCallback                  0x08004245   Thumb Code     2  stm32h7xx_hal_tim.o(i.HAL_TIM_TriggerCallback)
    HAL_UARTEx_DisableFifoMode               0x08004247   Thumb Code    64  stm32h7xx_hal_uart_ex.o(i.HAL_UARTEx_DisableFifoMode)
    HAL_UARTEx_RxEventCallback               0x08004287   Thumb Code     2  stm32h7xx_hal_uart.o(i.HAL_UARTEx_RxEventCallback)
    HAL_UARTEx_RxFifoFullCallback            0x08004289   Thumb Code     2  stm32h7xx_hal_uart_ex.o(i.HAL_UARTEx_RxFifoFullCallback)
    HAL_UARTEx_SetRxFifoThreshold            0x0800428b   Thumb Code    76  stm32h7xx_hal_uart_ex.o(i.HAL_UARTEx_SetRxFifoThreshold)
    HAL_UARTEx_SetTxFifoThreshold            0x080042d7   Thumb Code    76  stm32h7xx_hal_uart_ex.o(i.HAL_UARTEx_SetTxFifoThreshold)
    HAL_UARTEx_TxFifoEmptyCallback           0x08004323   Thumb Code     2  stm32h7xx_hal_uart_ex.o(i.HAL_UARTEx_TxFifoEmptyCallback)
    HAL_UARTEx_WakeupCallback                0x08004325   Thumb Code     2  stm32h7xx_hal_uart_ex.o(i.HAL_UARTEx_WakeupCallback)
    HAL_UART_DMAStop                         0x08004327   Thumb Code   146  stm32h7xx_hal_uart.o(i.HAL_UART_DMAStop)
    HAL_UART_ErrorCallback                   0x080043b9   Thumb Code     2  stm32h7xx_hal_uart.o(i.HAL_UART_ErrorCallback)
    HAL_UART_IRQHandler                      0x080043bd   Thumb Code   898  stm32h7xx_hal_uart.o(i.HAL_UART_IRQHandler)
    HAL_UART_Init                            0x08004759   Thumb Code   106  stm32h7xx_hal_uart.o(i.HAL_UART_Init)
    HAL_UART_MspInit                         0x080047c5   Thumb Code   686  usart.o(i.HAL_UART_MspInit)
    HAL_UART_Receive_DMA                     0x08004a9d   Thumb Code    66  stm32h7xx_hal_uart.o(i.HAL_UART_Receive_DMA)
    HAL_UART_RxCpltCallback                  0x08004ae5   Thumb Code    52  main.o(i.HAL_UART_RxCpltCallback)
    HAL_UART_RxHalfCpltCallback              0x08004b25   Thumb Code     2  stm32h7xx_hal_uart.o(i.HAL_UART_RxHalfCpltCallback)
    HAL_UART_Transmit                        0x08004b27   Thumb Code   176  stm32h7xx_hal_uart.o(i.HAL_UART_Transmit)
    HAL_UART_Transmit_DMA                    0x08004bd9   Thumb Code   132  stm32h7xx_hal_uart.o(i.HAL_UART_Transmit_DMA)
    HAL_UART_Transmit_IT                     0x08004c69   Thumb Code   136  stm32h7xx_hal_uart.o(i.HAL_UART_Transmit_IT)
    HAL_UART_TxCpltCallback                  0x08004d01   Thumb Code    16  main.o(i.HAL_UART_TxCpltCallback)
    HAL_UART_TxHalfCpltCallback              0x08004d19   Thumb Code     2  stm32h7xx_hal_uart.o(i.HAL_UART_TxHalfCpltCallback)
    HandleButtonPress                        0x08004d1d   Thumb Code   294  main.o(i.HandleButtonPress)
    HardFault_Handler                        0x08004e51   Thumb Code     2  stm32h7xx_it.o(i.HardFault_Handler)
    MX_DMA_Init                              0x08004eb5   Thumb Code   120  dma.o(i.MX_DMA_Init)
    MX_GPIO_Init                             0x08004f31   Thumb Code   132  gpio.o(i.MX_GPIO_Init)
    MX_TIM16_Init                            0x08004fbd   Thumb Code    46  tim.o(i.MX_TIM16_Init)
    MX_TIM17_Init                            0x08004ff5   Thumb Code    46  tim.o(i.MX_TIM17_Init)
    MX_TIM1_Init                             0x0800502d   Thumb Code   102  tim.o(i.MX_TIM1_Init)
    MX_TIM4_Init                             0x0800509d   Thumb Code    98  tim.o(i.MX_TIM4_Init)
    MX_TIM5_Init                             0x08005109   Thumb Code   198  tim.o(i.MX_TIM5_Init)
    MX_USART1_UART_Init                      0x080051d9   Thumb Code    94  usart.o(i.MX_USART1_UART_Init)
    MX_USART2_UART_Init                      0x08005241   Thumb Code    94  usart.o(i.MX_USART2_UART_Init)
    MX_USART3_UART_Init                      0x080052a9   Thumb Code    94  usart.o(i.MX_USART3_UART_Init)
    MecanumRobot_CalculateWheelSpeeds        0x08005311   Thumb Code   196  mecanum_field_kin.o(i.MecanumRobot_CalculateWheelSpeeds)
    MecanumRobot_Init                        0x080053dd   Thumb Code   126  mecanum_field_kin.o(i.MecanumRobot_Init)
    MecanumRobot_SetMotion                   0x08005471   Thumb Code    98  mecanum_field_kin.o(i.MecanumRobot_SetMotion)
    Mecanum_Calculate                        0x080054e5   Thumb Code   674  main.o(i.Mecanum_Calculate)
    MemManage_Handler                        0x080057e9   Thumb Code     2  stm32h7xx_it.o(i.MemManage_Handler)
    Motor_Update                             0x080057ed   Thumb Code    88  main.o(i.Motor_Update)
    NMI_Handler                              0x0800584d   Thumb Code     2  stm32h7xx_it.o(i.NMI_Handler)
    PID                                      0x08005851   Thumb Code    90  pid.o(i.PID)
    PID_Compute                              0x080058bd   Thumb Code   202  pid.o(i.PID_Compute)
    PID_Init                                 0x08005991   Thumb Code    54  pid.o(i.PID_Init)
    PID_SetControllerDirection               0x080059c7   Thumb Code    50  pid.o(i.PID_SetControllerDirection)
    PID_SetMode                              0x080059f9   Thumb Code    28  pid.o(i.PID_SetMode)
    PID_SetOutputLimits                      0x08005a15   Thumb Code    98  pid.o(i.PID_SetOutputLimits)
    PID_SetSampleTime                        0x08005a77   Thumb Code    52  pid.o(i.PID_SetSampleTime)
    PID_SetTunings2                          0x08005aad   Thumb Code   116  pid.o(i.PID_SetTunings2)
    PS4_Init                                 0x08005b29   Thumb Code    16  ps4_esp.o(i.PS4_Init)
    PS4_Process                              0x08005b3d   Thumb Code    18  main.o(i.PS4_Process)
    PS4_UART_Req                             0x08005b55   Thumb Code    28  ps4_esp.o(i.PS4_UART_Req)
    PS4_UART_Rx_IDLE_Handle                  0x08005b7d   Thumb Code    82  ps4_esp.o(i.PS4_UART_Rx_IDLE_Handle)
    PendSV_Handler                           0x08005bd9   Thumb Code     2  stm32h7xx_it.o(i.PendSV_Handler)
    Robot_Hold_Stop                          0x08005e1d   Thumb Code    22  main.o(i.Robot_Hold_Stop)
    SVC_Handler                              0x08005e39   Thumb Code     2  stm32h7xx_it.o(i.SVC_Handler)
    SysTick_Handler                          0x08005e3b   Thumb Code     4  stm32h7xx_it.o(i.SysTick_Handler)
    SystemClock_Config                       0x08005e41   Thumb Code   156  main.o(i.SystemClock_Config)
    SystemInit                               0x08005ee5   Thumb Code   206  system_stm32h7xx_1.o(i.SystemInit)
    TIM16_IRQHandler                         0x08005fdd   Thumb Code     6  stm32h7xx_it.o(i.TIM16_IRQHandler)
    TIM17_IRQHandler                         0x08005fe9   Thumb Code     6  stm32h7xx_it.o(i.TIM17_IRQHandler)
    TIM5_IRQHandler                          0x08005ff5   Thumb Code     6  stm32h7xx_it.o(i.TIM5_IRQHandler)
    TIM_Base_SetConfig                       0x08006001   Thumb Code   170  stm32h7xx_hal_tim.o(i.TIM_Base_SetConfig)
    TIM_ETR_SetConfig                        0x080060cd   Thumb Code    18  stm32h7xx_hal_tim.o(i.TIM_ETR_SetConfig)
    TIM_OC2_SetConfig                        0x08006199   Thumb Code   126  stm32h7xx_hal_tim.o(i.TIM_OC2_SetConfig)
    Timeout_Begin                            0x08006471   Thumb Code    42  timer_timeout.o(i.Timeout_Begin)
    Timer_Timeout_Check                      0x080064a5   Thumb Code    48  timer_timeout.o(i.Timer_Timeout_Check)
    Timer_Timeout_Init                       0x080064d5   Thumb Code    10  timer_timeout.o(i.Timer_Timeout_Init)
    Timer_Timeout_Reset                      0x080064df   Thumb Code     8  timer_timeout.o(i.Timer_Timeout_Reset)
    Timer_Timeout_Start                      0x080064e7   Thumb Code     4  timer_timeout.o(i.Timer_Timeout_Start)
    UART_AdvFeatureConfig                    0x08006531   Thumb Code   200  stm32h7xx_hal_uart.o(i.UART_AdvFeatureConfig)
    UART_CheckIdleState                      0x080065f9   Thumb Code   170  stm32h7xx_hal_uart.o(i.UART_CheckIdleState)
    UART_SetConfig                           0x08006871   Thumb Code   876  stm32h7xx_hal_uart.o(i.UART_SetConfig)
    UART_Start_Receive_DMA                   0x08006c1d   Thumb Code   156  stm32h7xx_hal_uart.o(i.UART_Start_Receive_DMA)
    UART_WaitOnFlagUntilTimeout              0x08006e37   Thumb Code   148  stm32h7xx_hal_uart.o(i.UART_WaitOnFlagUntilTimeout)
    USART1_IRQHandler                        0x08006ecd   Thumb Code    38  stm32h7xx_it.o(i.USART1_IRQHandler)
    USART2_IRQHandler                        0x08006ef9   Thumb Code    34  stm32h7xx_it.o(i.USART2_IRQHandler)
    USART3_IRQHandler                        0x08006f21   Thumb Code     6  stm32h7xx_it.o(i.USART3_IRQHandler)
    UsageFault_Handler                       0x08006f2d   Thumb Code     2  stm32h7xx_it.o(i.UsageFault_Handler)
    WT901C_Begin_Recieve                     0x08006f2f   Thumb Code     4  wt901c.o(i.WT901C_Begin_Recieve)
    WT901C_Calibrate_Accel                   0x08006f35   Thumb Code   130  wt901c.o(i.WT901C_Calibrate_Accel)
    WT901C_Init                              0x08006fd1   Thumb Code    56  wt901c.o(i.WT901C_Init)
    WT901C_Process_Buffer                    0x0800700d   Thumb Code   234  wt901c.o(i.WT901C_Process_Buffer)
    WT901C_Reset_Angles                      0x08007105   Thumb Code    86  wt901c.o(i.WT901C_Reset_Angles)
    WT901C_Start_Receive                     0x08007169   Thumb Code    10  wt901c.o(i.WT901C_Start_Receive)
    WT901C_UART_Rx_IDLE_Hanlde               0x08007179   Thumb Code    22  wt901c.o(i.WT901C_UART_Rx_IDLE_Hanlde)
    __ARM_fpclassifyf                        0x08007195   Thumb Code    38  fpclassifyf.o(i.__ARM_fpclassifyf)
    __hardfp_cosf                            0x080071dd   Thumb Code   276  cosf.o(i.__hardfp_cosf)
    __hardfp_sinf                            0x0800732d   Thumb Code   344  sinf.o(i.__hardfp_sinf)
    __mathlib_flt_infnan                     0x080074c1   Thumb Code     6  funder.o(i.__mathlib_flt_infnan)
    __mathlib_flt_invalid                    0x080074c9   Thumb Code    10  funder.o(i.__mathlib_flt_invalid)
    __mathlib_flt_underflow                  0x080074d9   Thumb Code    10  funder.o(i.__mathlib_flt_underflow)
    __mathlib_rredf2                         0x080074e9   Thumb Code   316  rredf.o(i.__mathlib_rredf2)
    main                                     0x0800763d   Thumb Code   272  main.o(i.main)
    _fp_init                                 0x08007785   Thumb Code    10  fpinit.o(x$fpl$fpinit)
    __fplib_config_fpu_vfp                   0x0800778d   Thumb Code     0  fpinit.o(x$fpl$fpinit)
    __fplib_config_pureend_doubles           0x0800778d   Thumb Code     0  fpinit.o(x$fpl$fpinit)
    __I$use$fp                               0x0800778e   Number         0  usenofp.o(x$fpl$usenofp)
    UARTPrescTable                           0x080077b2   Data          24  stm32h7xx_hal_uart.o(.constdata)
    D1CorePrescTable                         0x080077da   Data          16  system_stm32h7xx_1.o(.constdata)
    Region$$Table$$Base                      0x0800780c   Number         0  anon$$obj.o(Region$$Table)
    Region$$Table$$Limit                     0x0800782c   Number         0  anon$$obj.o(Region$$Table)
    Button_State                             0x24000000   Data           2  ps4_esp.o(.data)
    PS4_LastRxTick                           0x24000004   Data           4  ps4_esp.o(.data)
    huart_ps4                                0x24000008   Data           4  ps4_esp.o(.data)
    AML_LastTxLen                            0x2400000c   Data           2  driver_pid_aml.o(.data)
    AML_TxDmaOk                              0x24000010   Data           4  driver_pid_aml.o(.data)
    AML_TxDmaErr                             0x24000014   Data           4  driver_pid_aml.o(.data)
    buffer                                   0x24000018   Data           4  driver_pid_aml.o(.data)
    Mecanum_Omega_PID_Out                    0x24000040   Data           8  mecanum_field_kin.o(.data)
    Button_Hold_State                        0x24000058   Data           1  main.o(.data)
    tick_1ms_flag                            0x24000059   Data           1  main.o(.data)
    ps4_req_flag                             0x2400005a   Data           1  main.o(.data)
    motor_send_flag                          0x2400005b   Data           1  main.o(.data)
    Robot_Reset_Home                         0x2400005c   Data           1  main.o(.data)
    Button_X_Active                          0x2400005d   Data           1  main.o(.data)
    Button_Circle_Active                     0x2400005e   Data           1  main.o(.data)
    Robot_Direction                          0x2400005f   Data           1  main.o(.data)
    PS4_Ever_Connected                       0x24000060   Data           1  main.o(.data)
    Button_UP_Active                         0x24000061   Data           1  main.o(.data)
    Button_Strafe_Lock                       0x24000062   Data           1  main.o(.data)
    Last_Button                              0x24000066   Data           2  main.o(.data)
    Timer_OVF_Flag_2                         0x24000068   Data           2  main.o(.data)
    initial_angle                            0x2400006c   Data           4  main.o(.data)
    prev_vx_cmd                              0x24000070   Data           4  main.o(.data)
    prev_vy_cmd                              0x24000074   Data           4  main.o(.data)
    prev_omg_cmd                             0x24000078   Data           4  main.o(.data)
    Buzzer                                   0x2400007c   Data           6  main.o(.data)
    uwTickFreq                               0x24000084   Data           1  stm32h7xx_hal.o(.data)
    uwTickPrio                               0x24000088   Data           4  stm32h7xx_hal.o(.data)
    uwTick                                   0x2400008c   Data           4  stm32h7xx_hal.o(.data)
    SystemCoreClock                          0x24000090   Data           4  system_stm32h7xx_1.o(.data)
    SystemD2Clock                            0x24000094   Data           4  system_stm32h7xx_1.o(.data)
    PS4_Dat                                  0x24000098   Data           9  ps4_esp.o(.bss)
    rx_buffer                                0x240000a1   Data           9  ps4_esp.o(.bss)
    AML_LastTx                               0x240000ac   Data          40  driver_pid_aml.o(.bss)
    AML_LastTxW                              0x240000d4   Data          40  driver_pid_aml.o(.bss)
    rx_buffer_imu                            0x24000157   Data          25  wt901c.o(.bss)
    Task_TO                                  0x24000170   Data          30  main.o(.bss)
    Mecanum_4_Bot                            0x24000190   Data          64  main.o(.bss)
    Mecanum_Omega_PID                        0x240001d0   Data         112  main.o(.bss)
    IMU                                      0x24000240   Data          16  main.o(.bss)
    Wheel_Motors                             0x24000250   Data          32  main.o(.bss)
    htim1                                    0x24000270   Data          76  tim.o(.bss)
    htim4                                    0x240002bc   Data          76  tim.o(.bss)
    htim5                                    0x24000308   Data          76  tim.o(.bss)
    htim16                                   0x24000354   Data          76  tim.o(.bss)
    htim17                                   0x240003a0   Data          76  tim.o(.bss)
    huart1                                   0x240003ec   Data         148  usart.o(.bss)
    huart2                                   0x24000480   Data         148  usart.o(.bss)
    huart3                                   0x24000514   Data         148  usart.o(.bss)
    hdma_usart1_rx                           0x240005a8   Data         120  usart.o(.bss)
    hdma_usart1_tx                           0x24000620   Data         120  usart.o(.bss)
    hdma_usart2_rx                           0x24000698   Data         120  usart.o(.bss)
    hdma_usart2_tx                           0x24000710   Data         120  usart.o(.bss)
    hdma_usart3_rx                           0x24000788   Data         120  usart.o(.bss)
    hdma_usart3_tx                           0x24000800   Data         120  usart.o(.bss)
    __libspace_start                         0x24000878   Data          96  libspace.o(.bss)
    __temporary_stack_top$libspace           0x240008d8   Data           0  libspace.o(.bss)



==============================================================================

Memory Map of the image

  Image Entry point : 0x08000299

  Load Region LR_IROM1 (Base: 0x08000000, Size: 0x000078c4, Max: 0x00200000, ABSOLUTE)

    Execution Region ER_IROM1 (Exec base: 0x08000000, Load base: 0x08000000, Size: 0x0000782c, Max: 0x00200000, ABSOLUTE)

    Exec Addr    Load Addr    Size         Type   Attr      Idx    E Section Name        Object

    0x08000000   0x08000000   0x00000298   Data   RO            3    RESET               startup_stm32h743xx.o
    0x08000298   0x08000298   0x00000008   Code   RO         5090  * !!!main             c_w.l(__main.o)
    0x080002a0   0x080002a0   0x00000034   Code   RO         5308    !!!scatter          c_w.l(__scatter.o)
    0x080002d4   0x080002d4   0x0000001a   Code   RO         5310    !!handler_copy      c_w.l(__scatter_copy.o)
    0x080002ee   0x080002ee   0x00000002   PAD
    0x080002f0   0x080002f0   0x0000001c   Code   RO         5312    !!handler_zi        c_w.l(__scatter_zi.o)
    0x0800030c   0x0800030c   0x00000002   Code   RO         5181    .ARM.Collect$$libinit$$00000000  c_w.l(libinit.o)
    0x0800030e   0x0800030e   0x00000004   Code   RO         5190    .ARM.Collect$$libinit$$00000001  c_w.l(libinit2.o)
    0x08000312   0x08000312   0x00000000   Code   RO         5193    .ARM.Collect$$libinit$$00000004  c_w.l(libinit2.o)
    0x08000312   0x08000312   0x00000000   Code   RO         5196    .ARM.Collect$$libinit$$0000000A  c_w.l(libinit2.o)
    0x08000312   0x08000312   0x00000000   Code   RO         5198    .ARM.Collect$$libinit$$0000000C  c_w.l(libinit2.o)
    0x08000312   0x08000312   0x00000000   Code   RO         5200    .ARM.Collect$$libinit$$0000000E  c_w.l(libinit2.o)
    0x08000312   0x08000312   0x00000000   Code   RO         5203    .ARM.Collect$$libinit$$00000011  c_w.l(libinit2.o)
    0x08000312   0x08000312   0x00000000   Code   RO         5205    .ARM.Collect$$libinit$$00000013  c_w.l(libinit2.o)
    0x08000312   0x08000312   0x00000000   Code   RO         5207    .ARM.Collect$$libinit$$00000015  c_w.l(libinit2.o)
    0x08000312   0x08000312   0x00000000   Code   RO         5209    .ARM.Collect$$libinit$$00000017  c_w.l(libinit2.o)
    0x08000312   0x08000312   0x00000000   Code   RO         5211    .ARM.Collect$$libinit$$00000019  c_w.l(libinit2.o)
    0x08000312   0x08000312   0x00000000   Code   RO         5213    .ARM.Collect$$libinit$$0000001B  c_w.l(libinit2.o)
    0x08000312   0x08000312   0x00000000   Code   RO         5215    .ARM.Collect$$libinit$$0000001D  c_w.l(libinit2.o)
    0x08000312   0x08000312   0x00000000   Code   RO         5217    .ARM.Collect$$libinit$$0000001F  c_w.l(libinit2.o)
    0x08000312   0x08000312   0x00000000   Code   RO         5219    .ARM.Collect$$libinit$$00000021  c_w.l(libinit2.o)
    0x08000312   0x08000312   0x00000000   Code   RO         5221    .ARM.Collect$$libinit$$00000023  c_w.l(libinit2.o)
    0x08000312   0x08000312   0x00000000   Code   RO         5223    .ARM.Collect$$libinit$$00000025  c_w.l(libinit2.o)
    0x08000312   0x08000312   0x00000000   Code   RO         5227    .ARM.Collect$$libinit$$0000002C  c_w.l(libinit2.o)
    0x08000312   0x08000312   0x00000000   Code   RO         5229    .ARM.Collect$$libinit$$0000002E  c_w.l(libinit2.o)
    0x08000312   0x08000312   0x00000000   Code   RO         5231    .ARM.Collect$$libinit$$00000030  c_w.l(libinit2.o)
    0x08000312   0x08000312   0x00000000   Code   RO         5233    .ARM.Collect$$libinit$$00000032  c_w.l(libinit2.o)
    0x08000312   0x08000312   0x00000002   Code   RO         5234    .ARM.Collect$$libinit$$00000033  c_w.l(libinit2.o)
    0x08000314   0x08000314   0x00000002   Code   RO         5265    .ARM.Collect$$libshutdown$$00000000  c_w.l(libshutdown.o)
    0x08000316   0x08000316   0x00000000   Code   RO         5291    .ARM.Collect$$libshutdown$$00000002  c_w.l(libshutdown2.o)
    0x08000316   0x08000316   0x00000000   Code   RO         5293    .ARM.Collect$$libshutdown$$00000004  c_w.l(libshutdown2.o)
    0x08000316   0x08000316   0x00000000   Code   RO         5296    .ARM.Collect$$libshutdown$$00000007  c_w.l(libshutdown2.o)
    0x08000316   0x08000316   0x00000000   Code   RO         5299    .ARM.Collect$$libshutdown$$0000000A  c_w.l(libshutdown2.o)
    0x08000316   0x08000316   0x00000000   Code   RO         5301    .ARM.Collect$$libshutdown$$0000000C  c_w.l(libshutdown2.o)
    0x08000316   0x08000316   0x00000000   Code   RO         5304    .ARM.Collect$$libshutdown$$0000000F  c_w.l(libshutdown2.o)
    0x08000316   0x08000316   0x00000002   Code   RO         5305    .ARM.Collect$$libshutdown$$00000010  c_w.l(libshutdown2.o)
    0x08000318   0x08000318   0x00000000   Code   RO         5116    .ARM.Collect$$rtentry$$00000000  c_w.l(__rtentry.o)
    0x08000318   0x08000318   0x00000000   Code   RO         5144    .ARM.Collect$$rtentry$$00000002  c_w.l(__rtentry2.o)
    0x08000318   0x08000318   0x00000006   Code   RO         5156    .ARM.Collect$$rtentry$$00000004  c_w.l(__rtentry4.o)
    0x0800031e   0x0800031e   0x00000000   Code   RO         5146    .ARM.Collect$$rtentry$$00000009  c_w.l(__rtentry2.o)
    0x0800031e   0x0800031e   0x00000004   Code   RO         5147    .ARM.Collect$$rtentry$$0000000A  c_w.l(__rtentry2.o)
    0x08000322   0x08000322   0x00000000   Code   RO         5149    .ARM.Collect$$rtentry$$0000000C  c_w.l(__rtentry2.o)
    0x08000322   0x08000322   0x00000008   Code   RO         5150    .ARM.Collect$$rtentry$$0000000D  c_w.l(__rtentry2.o)
    0x0800032a   0x0800032a   0x00000002   Code   RO         5182    .ARM.Collect$$rtexit$$00000000  c_w.l(rtexit.o)
    0x0800032c   0x0800032c   0x00000000   Code   RO         5238    .ARM.Collect$$rtexit$$00000002  c_w.l(rtexit2.o)
    0x0800032c   0x0800032c   0x00000004   Code   RO         5239    .ARM.Collect$$rtexit$$00000003  c_w.l(rtexit2.o)
    0x08000330   0x08000330   0x00000006   Code   RO         5240    .ARM.Collect$$rtexit$$00000004  c_w.l(rtexit2.o)
    0x08000336   0x08000336   0x00000002   PAD
    0x08000338   0x08000338   0x00000048   Code   RO            4    .text               startup_stm32h743xx.o
    0x08000380   0x08000380   0x000000ee   Code   RO         5080    .text               c_w.l(lludivv7m.o)
    0x0800046e   0x0800046e   0x0000008a   Code   RO         5082    .text               c_w.l(rt_memcpy_v6.o)
    0x080004f8   0x080004f8   0x00000064   Code   RO         5084    .text               c_w.l(rt_memcpy_w.o)
    0x0800055c   0x0800055c   0x0000004e   Code   RO         5086    .text               c_w.l(rt_memclr_w.o)
    0x080005aa   0x080005aa   0x00000006   Code   RO         5088    .text               c_w.l(heapauxi.o)
    0x080005b0   0x080005b0   0x00000016   Code   RO         5121    .text               c_w.l(_rserrno.o)
    0x080005c6   0x080005c6   0x00000002   PAD
    0x080005c8   0x080005c8   0x00000008   Code   RO         5163    .text               c_w.l(rt_errno_addr_intlibspace.o)
    0x080005d0   0x080005d0   0x00000008   Code   RO         5165    .text               c_w.l(libspace.o)
    0x080005d8   0x080005d8   0x0000004a   Code   RO         5168    .text               c_w.l(sys_stackheap_outer.o)
    0x08000622   0x08000622   0x00000012   Code   RO         5170    .text               c_w.l(exit.o)
    0x08000634   0x08000634   0x0000000c   Code   RO         5235    .text               c_w.l(sys_exit.o)
    0x08000640   0x08000640   0x00000002   Code   RO         5254    .text               c_w.l(use_no_semi.o)
    0x08000642   0x08000642   0x00000000   Code   RO         5256    .text               c_w.l(indicate_semi.o)
    0x08000642   0x08000642   0x00000002   PAD
    0x08000644   0x08000644   0x0000007c   Code   RO          181    i.AML_PackLastTxWords  driver_pid_aml.o
    0x080006c0   0x080006c0   0x00000004   Code   RO          182    i.Assign_PID_AML_Id  driver_pid_aml.o
    0x080006c4   0x080006c4   0x00000002   Code   RO          909    i.BusFault_Handler  stm32h7xx_it.o
    0x080006c6   0x080006c6   0x00000002   PAD
    0x080006c8   0x080006c8   0x00000024   Code   RO          589    i.Buzzer_Beep       main.o
    0x080006ec   0x080006ec   0x00000034   Code   RO          590    i.Buzzer_Update     main.o
    0x08000720   0x08000720   0x0000000c   Code   RO          910    i.DMA1_Stream0_IRQHandler  stm32h7xx_it.o
    0x0800072c   0x0800072c   0x0000000c   Code   RO          911    i.DMA1_Stream1_IRQHandler  stm32h7xx_it.o
    0x08000738   0x08000738   0x0000000c   Code   RO          912    i.DMA1_Stream2_IRQHandler  stm32h7xx_it.o
    0x08000744   0x08000744   0x0000000c   Code   RO          913    i.DMA1_Stream4_IRQHandler  stm32h7xx_it.o
    0x08000750   0x08000750   0x0000000c   Code   RO          914    i.DMA1_Stream5_IRQHandler  stm32h7xx_it.o
    0x0800075c   0x0800075c   0x0000000c   Code   RO          915    i.DMA1_Stream6_IRQHandler  stm32h7xx_it.o
    0x08000768   0x08000768   0x000000b4   Code   RO         1876    i.DMA_CalcBaseAndBitshift  stm32h7xx_hal_dma.o
    0x0800081c   0x0800081c   0x0000009c   Code   RO         1877    i.DMA_CalcDMAMUXChannelBaseAndMask  stm32h7xx_hal_dma.o
    0x080008b8   0x080008b8   0x00000074   Code   RO         1878    i.DMA_CalcDMAMUXRequestGenBaseAndMask  stm32h7xx_hal_dma.o
    0x0800092c   0x0800092c   0x00000054   Code   RO         1879    i.DMA_CheckFifoParam  stm32h7xx_hal_dma.o
    0x08000980   0x08000980   0x00000220   Code   RO         1880    i.DMA_SetConfig     stm32h7xx_hal_dma.o
    0x08000ba0   0x08000ba0   0x00000002   Code   RO          916    i.DebugMon_Handler  stm32h7xx_it.o
    0x08000ba2   0x08000ba2   0x00000004   Code   RO          184    i.Driver_PID_AML_Init_UART  driver_pid_aml.o
    0x08000ba6   0x08000ba6   0x00000002   PAD
    0x08000ba8   0x08000ba8   0x00000088   Code   RO          185    i.Driver_Send_Setpoints_U1  driver_pid_aml.o
    0x08000c30   0x08000c30   0x00000004   Code   RO          591    i.Error_Handler     main.o
    0x08000c34   0x08000c34   0x0000001c   Code   RO         5038    i.ExitRun0Mode      system_stm32h7xx_1.o
    0x08000c50   0x08000c50   0x00000360   Code   RO         1881    i.HAL_DMA_Abort     stm32h7xx_hal_dma.o
    0x08000fb0   0x08000fb0   0x00000284   Code   RO         1882    i.HAL_DMA_Abort_IT  stm32h7xx_hal_dma.o
    0x08001234   0x08001234   0x00000004   Code   RO         1884    i.HAL_DMA_GetError  stm32h7xx_hal_dma.o
    0x08001238   0x08001238   0x000006e8   Code   RO         1886    i.HAL_DMA_IRQHandler  stm32h7xx_hal_dma.o
    0x08001920   0x08001920   0x000003c4   Code   RO         1887    i.HAL_DMA_Init      stm32h7xx_hal_dma.o
    0x08001ce4   0x08001ce4   0x0000029c   Code   RO         1891    i.HAL_DMA_Start_IT  stm32h7xx_hal_dma.o
    0x08001f80   0x08001f80   0x00000024   Code   RO         2590    i.HAL_Delay         stm32h7xx_hal.o
    0x08001fa4   0x08001fa4   0x0000022c   Code   RO         1729    i.HAL_GPIO_Init     stm32h7xx_hal_gpio.o
    0x080021d0   0x080021d0   0x0000000a   Code   RO         1733    i.HAL_GPIO_WritePin  stm32h7xx_hal_gpio.o
    0x080021da   0x080021da   0x00000002   PAD
    0x080021dc   0x080021dc   0x0000000c   Code   RO         2601    i.HAL_GetREVID      stm32h7xx_hal.o
    0x080021e8   0x080021e8   0x0000000c   Code   RO         2602    i.HAL_GetTick       stm32h7xx_hal.o
    0x080021f4   0x080021f4   0x00000010   Code   RO         2608    i.HAL_IncTick       stm32h7xx_hal.o
    0x08002204   0x08002204   0x0000005c   Code   RO         2609    i.HAL_Init          stm32h7xx_hal.o
    0x08002260   0x08002260   0x00000040   Code   RO         2610    i.HAL_InitTick      stm32h7xx_hal.o
    0x080022a0   0x080022a0   0x0000005c   Code   RO         1082    i.HAL_MPU_ConfigRegion  stm32h7xx_hal_cortex.o
    0x080022fc   0x080022fc   0x0000001c   Code   RO         1083    i.HAL_MPU_Disable   stm32h7xx_hal_cortex.o
    0x08002318   0x08002318   0x00000024   Code   RO         1085    i.HAL_MPU_Enable    stm32h7xx_hal_cortex.o
    0x0800233c   0x0800233c   0x0000001c   Code   RO         1057    i.HAL_MspInit       stm32h7xx_hal_msp.o
    0x08002358   0x08002358   0x0000001a   Code   RO         1089    i.HAL_NVIC_EnableIRQ  stm32h7xx_hal_cortex.o
    0x08002372   0x08002372   0x00000002   PAD
    0x08002374   0x08002374   0x00000040   Code   RO         1095    i.HAL_NVIC_SetPriority  stm32h7xx_hal_cortex.o
    0x080023b4   0x080023b4   0x00000024   Code   RO         1096    i.HAL_NVIC_SetPriorityGrouping  stm32h7xx_hal_cortex.o
    0x080023d8   0x080023d8   0x00000054   Code   RO         2330    i.HAL_PWREx_ConfigSupply  stm32h7xx_hal_pwr_ex.o
    0x0800242c   0x0800242c   0x00000024   Code   RO         1350    i.HAL_RCCEx_GetD3PCLK1Freq  stm32h7xx_hal_rcc_ex.o
    0x08002450   0x08002450   0x00000144   Code   RO         1352    i.HAL_RCCEx_GetPLL2ClockFreq  stm32h7xx_hal_rcc_ex.o
    0x08002594   0x08002594   0x00000144   Code   RO         1353    i.HAL_RCCEx_GetPLL3ClockFreq  stm32h7xx_hal_rcc_ex.o
    0x080026d8   0x080026d8   0x000009ac   Code   RO         1359    i.HAL_RCCEx_PeriphCLKConfig  stm32h7xx_hal_rcc_ex.o
    0x08003084   0x08003084   0x0000025c   Code   RO         1235    i.HAL_RCC_ClockConfig  stm32h7xx_hal_rcc.o
    0x080032e0   0x080032e0   0x00000044   Code   RO         1240    i.HAL_RCC_GetHCLKFreq  stm32h7xx_hal_rcc.o
    0x08003324   0x08003324   0x00000024   Code   RO         1242    i.HAL_RCC_GetPCLK1Freq  stm32h7xx_hal_rcc.o
    0x08003348   0x08003348   0x00000024   Code   RO         1243    i.HAL_RCC_GetPCLK2Freq  stm32h7xx_hal_rcc.o
    0x0800336c   0x0800336c   0x00000138   Code   RO         1244    i.HAL_RCC_GetSysClockFreq  stm32h7xx_hal_rcc.o
    0x080034a4   0x080034a4   0x00000582   Code   RO         1247    i.HAL_RCC_OscConfig  stm32h7xx_hal_rcc.o
    0x08003a26   0x08003a26   0x00000026   Code   RO         1100    i.HAL_SYSTICK_Config  stm32h7xx_hal_cortex.o
    0x08003a4c   0x08003a4c   0x00000002   Code   RO         4209    i.HAL_TIMEx_Break2Callback  stm32h7xx_hal_tim_ex.o
    0x08003a4e   0x08003a4e   0x00000002   Code   RO         4210    i.HAL_TIMEx_BreakCallback  stm32h7xx_hal_tim_ex.o
    0x08003a50   0x08003a50   0x00000002   Code   RO         4211    i.HAL_TIMEx_CommutCallback  stm32h7xx_hal_tim_ex.o
    0x08003a52   0x08003a52   0x00000002   PAD
    0x08003a54   0x08003a54   0x000000a4   Code   RO         4231    i.HAL_TIMEx_MasterConfigSynchronization  stm32h7xx_hal_tim_ex.o
    0x08003af8   0x08003af8   0x00000062   Code   RO         3495    i.HAL_TIM_Base_Init  stm32h7xx_hal_tim.o
    0x08003b5a   0x08003b5a   0x00000002   PAD
    0x08003b5c   0x08003b5c   0x00000090   Code   RO          772    i.HAL_TIM_Base_MspInit  tim.o
    0x08003bec   0x08003bec   0x0000008c   Code   RO         3500    i.HAL_TIM_Base_Start_IT  stm32h7xx_hal_tim.o
    0x08003c78   0x08003c78   0x000000fc   Code   RO         3504    i.HAL_TIM_ConfigClockSource  stm32h7xx_hal_tim.o
    0x08003d74   0x08003d74   0x000000bc   Code   RO         3516    i.HAL_TIM_Encoder_Init  stm32h7xx_hal_tim.o
    0x08003e30   0x08003e30   0x000000b0   Code   RO          774    i.HAL_TIM_Encoder_MspInit  tim.o
    0x08003ee0   0x08003ee0   0x00000002   Code   RO         3529    i.HAL_TIM_IC_CaptureCallback  stm32h7xx_hal_tim.o
    0x08003ee2   0x08003ee2   0x00000148   Code   RO         3543    i.HAL_TIM_IRQHandler  stm32h7xx_hal_tim.o
    0x0800402a   0x0800402a   0x00000002   PAD
    0x0800402c   0x0800402c   0x00000050   Code   RO          775    i.HAL_TIM_MspPostInit  tim.o
    0x0800407c   0x0800407c   0x00000002   Code   RO         3546    i.HAL_TIM_OC_DelayElapsedCallback  stm32h7xx_hal_tim.o
    0x0800407e   0x0800407e   0x00000124   Code   RO         3567    i.HAL_TIM_PWM_ConfigChannel  stm32h7xx_hal_tim.o
    0x080041a2   0x080041a2   0x00000062   Code   RO         3570    i.HAL_TIM_PWM_Init  stm32h7xx_hal_tim.o
    0x08004204   0x08004204   0x00000002   Code   RO         3572    i.HAL_TIM_PWM_MspInit  stm32h7xx_hal_tim.o
    0x08004206   0x08004206   0x00000002   Code   RO         3573    i.HAL_TIM_PWM_PulseFinishedCallback  stm32h7xx_hal_tim.o
    0x08004208   0x08004208   0x0000003c   Code   RO          592    i.HAL_TIM_PeriodElapsedCallback  main.o
    0x08004244   0x08004244   0x00000002   Code   RO         3586    i.HAL_TIM_TriggerCallback  stm32h7xx_hal_tim.o
    0x08004246   0x08004246   0x00000040   Code   RO         4920    i.HAL_UARTEx_DisableFifoMode  stm32h7xx_hal_uart_ex.o
    0x08004286   0x08004286   0x00000002   Code   RO         4509    i.HAL_UARTEx_RxEventCallback  stm32h7xx_hal_uart.o
    0x08004288   0x08004288   0x00000002   Code   RO         4928    i.HAL_UARTEx_RxFifoFullCallback  stm32h7xx_hal_uart_ex.o
    0x0800428a   0x0800428a   0x0000004c   Code   RO         4929    i.HAL_UARTEx_SetRxFifoThreshold  stm32h7xx_hal_uart_ex.o
    0x080042d6   0x080042d6   0x0000004c   Code   RO         4930    i.HAL_UARTEx_SetTxFifoThreshold  stm32h7xx_hal_uart_ex.o
    0x08004322   0x08004322   0x00000002   Code   RO         4932    i.HAL_UARTEx_TxFifoEmptyCallback  stm32h7xx_hal_uart_ex.o
    0x08004324   0x08004324   0x00000002   Code   RO         4933    i.HAL_UARTEx_WakeupCallback  stm32h7xx_hal_uart_ex.o
    0x08004326   0x08004326   0x00000092   Code   RO         4521    i.HAL_UART_DMAStop  stm32h7xx_hal_uart.o
    0x080043b8   0x080043b8   0x00000002   Code   RO         4525    i.HAL_UART_ErrorCallback  stm32h7xx_hal_uart.o
    0x080043ba   0x080043ba   0x00000002   PAD
    0x080043bc   0x080043bc   0x0000039c   Code   RO         4528    i.HAL_UART_IRQHandler  stm32h7xx_hal_uart.o
    0x08004758   0x08004758   0x0000006a   Code   RO         4529    i.HAL_UART_Init     stm32h7xx_hal_uart.o
    0x080047c2   0x080047c2   0x00000002   PAD
    0x080047c4   0x080047c4   0x000002d8   Code   RO          856    i.HAL_UART_MspInit  usart.o
    0x08004a9c   0x08004a9c   0x00000048   Code   RO         4533    i.HAL_UART_Receive_DMA  stm32h7xx_hal_uart.o
    0x08004ae4   0x08004ae4   0x00000040   Code   RO          593    i.HAL_UART_RxCpltCallback  main.o
    0x08004b24   0x08004b24   0x00000002   Code   RO         4537    i.HAL_UART_RxHalfCpltCallback  stm32h7xx_hal_uart.o
    0x08004b26   0x08004b26   0x000000b0   Code   RO         4538    i.HAL_UART_Transmit  stm32h7xx_hal_uart.o
    0x08004bd6   0x08004bd6   0x00000002   PAD
    0x08004bd8   0x08004bd8   0x00000090   Code   RO         4539    i.HAL_UART_Transmit_DMA  stm32h7xx_hal_uart.o
    0x08004c68   0x08004c68   0x00000098   Code   RO         4540    i.HAL_UART_Transmit_IT  stm32h7xx_hal_uart.o
    0x08004d00   0x08004d00   0x00000018   Code   RO          594    i.HAL_UART_TxCpltCallback  main.o
    0x08004d18   0x08004d18   0x00000002   Code   RO         4542    i.HAL_UART_TxHalfCpltCallback  stm32h7xx_hal_uart.o
    0x08004d1a   0x08004d1a   0x00000002   PAD
    0x08004d1c   0x08004d1c   0x00000134   Code   RO          595    i.HandleButtonPress  main.o
    0x08004e50   0x08004e50   0x00000002   Code   RO          917    i.HardFault_Handler  stm32h7xx_it.o
    0x08004e52   0x08004e52   0x00000002   PAD
    0x08004e54   0x08004e54   0x00000060   Code   RO          496    i.Infinite_Yaw      wt901c.o
    0x08004eb4   0x08004eb4   0x0000007c   Code   RO          747    i.MX_DMA_Init       dma.o
    0x08004f30   0x08004f30   0x0000008c   Code   RO          723    i.MX_GPIO_Init      gpio.o
    0x08004fbc   0x08004fbc   0x00000038   Code   RO          776    i.MX_TIM16_Init     tim.o
    0x08004ff4   0x08004ff4   0x00000038   Code   RO          777    i.MX_TIM17_Init     tim.o
    0x0800502c   0x0800502c   0x00000070   Code   RO          778    i.MX_TIM1_Init      tim.o
    0x0800509c   0x0800509c   0x0000006c   Code   RO          779    i.MX_TIM4_Init      tim.o
    0x08005108   0x08005108   0x000000d0   Code   RO          780    i.MX_TIM5_Init      tim.o
    0x080051d8   0x080051d8   0x00000068   Code   RO          857    i.MX_USART1_UART_Init  usart.o
    0x08005240   0x08005240   0x00000068   Code   RO          858    i.MX_USART2_UART_Init  usart.o
    0x080052a8   0x080052a8   0x00000068   Code   RO          859    i.MX_USART3_UART_Init  usart.o
    0x08005310   0x08005310   0x000000cc   Code   RO          260    i.MecanumRobot_CalculateWheelSpeeds  mecanum_field_kin.o
    0x080053dc   0x080053dc   0x00000094   Code   RO          262    i.MecanumRobot_Init  mecanum_field_kin.o
    0x08005470   0x08005470   0x00000074   Code   RO          263    i.MecanumRobot_SetMotion  mecanum_field_kin.o
    0x080054e4   0x080054e4   0x00000304   Code   RO          596    i.Mecanum_Calculate  main.o
    0x080057e8   0x080057e8   0x00000002   Code   RO          918    i.MemManage_Handler  stm32h7xx_it.o
    0x080057ea   0x080057ea   0x00000002   PAD
    0x080057ec   0x080057ec   0x00000060   Code   RO          597    i.Motor_Update      main.o
    0x0800584c   0x0800584c   0x00000002   Code   RO          919    i.NMI_Handler       stm32h7xx_it.o
    0x0800584e   0x0800584e   0x00000002   PAD
    0x08005850   0x08005850   0x0000006c   Code   RO          330    i.PID               pid.o
    0x080058bc   0x080058bc   0x000000d4   Code   RO          332    i.PID_Compute       pid.o
    0x08005990   0x08005990   0x00000036   Code   RO          338    i.PID_Init          pid.o
    0x080059c6   0x080059c6   0x00000032   Code   RO          339    i.PID_SetControllerDirection  pid.o
    0x080059f8   0x080059f8   0x0000001c   Code   RO          340    i.PID_SetMode       pid.o
    0x08005a14   0x08005a14   0x00000062   Code   RO          341    i.PID_SetOutputLimits  pid.o
    0x08005a76   0x08005a76   0x00000034   Code   RO          342    i.PID_SetSampleTime  pid.o
    0x08005aaa   0x08005aaa   0x00000002   PAD
    0x08005aac   0x08005aac   0x0000007c   Code   RO          344    i.PID_SetTunings2   pid.o
    0x08005b28   0x08005b28   0x00000014   Code   RO           14    i.PS4_Init          ps4_esp.o
    0x08005b3c   0x08005b3c   0x00000018   Code   RO          598    i.PS4_Process       main.o
    0x08005b54   0x08005b54   0x00000028   Code   RO           15    i.PS4_UART_Req      ps4_esp.o
    0x08005b7c   0x08005b7c   0x0000005c   Code   RO           16    i.PS4_UART_Rx_IDLE_Handle  ps4_esp.o
    0x08005bd8   0x08005bd8   0x00000002   Code   RO          920    i.PendSV_Handler    stm32h7xx_it.o
    0x08005bda   0x08005bda   0x00000002   PAD
    0x08005bdc   0x08005bdc   0x00000120   Code   RO         1362    i.RCCEx_PLL2_Config  stm32h7xx_hal_rcc_ex.o
    0x08005cfc   0x08005cfc   0x00000120   Code   RO         1363    i.RCCEx_PLL3_Config  stm32h7xx_hal_rcc_ex.o
    0x08005e1c   0x08005e1c   0x0000001c   Code   RO          599    i.Robot_Hold_Stop   main.o
    0x08005e38   0x08005e38   0x00000002   Code   RO          921    i.SVC_Handler       stm32h7xx_it.o
    0x08005e3a   0x08005e3a   0x00000004   Code   RO          922    i.SysTick_Handler   stm32h7xx_it.o
    0x08005e3e   0x08005e3e   0x00000002   PAD
    0x08005e40   0x08005e40   0x000000a4   Code   RO          601    i.SystemClock_Config  main.o
    0x08005ee4   0x08005ee4   0x000000f8   Code   RO         5040    i.SystemInit        system_stm32h7xx_1.o
    0x08005fdc   0x08005fdc   0x0000000c   Code   RO          923    i.TIM16_IRQHandler  stm32h7xx_it.o
    0x08005fe8   0x08005fe8   0x0000000c   Code   RO          924    i.TIM17_IRQHandler  stm32h7xx_it.o
    0x08005ff4   0x08005ff4   0x0000000c   Code   RO          925    i.TIM5_IRQHandler   stm32h7xx_it.o
    0x08006000   0x08006000   0x000000cc   Code   RO         3588    i.TIM_Base_SetConfig  stm32h7xx_hal_tim.o
    0x080060cc   0x080060cc   0x00000012   Code   RO         3599    i.TIM_ETR_SetConfig  stm32h7xx_hal_tim.o
    0x080060de   0x080060de   0x00000002   PAD
    0x080060e0   0x080060e0   0x00000014   Code   RO         3600    i.TIM_ITRx_SetConfig  stm32h7xx_hal_tim.o
    0x080060f4   0x080060f4   0x000000a4   Code   RO         3601    i.TIM_OC1_SetConfig  stm32h7xx_hal_tim.o
    0x08006198   0x08006198   0x00000098   Code   RO         3602    i.TIM_OC2_SetConfig  stm32h7xx_hal_tim.o
    0x08006230   0x08006230   0x00000098   Code   RO         3603    i.TIM_OC3_SetConfig  stm32h7xx_hal_tim.o
    0x080062c8   0x080062c8   0x00000078   Code   RO         3604    i.TIM_OC4_SetConfig  stm32h7xx_hal_tim.o
    0x08006340   0x08006340   0x00000074   Code   RO         3605    i.TIM_OC5_SetConfig  stm32h7xx_hal_tim.o
    0x080063b4   0x080063b4   0x00000074   Code   RO         3606    i.TIM_OC6_SetConfig  stm32h7xx_hal_tim.o
    0x08006428   0x08006428   0x00000022   Code   RO         3608    i.TIM_TI1_ConfigInputStage  stm32h7xx_hal_tim.o
    0x0800644a   0x0800644a   0x00000024   Code   RO         3610    i.TIM_TI2_ConfigInputStage  stm32h7xx_hal_tim.o
    0x0800646e   0x0800646e   0x00000002   PAD
    0x08006470   0x08006470   0x00000034   Code   RO          443    i.Timeout_Begin     timer_timeout.o
    0x080064a4   0x080064a4   0x00000030   Code   RO          444    i.Timer_Timeout_Check  timer_timeout.o
    0x080064d4   0x080064d4   0x0000000a   Code   RO          445    i.Timer_Timeout_Init  timer_timeout.o
    0x080064de   0x080064de   0x00000008   Code   RO          446    i.Timer_Timeout_Reset  timer_timeout.o
    0x080064e6   0x080064e6   0x00000004   Code   RO          447    i.Timer_Timeout_Start  timer_timeout.o
    0x080064ea   0x080064ea   0x00000002   PAD
    0x080064ec   0x080064ec   0x00000044   Code   RO         4934    i.UARTEx_SetNbDataToProcess  stm32h7xx_hal_uart_ex.o
    0x08006530   0x08006530   0x000000c8   Code   RO         4543    i.UART_AdvFeatureConfig  stm32h7xx_hal_uart.o
    0x080065f8   0x080065f8   0x000000aa   Code   RO         4544    i.UART_CheckIdleState  stm32h7xx_hal_uart.o
    0x080066a2   0x080066a2   0x00000010   Code   RO         4545    i.UART_DMAAbortOnError  stm32h7xx_hal_uart.o
    0x080066b2   0x080066b2   0x0000004e   Code   RO         4546    i.UART_DMAError     stm32h7xx_hal_uart.o
    0x08006700   0x08006700   0x00000082   Code   RO         4547    i.UART_DMAReceiveCplt  stm32h7xx_hal_uart.o
    0x08006782   0x08006782   0x00000020   Code   RO         4549    i.UART_DMARxHalfCplt  stm32h7xx_hal_uart.o
    0x080067a2   0x080067a2   0x00000040   Code   RO         4551    i.UART_DMATransmitCplt  stm32h7xx_hal_uart.o
    0x080067e2   0x080067e2   0x0000000a   Code   RO         4553    i.UART_DMATxHalfCplt  stm32h7xx_hal_uart.o
    0x080067ec   0x080067ec   0x00000054   Code   RO         4555    i.UART_EndRxTransfer  stm32h7xx_hal_uart.o
    0x08006840   0x08006840   0x0000002e   Code   RO         4556    i.UART_EndTxTransfer  stm32h7xx_hal_uart.o
    0x0800686e   0x0800686e   0x00000002   PAD
    0x08006870   0x08006870   0x000003ac   Code   RO         4561    i.UART_SetConfig    stm32h7xx_hal_uart.o
    0x08006c1c   0x08006c1c   0x000000a8   Code   RO         4562    i.UART_Start_Receive_DMA  stm32h7xx_hal_uart.o
    0x08006cc4   0x08006cc4   0x00000052   Code   RO         4564    i.UART_TxISR_16BIT  stm32h7xx_hal_uart.o
    0x08006d16   0x08006d16   0x00000002   PAD
    0x08006d18   0x08006d18   0x0000006a   Code   RO         4565    i.UART_TxISR_16BIT_FIFOEN  stm32h7xx_hal_uart.o
    0x08006d82   0x08006d82   0x0000004e   Code   RO         4566    i.UART_TxISR_8BIT   stm32h7xx_hal_uart.o
    0x08006dd0   0x08006dd0   0x00000066   Code   RO         4567    i.UART_TxISR_8BIT_FIFOEN  stm32h7xx_hal_uart.o
    0x08006e36   0x08006e36   0x00000094   Code   RO         4568    i.UART_WaitOnFlagUntilTimeout  stm32h7xx_hal_uart.o
    0x08006eca   0x08006eca   0x00000002   PAD
    0x08006ecc   0x08006ecc   0x0000002c   Code   RO          926    i.USART1_IRQHandler  stm32h7xx_it.o
    0x08006ef8   0x08006ef8   0x00000028   Code   RO          927    i.USART2_IRQHandler  stm32h7xx_it.o
    0x08006f20   0x08006f20   0x0000000c   Code   RO          928    i.USART3_IRQHandler  stm32h7xx_it.o
    0x08006f2c   0x08006f2c   0x00000002   Code   RO          929    i.UsageFault_Handler  stm32h7xx_it.o
    0x08006f2e   0x08006f2e   0x00000004   Code   RO          497    i.WT901C_Begin_Recieve  wt901c.o
    0x08006f32   0x08006f32   0x00000002   PAD
    0x08006f34   0x08006f34   0x0000009c   Code   RO          498    i.WT901C_Calibrate_Accel  wt901c.o
    0x08006fd0   0x08006fd0   0x0000003c   Code   RO          499    i.WT901C_Init       wt901c.o
    0x0800700c   0x0800700c   0x000000f8   Code   RO          500    i.WT901C_Process_Buffer  wt901c.o
    0x08007104   0x08007104   0x00000064   Code   RO          501    i.WT901C_Reset_Angles  wt901c.o
    0x08007168   0x08007168   0x00000010   Code   RO          502    i.WT901C_Start_Receive  wt901c.o
    0x08007178   0x08007178   0x0000001c   Code   RO          504    i.WT901C_UART_Rx_IDLE_Hanlde  wt901c.o
    0x08007194   0x08007194   0x00000026   Code   RO         5124    i.__ARM_fpclassifyf  m_wv.l(fpclassifyf.o)
    0x080071ba   0x080071ba   0x00000022   Code   RO         1102    i.__NVIC_SetPriority  stm32h7xx_hal_cortex.o
    0x080071dc   0x080071dc   0x00000150   Code   RO         5092    i.__hardfp_cosf     m_wv.l(cosf.o)
    0x0800732c   0x0800732c   0x00000194   Code   RO         5104    i.__hardfp_sinf     m_wv.l(sinf.o)
    0x080074c0   0x080074c0   0x00000006   Code   RO         5127    i.__mathlib_flt_infnan  m_wv.l(funder.o)
    0x080074c6   0x080074c6   0x00000002   PAD
    0x080074c8   0x080074c8   0x00000010   Code   RO         5129    i.__mathlib_flt_invalid  m_wv.l(funder.o)
    0x080074d8   0x080074d8   0x00000010   Code   RO         5132    i.__mathlib_flt_underflow  m_wv.l(funder.o)
    0x080074e8   0x080074e8   0x00000154   Code   RO         5140    i.__mathlib_rredf2  m_wv.l(rredf.o)
    0x0800763c   0x0800763c   0x0000012c   Code   RO          602    i.main              main.o
    0x08007768   0x08007768   0x0000001c   Code   RO          264    i.rads_2_rpm        mecanum_field_kin.o
    0x08007784   0x08007784   0x0000000a   Code   RO         5250    x$fpl$fpinit        fz_wv.l(fpinit.o)
    0x0800778e   0x0800778e   0x00000000   Code   RO         5123    x$fpl$usenofp       fz_wv.l(usenofp.o)
    0x0800778e   0x0800778e   0x00000001   Data   RO           18    .constdata          ps4_esp.o
    0x0800778f   0x0800778f   0x00000001   PAD
    0x08007790   0x08007790   0x0000000a   Data   RO          448    .constdata          timer_timeout.o
    0x0800779a   0x0800779a   0x0000000f   Data   RO          506    .constdata          wt901c.o
    0x080077a9   0x080077a9   0x00000008   Data   RO         1893    .constdata          stm32h7xx_hal_dma.o
    0x080077b1   0x080077b1   0x00000001   PAD
    0x080077b2   0x080077b2   0x00000018   Data   RO         4569    .constdata          stm32h7xx_hal_uart.o
    0x080077ca   0x080077ca   0x00000010   Data   RO         4935    .constdata          stm32h7xx_hal_uart_ex.o
    0x080077da   0x080077da   0x00000010   Data   RO         5041    .constdata          system_stm32h7xx_1.o
    0x080077ea   0x080077ea   0x00000002   PAD
    0x080077ec   0x080077ec   0x00000020   Data   RO         5141    .constdata          m_wv.l(rredf.o)
    0x0800780c   0x0800780c   0x00000020   Data   RO         5306    Region$$Table       anon$$obj.o


    Execution Region RW_IRAM1 (Exec base: 0x20000000, Load base: 0x0800782c, Size: 0x00000000, Max: 0x00020000, ABSOLUTE)

    **** No section assigned to this execution region ****


    Execution Region RW_IRAM2 (Exec base: 0x24000000, Load base: 0x0800782c, Size: 0x00000ed8, Max: 0x00080000, ABSOLUTE)

    Exec Addr    Load Addr    Size         Type   Attr      Idx    E Section Name        Object

    0x24000000   0x0800782c   0x0000000c   Data   RW           19    .data               ps4_esp.o
    0x2400000c   0x08007838   0x00000010   Data   RW          190    .data               driver_pid_aml.o
    0x2400001c   0x08007848   0x00000004   PAD
    0x24000020   0x0800784c   0x00000028   Data   RW          266    .data               mecanum_field_kin.o
    0x24000048   0x08007874   0x00000010   Data   RW          507    .data               wt901c.o
    0x24000058   0x08007884   0x0000002a   Data   RW          604    .data               main.o
    0x24000082   0x080078ae   0x00000002   PAD
    0x24000084   0x080078b0   0x0000000c   Data   RW         2631    .data               stm32h7xx_hal.o
    0x24000090   0x080078bc   0x00000008   Data   RW         5042    .data               system_stm32h7xx_1.o
    0x24000098        -       0x00000012   Zero   RW           17    .bss                ps4_esp.o
    0x240000aa   0x080078c4   0x00000002   PAD
    0x240000ac        -       0x000000a0   Zero   RW          188    .bss                driver_pid_aml.o
    0x2400014c        -       0x00000024   Zero   RW          505    .bss                wt901c.o
    0x24000170        -       0x00000100   Zero   RW          603    .bss                main.o
    0x24000270        -       0x0000017c   Zero   RW          781    .bss                tim.o
    0x240003ec        -       0x0000048c   Zero   RW          860    .bss                usart.o
    0x24000878        -       0x00000060   Zero   RW         5166    .bss                c_w.l(libspace.o)
    0x240008d8        -       0x00000200   Zero   RW            2    HEAP                startup_stm32h743xx.o
    0x24000ad8        -       0x00000400   Zero   RW            1    STACK               startup_stm32h743xx.o


==============================================================================

Image component sizes


      Code (inc. data)   RO Data    RW Data    ZI Data      Debug   Object Name

       124          4          0          0          0       1002   dma.o
       268         18          0         16        160       5726   driver_pid_aml.o
       140          8          0          0          0       1163   gpio.o
      1932        220          0         42        256      14480   main.o
       496         58          0         40          0      11604   mecanum_field_kin.o
       726         36          0          0          0       6036   pid.o
       152         26          1         12         18    1293263   ps4_esp.o
        72         30        664          0       1536        880   startup_stm32h743xx.o
       232         44          0         12          0      23788   stm32h7xx_hal.o
       354         28          0          0          0      42205   stm32h7xx_hal_cortex.o
      5992        246          8          0          0      12917   stm32h7xx_hal_dma.o
       566         50          0          0          0       2428   stm32h7xx_hal_gpio.o
        28          6          0          0          0       1002   stm32h7xx_hal_msp.o
        84          6          0          0          0        821   stm32h7xx_hal_pwr_ex.o
      2466        102          0          0          0       7408   stm32h7xx_hal_rcc.o
      3736        118          0          0          0       8133   stm32h7xx_hal_rcc_ex.o
      2538        242          0          0          0      19077   stm32h7xx_hal_tim.o
       170         30          0          0          0       3400   stm32h7xx_hal_tim_ex.o
      4182        184         24          0          0      43860   stm32h7xx_hal_uart.o
       290          6         16          0          0       5782   stm32h7xx_hal_uart_ex.o
       224         72          0          0          0      10646   stm32h7xx_it.o
       276         48         16          8          0       2145   system_stm32h7xx_1.o
       940        100          0          0        380       6346   tim.o
       122         10         10          0          0       4195   timer_timeout.o
      1040         72          0          0       1164       4334   usart.o
       708         88         15         16         36       7723   wt901c.o

    ----------------------------------------------------------------------
     27906       1852        790        152       3552    1540364   Object Totals
         0          0         32          0          0          0   (incl. Generated)
        48          0          4          6          2          0   (incl. Padding)

    ----------------------------------------------------------------------

      Code (inc. data)   RO Data    RW Data    ZI Data      Debug   Library Member Name

         8          0          0          0          0         68   __main.o
         0          0          0          0          0          0   __rtentry.o
        12          0          0          0          0          0   __rtentry2.o
         6          0          0          0          0          0   __rtentry4.o
        52          8          0          0          0          0   __scatter.o
        26          0          0          0          0          0   __scatter_copy.o
        28          0          0          0          0          0   __scatter_zi.o
        22          0          0          0          0        100   _rserrno.o
        18          0          0          0          0         80   exit.o
         6          0          0          0          0        152   heapauxi.o
         0          0          0          0          0          0   indicate_semi.o
         2          0          0          0          0          0   libinit.o
         6          0          0          0          0          0   libinit2.o
         2          0          0          0          0          0   libshutdown.o
         2          0          0          0          0          0   libshutdown2.o
         8          4          0          0         96         68   libspace.o
       238          0          0          0          0        100   lludivv7m.o
         8          4          0          0          0         68   rt_errno_addr_intlibspace.o
        78          0          0          0          0         80   rt_memclr_w.o
       138          0          0          0          0         68   rt_memcpy_v6.o
       100          0          0          0          0         80   rt_memcpy_w.o
         2          0          0          0          0          0   rtexit.o
        10          0          0          0          0          0   rtexit2.o
        12          4          0          0          0         68   sys_exit.o
        74          0          0          0          0         80   sys_stackheap_outer.o
         2          0          0          0          0         68   use_no_semi.o
        10          0          0          0          0        116   fpinit.o
         0          0          0          0          0          0   usenofp.o
       336         60          0          0          0        136   cosf.o
        38          0          0          0          0        116   fpclassifyf.o
        38         12          0          0          0        348   funder.o
       340         24         32          0          0        160   rredf.o
       404         60          0          0          0        212   sinf.o

    ----------------------------------------------------------------------
      2036        176         32          0         96       2168   Library Totals
        10          0          0          0          0          0   (incl. Padding)

    ----------------------------------------------------------------------

      Code (inc. data)   RO Data    RW Data    ZI Data      Debug   Library Name

       860         20          0          0         96       1080   c_w.l
        10          0          0          0          0        116   fz_wv.l
      1156        156         32          0          0        972   m_wv.l

    ----------------------------------------------------------------------
      2036        176         32          0         96       2168   Library Totals

    ----------------------------------------------------------------------

==============================================================================


      Code (inc. data)   RO Data    RW Data    ZI Data      Debug   

     29942       2028        822        152       3648    1524464   Grand Totals
     29942       2028        822        152       3648    1524464   ELF Image Totals
     29942       2028        822        152          0          0   ROM Totals

==============================================================================

    Total RO  Size (Code + RO Data)                30764 (  30.04kB)
    Total RW  Size (RW Data + ZI Data)              3800 (   3.71kB)
    Total ROM Size (Code + RO Data + RW Data)      30916 (  30.19kB)

==============================================================================

