Component: ARM Compiler 5.06 update 6 (build 750) Tool: armlink [4d35ed]

==============================================================================

Section Cross References

    startup_stm32h743xx.o(STACK) refers (Special) to heapauxi.o(.text) for __use_two_region_memory
    startup_stm32h743xx.o(HEAP) refers (Special) to heapauxi.o(.text) for __use_two_region_memory
    startup_stm32h743xx.o(RESET) refers (Special) to heapauxi.o(.text) for __use_two_region_memory
    startup_stm32h743xx.o(RESET) refers to startup_stm32h743xx.o(STACK) for __initial_sp
    startup_stm32h743xx.o(RESET) refers to startup_stm32h743xx.o(.text) for Reset_Handler
    startup_stm32h743xx.o(RESET) refers to stm32h7xx_it.o(i.NMI_Handler) for NMI_Handler
    startup_stm32h743xx.o(RESET) refers to stm32h7xx_it.o(i.HardFault_Handler) for HardFault_Handler
    startup_stm32h743xx.o(RESET) refers to stm32h7xx_it.o(i.MemManage_Handler) for MemManage_Handler
    startup_stm32h743xx.o(RESET) refers to stm32h7xx_it.o(i.BusFault_Handler) for BusFault_Handler
    startup_stm32h743xx.o(RESET) refers to stm32h7xx_it.o(i.UsageFault_Handler) for UsageFault_Handler
    startup_stm32h743xx.o(RESET) refers to stm32h7xx_it.o(i.SVC_Handler) for SVC_Handler
    startup_stm32h743xx.o(RESET) refers to stm32h7xx_it.o(i.DebugMon_Handler) for DebugMon_Handler
    startup_stm32h743xx.o(RESET) refers to stm32h7xx_it.o(i.PendSV_Handler) for PendSV_Handler
    startup_stm32h743xx.o(RESET) refers to stm32h7xx_it.o(i.SysTick_Handler) for SysTick_Handler
    startup_stm32h743xx.o(RESET) refers to stm32h7xx_it.o(i.DMA1_Stream0_IRQHandler) for DMA1_Stream0_IRQHandler
    startup_stm32h743xx.o(RESET) refers to stm32h7xx_it.o(i.DMA1_Stream1_IRQHandler) for DMA1_Stream1_IRQHandler
    startup_stm32h743xx.o(RESET) refers to stm32h7xx_it.o(i.DMA1_Stream2_IRQHandler) for DMA1_Stream2_IRQHandler
    startup_stm32h743xx.o(RESET) refers to stm32h7xx_it.o(i.DMA1_Stream3_IRQHandler) for DMA1_Stream3_IRQHandler
    startup_stm32h743xx.o(RESET) refers to stm32h7xx_it.o(i.DMA1_Stream4_IRQHandler) for DMA1_Stream4_IRQHandler
    startup_stm32h743xx.o(RESET) refers to stm32h7xx_it.o(i.DMA1_Stream5_IRQHandler) for DMA1_Stream5_IRQHandler
    startup_stm32h743xx.o(RESET) refers to stm32h7xx_it.o(i.DMA1_Stream6_IRQHandler) for DMA1_Stream6_IRQHandler
    startup_stm32h743xx.o(RESET) refers to stm32h7xx_it.o(i.USART1_IRQHandler) for USART1_IRQHandler
    startup_stm32h743xx.o(RESET) refers to stm32h7xx_it.o(i.USART2_IRQHandler) for USART2_IRQHandler
    startup_stm32h743xx.o(RESET) refers to stm32h7xx_it.o(i.USART3_IRQHandler) for USART3_IRQHandler
    startup_stm32h743xx.o(RESET) refers to stm32h7xx_it.o(i.EXTI15_10_IRQHandler) for EXTI15_10_IRQHandler
    startup_stm32h743xx.o(RESET) refers to stm32h7xx_it.o(i.DMA1_Stream7_IRQHandler) for DMA1_Stream7_IRQHandler
    startup_stm32h743xx.o(RESET) refers to stm32h7xx_it.o(i.TIM5_IRQHandler) for TIM5_IRQHandler
    startup_stm32h743xx.o(RESET) refers to stm32h7xx_it.o(i.UART5_IRQHandler) for UART5_IRQHandler
    startup_stm32h743xx.o(RESET) refers to stm32h7xx_it.o(i.TIM16_IRQHandler) for TIM16_IRQHandler
    startup_stm32h743xx.o(RESET) refers to stm32h7xx_it.o(i.TIM17_IRQHandler) for TIM17_IRQHandler
    startup_stm32h743xx.o(.text) refers (Special) to heapauxi.o(.text) for __use_two_region_memory
    startup_stm32h743xx.o(.text) refers to system_stm32h7xx_1.o(i.ExitRun0Mode) for ExitRun0Mode
    startup_stm32h743xx.o(.text) refers to system_stm32h7xx_1.o(i.SystemInit) for SystemInit
    startup_stm32h743xx.o(.text) refers to __main.o(!!!main) for __main
    startup_stm32h743xx.o(.text) refers to startup_stm32h743xx.o(HEAP) for Heap_Mem
    startup_stm32h743xx.o(.text) refers to startup_stm32h743xx.o(STACK) for Stack_Mem
    ps4_esp.o(i.PS4_Init) refers to ps4_esp.o(.data) for .data
    ps4_esp.o(i.PS4_UART_Req) refers to stm32h7xx_hal_uart.o(i.HAL_UART_Transmit_IT) for HAL_UART_Transmit_IT
    ps4_esp.o(i.PS4_UART_Req) refers to stm32h7xx_hal_uart.o(i.HAL_UART_Receive_DMA) for HAL_UART_Receive_DMA
    ps4_esp.o(i.PS4_UART_Req) refers to ps4_esp.o(.constdata) for .constdata
    ps4_esp.o(i.PS4_UART_Req) refers to ps4_esp.o(.data) for .data
    ps4_esp.o(i.PS4_UART_Req) refers to ps4_esp.o(.bss) for .bss
    ps4_esp.o(i.PS4_UART_Rx_IDLE_Handle) refers to stm32h7xx_hal_uart.o(i.HAL_UART_Receive_DMA) for HAL_UART_Receive_DMA
    ps4_esp.o(i.PS4_UART_Rx_IDLE_Handle) refers to stm32h7xx_hal.o(i.HAL_GetTick) for HAL_GetTick
    ps4_esp.o(i.PS4_UART_Rx_IDLE_Handle) refers to ps4_esp.o(.bss) for .bss
    ps4_esp.o(i.PS4_UART_Rx_IDLE_Handle) refers to ps4_esp.o(.data) for .data
    driver_pid_aml.o(i.AML_PackLastTxWords) refers to driver_pid_aml.o(.bss) for .bss
    driver_pid_aml.o(i.AML_PackLastTxWords) refers to driver_pid_aml.o(.data) for .data
    driver_pid_aml.o(i.Driver_Home_Request) refers to stm32h7xx_hal_uart.o(i.HAL_UART_Transmit) for HAL_UART_Transmit
[...]
    __rt_lib_init_fp_1                       0x0800030f   Thumb Code     0  libinit2.o(.ARM.Collect$$libinit$$00000001)
    __rt_lib_init_alloca_1                   0x08000313   Thumb Code     0  libinit2.o(.ARM.Collect$$libinit$$0000002E)
    __rt_lib_init_argv_1                     0x08000313   Thumb Code     0  libinit2.o(.ARM.Collect$$libinit$$0000002C)
    __rt_lib_init_atexit_1                   0x08000313   Thumb Code     0  libinit2.o(.ARM.Collect$$libinit$$0000001B)
    __rt_lib_init_clock_1                    0x08000313   Thumb Code     0  libinit2.o(.ARM.Collect$$libinit$$00000021)
    __rt_lib_init_cpp_1                      0x08000313   Thumb Code     0  libinit2.o(.ARM.Collect$$libinit$$00000032)
    __rt_lib_init_exceptions_1               0x08000313   Thumb Code     0  libinit2.o(.ARM.Collect$$libinit$$00000030)
    __rt_lib_init_fp_trap_1                  0x08000313   Thumb Code     0  libinit2.o(.ARM.Collect$$libinit$$0000001F)
    __rt_lib_init_getenv_1                   0x08000313   Thumb Code     0  libinit2.o(.ARM.Collect$$libinit$$00000023)
    __rt_lib_init_heap_1                     0x08000313   Thumb Code     0  libinit2.o(.ARM.Collect$$libinit$$0000000A)
    __rt_lib_init_lc_collate_1               0x08000313   Thumb Code     0  libinit2.o(.ARM.Collect$$libinit$$00000011)
    __rt_lib_init_lc_ctype_1                 0x08000313   Thumb Code     0  libinit2.o(.ARM.Collect$$libinit$$00000013)
    __rt_lib_init_lc_monetary_1              0x08000313   Thumb Code     0  libinit2.o(.ARM.Collect$$libinit$$00000015)
    __rt_lib_init_lc_numeric_1               0x08000313   Thumb Code     0  libinit2.o(.ARM.Collect$$libinit$$00000017)
    __rt_lib_init_lc_time_1                  0x08000313   Thumb Code     0  libinit2.o(.ARM.Collect$$libinit$$00000019)
    __rt_lib_init_preinit_1                  0x08000313   Thumb Code     0  libinit2.o(.ARM.Collect$$libinit$$00000004)
    __rt_lib_init_rand_1                     0x08000313   Thumb Code     0  libinit2.o(.ARM.Collect$$libinit$$0000000E)
    __rt_lib_init_return                     0x08000313   Thumb Code     0  libinit2.o(.ARM.Collect$$libinit$$00000033)
    __rt_lib_init_signal_1                   0x08000313   Thumb Code     0  libinit2.o(.ARM.Collect$$libinit$$0000001D)
    __rt_lib_init_stdio_1                    0x08000313   Thumb Code     0  libinit2.o(.ARM.Collect$$libinit$$00000025)
    __rt_lib_init_user_alloc_1               0x08000313   Thumb Code     0  libinit2.o(.ARM.Collect$$libinit$$0000000C)
    __rt_lib_shutdown                        0x08000315   Thumb Code     0  libshutdown.o(.ARM.Collect$$libshutdown$$00000000)
    __rt_lib_shutdown_cpp_1                  0x08000317   Thumb Code     0  libshutdown2.o(.ARM.Collect$$libshutdown$$00000002)
    __rt_lib_shutdown_fp_trap_1              0x08000317   Thumb Code     0  libshutdown2.o(.ARM.Collect$$libshutdown$$00000007)
    __rt_lib_shutdown_heap_1                 0x08000317   Thumb Code     0  libshutdown2.o(.ARM.Collect$$libshutdown$$0000000F)
    __rt_lib_shutdown_return                 0x08000317   Thumb Code     0  libshutdown2.o(.ARM.Collect$$libshutdown$$00000010)
    __rt_lib_shutdown_signal_1               0x08000317   Thumb Code     0  libshutdown2.o(.ARM.Collect$$libshutdown$$0000000A)
    __rt_lib_shutdown_stdio_1                0x08000317   Thumb Code     0  libshutdown2.o(.ARM.Collect$$libshutdown$$00000004)
    __rt_lib_shutdown_user_alloc_1           0x08000317   Thumb Code     0  libshutdown2.o(.ARM.Collect$$libshutdown$$0000000C)
    __rt_entry                               0x08000319   Thumb Code     0  __rtentry.o(.ARM.Collect$$rtentry$$00000000)
    __rt_entry_presh_1                       0x08000319   Thumb Code     0  __rtentry2.o(.ARM.Collect$$rtentry$$00000002)
    __rt_entry_sh                            0x08000319   Thumb Code     0  __rtentry4.o(.ARM.Collect$$rtentry$$00000004)
    __rt_entry_li                            0x0800031f   Thumb Code     0  __rtentry2.o(.ARM.Collect$$rtentry$$0000000A)
    __rt_entry_postsh_1                      0x0800031f   Thumb Code     0  __rtentry2.o(.ARM.Collect$$rtentry$$00000009)
    __rt_entry_main                          0x08000323   Thumb Code     0  __rtentry2.o(.ARM.Collect$$rtentry$$0000000D)
    __rt_entry_postli_1                      0x08000323   Thumb Code     0  __rtentry2.o(.ARM.Collect$$rtentry$$0000000C)
    __rt_exit                                0x0800032b   Thumb Code     0  rtexit.o(.ARM.Collect$$rtexit$$00000000)
    __rt_exit_ls                             0x0800032d   Thumb Code     0  rtexit2.o(.ARM.Collect$$rtexit$$00000003)
    __rt_exit_prels_1                        0x0800032d   Thumb Code     0  rtexit2.o(.ARM.Collect$$rtexit$$00000002)
    __rt_exit_exit                           0x08000331   Thumb Code     0  rtexit2.o(.ARM.Collect$$rtexit$$00000004)
    Reset_Handler                            0x08000339   Thumb Code    12  startup_stm32h743xx.o(.text)
    ADC3_IRQHandler                          0x08000357   Thumb Code     0  startup_stm32h743xx.o(.text)
    ADC_IRQHandler                           0x08000357   Thumb Code     0  startup_stm32h743xx.o(.text)
    BDMA_Channel0_IRQHandler                 0x08000357   Thumb Code     0  startup_stm32h743xx.o(.text)
    BDMA_Channel1_IRQHandler                 0x08000357   Thumb Code     0  startup_stm32h743xx.o(.text)
    BDMA_Channel2_IRQHandler                 0x08000357   Thumb Code     0  startup_stm32h743xx.o(.text)
    BDMA_Channel3_IRQHandler                 0x08000357   Thumb Code     0  startup_stm32h743xx.o(.text)
    BDMA_Channel4_IRQHandler                 0x08000357   Thumb Code     0  startup_stm32h743xx.o(.text)
    BDMA_Channel5_IRQHandler                 0x08000357   Thumb Code     0  startup_stm32h743xx.o(.text)
    BDMA_Channel6_IRQHandler                 0x08000357   Thumb Code     0  startup_stm32h743xx.o(.text)
    BDMA_Channel7_IRQHandler                 0x08000357   Thumb Code     0  startup_stm32h743xx.o(.text)
    CEC_IRQHandler                           0x08000357   Thumb Code     0  startup_stm32h743xx.o(.text)
    COMP1_IRQHandler                         0x08000357   Thumb Code     0  startup_stm32h743xx.o(.text)
    CRS_IRQHandler                           0x08000357   Thumb Code     0  startup_stm32h743xx.o(.text)
    DCMI_IRQHandler                          0x08000357   Thumb Code     0  startup_stm32h743xx.o(.text)
    DFSDM1_FLT0_IRQHandler                   0x08000357   Thumb Code     0  startup_stm32h743xx.o(.text)
    DFSDM1_FLT1_IRQHandler                   0x08000357   Thumb Code     0  startup_stm32h743xx.o(.text)
    DFSDM1_FLT2_IRQHandler                   0x08000357   Thumb Code     0  startup_stm32h743xx.o(.text)
    DFSDM1_FLT3_IRQHandler                   0x08000357   Thumb Code     0  startup_stm32h743xx.o(.text)
    DMA2D_IRQHandler                         0x08000357   Thumb Code     0  startup_stm32h743xx.o(.text)
    DMA2_Stream0_IRQHandler                  0x08000357   Thumb Code     0  startup_stm32h743xx.o(.text)
    DMA2_Stream1_IRQHandler                  0x08000357   Thumb Code     0  startup_stm32h743xx.o(.text)
    DMA2_Stream2_IRQHandler                  0x08000357   Thumb Code     0  startup_stm32h743xx.o(.text)
    DMA2_Stream3_IRQHandler                  0x08000357   Thumb Code     0  startup_stm32h743xx.o(.text)
    DMA2_Stream4_IRQHandler                  0x08000357   Thumb Code     0  startup_stm32h743xx.o(.text)
    DMA2_Stream5_IRQHandler                  0x08000357   Thumb Code     0  startup_stm32h743xx.o(.text)
    DMA2_Stream6_IRQHandler                  0x08000357   Thumb Code     0  startup_stm32h743xx.o(.text)
    DMA2_Stream7_IRQHandler                  0x08000357   Thumb Code     0  startup_stm32h743xx.o(.text)
    DMAMUX1_OVR_IRQHandler                   0x08000357   Thumb Code     0  startup_stm32h743xx.o(.text)
    DMAMUX2_OVR_IRQHandler                   0x08000357   Thumb Code     0  startup_stm32h743xx.o(.text)
    ECC_IRQHandler                           0x08000357   Thumb Code     0  startup_stm32h743xx.o(.text)
    ETH_IRQHandler                           0x08000357   Thumb Code     0  startup_stm32h743xx.o(.text)
    ETH_WKUP_IRQHandler                      0x08000357   Thumb Code     0  startup_stm32h743xx.o(.text)
    EXTI0_IRQHandler                         0x08000357   Thumb Code     0  startup_stm32h743xx.o(.text)
    EXTI1_IRQHandler                         0x08000357   Thumb Code     0  startup_stm32h743xx.o(.text)
    EXTI2_IRQHandler                         0x08000357   Thumb Code     0  startup_stm32h743xx.o(.text)
    EXTI3_IRQHandler                         0x08000357   Thumb Code     0  startup_stm32h743xx.o(.text)
    EXTI4_IRQHandler                         0x08000357   Thumb Code     0  startup_stm32h743xx.o(.text)
    EXTI9_5_IRQHandler                       0x08000357   Thumb Code     0  startup_stm32h743xx.o(.text)
    FDCAN1_IT0_IRQHandler                    0x08000357   Thumb Code     0  startup_stm32h743xx.o(.text)
    FDCAN1_IT1_IRQHandler                    0x08000357   Thumb Code     0  startup_stm32h743xx.o(.text)
    FDCAN2_IT0_IRQHandler                    0x08000357   Thumb Code     0  startup_stm32h743xx.o(.text)
    FDCAN2_IT1_IRQHandler                    0x08000357   Thumb Code     0  startup_stm32h743xx.o(.text)
    FDCAN_CAL_IRQHandler                     0x08000357   Thumb Code     0  startup_stm32h743xx.o(.text)
    FLASH_IRQHandler                         0x08000357   Thumb Code     0  startup_stm32h743xx.o(.text)
    FMC_IRQHandler                           0x08000357   Thumb Code     0  startup_stm32h743xx.o(.text)
    FPU_IRQHandler                           0x08000357   Thumb Code     0  startup_stm32h743xx.o(.text)
    HRTIM1_FLT_IRQHandler                    0x08000357   Thumb Code     0  startup_stm32h743xx.o(.text)
    HRTIM1_Master_IRQHandler                 0x08000357   Thumb Code     0  startup_stm32h743xx.o(.text)
    HRTIM1_TIMA_IRQHandler                   0x08000357   Thumb Code     0  startup_stm32h743xx.o(.text)
    HRTIM1_TIMB_IRQHandler                   0x08000357   Thumb Code     0  startup_stm32h743xx.o(.text)
    HRTIM1_TIMC_IRQHandler                   0x08000357   Thumb Code     0  startup_stm32h743xx.o(.text)
    HRTIM1_TIMD_IRQHandler                   0x08000357   Thumb Code     0  startup_stm32h743xx.o(.text)
    HRTIM1_TIME_IRQHandler                   0x08000357   Thumb Code     0  startup_stm32h743xx.o(.text)
    HSEM1_IRQHandler                         0x08000357   Thumb Code     0  startup_stm32h743xx.o(.text)
    I2C1_ER_IRQHandler                       0x08000357   Thumb Code     0  startup_stm32h743xx.o(.text)
    I2C1_EV_IRQHandler                       0x08000357   Thumb Code     0  startup_stm32h743xx.o(.text)
    I2C2_ER_IRQHandler                       0x08000357   Thumb Code     0  startup_stm32h743xx.o(.text)
    I2C2_EV_IRQHandler                       0x08000357   Thumb Code     0  startup_stm32h743xx.o(.text)
    I2C3_ER_IRQHandler                       0x08000357   Thumb Code     0  startup_stm32h743xx.o(.text)
    I2C3_EV_IRQHandler                       0x08000357   Thumb Code     0  startup_stm32h743xx.o(.text)
    I2C4_ER_IRQHandler                       0x08000357   Thumb Code     0  startup_stm32h743xx.o(.text)
    I2C4_EV_IRQHandler                       0x08000357   Thumb Code     0  startup_stm32h743xx.o(.text)
    JPEG_IRQHandler                          0x08000357   Thumb Code     0  startup_stm32h743xx.o(.text)
    LPTIM1_IRQHandler                        0x08000357   Thumb Code     0  startup_stm32h743xx.o(.text)
    LPTIM2_IRQHandler                        0x08000357   Thumb Code     0  startup_stm32h743xx.o(.text)
    LPTIM3_IRQHandler                        0x08000357   Thumb Code     0  startup_stm32h743xx.o(.text)
    LPTIM4_IRQHandler                        0x08000357   Thumb Code     0  startup_stm32h743xx.o(.text)
    LPTIM5_IRQHandler                        0x08000357   Thumb Code     0  startup_stm32h743xx.o(.text)
    LPUART1_IRQHandler                       0x08000357   Thumb Code     0  startup_stm32h743xx.o(.text)
    LTDC_ER_IRQHandler                       0x08000357   Thumb Code     0  startup_stm32h743xx.o(.text)
    LTDC_IRQHandler                          0x08000357   Thumb Code     0  startup_stm32h743xx.o(.text)
    MDIOS_IRQHandler                         0x08000357   Thumb Code     0  startup_stm32h743xx.o(.text)
    MDIOS_WKUP_IRQHandler                    0x08000357   Thumb Code     0  startup_stm32h743xx.o(.text)
    MDMA_IRQHandler                          0x08000357   Thumb Code     0  startup_stm32h743xx.o(.text)
    OTG_FS_EP1_IN_IRQHandler                 0x08000357   Thumb Code     0  startup_stm32h743xx.o(.text)
    OTG_FS_EP1_OUT_IRQHandler                0x08000357   Thumb Code     0  startup_stm32h743xx.o(.text)
    OTG_FS_IRQHandler                        0x08000357   Thumb Code     0  startup_stm32h743xx.o(.text)
    OTG_FS_WKUP_IRQHandler                   0x08000357   Thumb Code     0  startup_stm32h743xx.o(.text)
    OTG_HS_EP1_IN_IRQHandler                 0x08000357   Thumb Code     0  startup_stm32h743xx.o(.text)
    OTG_HS_EP1_OUT_IRQHandler                0x08000357   Thumb Code     0  startup_stm32h743xx.o(.text)
    OTG_HS_IRQHandler                        0x08000357   Thumb Code     0  startup_stm32h743xx.o(.text)
    OTG_HS_WKUP_IRQHandler                   0x08000357   Thumb Code     0  startup_stm32h743xx.o(.text)
    PVD_AVD_IRQHandler                       0x08000357   Thumb Code     0  startup_stm32h743xx.o(.text)
    QUADSPI_IRQHandler                       0x08000357   Thumb Code     0  startup_stm32h743xx.o(.text)
    RCC_IRQHandler                           0x08000357   Thumb Code     0  startup_stm32h743xx.o(.text)
    RNG_IRQHandler                           0x08000357   Thumb Code     0  startup_stm32h743xx.o(.text)
    RTC_Alarm_IRQHandler                     0x08000357   Thumb Code     0  startup_stm32h743xx.o(.text)
    RTC_WKUP_IRQHandler                      0x08000357   Thumb Code     0  startup_stm32h743xx.o(.text)
    SAI1_IRQHandler                          0x08000357   Thumb Code     0  startup_stm32h743xx.o(.text)
    SAI2_IRQHandler                          0x08000357   Thumb Code     0  startup_stm32h743xx.o(.text)
    SAI3_IRQHandler                          0x08000357   Thumb Code     0  startup_stm32h743xx.o(.text)
    SAI4_IRQHandler                          0x08000357   Thumb Code     0  startup_stm32h743xx.o(.text)
    SDMMC1_IRQHandler                        0x08000357   Thumb Code     0  startup_stm32h743xx.o(.text)
    SDMMC2_IRQHandler                        0x08000357   Thumb Code     0  startup_stm32h743xx.o(.text)
    SPDIF_RX_IRQHandler                      0x08000357   Thumb Code     0  startup_stm32h743xx.o(.text)
    SPI1_IRQHandler                          0x08000357   Thumb Code     0  startup_stm32h743xx.o(.text)
    SPI2_IRQHandler                          0x08000357   Thumb Code     0  startup_stm32h743xx.o(.text)
    SPI3_IRQHandler                          0x08000357   Thumb Code     0  startup_stm32h743xx.o(.text)
    SPI4_IRQHandler                          0x08000357   Thumb Code     0  startup_stm32h743xx.o(.text)
    SPI5_IRQHandler                          0x08000357   Thumb Code     0  startup_stm32h743xx.o(.text)
    SPI6_IRQHandler                          0x08000357   Thumb Code     0  startup_stm32h743xx.o(.text)
    SWPMI1_IRQHandler                        0x08000357   Thumb Code     0  startup_stm32h743xx.o(.text)
    TAMP_STAMP_IRQHandler                    0x08000357   Thumb Code     0  startup_stm32h743xx.o(.text)
    TIM15_IRQHandler                         0x08000357   Thumb Code     0  startup_stm32h743xx.o(.text)
    TIM1_BRK_IRQHandler                      0x08000357   Thumb Code     0  startup_stm32h743xx.o(.text)
    TIM1_CC_IRQHandler                       0x08000357   Thumb Code     0  startup_stm32h743xx.o(.text)
    TIM1_TRG_COM_IRQHandler                  0x08000357   Thumb Code     0  startup_stm32h743xx.o(.text)
    TIM1_UP_IRQHandler                       0x08000357   Thumb Code     0  startup_stm32h743xx.o(.text)
    TIM2_IRQHandler                          0x08000357   Thumb Code     0  startup_stm32h743xx.o(.text)
    TIM3_IRQHandler                          0x08000357   Thumb Code     0  startup_stm32h743xx.o(.text)
    TIM4_IRQHandler                          0x08000357   Thumb Code     0  startup_stm32h743xx.o(.text)
    TIM6_DAC_IRQHandler                      0x08000357   Thumb Code     0  startup_stm32h743xx.o(.text)
    TIM7_IRQHandler                          0x08000357   Thumb Code     0  startup_stm32h743xx.o(.text)
    TIM8_BRK_TIM12_IRQHandler                0x08000357   Thumb Code     0  startup_stm32h743xx.o(.text)
    TIM8_CC_IRQHandler                       0x08000357   Thumb Code     0  startup_stm32h743xx.o(.text)
    TIM8_TRG_COM_TIM14_IRQHandler            0x08000357   Thumb Code     0  startup_stm32h743xx.o(.text)
    TIM8_UP_TIM13_IRQHandler                 0x08000357   Thumb Code     0  startup_stm32h743xx.o(.text)
    UART4_IRQHandler                         0x08000357   Thumb Code     0  startup_stm32h743xx.o(.text)
    UART7_IRQHandler                         0x08000357   Thumb Code     0  startup_stm32h743xx.o(.text)
    UART8_IRQHandler                         0x08000357   Thumb Code     0  startup_stm32h743xx.o(.text)
    USART6_IRQHandler                        0x08000357   Thumb Code     0  startup_stm32h743xx.o(.text)
    WAKEUP_PIN_IRQHandler                    0x08000357   Thumb Code     0  startup_stm32h743xx.o(.text)
    WWDG_IRQHandler                          0x08000357   Thumb Code     0  startup_stm32h743xx.o(.text)
    __user_initial_stackheap                 0x08000359   Thumb Code     0  startup_stm32h743xx.o(.text)
    __aeabi_uldivmod                         0x08000381   Thumb Code     0  lludivv7m.o(.text)
    _ll_udiv                                 0x08000381   Thumb Code   238  lludivv7m.o(.text)
    __aeabi_memcpy                           0x0800046f   Thumb Code     0  rt_memcpy_v6.o(.text)
    __rt_memcpy                              0x0800046f   Thumb Code   138  rt_memcpy_v6.o(.text)
    _memcpy_lastbytes                        0x080004d5   Thumb Code     0  rt_memcpy_v6.o(.text)
    __aeabi_memcpy4                          0x080004f9   Thumb Code     0  rt_memcpy_w.o(.text)
    __aeabi_memcpy8                          0x080004f9   Thumb Code     0  rt_memcpy_w.o(.text)
    __rt_memcpy_w                            0x080004f9   Thumb Code   100  rt_memcpy_w.o(.text)
    _memcpy_lastbytes_aligned                0x08000541   Thumb Code     0  rt_memcpy_w.o(.text)
    __aeabi_memclr                           0x0800055d   Thumb Code     0  rt_memclr.o(.text)
    __rt_memclr                              0x0800055d   Thumb Code    68  rt_memclr.o(.text)
    _memset                                  0x08000561   Thumb Code     0  rt_memclr.o(.text)
    __aeabi_memclr4                          0x080005a1   Thumb Code     0  rt_memclr_w.o(.text)
    __aeabi_memclr8                          0x080005a1   Thumb Code     0  rt_memclr_w.o(.text)
    __rt_memclr_w                            0x080005a1   Thumb Code    78  rt_memclr_w.o(.text)
    _memset_w                                0x080005a5   Thumb Code     0  rt_memclr_w.o(.text)
    __use_two_region_memory                  0x080005ef   Thumb Code     2  heapauxi.o(.text)
    __rt_heap_escrow$2region                 0x080005f1   Thumb Code     2  heapauxi.o(.text)
    __rt_heap_expand$2region                 0x080005f3   Thumb Code     2  heapauxi.o(.text)
    __read_errno                             0x080005f5   Thumb Code    10  _rserrno.o(.text)
    __set_errno                              0x080005ff   Thumb Code    12  _rserrno.o(.text)
    __aeabi_errno_addr                       0x0800060d   Thumb Code     8  rt_errno_addr_intlibspace.o(.text)
    __errno$intlibspace                      0x0800060d   Thumb Code     0  rt_errno_addr_intlibspace.o(.text)
    __rt_errno_addr$intlibspace              0x0800060d   Thumb Code     0  rt_errno_addr_intlibspace.o(.text)
    __user_libspace                          0x08000615   Thumb Code     8  libspace.o(.text)
    __user_perproc_libspace                  0x08000615   Thumb Code     0  libspace.o(.text)
    __user_perthread_libspace                0x08000615   Thumb Code     0  libspace.o(.text)
    __user_setup_stackheap                   0x0800061d   Thumb Code    74  sys_stackheap_outer.o(.text)
    exit                                     0x08000667   Thumb Code    18  exit.o(.text)
    _sys_exit                                0x08000679   Thumb Code     8  sys_exit.o(.text)
    __I$use$semihosting                      0x08000685   Thumb Code     0  use_no_semi.o(.text)
    __use_no_semihosting_swi                 0x08000685   Thumb Code     2  use_no_semi.o(.text)
    __semihosting_library_function           0x08000687   Thumb Code     0  indicate_semi.o(.text)
    Assign_PID_AML_Id                        0x08000705   Thumb Code     4  driver_pid_aml.o(i.Assign_PID_AML_Id)
    BusFault_Handler                         0x08000709   Thumb Code     2  stm32h7xx_it.o(i.BusFault_Handler)
    Buzzer_Beep                              0x0800070d   Thumb Code    26  main.o(i.Buzzer_Beep)
    Buzzer_Update                            0x08000731   Thumb Code    42  main.o(i.Buzzer_Update)
    DMA1_Stream0_IRQHandler                  0x080007b9   Thumb Code     6  stm32h7xx_it.o(i.DMA1_Stream0_IRQHandler)
    DMA1_Stream1_IRQHandler                  0x080007c5   Thumb Code     6  stm32h7xx_it.o(i.DMA1_Stream1_IRQHandler)
    DMA1_Stream2_IRQHandler                  0x080007d1   Thumb Code     6  stm32h7xx_it.o(i.DMA1_Stream2_IRQHandler)
    DMA1_Stream3_IRQHandler                  0x080007dd   Thumb Code     6  stm32h7xx_it.o(i.DMA1_Stream3_IRQHandler)
    DMA1_Stream4_IRQHandler                  0x080007e9   Thumb Code     6  stm32h7xx_it.o(i.DMA1_Stream4_IRQHandler)
    DMA1_Stream5_IRQHandler                  0x080007f5   Thumb Code     6  stm32h7xx_it.o(i.DMA1_Stream5_IRQHandler)
    DMA1_Stream6_IRQHandler                  0x08000801   Thumb Code     6  stm32h7xx_it.o(i.DMA1_Stream6_IRQHandler)
    DMA1_Stream7_IRQHandler                  0x0800080d   Thumb Code     6  stm32h7xx_it.o(i.DMA1_Stream7_IRQHandler)
    DebugMon_Handler                         0x08000c51   Thumb Code     2  stm32h7xx_it.o(i.DebugMon_Handler)
    Driver_Home_Request                      0x08000c89   Thumb Code    34  driver_pid_aml.o(i.Driver_Home_Request)
    Driver_PID_AML_Init_UART                 0x08000cb1   Thumb Code     4  driver_pid_aml.o(i.Driver_PID_AML_Init_UART)
    Driver_Send_Setpoints_U1                 0x08000cb5   Thumb Code   126  driver_pid_aml.o(i.Driver_Send_Setpoints_U1)
    Driver_Send_Setpoints_U2                 0x08000d3d   Thumb Code   126  driver_pid_aml.o(i.Driver_Send_Setpoints_U2)
    Driver_Set_Zero_Position                 0x08000dc5   Thumb Code    34  driver_pid_aml.o(i.Driver_Set_Zero_Position)
    EXTI15_10_IRQHandler                     0x08000ded   Thumb Code     8  stm32h7xx_it.o(i.EXTI15_10_IRQHandler)
    Error_Handler                            0x08000df5   Thumb Code     4  main.o(i.Error_Handler)
    ExitRun0Mode                             0x08000df9   Thumb Code    22  system_stm32h7xx_1.o(i.ExitRun0Mode)
    HAL_DMA_Abort                            0x08000e15   Thumb Code   836  stm32h7xx_hal_dma.o(i.HAL_DMA_Abort)
    HAL_DMA_Abort_IT                         0x08001175   Thumb Code   602  stm32h7xx_hal_dma.o(i.HAL_DMA_Abort_IT)
    HAL_DMA_GetError                         0x080013f9   Thumb Code     4  stm32h7xx_hal_dma.o(i.HAL_DMA_GetError)
    HAL_DMA_IRQHandler                       0x080013fd   Thumb Code  1756  stm32h7xx_hal_dma.o(i.HAL_DMA_IRQHandler)
    HAL_DMA_Init                             0x08001ae5   Thumb Code   926  stm32h7xx_hal_dma.o(i.HAL_DMA_Init)
    HAL_DMA_Start_IT                         0x08001ea9   Thumb Code   628  stm32h7xx_hal_dma.o(i.HAL_DMA_Start_IT)
    HAL_Delay                                0x08002145   Thumb Code    32  stm32h7xx_hal.o(i.HAL_Delay)
    HAL_GPIO_EXTI_Callback                   0x08002169   Thumb Code    54  main.o(i.HAL_GPIO_EXTI_Callback)
    HAL_GPIO_EXTI_IRQHandler                 0x080021a5   Thumb Code    24  stm32h7xx_hal_gpio.o(i.HAL_GPIO_EXTI_IRQHandler)
    HAL_GPIO_Init                            0x080021bd   Thumb Code   506  stm32h7xx_hal_gpio.o(i.HAL_GPIO_Init)
    HAL_GPIO_ReadPin                         0x080023e9   Thumb Code    10  stm32h7xx_hal_gpio.o(i.HAL_GPIO_ReadPin)
    HAL_GPIO_WritePin                        0x080023f3   Thumb Code    10  stm32h7xx_hal_gpio.o(i.HAL_GPIO_WritePin)
    HAL_GetREVID                             0x080023fd   Thumb Code     8  stm32h7xx_hal.o(i.HAL_GetREVID)
    HAL_GetTick                              0x08002409   Thumb Code     6  stm32h7xx_hal.o(i.HAL_GetTick)
    HAL_IncTick                              0x08002415   Thumb Code    12  stm32h7xx_hal.o(i.HAL_IncTick)
    HAL_Init                                 0x08002425   Thumb Code    74  stm32h7xx_hal.o(i.HAL_Init)
    HAL_InitTick                             0x08002481   Thumb Code    56  stm32h7xx_hal.o(i.HAL_InitTick)
    HAL_MPU_ConfigRegion                     0x080024c1   Thumb Code    86  stm32h7xx_hal_cortex.o(i.HAL_MPU_ConfigRegion)
    HAL_MPU_Disable                          0x0800251d   Thumb Code    24  stm32h7xx_hal_cortex.o(i.HAL_MPU_Disable)
    HAL_MPU_Enable                           0x08002539   Thumb Code    30  stm32h7xx_hal_cortex.o(i.HAL_MPU_Enable)
    HAL_MspInit                              0x0800255d   Thumb Code    22  stm32h7xx_hal_msp.o(i.HAL_MspInit)
    HAL_NVIC_EnableIRQ                       0x08002579   Thumb Code    26  stm32h7xx_hal_cortex.o(i.HAL_NVIC_EnableIRQ)
    HAL_NVIC_SetPriority                     0x08002595   Thumb Code    60  stm32h7xx_hal_cortex.o(i.HAL_NVIC_SetPriority)
    HAL_NVIC_SetPriorityGrouping             0x080025d5   Thumb Code    28  stm32h7xx_hal_cortex.o(i.HAL_NVIC_SetPriorityGrouping)
    HAL_PWREx_ConfigSupply                   0x080025f9   Thumb Code    78  stm32h7xx_hal_pwr_ex.o(i.HAL_PWREx_ConfigSupply)
    HAL_RCCEx_GetD3PCLK1Freq                 0x0800264d   Thumb Code    26  stm32h7xx_hal_rcc_ex.o(i.HAL_RCCEx_GetD3PCLK1Freq)
    HAL_RCCEx_GetPLL2ClockFreq               0x08002671   Thumb Code   296  stm32h7xx_hal_rcc_ex.o(i.HAL_RCCEx_GetPLL2ClockFreq)
    HAL_RCCEx_GetPLL3ClockFreq               0x080027b5   Thumb Code   296  stm32h7xx_hal_rcc_ex.o(i.HAL_RCCEx_GetPLL3ClockFreq)
    HAL_RCCEx_PeriphCLKConfig                0x080028f9   Thumb Code  2472  stm32h7xx_hal_rcc_ex.o(i.HAL_RCCEx_PeriphCLKConfig)
    HAL_RCC_ClockConfig                      0x080032a5   Thumb Code   580  stm32h7xx_hal_rcc.o(i.HAL_RCC_ClockConfig)
    HAL_RCC_GetHCLKFreq                      0x08003501   Thumb Code    52  stm32h7xx_hal_rcc.o(i.HAL_RCC_GetHCLKFreq)
    HAL_RCC_GetPCLK1Freq                     0x08003545   Thumb Code    26  stm32h7xx_hal_rcc.o(i.HAL_RCC_GetPCLK1Freq)
    HAL_RCC_GetPCLK2Freq                     0x08003569   Thumb Code    26  stm32h7xx_hal_rcc.o(i.HAL_RCC_GetPCLK2Freq)
    HAL_RCC_GetSysClockFreq                  0x0800358d   Thumb Code   278  stm32h7xx_hal_rcc.o(i.HAL_RCC_GetSysClockFreq)
    HAL_RCC_OscConfig                        0x080036c5   Thumb Code  1410  stm32h7xx_hal_rcc.o(i.HAL_RCC_OscConfig)
    HAL_SYSTICK_Config                       0x08003c47   Thumb Code    38  stm32h7xx_hal_cortex.o(i.HAL_SYSTICK_Config)
    HAL_TIMEx_Break2Callback                 0x08003c6d   Thumb Code     2  stm32h7xx_hal_tim_ex.o(i.HAL_TIMEx_Break2Callback)
    HAL_TIMEx_BreakCallback                  0x08003c6f   Thumb Code     2  stm32h7xx_hal_tim_ex.o(i.HAL_TIMEx_BreakCallback)
    HAL_TIMEx_CommutCallback                 0x08003c71   Thumb Code     2  stm32h7xx_hal_tim_ex.o(i.HAL_TIMEx_CommutCallback)
    HAL_TIMEx_MasterConfigSynchronization    0x08003c75   Thumb Code   134  stm32h7xx_hal_tim_ex.o(i.HAL_TIMEx_MasterConfigSynchronization)
    HAL_TIM_Base_Init                        0x08003d19   Thumb Code    98  stm32h7xx_hal_tim.o(i.HAL_TIM_Base_Init)
    HAL_TIM_Base_MspInit                     0x08003d7d   Thumb Code   126  tim.o(i.HAL_TIM_Base_MspInit)
    HAL_TIM_Base_Start_IT                    0x08003e0d   Thumb Code   106  stm32h7xx_hal_tim.o(i.HAL_TIM_Base_Start_IT)
    HAL_TIM_ConfigClockSource                0x08003e99   Thumb Code   248  stm32h7xx_hal_tim.o(i.HAL_TIM_ConfigClockSource)
    HAL_TIM_Encoder_Init                     0x08003f95   Thumb Code   182  stm32h7xx_hal_tim.o(i.HAL_TIM_Encoder_Init)
    HAL_TIM_Encoder_MspInit                  0x08004051   Thumb Code   156  tim.o(i.HAL_TIM_Encoder_MspInit)
    HAL_TIM_IC_CaptureCallback               0x08004101   Thumb Code     2  stm32h7xx_hal_tim.o(i.HAL_TIM_IC_CaptureCallback)
    HAL_TIM_IRQHandler                       0x08004103   Thumb Code   328  stm32h7xx_hal_tim.o(i.HAL_TIM_IRQHandler)
    HAL_TIM_MspPostInit                      0x0800424d   Thumb Code    68  tim.o(i.HAL_TIM_MspPostInit)
    HAL_TIM_OC_DelayElapsedCallback          0x0800429d   Thumb Code     2  stm32h7xx_hal_tim.o(i.HAL_TIM_OC_DelayElapsedCallback)
    HAL_TIM_PWM_ConfigChannel                0x0800429f   Thumb Code   292  stm32h7xx_hal_tim.o(i.HAL_TIM_PWM_ConfigChannel)
    HAL_TIM_PWM_Init                         0x080043c3   Thumb Code    98  stm32h7xx_hal_tim.o(i.HAL_TIM_PWM_Init)
    HAL_TIM_PWM_MspInit                      0x08004425   Thumb Code     2  stm32h7xx_hal_tim.o(i.HAL_TIM_PWM_MspInit)
    HAL_TIM_PWM_PulseFinishedCallback        0x08004427   Thumb Code     2  stm32h7xx_hal_tim.o(i.HAL_TIM_PWM_PulseFinishedCallback)
    HAL_TIM_PeriodElapsedCallback            0x08004429   Thumb Code    60  main.o(i.HAL_TIM_PeriodElapsedCallback)
    HAL_TIM_TriggerCallback                  0x08004471   Thumb Code     2  stm32h7xx_hal_tim.o(i.HAL_TIM_TriggerCallback)
    HAL_UARTEx_DisableFifoMode               0x08004473   Thumb Code    64  stm32h7xx_hal_uart_ex.o(i.HAL_UARTEx_DisableFifoMode)
    HAL_UARTEx_RxEventCallback               0x080044b3   Thumb Code     2  stm32h7xx_hal_uart.o(i.HAL_UARTEx_RxEventCallback)
    HAL_UARTEx_RxFifoFullCallback            0x080044b5   Thumb Code     2  stm32h7xx_hal_uart_ex.o(i.HAL_UARTEx_RxFifoFullCallback)
    HAL_UARTEx_SetRxFifoThreshold            0x080044b7   Thumb Code    76  stm32h7xx_hal_uart_ex.o(i.HAL_UARTEx_SetRxFifoThreshold)
    HAL_UARTEx_SetTxFifoThreshold            0x08004503   Thumb Code    76  stm32h7xx_hal_uart_ex.o(i.HAL_UARTEx_SetTxFifoThreshold)
    HAL_UARTEx_TxFifoEmptyCallback           0x0800454f   Thumb Code     2  stm32h7xx_hal_uart_ex.o(i.HAL_UARTEx_TxFifoEmptyCallback)
    HAL_UARTEx_WakeupCallback                0x08004551   Thumb Code     2  stm32h7xx_hal_uart_ex.o(i.HAL_UARTEx_WakeupCallback)
    HAL_UART_DMAStop                         0x08004553   Thumb Code   146  stm32h7xx_hal_uart.o(i.HAL_UART_DMAStop)
    HAL_UART_ErrorCallback                   0x080045e5   Thumb Code     2  stm32h7xx_hal_uart.o(i.HAL_UART_ErrorCallback)
    HAL_UART_IRQHandler                      0x080045e9   Thumb Code   898  stm32h7xx_hal_uart.o(i.HAL_UART_IRQHandler)
    HAL_UART_Init                            0x08004985   Thumb Code   106  stm32h7xx_hal_uart.o(i.HAL_UART_Init)
    HAL_UART_MspInit                         0x080049f1   Thumb Code   902  usart.o(i.HAL_UART_MspInit)
    HAL_UART_Receive_DMA                     0x08004da5   Thumb Code    66  stm32h7xx_hal_uart.o(i.HAL_UART_Receive_DMA)
    HAL_UART_RxCpltCallback                  0x08004ded   Thumb Code    52  main.o(i.HAL_UART_RxCpltCallback)
    HAL_UART_RxHalfCpltCallback              0x08004e2d   Thumb Code     2  stm32h7xx_hal_uart.o(i.HAL_UART_RxHalfCpltCallback)
    HAL_UART_Transmit                        0x08004e2f   Thumb Code   176  stm32h7xx_hal_uart.o(i.HAL_UART_Transmit)
    HAL_UART_Transmit_DMA                    0x08004ee1   Thumb Code   132  stm32h7xx_hal_uart.o(i.HAL_UART_Transmit_DMA)
    HAL_UART_Transmit_IT                     0x08004f71   Thumb Code   136  stm32h7xx_hal_uart.o(i.HAL_UART_Transmit_IT)
    HAL_UART_TxCpltCallback                  0x08005009   Thumb Code    24  main.o(i.HAL_UART_TxCpltCallback)
    HAL_UART_TxHalfCpltCallback              0x0800502d   Thumb Code     2  stm32h7xx_hal_uart.o(i.HAL_UART_TxHalfCpltCallback)
    HandleButtonPress                        0x08005031   Thumb Code   420  main.o(i.HandleButtonPress)
    HardFault_Handler                        0x08005309   Thumb Code     2  stm32h7xx_it.o(i.HardFault_Handler)
    MX_DMA_Init                              0x080053bd   Thumb Code   152  dma.o(i.MX_DMA_Init)
    MX_GPIO_Init                             0x08005459   Thumb Code   166  gpio.o(i.MX_GPIO_Init)
    MX_TIM16_Init                            0x0800550d   Thumb Code    46  tim.o(i.MX_TIM16_Init)
    MX_TIM17_Init                            0x08005545   Thumb Code    46  tim.o(i.MX_TIM17_Init)
    MX_TIM1_Init                             0x0800557d   Thumb Code   102  tim.o(i.MX_TIM1_Init)
    MX_TIM4_Init                             0x080055ed   Thumb Code    98  tim.o(i.MX_TIM4_Init)
    MX_TIM5_Init                             0x08005659   Thumb Code   198  tim.o(i.MX_TIM5_Init)
    MX_UART5_Init                            0x08005729   Thumb Code    94  usart.o(i.MX_UART5_Init)
    MX_USART1_UART_Init                      0x08005791   Thumb Code    94  usart.o(i.MX_USART1_UART_Init)
    MX_USART2_UART_Init                      0x080057f9   Thumb Code    94  usart.o(i.MX_USART2_UART_Init)
    MX_USART3_UART_Init                      0x08005861   Thumb Code    94  usart.o(i.MX_USART3_UART_Init)
    MecanumRobot_CalculateWheelSpeeds        0x080058c9   Thumb Code   196  mecanum_field_kin.o(i.MecanumRobot_CalculateWheelSpeeds)
    MecanumRobot_Init                        0x08005995   Thumb Code   134  mecanum_field_kin.o(i.MecanumRobot_Init)
    MecanumRobot_SetMotion                   0x08005a31   Thumb Code    72  mecanum_field_kin.o(i.MecanumRobot_SetMotion)
    Mecanum_Calculate                        0x08005a81   Thumb Code  1456  main.o(i.Mecanum_Calculate)
    MemManage_Handler                        0x08006045   Thumb Code     2  stm32h7xx_it.o(i.MemManage_Handler)
    Motor_Update                             0x08006049   Thumb Code   122  main.o(i.Motor_Update)
    NMI_Handler                              0x080060d1   Thumb Code     2  stm32h7xx_it.o(i.NMI_Handler)
    PID                                      0x080060d5   Thumb Code    90  pid.o(i.PID)
    PID_Compute                              0x08006141   Thumb Code   202  pid.o(i.PID_Compute)
    PID_Init                                 0x08006215   Thumb Code    54  pid.o(i.PID_Init)
    PID_SetControllerDirection               0x0800624b   Thumb Code    50  pid.o(i.PID_SetControllerDirection)
    PID_SetMode                              0x0800627d   Thumb Code    28  pid.o(i.PID_SetMode)
    PID_SetOutputLimits                      0x08006299   Thumb Code    98  pid.o(i.PID_SetOutputLimits)
    PID_SetSampleTime                        0x080062fb   Thumb Code    52  pid.o(i.PID_SetSampleTime)
    PID_SetTunings2                          0x08006331   Thumb Code   116  pid.o(i.PID_SetTunings2)
    PS4_Init                                 0x080063ad   Thumb Code    16  ps4_esp.o(i.PS4_Init)
    PS4_Process                              0x080063c1   Thumb Code    18  main.o(i.PS4_Process)
    PS4_UART_Req                             0x080063d9   Thumb Code    28  ps4_esp.o(i.PS4_UART_Req)
    PS4_UART_Rx_IDLE_Handle                  0x08006401   Thumb Code    82  ps4_esp.o(i.PS4_UART_Rx_IDLE_Handle)
    PendSV_Handler                           0x0800645d   Thumb Code     2  stm32h7xx_it.o(i.PendSV_Handler)
    Position_Motor_Update                    0x08006461   Thumb Code    94  main.o(i.Position_Motor_Update)
    RobotAcceleration_Init                   0x08006721   Thumb Code    50  robot_acceleration.o(i.RobotAcceleration_Init)
    RobotAcceleration_SetTarget              0x0800675d   Thumb Code    76  robot_acceleration.o(i.RobotAcceleration_SetTarget)
    RobotAcceleration_Update                 0x080067b5   Thumb Code   126  robot_acceleration.o(i.RobotAcceleration_Update)
    Robot_Hold_Stop                          0x08006839   Thumb Code    68  main.o(i.Robot_Hold_Stop)
    SVC_Handler                              0x08006889   Thumb Code     2  stm32h7xx_it.o(i.SVC_Handler)
    Steering_Send_Queued                     0x0800696d   Thumb Code    34  main.o(i.Steering_Send_Queued)
    SysTick_Handler                          0x08006a2d   Thumb Code     4  stm32h7xx_it.o(i.SysTick_Handler)
    SystemClock_Config                       0x08006a31   Thumb Code   156  main.o(i.SystemClock_Config)
    SystemInit                               0x08006ad5   Thumb Code   206  system_stm32h7xx_1.o(i.SystemInit)
    TIM16_IRQHandler                         0x08006bcd   Thumb Code     6  stm32h7xx_it.o(i.TIM16_IRQHandler)
    TIM17_IRQHandler                         0x08006bd9   Thumb Code     6  stm32h7xx_it.o(i.TIM17_IRQHandler)
    TIM5_IRQHandler                          0x08006be5   Thumb Code     6  stm32h7xx_it.o(i.TIM5_IRQHandler)
    TIM_Base_SetConfig                       0x08006bf1   Thumb Code   170  stm32h7xx_hal_tim.o(i.TIM_Base_SetConfig)
    TIM_ETR_SetConfig                        0x08006cbd   Thumb Code    18  stm32h7xx_hal_tim.o(i.TIM_ETR_SetConfig)
    TIM_OC2_SetConfig                        0x08006d89   Thumb Code   126  stm32h7xx_hal_tim.o(i.TIM_OC2_SetConfig)
    Timeout_Begin                            0x08007061   Thumb Code    42  timer_timeout.o(i.Timeout_Begin)
    Timer_Timeout_Check                      0x08007095   Thumb Code    48  timer_timeout.o(i.Timer_Timeout_Check)
    Timer_Timeout_Init                       0x080070c5   Thumb Code    10  timer_timeout.o(i.Timer_Timeout_Init)
    Timer_Timeout_Reset                      0x080070cf   Thumb Code     8  timer_timeout.o(i.Timer_Timeout_Reset)
    Timer_Timeout_Start                      0x080070d7   Thumb Code     4  timer_timeout.o(i.Timer_Timeout_Start)
    UART5_IRQHandler                         0x080070dd   Thumb Code     6  stm32h7xx_it.o(i.UART5_IRQHandler)
    UART_AdvFeatureConfig                    0x0800712d   Thumb Code   200  stm32h7xx_hal_uart.o(i.UART_AdvFeatureConfig)
    UART_CheckIdleState                      0x080071f5   Thumb Code   170  stm32h7xx_hal_uart.o(i.UART_CheckIdleState)
    UART_SetConfig                           0x0800746d   Thumb Code   876  stm32h7xx_hal_uart.o(i.UART_SetConfig)
    UART_Start_Receive_DMA                   0x08007819   Thumb Code   156  stm32h7xx_hal_uart.o(i.UART_Start_Receive_DMA)
    UART_WaitOnFlagUntilTimeout              0x08007a33   Thumb Code   148  stm32h7xx_hal_uart.o(i.UART_WaitOnFlagUntilTimeout)
    USART1_IRQHandler                        0x08007ac9   Thumb Code    38  stm32h7xx_it.o(i.USART1_IRQHandler)
    USART2_IRQHandler                        0x08007af5   Thumb Code    40  stm32h7xx_it.o(i.USART2_IRQHandler)
    USART3_IRQHandler                        0x08007b21   Thumb Code     6  stm32h7xx_it.o(i.USART3_IRQHandler)
    UsageFault_Handler                       0x08007b2d   Thumb Code     2  stm32h7xx_it.o(i.UsageFault_Handler)
    WT901C_Begin_Recieve                     0x08007b2f   Thumb Code     4  wt901c.o(i.WT901C_Begin_Recieve)
    WT901C_Calibrate_Accel                   0x08007b35   Thumb Code   130  wt901c.o(i.WT901C_Calibrate_Accel)
    WT901C_Init                              0x08007bd1   Thumb Code    50  wt901c.o(i.WT901C_Init)
    WT901C_Process_Buffer                    0x08007c09   Thumb Code   254  wt901c.o(i.WT901C_Process_Buffer)
    WT901C_Reset_Angles                      0x08007d15   Thumb Code    88  wt901c.o(i.WT901C_Reset_Angles)
    WT901C_Start_Receive                     0x08007d79   Thumb Code    10  wt901c.o(i.WT901C_Start_Receive)
    WT901C_UART_Rx_IDLE_Hanlde               0x08007d89   Thumb Code   180  wt901c.o(i.WT901C_UART_Rx_IDLE_Hanlde)
    __ARM_fpclassifyf                        0x08007e49   Thumb Code    38  fpclassifyf.o(i.__ARM_fpclassifyf)
    __hardfp_cosf                            0x08007e91   Thumb Code   276  cosf.o(i.__hardfp_cosf)
    __hardfp_expf                            0x08007fe1   Thumb Code   426  expf.o(i.__hardfp_expf)
    __mathlib_expf                           0x08007fe1   Thumb Code     0  expf.o(i.__hardfp_expf)
    __hardfp_sinf                            0x080081d5   Thumb Code   344  sinf.o(i.__hardfp_sinf)
    __hardfp_sqrtf                           0x08008369   Thumb Code    58  sqrtf.o(i.__hardfp_sqrtf)
    __mathlib_flt_infnan                     0x080083a3   Thumb Code     6  funder.o(i.__mathlib_flt_infnan)
    __mathlib_flt_invalid                    0x080083a9   Thumb Code    10  funder.o(i.__mathlib_flt_invalid)
    __mathlib_flt_overflow                   0x080083b9   Thumb Code    10  funder.o(i.__mathlib_flt_overflow)
    __mathlib_flt_underflow                  0x080083c9   Thumb Code    10  funder.o(i.__mathlib_flt_underflow)
    __mathlib_rredf2                         0x080083d9   Thumb Code   316  rredf.o(i.__mathlib_rredf2)
    main                                     0x08008535   Thumb Code   520  main.o(i.main)
    _fp_init                                 0x080087b9   Thumb Code    10  fpinit.o(x$fpl$fpinit)
    __fplib_config_fpu_vfp                   0x080087c1   Thumb Code     0  fpinit.o(x$fpl$fpinit)
    __fplib_config_pureend_doubles           0x080087c1   Thumb Code     0  fpinit.o(x$fpl$fpinit)
    __I$use$fp                               0x080087c2   Number         0  usenofp.o(x$fpl$usenofp)
    UARTPrescTable                           0x080087f2   Data          24  stm32h7xx_hal_uart.o(.constdata)
    D1CorePrescTable                         0x0800881a   Data          16  system_stm32h7xx_1.o(.constdata)
    Region$$Table$$Base                      0x0800887c   Number         0  anon$$obj.o(Region$$Table)
    Region$$Table$$Limit                     0x0800889c   Number         0  anon$$obj.o(Region$$Table)
    Button_State                             0x24000000   Data           2  ps4_esp.o(.data)
    PS4_LastRxTick                           0x24000004   Data           4  ps4_esp.o(.data)
    huart_ps4                                0x24000008   Data           4  ps4_esp.o(.data)
    AML_LastTxLen                            0x2400000c   Data           2  driver_pid_aml.o(.data)
    AML_TxDmaOk                              0x24000010   Data           4  driver_pid_aml.o(.data)
    AML_TxDmaErr                             0x24000014   Data           4  driver_pid_aml.o(.data)
    buffer                                   0x24000018   Data           4  driver_pid_aml.o(.data)
    Mecanum_Omega_PID_Out                    0x24000040   Data           8  mecanum_field_kin.o(.data)
    Button_Hold_State                        0x2400005c   Data           1  main.o(.data)
    Button_Debounce_Counter                  0x2400005d   Data           1  main.o(.data)
    ps4_req_flag                             0x2400005e   Data           1  main.o(.data)
    wheel_send_flag                          0x2400005f   Data           1  main.o(.data)
    steering_send_flag                       0x24000060   Data           1  main.o(.data)
    Robot_Reset_Home                         0x24000061   Data           1  main.o(.data)
    Button_X_Active                          0x24000062   Data           1  main.o(.data)
    Button_Circle_Active                     0x24000063   Data           1  main.o(.data)
    Robot_Direction                          0x24000064   Data           1  main.o(.data)
    PS4_Ever_Connected                       0x24000065   Data           1  main.o(.data)
    Steering_Dirty_Mask                      0x24000066   Data           1  main.o(.data)
    Steering0_Preset_Index                   0x24000067   Data           1  main.o(.data)
    Up_Click_Armed                           0x24000068   Data           1  main.o(.data)
    Right_Click_Count                        0x24000069   Data           1  main.o(.data)
    LS_Home_Id5_Stop_Request                 0x2400006a   Data           1  main.o(.data)
    LS_Home_Id5_Homing_Armed                 0x2400006b   Data           1  main.o(.data)
    DBG_LS_Id5_PinState                      0x2400006c   Data           1  main.o(.data)
    DBG_LS_Id5_HomingArmed                   0x2400006d   Data           1  main.o(.data)
    DBG_LS_Id5_Pending                       0x2400006e   Data           1  main.o(.data)
    DBG_LS_Id5_StopReq                       0x2400006f   Data           1  main.o(.data)
    DBG_PS4_ButtonState                      0x24000070   Data           1  main.o(.data)
    DBG_PS4_LastButton                       0x24000071   Data           1  main.o(.data)
    DBG_L1_Home_Request_Count                0x24000072   Data           1  main.o(.data)
    DBG_LS_Id5_EXTI_Count                    0x24000073   Data           1  main.o(.data)
    DBG_LS_Id5_Latched_Count                 0x24000074   Data           1  main.o(.data)
    Last_Button                              0x2400007a   Data           2  main.o(.data)
    Timer_OVF_Flag_2                         0x2400007c   Data           2  main.o(.data)
    tick_1ms_pending                         0x2400007e   Data           2  main.o(.data)
    Steering_Target                          0x24000084   Data           4  main.o(.data)
    Steering_Home_Target                     0x24000088   Data           4  main.o(.data)
    Up_Last_Click_Tick                       0x2400008c   Data           4  main.o(.data)
    Right_Last_Click_Tick                    0x24000090   Data           4  main.o(.data)
    Wheel_Lock_Until_Tick                    0x24000094   Data           4  main.o(.data)
    LS_Home_Id5_Last_Tick                    0x24000098   Data           4  main.o(.data)
    prev_vx_cmd                              0x2400009c   Data           4  main.o(.data)
    prev_vy_cmd                              0x240000a0   Data           4  main.o(.data)
    prev_omg_cmd                             0x240000a4   Data           4  main.o(.data)
    Buzzer                                   0x240000ac   Data           6  main.o(.data)
    uwTickFreq                               0x240000b4   Data           1  stm32h7xx_hal.o(.data)
    uwTickPrio                               0x240000b8   Data           4  stm32h7xx_hal.o(.data)
    uwTick                                   0x240000bc   Data           4  stm32h7xx_hal.o(.data)
    SystemCoreClock                          0x240000c0   Data           4  system_stm32h7xx_1.o(.data)
    SystemD2Clock                            0x240000c4   Data           4  system_stm32h7xx_1.o(.data)
    PS4_Dat                                  0x240000c8   Data           9  ps4_esp.o(.bss)
    rx_buffer                                0x240000d1   Data           9  ps4_esp.o(.bss)
    AML_LastTx                               0x240000dc   Data          40  driver_pid_aml.o(.bss)
    AML_LastTxW                              0x24000104   Data          40  driver_pid_aml.o(.bss)
    rx_buffer_imu                            0x24000187   Data          25  wt901c.o(.bss)
    Task_TO                                  0x240001a0   Data          30  main.o(.bss)
    Mecanum_4_Bot                            0x240001c0   Data          72  main.o(.bss)
    Mecanum_Omega_PID                        0x24000208   Data         112  main.o(.bss)
    IMU                                      0x24000278   Data          16  main.o(.bss)
    Wheel_Motors                             0x24000288   Data          32  main.o(.bss)
    Steering_Motors                          0x240002a8   Data          16  main.o(.bss)
    Wheel_Acceleration                       0x240002b8   Data          96  main.o(.bss)
    Steering_Acceleration                    0x24000318   Data          48  main.o(.bss)
    htim1                                    0x24000348   Data          76  tim.o(.bss)
    htim4                                    0x24000394   Data          76  tim.o(.bss)
    htim5                                    0x240003e0   Data          76  tim.o(.bss)
    htim16                                   0x2400042c   Data          76  tim.o(.bss)
    htim17                                   0x24000478   Data          76  tim.o(.bss)
    huart5                                   0x240004c4   Data         148  usart.o(.bss)
    huart1                                   0x24000558   Data         148  usart.o(.bss)
    huart2                                   0x240005ec   Data         148  usart.o(.bss)
    huart3                                   0x24000680   Data         148  usart.o(.bss)
    hdma_uart5_rx                            0x24000714   Data         120  usart.o(.bss)
    hdma_uart5_tx                            0x2400078c   Data         120  usart.o(.bss)
    hdma_usart1_rx                           0x24000804   Data         120  usart.o(.bss)
    hdma_usart1_tx                           0x2400087c   Data         120  usart.o(.bss)
    hdma_usart2_rx                           0x240008f4   Data         120  usart.o(.bss)
    hdma_usart2_tx                           0x2400096c   Data         120  usart.o(.bss)
    hdma_usart3_rx                           0x240009e4   Data         120  usart.o(.bss)
    hdma_usart3_tx                           0x24000a5c   Data         120  usart.o(.bss)
    __libspace_start                         0x24000ad4   Data          96  libspace.o(.bss)
    __temporary_stack_top$libspace           0x24000b34   Data           0  libspace.o(.bss)



==============================================================================

Memory Map of the image

  Image Entry point : 0x08000299

  Load Region LR_IROM1 (Base: 0x08000000, Size: 0x00008964, Max: 0x00200000, ABSOLUTE)

    Execution Region ER_IROM1 (Exec base: 0x08000000, Load base: 0x08000000, Size: 0x0000889c, Max: 0x00200000, ABSOLUTE)

    Exec Addr    Load Addr    Size         Type   Attr      Idx    E Section Name        Object

    0x08000000   0x08000000   0x00000298   Data   RO            3    RESET               startup_stm32h743xx.o
    0x08000298   0x08000298   0x00000008   Code   RO         5266  * !!!main             c_w.l(__main.o)
    0x080002a0   0x080002a0   0x00000034   Code   RO         5512    !!!scatter          c_w.l(__scatter.o)
    0x080002d4   0x080002d4   0x0000001a   Code   RO         5514    !!handler_copy      c_w.l(__scatter_copy.o)
    0x080002ee   0x080002ee   0x00000002   PAD
    0x080002f0   0x080002f0   0x0000001c   Code   RO         5516    !!handler_zi        c_w.l(__scatter_zi.o)
    0x0800030c   0x0800030c   0x00000002   Code   RO         5385    .ARM.Collect$$libinit$$00000000  c_w.l(libinit.o)
    0x0800030e   0x0800030e   0x00000004   Code   RO         5394    .ARM.Collect$$libinit$$00000001  c_w.l(libinit2.o)
    0x08000312   0x08000312   0x00000000   Code   RO         5397    .ARM.Collect$$libinit$$00000004  c_w.l(libinit2.o)
    0x08000312   0x08000312   0x00000000   Code   RO         5400    .ARM.Collect$$libinit$$0000000A  c_w.l(libinit2.o)
    0x08000312   0x08000312   0x00000000   Code   RO         5402    .ARM.Collect$$libinit$$0000000C  c_w.l(libinit2.o)
    0x08000312   0x08000312   0x00000000   Code   RO         5404    .ARM.Collect$$libinit$$0000000E  c_w.l(libinit2.o)
    0x08000312   0x08000312   0x00000000   Code   RO         5407    .ARM.Collect$$libinit$$00000011  c_w.l(libinit2.o)
    0x08000312   0x08000312   0x00000000   Code   RO         5409    .ARM.Collect$$libinit$$00000013  c_w.l(libinit2.o)
    0x08000312   0x08000312   0x00000000   Code   RO         5411    .ARM.Collect$$libinit$$00000015  c_w.l(libinit2.o)
    0x08000312   0x08000312   0x00000000   Code   RO         5413    .ARM.Collect$$libinit$$00000017  c_w.l(libinit2.o)
    0x08000312   0x08000312   0x00000000   Code   RO         5415    .ARM.Collect$$libinit$$00000019  c_w.l(libinit2.o)
    0x08000312   0x08000312   0x00000000   Code   RO         5417    .ARM.Collect$$libinit$$0000001B  c_w.l(libinit2.o)
    0x08000312   0x08000312   0x00000000   Code   RO         5419    .ARM.Collect$$libinit$$0000001D  c_w.l(libinit2.o)
    0x08000312   0x08000312   0x00000000   Code   RO         5421    .ARM.Collect$$libinit$$0000001F  c_w.l(libinit2.o)
    0x08000312   0x08000312   0x00000000   Code   RO         5423    .ARM.Collect$$libinit$$00000021  c_w.l(libinit2.o)
    0x08000312   0x08000312   0x00000000   Code   RO         5425    .ARM.Collect$$libinit$$00000023  c_w.l(libinit2.o)
    0x08000312   0x08000312   0x00000000   Code   RO         5427    .ARM.Collect$$libinit$$00000025  c_w.l(libinit2.o)
    0x08000312   0x08000312   0x00000000   Code   RO         5431    .ARM.Collect$$libinit$$0000002C  c_w.l(libinit2.o)
    0x08000312   0x08000312   0x00000000   Code   RO         5433    .ARM.Collect$$libinit$$0000002E  c_w.l(libinit2.o)
    0x08000312   0x08000312   0x00000000   Code   RO         5435    .ARM.Collect$$libinit$$00000030  c_w.l(libinit2.o)
    0x08000312   0x08000312   0x00000000   Code   RO         5437    .ARM.Collect$$libinit$$00000032  c_w.l(libinit2.o)
    0x08000312   0x08000312   0x00000002   Code   RO         5438    .ARM.Collect$$libinit$$00000033  c_w.l(libinit2.o)
    0x08000314   0x08000314   0x00000002   Code   RO         5469    .ARM.Collect$$libshutdown$$00000000  c_w.l(libshutdown.o)
    0x08000316   0x08000316   0x00000000   Code   RO         5495    .ARM.Collect$$libshutdown$$00000002  c_w.l(libshutdown2.o)
    0x08000316   0x08000316   0x00000000   Code   RO         5497    .ARM.Collect$$libshutdown$$00000004  c_w.l(libshutdown2.o)
    0x08000316   0x08000316   0x00000000   Code   RO         5500    .ARM.Collect$$libshutdown$$00000007  c_w.l(libshutdown2.o)
    0x08000316   0x08000316   0x00000000   Code   RO         5503    .ARM.Collect$$libshutdown$$0000000A  c_w.l(libshutdown2.o)
    0x08000316   0x08000316   0x00000000   Code   RO         5505    .ARM.Collect$$libshutdown$$0000000C  c_w.l(libshutdown2.o)
    0x08000316   0x08000316   0x00000000   Code   RO         5508    .ARM.Collect$$libshutdown$$0000000F  c_w.l(libshutdown2.o)
    0x08000316   0x08000316   0x00000002   Code   RO         5509    .ARM.Collect$$libshutdown$$00000010  c_w.l(libshutdown2.o)
    0x08000318   0x08000318   0x00000000   Code   RO         5318    .ARM.Collect$$rtentry$$00000000  c_w.l(__rtentry.o)
    0x08000318   0x08000318   0x00000000   Code   RO         5348    .ARM.Collect$$rtentry$$00000002  c_w.l(__rtentry2.o)
    0x08000318   0x08000318   0x00000006   Code   RO         5360    .ARM.Collect$$rtentry$$00000004  c_w.l(__rtentry4.o)
    0x0800031e   0x0800031e   0x00000000   Code   RO         5350    .ARM.Collect$$rtentry$$00000009  c_w.l(__rtentry2.o)
    0x0800031e   0x0800031e   0x00000004   Code   RO         5351    .ARM.Collect$$rtentry$$0000000A  c_w.l(__rtentry2.o)
    0x08000322   0x08000322   0x00000000   Code   RO         5353    .ARM.Collect$$rtentry$$0000000C  c_w.l(__rtentry2.o)
    0x08000322   0x08000322   0x00000008   Code   RO         5354    .ARM.Collect$$rtentry$$0000000D  c_w.l(__rtentry2.o)
    0x0800032a   0x0800032a   0x00000002   Code   RO         5386    .ARM.Collect$$rtexit$$00000000  c_w.l(rtexit.o)
    0x0800032c   0x0800032c   0x00000000   Code   RO         5442    .ARM.Collect$$rtexit$$00000002  c_w.l(rtexit2.o)
    0x0800032c   0x0800032c   0x00000004   Code   RO         5443    .ARM.Collect$$rtexit$$00000003  c_w.l(rtexit2.o)
    0x08000330   0x08000330   0x00000006   Code   RO         5444    .ARM.Collect$$rtexit$$00000004  c_w.l(rtexit2.o)
    0x08000336   0x08000336   0x00000002   PAD
    0x08000338   0x08000338   0x00000048   Code   RO            4    .text               startup_stm32h743xx.o
    0x08000380   0x08000380   0x000000ee   Code   RO         5254    .text               c_w.l(lludivv7m.o)
    0x0800046e   0x0800046e   0x0000008a   Code   RO         5256    .text               c_w.l(rt_memcpy_v6.o)
    0x080004f8   0x080004f8   0x00000064   Code   RO         5258    .text               c_w.l(rt_memcpy_w.o)
    0x0800055c   0x0800055c   0x00000044   Code   RO         5260    .text               c_w.l(rt_memclr.o)
    0x080005a0   0x080005a0   0x0000004e   Code   RO         5262    .text               c_w.l(rt_memclr_w.o)
    0x080005ee   0x080005ee   0x00000006   Code   RO         5264    .text               c_w.l(heapauxi.o)
    0x080005f4   0x080005f4   0x00000016   Code   RO         5323    .text               c_w.l(_rserrno.o)
    0x0800060a   0x0800060a   0x00000002   PAD
    0x0800060c   0x0800060c   0x00000008   Code   RO         5367    .text               c_w.l(rt_errno_addr_intlibspace.o)
    0x08000614   0x08000614   0x00000008   Code   RO         5369    .text               c_w.l(libspace.o)
    0x0800061c   0x0800061c   0x0000004a   Code   RO         5372    .text               c_w.l(sys_stackheap_outer.o)
    0x08000666   0x08000666   0x00000012   Code   RO         5374    .text               c_w.l(exit.o)
    0x08000678   0x08000678   0x0000000c   Code   RO         5439    .text               c_w.l(sys_exit.o)
    0x08000684   0x08000684   0x00000002   Code   RO         5458    .text               c_w.l(use_no_semi.o)
    0x08000686   0x08000686   0x00000000   Code   RO         5460    .text               c_w.l(indicate_semi.o)
    0x08000686   0x08000686   0x00000002   PAD
    0x08000688   0x08000688   0x0000007c   Code   RO          181    i.AML_PackLastTxWords  driver_pid_aml.o
    0x08000704   0x08000704   0x00000004   Code   RO          182    i.Assign_PID_AML_Id  driver_pid_aml.o
    0x08000708   0x08000708   0x00000002   Code   RO         1059    i.BusFault_Handler  stm32h7xx_it.o
    0x0800070a   0x0800070a   0x00000002   PAD
    0x0800070c   0x0800070c   0x00000024   Code   RO          643    i.Buzzer_Beep       main.o
    0x08000730   0x08000730   0x00000034   Code   RO          644    i.Buzzer_Update     main.o
    0x08000764   0x08000764   0x00000020   Code   RO          645    i.ClampFloat        main.o
    0x08000784   0x08000784   0x00000034   Code   RO          646    i.ClampToInt16      main.o
    0x080007b8   0x080007b8   0x0000000c   Code   RO         1060    i.DMA1_Stream0_IRQHandler  stm32h7xx_it.o
    0x080007c4   0x080007c4   0x0000000c   Code   RO         1061    i.DMA1_Stream1_IRQHandler  stm32h7xx_it.o
    0x080007d0   0x080007d0   0x0000000c   Code   RO         1062    i.DMA1_Stream2_IRQHandler  stm32h7xx_it.o
    0x080007dc   0x080007dc   0x0000000c   Code   RO         1063    i.DMA1_Stream3_IRQHandler  stm32h7xx_it.o
    0x080007e8   0x080007e8   0x0000000c   Code   RO         1064    i.DMA1_Stream4_IRQHandler  stm32h7xx_it.o
    0x080007f4   0x080007f4   0x0000000c   Code   RO         1065    i.DMA1_Stream5_IRQHandler  stm32h7xx_it.o
    0x08000800   0x08000800   0x0000000c   Code   RO         1066    i.DMA1_Stream6_IRQHandler  stm32h7xx_it.o
    0x0800080c   0x0800080c   0x0000000c   Code   RO         1067    i.DMA1_Stream7_IRQHandler  stm32h7xx_it.o
    0x08000818   0x08000818   0x000000b4   Code   RO         2050    i.DMA_CalcBaseAndBitshift  stm32h7xx_hal_dma.o
    0x080008cc   0x080008cc   0x0000009c   Code   RO         2051    i.DMA_CalcDMAMUXChannelBaseAndMask  stm32h7xx_hal_dma.o
    0x08000968   0x08000968   0x00000074   Code   RO         2052    i.DMA_CalcDMAMUXRequestGenBaseAndMask  stm32h7xx_hal_dma.o
    0x080009dc   0x080009dc   0x00000054   Code   RO         2053    i.DMA_CheckFifoParam  stm32h7xx_hal_dma.o
    0x08000a30   0x08000a30   0x00000220   Code   RO         2054    i.DMA_SetConfig     stm32h7xx_hal_dma.o
    0x08000c50   0x08000c50   0x00000002   Code   RO         1068    i.DebugMon_Handler  stm32h7xx_it.o
    0x08000c52   0x08000c52   0x00000002   PAD
    0x08000c54   0x08000c54   0x00000034   Code   RO          647    i.Debug_Snapshot_Update  main.o
    0x08000c88   0x08000c88   0x00000028   Code   RO          183    i.Driver_Home_Request  driver_pid_aml.o
    0x08000cb0   0x08000cb0   0x00000004   Code   RO          184    i.Driver_PID_AML_Init_UART  driver_pid_aml.o
    0x08000cb4   0x08000cb4   0x00000088   Code   RO          185    i.Driver_Send_Setpoints_U1  driver_pid_aml.o
    0x08000d3c   0x08000d3c   0x00000088   Code   RO          186    i.Driver_Send_Setpoints_U2  driver_pid_aml.o
    0x08000dc4   0x08000dc4   0x00000028   Code   RO          187    i.Driver_Set_Zero_Position  driver_pid_aml.o
    0x08000dec   0x08000dec   0x00000008   Code   RO         1069    i.EXTI15_10_IRQHandler  stm32h7xx_it.o
    0x08000df4   0x08000df4   0x00000004   Code   RO          648    i.Error_Handler     main.o
    0x08000df8   0x08000df8   0x0000001c   Code   RO         5212    i.ExitRun0Mode      system_stm32h7xx_1.o
    0x08000e14   0x08000e14   0x00000360   Code   RO         2055    i.HAL_DMA_Abort     stm32h7xx_hal_dma.o
    0x08001174   0x08001174   0x00000284   Code   RO         2056    i.HAL_DMA_Abort_IT  stm32h7xx_hal_dma.o
    0x080013f8   0x080013f8   0x00000004   Code   RO         2058    i.HAL_DMA_GetError  stm32h7xx_hal_dma.o
    0x080013fc   0x080013fc   0x000006e8   Code   RO         2060    i.HAL_DMA_IRQHandler  stm32h7xx_hal_dma.o
    0x08001ae4   0x08001ae4   0x000003c4   Code   RO         2061    i.HAL_DMA_Init      stm32h7xx_hal_dma.o
    0x08001ea8   0x08001ea8   0x0000029c   Code   RO         2065    i.HAL_DMA_Start_IT  stm32h7xx_hal_dma.o
    0x08002144   0x08002144   0x00000024   Code   RO         2764    i.HAL_Delay         stm32h7xx_hal.o
    0x08002168   0x08002168   0x0000003c   Code   RO          649    i.HAL_GPIO_EXTI_Callback  main.o
    0x080021a4   0x080021a4   0x00000018   Code   RO         1902    i.HAL_GPIO_EXTI_IRQHandler  stm32h7xx_hal_gpio.o
    0x080021bc   0x080021bc   0x0000022c   Code   RO         1903    i.HAL_GPIO_Init     stm32h7xx_hal_gpio.o
    0x080023e8   0x080023e8   0x0000000a   Code   RO         1905    i.HAL_GPIO_ReadPin  stm32h7xx_hal_gpio.o
    0x080023f2   0x080023f2   0x0000000a   Code   RO         1907    i.HAL_GPIO_WritePin  stm32h7xx_hal_gpio.o
    0x080023fc   0x080023fc   0x0000000c   Code   RO         2775    i.HAL_GetREVID      stm32h7xx_hal.o
    0x08002408   0x08002408   0x0000000c   Code   RO         2776    i.HAL_GetTick       stm32h7xx_hal.o
    0x08002414   0x08002414   0x00000010   Code   RO         2782    i.HAL_IncTick       stm32h7xx_hal.o
    0x08002424   0x08002424   0x0000005c   Code   RO         2783    i.HAL_Init          stm32h7xx_hal.o
    0x08002480   0x08002480   0x00000040   Code   RO         2784    i.HAL_InitTick      stm32h7xx_hal.o
    0x080024c0   0x080024c0   0x0000005c   Code   RO         1256    i.HAL_MPU_ConfigRegion  stm32h7xx_hal_cortex.o
    0x0800251c   0x0800251c   0x0000001c   Code   RO         1257    i.HAL_MPU_Disable   stm32h7xx_hal_cortex.o
    0x08002538   0x08002538   0x00000024   Code   RO         1259    i.HAL_MPU_Enable    stm32h7xx_hal_cortex.o
    0x0800255c   0x0800255c   0x0000001c   Code   RO         1231    i.HAL_MspInit       stm32h7xx_hal_msp.o
    0x08002578   0x08002578   0x0000001a   Code   RO         1263    i.HAL_NVIC_EnableIRQ  stm32h7xx_hal_cortex.o
    0x08002592   0x08002592   0x00000002   PAD
    0x08002594   0x08002594   0x00000040   Code   RO         1269    i.HAL_NVIC_SetPriority  stm32h7xx_hal_cortex.o
    0x080025d4   0x080025d4   0x00000024   Code   RO         1270    i.HAL_NVIC_SetPriorityGrouping  stm32h7xx_hal_cortex.o
    0x080025f8   0x080025f8   0x00000054   Code   RO         2504    i.HAL_PWREx_ConfigSupply  stm32h7xx_hal_pwr_ex.o
    0x0800264c   0x0800264c   0x00000024   Code   RO         1524    i.HAL_RCCEx_GetD3PCLK1Freq  stm32h7xx_hal_rcc_ex.o
    0x08002670   0x08002670   0x00000144   Code   RO         1526    i.HAL_RCCEx_GetPLL2ClockFreq  stm32h7xx_hal_rcc_ex.o
    0x080027b4   0x080027b4   0x00000144   Code   RO         1527    i.HAL_RCCEx_GetPLL3ClockFreq  stm32h7xx_hal_rcc_ex.o
    0x080028f8   0x080028f8   0x000009ac   Code   RO         1533    i.HAL_RCCEx_PeriphCLKConfig  stm32h7xx_hal_rcc_ex.o
    0x080032a4   0x080032a4   0x0000025c   Code   RO         1409    i.HAL_RCC_ClockConfig  stm32h7xx_hal_rcc.o
    0x08003500   0x08003500   0x00000044   Code   RO         1414    i.HAL_RCC_GetHCLKFreq  stm32h7xx_hal_rcc.o
    0x08003544   0x08003544   0x00000024   Code   RO         1416    i.HAL_RCC_GetPCLK1Freq  stm32h7xx_hal_rcc.o
    0x08003568   0x08003568   0x00000024   Code   RO         1417    i.HAL_RCC_GetPCLK2Freq  stm32h7xx_hal_rcc.o
    0x0800358c   0x0800358c   0x00000138   Code   RO         1418    i.HAL_RCC_GetSysClockFreq  stm32h7xx_hal_rcc.o
    0x080036c4   0x080036c4   0x00000582   Code   RO         1421    i.HAL_RCC_OscConfig  stm32h7xx_hal_rcc.o
    0x08003c46   0x08003c46   0x00000026   Code   RO         1274    i.HAL_SYSTICK_Config  stm32h7xx_hal_cortex.o
    0x08003c6c   0x08003c6c   0x00000002   Code   RO         4383    i.HAL_TIMEx_Break2Callback  stm32h7xx_hal_tim_ex.o
    0x08003c6e   0x08003c6e   0x00000002   Code   RO         4384    i.HAL_TIMEx_BreakCallback  stm32h7xx_hal_tim_ex.o
    0x08003c70   0x08003c70   0x00000002   Code   RO         4385    i.HAL_TIMEx_CommutCallback  stm32h7xx_hal_tim_ex.o
    0x08003c72   0x08003c72   0x00000002   PAD
    0x08003c74   0x08003c74   0x000000a4   Code   RO         4405    i.HAL_TIMEx_MasterConfigSynchronization  stm32h7xx_hal_tim_ex.o
    0x08003d18   0x08003d18   0x00000062   Code   RO         3669    i.HAL_TIM_Base_Init  stm32h7xx_hal_tim.o
    0x08003d7a   0x08003d7a   0x00000002   PAD
    0x08003d7c   0x08003d7c   0x00000090   Code   RO          916    i.HAL_TIM_Base_MspInit  tim.o
    0x08003e0c   0x08003e0c   0x0000008c   Code   RO         3674    i.HAL_TIM_Base_Start_IT  stm32h7xx_hal_tim.o
    0x08003e98   0x08003e98   0x000000fc   Code   RO         3678    i.HAL_TIM_ConfigClockSource  stm32h7xx_hal_tim.o
    0x08003f94   0x08003f94   0x000000bc   Code   RO         3690    i.HAL_TIM_Encoder_Init  stm32h7xx_hal_tim.o
    0x08004050   0x08004050   0x000000b0   Code   RO          918    i.HAL_TIM_Encoder_MspInit  tim.o
    0x08004100   0x08004100   0x00000002   Code   RO         3703    i.HAL_TIM_IC_CaptureCallback  stm32h7xx_hal_tim.o
    0x08004102   0x08004102   0x00000148   Code   RO         3717    i.HAL_TIM_IRQHandler  stm32h7xx_hal_tim.o
    0x0800424a   0x0800424a   0x00000002   PAD
    0x0800424c   0x0800424c   0x00000050   Code   RO          919    i.HAL_TIM_MspPostInit  tim.o
    0x0800429c   0x0800429c   0x00000002   Code   RO         3720    i.HAL_TIM_OC_DelayElapsedCallback  stm32h7xx_hal_tim.o
    0x0800429e   0x0800429e   0x00000124   Code   RO         3741    i.HAL_TIM_PWM_ConfigChannel  stm32h7xx_hal_tim.o
    0x080043c2   0x080043c2   0x00000062   Code   RO         3744    i.HAL_TIM_PWM_Init  stm32h7xx_hal_tim.o
    0x08004424   0x08004424   0x00000002   Code   RO         3746    i.HAL_TIM_PWM_MspInit  stm32h7xx_hal_tim.o
    0x08004426   0x08004426   0x00000002   Code   RO         3747    i.HAL_TIM_PWM_PulseFinishedCallback  stm32h7xx_hal_tim.o
    0x08004428   0x08004428   0x00000048   Code   RO          650    i.HAL_TIM_PeriodElapsedCallback  main.o
    0x08004470   0x08004470   0x00000002   Code   RO         3760    i.HAL_TIM_TriggerCallback  stm32h7xx_hal_tim.o
    0x08004472   0x08004472   0x00000040   Code   RO         5094    i.HAL_UARTEx_DisableFifoMode  stm32h7xx_hal_uart_ex.o
    0x080044b2   0x080044b2   0x00000002   Code   RO         4683    i.HAL_UARTEx_RxEventCallback  stm32h7xx_hal_uart.o
    0x080044b4   0x080044b4   0x00000002   Code   RO         5102    i.HAL_UARTEx_RxFifoFullCallback  stm32h7xx_hal_uart_ex.o
    0x080044b6   0x080044b6   0x0000004c   Code   RO         5103    i.HAL_UARTEx_SetRxFifoThreshold  stm32h7xx_hal_uart_ex.o
    0x08004502   0x08004502   0x0000004c   Code   RO         5104    i.HAL_UARTEx_SetTxFifoThreshold  stm32h7xx_hal_uart_ex.o
    0x0800454e   0x0800454e   0x00000002   Code   RO         5106    i.HAL_UARTEx_TxFifoEmptyCallback  stm32h7xx_hal_uart_ex.o
    0x08004550   0x08004550   0x00000002   Code   RO         5107    i.HAL_UARTEx_WakeupCallback  stm32h7xx_hal_uart_ex.o
    0x08004552   0x08004552   0x00000092   Code   RO         4695    i.HAL_UART_DMAStop  stm32h7xx_hal_uart.o
    0x080045e4   0x080045e4   0x00000002   Code   RO         4699    i.HAL_UART_ErrorCallback  stm32h7xx_hal_uart.o
    0x080045e6   0x080045e6   0x00000002   PAD
    0x080045e8   0x080045e8   0x0000039c   Code   RO         4702    i.HAL_UART_IRQHandler  stm32h7xx_hal_uart.o
    0x08004984   0x08004984   0x0000006a   Code   RO         4703    i.HAL_UART_Init     stm32h7xx_hal_uart.o
    0x080049ee   0x080049ee   0x00000002   PAD
    0x080049f0   0x080049f0   0x000003b4   Code   RO         1000    i.HAL_UART_MspInit  usart.o
    0x08004da4   0x08004da4   0x00000048   Code   RO         4707    i.HAL_UART_Receive_DMA  stm32h7xx_hal_uart.o
    0x08004dec   0x08004dec   0x00000040   Code   RO          651    i.HAL_UART_RxCpltCallback  main.o
    0x08004e2c   0x08004e2c   0x00000002   Code   RO         4711    i.HAL_UART_RxHalfCpltCallback  stm32h7xx_hal_uart.o
    0x08004e2e   0x08004e2e   0x000000b0   Code   RO         4712    i.HAL_UART_Transmit  stm32h7xx_hal_uart.o
    0x08004ede   0x08004ede   0x00000002   PAD
    0x08004ee0   0x08004ee0   0x00000090   Code   RO         4713    i.HAL_UART_Transmit_DMA  stm32h7xx_hal_uart.o
    0x08004f70   0x08004f70   0x00000098   Code   RO         4714    i.HAL_UART_Transmit_IT  stm32h7xx_hal_uart.o
    0x08005008   0x08005008   0x00000024   Code   RO          652    i.HAL_UART_TxCpltCallback  main.o
    0x0800502c   0x0800502c   0x00000002   Code   RO         4716    i.HAL_UART_TxHalfCpltCallback  stm32h7xx_hal_uart.o
    0x0800502e   0x0800502e   0x00000002   PAD
    0x08005030   0x08005030   0x000001b8   Code   RO          653    i.HandleButtonPress  main.o
    0x080051e8   0x080051e8   0x0000006c   Code   RO          654    i.Handle_L1_Home_Request  main.o
    0x08005254   0x08005254   0x0000005c   Code   RO          655    i.Handle_R1_OpenGrip_Request  main.o
    0x080052b0   0x080052b0   0x00000058   Code   RO          656    i.Handle_Right_MultiPress  main.o
    0x08005308   0x08005308   0x00000002   Code   RO         1070    i.HardFault_Handler  stm32h7xx_it.o
    0x0800530a   0x0800530a   0x00000002   PAD
    0x0800530c   0x0800530c   0x00000070   Code   RO          523    i.Infinite_Yaw      wt901c.o
    0x0800537c   0x0800537c   0x00000024   Code   RO          657    i.LS_Home_Id5_IsClosed  main.o
    0x080053a0   0x080053a0   0x0000001c   Code   RO          658    i.LS_Id5_RequestStop  main.o
    0x080053bc   0x080053bc   0x0000009c   Code   RO          891    i.MX_DMA_Init       dma.o
    0x08005458   0x08005458   0x000000b4   Code   RO          867    i.MX_GPIO_Init      gpio.o
    0x0800550c   0x0800550c   0x00000038   Code   RO          920    i.MX_TIM16_Init     tim.o
    0x08005544   0x08005544   0x00000038   Code   RO          921    i.MX_TIM17_Init     tim.o
    0x0800557c   0x0800557c   0x00000070   Code   RO          922    i.MX_TIM1_Init      tim.o
    0x080055ec   0x080055ec   0x0000006c   Code   RO          923    i.MX_TIM4_Init      tim.o
    0x08005658   0x08005658   0x000000d0   Code   RO          924    i.MX_TIM5_Init      tim.o
    0x08005728   0x08005728   0x00000068   Code   RO         1001    i.MX_UART5_Init     usart.o
    0x08005790   0x08005790   0x00000068   Code   RO         1002    i.MX_USART1_UART_Init  usart.o
    0x080057f8   0x080057f8   0x00000068   Code   RO         1003    i.MX_USART2_UART_Init  usart.o
    0x08005860   0x08005860   0x00000068   Code   RO         1004    i.MX_USART3_UART_Init  usart.o
    0x080058c8   0x080058c8   0x000000cc   Code   RO          260    i.MecanumRobot_CalculateWheelSpeeds  mecanum_field_kin.o
    0x08005994   0x08005994   0x0000009c   Code   RO          263    i.MecanumRobot_Init  mecanum_field_kin.o
    0x08005a30   0x08005a30   0x00000050   Code   RO          264    i.MecanumRobot_SetMotion  mecanum_field_kin.o
    0x08005a80   0x08005a80   0x000005c4   Code   RO          659    i.Mecanum_Calculate  main.o
    0x08006044   0x08006044   0x00000002   Code   RO         1071    i.MemManage_Handler  stm32h7xx_it.o
    0x08006046   0x08006046   0x00000002   PAD
    0x08006048   0x08006048   0x00000088   Code   RO          660    i.Motor_Update      main.o
    0x080060d0   0x080060d0   0x00000002   Code   RO         1072    i.NMI_Handler       stm32h7xx_it.o
    0x080060d2   0x080060d2   0x00000002   PAD
    0x080060d4   0x080060d4   0x0000006c   Code   RO          357    i.PID               pid.o
    0x08006140   0x08006140   0x000000d4   Code   RO          359    i.PID_Compute       pid.o
    0x08006214   0x08006214   0x00000036   Code   RO          365    i.PID_Init          pid.o
    0x0800624a   0x0800624a   0x00000032   Code   RO          366    i.PID_SetControllerDirection  pid.o
    0x0800627c   0x0800627c   0x0000001c   Code   RO          367    i.PID_SetMode       pid.o
    0x08006298   0x08006298   0x00000062   Code   RO          368    i.PID_SetOutputLimits  pid.o
    0x080062fa   0x080062fa   0x00000034   Code   RO          369    i.PID_SetSampleTime  pid.o
    0x0800632e   0x0800632e   0x00000002   PAD
    0x08006330   0x08006330   0x0000007c   Code   RO          371    i.PID_SetTunings2   pid.o
    0x080063ac   0x080063ac   0x00000014   Code   RO           14    i.PS4_Init          ps4_esp.o
    0x080063c0   0x080063c0   0x00000018   Code   RO          661    i.PS4_Process       main.o
    0x080063d8   0x080063d8   0x00000028   Code   RO           15    i.PS4_UART_Req      ps4_esp.o
    0x08006400   0x08006400   0x0000005c   Code   RO           16    i.PS4_UART_Rx_IDLE_Handle  ps4_esp.o
    0x0800645c   0x0800645c   0x00000002   Code   RO         1073    i.PendSV_Handler    stm32h7xx_it.o
    0x0800645e   0x0800645e   0x00000002   PAD
    0x08006460   0x08006460   0x00000070   Code   RO          662    i.Position_Motor_Update  main.o
    0x080064d0   0x080064d0   0x00000120   Code   RO         1536    i.RCCEx_PLL2_Config  stm32h7xx_hal_rcc_ex.o
    0x080065f0   0x080065f0   0x00000120   Code   RO         1537    i.RCCEx_PLL3_Config  stm32h7xx_hal_rcc_ex.o
    0x08006710   0x08006710   0x00000010   Code   RO          663    i.Reset_Button_Sequences  main.o
    0x08006720   0x08006720   0x0000003c   Code   RO          613    i.RobotAcceleration_Init  robot_acceleration.o
    0x0800675c   0x0800675c   0x00000058   Code   RO          614    i.RobotAcceleration_SetTarget  robot_acceleration.o
    0x080067b4   0x080067b4   0x00000084   Code   RO          615    i.RobotAcceleration_Update  robot_acceleration.o
    0x08006838   0x08006838   0x00000050   Code   RO          664    i.Robot_Hold_Stop   main.o
    0x08006888   0x08006888   0x00000002   Code   RO         1074    i.SVC_Handler       stm32h7xx_it.o
    0x0800688a   0x0800688a   0x00000002   PAD
    0x0800688c   0x0800688c   0x00000084   Code   RO          666    i.Steering_Id5_LimitHome_Process  main.o
    0x08006910   0x08006910   0x00000020   Code   RO          667    i.Steering_Id5_LimitLevel_Monitor  main.o
    0x08006930   0x08006930   0x0000003c   Code   RO          668    i.Steering_RequestTarget  main.o
    0x0800696c   0x0800696c   0x0000002c   Code   RO          669    i.Steering_Send_Queued  main.o
    0x08006998   0x08006998   0x00000094   Code   RO          670    i.Steering_SoftHome_FromReference  main.o
    0x08006a2c   0x08006a2c   0x00000004   Code   RO         1075    i.SysTick_Handler   stm32h7xx_it.o
    0x08006a30   0x08006a30   0x000000a4   Code   RO          671    i.SystemClock_Config  main.o
    0x08006ad4   0x08006ad4   0x000000f8   Code   RO         5214    i.SystemInit        system_stm32h7xx_1.o
    0x08006bcc   0x08006bcc   0x0000000c   Code   RO         1076    i.TIM16_IRQHandler  stm32h7xx_it.o
    0x08006bd8   0x08006bd8   0x0000000c   Code   RO         1077    i.TIM17_IRQHandler  stm32h7xx_it.o
    0x08006be4   0x08006be4   0x0000000c   Code   RO         1078    i.TIM5_IRQHandler   stm32h7xx_it.o
    0x08006bf0   0x08006bf0   0x000000cc   Code   RO         3762    i.TIM_Base_SetConfig  stm32h7xx_hal_tim.o
    0x08006cbc   0x08006cbc   0x00000012   Code   RO         3773    i.TIM_ETR_SetConfig  stm32h7xx_hal_tim.o
    0x08006cce   0x08006cce   0x00000002   PAD
    0x08006cd0   0x08006cd0   0x00000014   Code   RO         3774    i.TIM_ITRx_SetConfig  stm32h7xx_hal_tim.o
    0x08006ce4   0x08006ce4   0x000000a4   Code   RO         3775    i.TIM_OC1_SetConfig  stm32h7xx_hal_tim.o
    0x08006d88   0x08006d88   0x00000098   Code   RO         3776    i.TIM_OC2_SetConfig  stm32h7xx_hal_tim.o
    0x08006e20   0x08006e20   0x00000098   Code   RO         3777    i.TIM_OC3_SetConfig  stm32h7xx_hal_tim.o
    0x08006eb8   0x08006eb8   0x00000078   Code   RO         3778    i.TIM_OC4_SetConfig  stm32h7xx_hal_tim.o
    0x08006f30   0x08006f30   0x00000074   Code   RO         3779    i.TIM_OC5_SetConfig  stm32h7xx_hal_tim.o
    0x08006fa4   0x08006fa4   0x00000074   Code   RO         3780    i.TIM_OC6_SetConfig  stm32h7xx_hal_tim.o
    0x08007018   0x08007018   0x00000022   Code   RO         3782    i.TIM_TI1_ConfigInputStage  stm32h7xx_hal_tim.o
    0x0800703a   0x0800703a   0x00000024   Code   RO         3784    i.TIM_TI2_ConfigInputStage  stm32h7xx_hal_tim.o
    0x0800705e   0x0800705e   0x00000002   PAD
    0x08007060   0x08007060   0x00000034   Code   RO          470    i.Timeout_Begin     timer_timeout.o
    0x08007094   0x08007094   0x00000030   Code   RO          471    i.Timer_Timeout_Check  timer_timeout.o
    0x080070c4   0x080070c4   0x0000000a   Code   RO          472    i.Timer_Timeout_Init  timer_timeout.o
    0x080070ce   0x080070ce   0x00000008   Code   RO          473    i.Timer_Timeout_Reset  timer_timeout.o
    0x080070d6   0x080070d6   0x00000004   Code   RO          474    i.Timer_Timeout_Start  timer_timeout.o
    0x080070da   0x080070da   0x00000002   PAD
    0x080070dc   0x080070dc   0x0000000c   Code   RO         1079    i.UART5_IRQHandler  stm32h7xx_it.o
    0x080070e8   0x080070e8   0x00000044   Code   RO         5108    i.UARTEx_SetNbDataToProcess  stm32h7xx_hal_uart_ex.o
    0x0800712c   0x0800712c   0x000000c8   Code   RO         4717    i.UART_AdvFeatureConfig  stm32h7xx_hal_uart.o
    0x080071f4   0x080071f4   0x000000aa   Code   RO         4718    i.UART_CheckIdleState  stm32h7xx_hal_uart.o
    0x0800729e   0x0800729e   0x00000010   Code   RO         4719    i.UART_DMAAbortOnError  stm32h7xx_hal_uart.o
    0x080072ae   0x080072ae   0x0000004e   Code   RO         4720    i.UART_DMAError     stm32h7xx_hal_uart.o
    0x080072fc   0x080072fc   0x00000082   Code   RO         4721    i.UART_DMAReceiveCplt  stm32h7xx_hal_uart.o
    0x0800737e   0x0800737e   0x00000020   Code   RO         4723    i.UART_DMARxHalfCplt  stm32h7xx_hal_uart.o
    0x0800739e   0x0800739e   0x00000040   Code   RO         4725    i.UART_DMATransmitCplt  stm32h7xx_hal_uart.o
    0x080073de   0x080073de   0x0000000a   Code   RO         4727    i.UART_DMATxHalfCplt  stm32h7xx_hal_uart.o
    0x080073e8   0x080073e8   0x00000054   Code   RO         4729    i.UART_EndRxTransfer  stm32h7xx_hal_uart.o
    0x0800743c   0x0800743c   0x0000002e   Code   RO         4730    i.UART_EndTxTransfer  stm32h7xx_hal_uart.o
    0x0800746a   0x0800746a   0x00000002   PAD
    0x0800746c   0x0800746c   0x000003ac   Code   RO         4735    i.UART_SetConfig    stm32h7xx_hal_uart.o
    0x08007818   0x08007818   0x000000a8   Code   RO         4736    i.UART_Start_Receive_DMA  stm32h7xx_hal_uart.o
    0x080078c0   0x080078c0   0x00000052   Code   RO         4738    i.UART_TxISR_16BIT  stm32h7xx_hal_uart.o
    0x08007912   0x08007912   0x00000002   PAD
    0x08007914   0x08007914   0x0000006a   Code   RO         4739    i.UART_TxISR_16BIT_FIFOEN  stm32h7xx_hal_uart.o
    0x0800797e   0x0800797e   0x0000004e   Code   RO         4740    i.UART_TxISR_8BIT   stm32h7xx_hal_uart.o
    0x080079cc   0x080079cc   0x00000066   Code   RO         4741    i.UART_TxISR_8BIT_FIFOEN  stm32h7xx_hal_uart.o
    0x08007a32   0x08007a32   0x00000094   Code   RO         4742    i.UART_WaitOnFlagUntilTimeout  stm32h7xx_hal_uart.o
    0x08007ac6   0x08007ac6   0x00000002   PAD
    0x08007ac8   0x08007ac8   0x0000002c   Code   RO         1080    i.USART1_IRQHandler  stm32h7xx_it.o
    0x08007af4   0x08007af4   0x0000002c   Code   RO         1081    i.USART2_IRQHandler  stm32h7xx_it.o
    0x08007b20   0x08007b20   0x0000000c   Code   RO         1082    i.USART3_IRQHandler  stm32h7xx_it.o
    0x08007b2c   0x08007b2c   0x00000002   Code   RO         1083    i.UsageFault_Handler  stm32h7xx_it.o
    0x08007b2e   0x08007b2e   0x00000004   Code   RO          524    i.WT901C_Begin_Recieve  wt901c.o
    0x08007b32   0x08007b32   0x00000002   PAD
    0x08007b34   0x08007b34   0x0000009c   Code   RO          525    i.WT901C_Calibrate_Accel  wt901c.o
    0x08007bd0   0x08007bd0   0x00000038   Code   RO          526    i.WT901C_Init       wt901c.o
    0x08007c08   0x08007c08   0x0000010c   Code   RO          527    i.WT901C_Process_Buffer  wt901c.o
    0x08007d14   0x08007d14   0x00000064   Code   RO          528    i.WT901C_Reset_Angles  wt901c.o
    0x08007d78   0x08007d78   0x00000010   Code   RO          529    i.WT901C_Start_Receive  wt901c.o
    0x08007d88   0x08007d88   0x000000c0   Code   RO          531    i.WT901C_UART_Rx_IDLE_Hanlde  wt901c.o
    0x08007e48   0x08007e48   0x00000026   Code   RO         5328    i.__ARM_fpclassifyf  m_wv.l(fpclassifyf.o)
    0x08007e6e   0x08007e6e   0x00000022   Code   RO         1276    i.__NVIC_SetPriority  stm32h7xx_hal_cortex.o
    0x08007e90   0x08007e90   0x00000150   Code   RO         5268    i.__hardfp_cosf     m_wv.l(cosf.o)
    0x08007fe0   0x08007fe0   0x000001f4   Code   RO         5280    i.__hardfp_expf     m_wv.l(expf.o)
    0x080081d4   0x080081d4   0x00000194   Code   RO         5294    i.__hardfp_sinf     m_wv.l(sinf.o)
    0x08008368   0x08008368   0x0000003a   Code   RO         5306    i.__hardfp_sqrtf    m_wv.l(sqrtf.o)
    0x080083a2   0x080083a2   0x00000006   Code   RO         5331    i.__mathlib_flt_infnan  m_wv.l(funder.o)
    0x080083a8   0x080083a8   0x00000010   Code   RO         5333    i.__mathlib_flt_invalid  m_wv.l(funder.o)
    0x080083b8   0x080083b8   0x00000010   Code   RO         5334    i.__mathlib_flt_overflow  m_wv.l(funder.o)
    0x080083c8   0x080083c8   0x00000010   Code   RO         5336    i.__mathlib_flt_underflow  m_wv.l(funder.o)
    0x080083d8   0x080083d8   0x00000154   Code   RO         5344    i.__mathlib_rredf2  m_wv.l(rredf.o)
    0x0800852c   0x0800852c   0x00000006   Code   RO          672    i.fabsf             main.o
    0x08008532   0x08008532   0x00000002   PAD
    0x08008534   0x08008534   0x00000234   Code   RO          673    i.main              main.o
    0x08008768   0x08008768   0x00000034   Code   RO          267    i.normalize_angle_rad  mecanum_field_kin.o
    0x0800879c   0x0800879c   0x0000001c   Code   RO          268    i.rads_2_rpm        mecanum_field_kin.o
    0x080087b8   0x080087b8   0x0000000a   Code   RO         5454    x$fpl$fpinit        fz_wv.l(fpinit.o)
    0x080087c2   0x080087c2   0x00000000   Code   RO         5327    x$fpl$usenofp       fz_wv.l(usenofp.o)
    0x080087c2   0x080087c2   0x00000001   Data   RO           18    .constdata          ps4_esp.o
    0x080087c3   0x080087c3   0x00000001   PAD
    0x080087c4   0x080087c4   0x0000000a   Data   RO          475    .constdata          timer_timeout.o
    0x080087ce   0x080087ce   0x0000000f   Data   RO          533    .constdata          wt901c.o
    0x080087dd   0x080087dd   0x00000001   PAD
    0x080087de   0x080087de   0x0000000c   Data   RO          675    .constdata          main.o
    0x080087ea   0x080087ea   0x00000008   Data   RO         2067    .constdata          stm32h7xx_hal_dma.o
    0x080087f2   0x080087f2   0x00000018   Data   RO         4743    .constdata          stm32h7xx_hal_uart.o
    0x0800880a   0x0800880a   0x00000010   Data   RO         5109    .constdata          stm32h7xx_hal_uart_ex.o
    0x0800881a   0x0800881a   0x00000010   Data   RO         5215    .constdata          system_stm32h7xx_1.o
    0x0800882a   0x0800882a   0x00000002   PAD
    0x0800882c   0x0800882c   0x00000030   Data   RO         5283    .constdata          m_wv.l(expf.o)
    0x0800885c   0x0800885c   0x00000020   Data   RO         5345    .constdata          m_wv.l(rredf.o)
    0x0800887c   0x0800887c   0x00000020   Data   RO         5510    Region$$Table       anon$$obj.o


    Execution Region RW_IRAM1 (Exec base: 0x20000000, Load base: 0x0800889c, Size: 0x00000000, Max: 0x00020000, ABSOLUTE)

    **** No section assigned to this execution region ****


    Execution Region RW_IRAM2 (Exec base: 0x24000000, Load base: 0x0800889c, Size: 0x00001138, Max: 0x00080000, ABSOLUTE)

    Exec Addr    Load Addr    Size         Type   Attr      Idx    E Section Name        Object

    0x24000000   0x0800889c   0x0000000c   Data   RW           19    .data               ps4_esp.o
    0x2400000c   0x080088a8   0x00000010   Data   RW          190    .data               driver_pid_aml.o
    0x2400001c   0x080088b8   0x00000004   PAD
    0x24000020   0x080088bc   0x00000028   Data   RW          271    .data               mecanum_field_kin.o
    0x24000048   0x080088e4   0x00000014   Data   RW          534    .data               wt901c.o
    0x2400005c   0x080088f8   0x00000056   Data   RW          676    .data               main.o
    0x240000b2   0x0800894e   0x00000002   PAD
    0x240000b4   0x08008950   0x0000000c   Data   RW         2805    .data               stm32h7xx_hal.o
    0x240000c0   0x0800895c   0x00000008   Data   RW         5216    .data               system_stm32h7xx_1.o
    0x240000c8        -       0x00000012   Zero   RW           17    .bss                ps4_esp.o
    0x240000da   0x08008964   0x00000002   PAD
    0x240000dc        -       0x000000a0   Zero   RW          188    .bss                driver_pid_aml.o
    0x2400017c        -       0x00000024   Zero   RW          532    .bss                wt901c.o
    0x240001a0        -       0x000001a8   Zero   RW          674    .bss                main.o
    0x24000348        -       0x0000017c   Zero   RW          925    .bss                tim.o
    0x240004c4        -       0x00000610   Zero   RW         1005    .bss                usart.o
    0x24000ad4        -       0x00000060   Zero   RW         5370    .bss                c_w.l(libspace.o)
    0x24000b34   0x08008964   0x00000004   PAD
    0x24000b38        -       0x00000200   Zero   RW            2    HEAP                startup_stm32h743xx.o
    0x24000d38        -       0x00000400   Zero   RW            1    STACK               startup_stm32h743xx.o


==============================================================================

Image component sizes


      Code (inc. data)   RO Data    RW Data    ZI Data      Debug   Object Name

       156          4          0          0          0       1026   dma.o
       484         40          0         16        160       7211   driver_pid_aml.o
       180         14          0          0          0       1191   gpio.o
      4246        476         12         86        424      30112   main.o
       520         60          0         40          0      12200   mecanum_field_kin.o
       726         36          0          0          0       6072   pid.o
       152         26          1         12         18    1293335   ps4_esp.o
       280         28          0          0          0       3506   robot_acceleration.o
        72         30        664          0       1536        884   startup_stm32h743xx.o
       232         44          0         12          0      23824   stm32h7xx_hal.o
       354         28          0          0          0      42245   stm32h7xx_hal_cortex.o
      5992        246          8          0          0      12965   stm32h7xx_hal_dma.o
       600         50          0          0          0       3806   stm32h7xx_hal_gpio.o
        28          6          0          0          0       1010   stm32h7xx_hal_msp.o
        84          6          0          0          0        825   stm32h7xx_hal_pwr_ex.o
      2466        102          0          0          0       7436   stm32h7xx_hal_rcc.o
      3736        118          0          0          0       8161   stm32h7xx_hal_rcc_ex.o
      2538        242          0          0          0      19173   stm32h7xx_hal_tim.o
       170         30          0          0          0       3420   stm32h7xx_hal_tim_ex.o
      4182        184         24          0          0      43984   stm32h7xx_hal_uart.o
       290          6         16          0          0       5814   stm32h7xx_hal_uart_ex.o
       272         88          0          0          0      12780   stm32h7xx_it.o
       276         48         16          8          0       2161   system_stm32h7xx_1.o
       940        100          0          0        380       6386   tim.o
       122         10         10          0          0       4227   timer_timeout.o
      1364         86          0          0       1552       5349   usart.o
       904         92         15         20         36       8023   wt901c.o

    ----------------------------------------------------------------------
     31414       2200        802        200       4108    1567126   Object Totals
         0          0         32          0          0          0   (incl. Generated)
        48          0          4          6          2          0   (incl. Padding)

    ----------------------------------------------------------------------

      Code (inc. data)   RO Data    RW Data    ZI Data      Debug   Library Member Name

         8          0          0          0          0         68   __main.o
         0          0          0          0          0          0   __rtentry.o
        12          0          0          0          0          0   __rtentry2.o
         6          0          0          0          0          0   __rtentry4.o
        52          8          0          0          0          0   __scatter.o
        26          0          0          0          0          0   __scatter_copy.o
        28          0          0          0          0          0   __scatter_zi.o
        22          0          0          0          0        100   _rserrno.o
        18          0          0          0          0         80   exit.o
         6          0          0          0          0        152   heapauxi.o
         0          0          0          0          0          0   indicate_semi.o
         2          0          0          0          0          0   libinit.o
         6          0          0          0          0          0   libinit2.o
         2          0          0          0          0          0   libshutdown.o
         2          0          0          0          0          0   libshutdown2.o
         8          4          0          0         96         68   libspace.o
       238          0          0          0          0        100   lludivv7m.o
         8          4          0          0          0         68   rt_errno_addr_intlibspace.o
        68          0          0          0          0         68   rt_memclr.o
        78          0          0          0          0         80   rt_memclr_w.o
       138          0          0          0          0         68   rt_memcpy_v6.o
       100          0          0          0          0         80   rt_memcpy_w.o
         2          0          0          0          0          0   rtexit.o
        10          0          0          0          0          0   rtexit2.o
        12          4          0          0          0         68   sys_exit.o
        74          0          0          0          0         80   sys_stackheap_outer.o
         2          0          0          0          0         68   use_no_semi.o
        10          0          0          0          0        116   fpinit.o
         0          0          0          0          0          0   usenofp.o
       336         60          0          0          0        136   cosf.o
       500         74         48          0          0        236   expf.o
        38          0          0          0          0        116   fpclassifyf.o
        54         18          0          0          0        464   funder.o
       340         24         32          0          0        160   rredf.o
       404         60          0          0          0        212   sinf.o
        58          0          0          0          0        136   sqrtf.o

    ----------------------------------------------------------------------
      2676        256         80          0        100       2724   Library Totals
         8          0          0          0          4          0   (incl. Padding)

    ----------------------------------------------------------------------

      Code (inc. data)   RO Data    RW Data    ZI Data      Debug   Library Name

       928         20          0          0         96       1148   c_w.l
        10          0          0          0          0        116   fz_wv.l
      1730        236         80          0          0       1460   m_wv.l

    ----------------------------------------------------------------------
      2676        256         80          0        100       2724   Library Totals

    ----------------------------------------------------------------------

==============================================================================


      Code (inc. data)   RO Data    RW Data    ZI Data      Debug   

     34090       2456        882        200       4208    1548430   Grand Totals
     34090       2456        882        200       4208    1548430   ELF Image Totals
     34090       2456        882        200          0          0   ROM Totals

==============================================================================

    Total RO  Size (Code + RO Data)                34972 (  34.15kB)
    Total RW  Size (RW Data + ZI Data)              4408 (   4.30kB)
    Total ROM Size (Code + RO Data + RW Data)      35172 (  34.35kB)

==============================================================================

