<html>
<body>
<pre>
<h1>µVision Build Log</h1>
<h2>Tool Versions:</h2>
IDE-Version: µVision V5.31.0.0
Copyright (C) 2020 ARM Ltd and ARM Germany GmbH. All rights reserved.
License Information: Q Q, Q, LIC=----
 
Tool Versions:
Toolchain:       MDK-Lite  Version: 5.31.0.0
Toolchain Path:  C:\Keil_v5\ARM\ARMCC\Bin
C Compiler:      Armcc.exe V5.06 update 6 (build 750)
Assembler:       Armasm.exe V5.06 update 6 (build 750)
Linker/Locator:  ArmLink.exe V5.06 update 6 (build 750)
Library Manager: ArmAr.exe V5.06 update 6 (build 750)
Hex Converter:   FromElf.exe V5.06 update 6 (build 750)
CPU DLL:         SARMCM3.DLL V5.31.0.0
Dialog DLL:      DCM.DLL V1.17.3.0
Target DLL:      STLink\ST-LINKIII-KEIL_SWO.dll V3.0.7.0
Dialog DLL:      TCM.DLL V1.46.0.0
 
<h2>Project:</h2>
C:\Users\Admin\Documents\MECANUM_ROBOT_SDC_2026v2\MECANUM_ROBOT_SDC-main\MDK-ARM\PS4+STM32+ESP.uvprojx
Project File Date:  03/11/2026

<h2>Output:</h2>
*** Using Compiler 'V5.06 update 6 (build 750)', folder: 'C:\Keil_v5\ARM\ARMCC\Bin'
Build target 'PS4+STM32+ESP'
Note: source file '../Core/Src/system_stm32h7xx.c' - object file renamed from 'PS4+STM32+ESP\system_stm32h7xx.o' to 'PS4+STM32+ESP\system_stm32h7xx_1.o'.
compiling main.c...
../Core/Src/main.c(246): warning:  #223-D: function "Buzzer_Beep" declared implicitly
    Buzzer_Beep(50);
../Core/Src/main.c(257): warning:  #223-D: function "Buzzer_Beep" declared implicitly
      Buzzer_Beep(120);
../Core/Src/main.c(264): warning:  #223-D: function "Buzzer_Beep" declared implicitly
      Buzzer_Beep(80);
../Core/Src/main.c(306): warning:  #159-D: declaration is incompatible with previous "Buzzer_Beep"  (declared at line 246)
  void Buzzer_Beep(uint16_t duration_ms)
../Core/Src/main.c: 4 warnings, 0 errors
linking...
Program Size: Code=31434 RO-data=826 RW-data=176 ZI-data=4064  
FromELF: creating hex file...
"PS4+STM32+ESP\PS4+STM32+ESP.axf" - 0 Error(s), 4 Warning(s).

<h2>Software Packages used:</h2>

Package Vendor: ARM
                https://www.keil.com/pack/ARM.CMSIS.6.1.0.pack
                ARM.CMSIS.6.1.0
                CMSIS (Common Microcontroller Software Interface Standard)
   * Component: CORE Version: 6.1.0

Package Vendor: Keil
                https://www.keil.com/pack/Keil.STM32H7xx_DFP.4.1.3.pack
                Keil.STM32H7xx_DFP.4.1.3
                STMicroelectronics STM32H7 Series Device Support

<h2>Collection of Component include folders:</h2>
  .\RTE\_PS4_STM32_ESP
  C:\Users\Admin\AppData\Local\Arm\Packs\ARM\CMSIS\6.1.0\CMSIS\Core\Include

<h2>Collection of Component Files used:</h2>

   * Component: ARM::CMSIS:CORE:6.1.0
Build Time Elapsed:  00:00:04
</pre>
</body>
</html>
