Component: ARM Compiler 5.06 update 6 (build 750) Tool: armlink [4d35ed]

==============================================================================

Section Cross References

    startup_stm32h743xx.o(STACK) refers (Special) to heapauxi.o(.text) for __use_two_region_memory
    startup_stm32h743xx.o(HEAP) refers (Special) to heapauxi.o(.text) for __use_two_region_memory
    startup_stm32h743xx.o(RESET) refers (Special) to heapauxi.o(.text) for __use_two_region_memory
    startup_stm32h743xx.o(RESET) refers to startup_stm32h743xx.o(STACK) for __initial_sp
    startup_stm32h743xx.o(RESET) refers to startup_stm32h743xx.o(.text) for Reset_Handler
    startup_stm32h743xx.o(RESET) refers to stm32h7xx_it.o(i.NMI_Handler) for NMI_Handler
    startup_stm32h743xx.o(RESET) refers to stm32h7xx_it.o(i.HardFault_Handler) for HardFault_Handler
    startup_stm32h743xx.o(RESET) refers to stm32h7xx_it.o(i.MemManage_Handler) for MemManage_Handler
    startup_stm32h743xx.o(RESET) refers to stm32h7xx_it.o(i.BusFault_Handler) for BusFault_Handler
    startup_stm32h743xx.o(RESET) refers to stm32h7xx_it.o(i.UsageFault_Handler) for UsageFault_Handler
    startup_stm32h743xx.o(RESET) refers to stm32h7xx_it.o(i.SVC_Handler) for SVC_Handler
    startup_stm32h743xx.o(RESET) refers to stm32h7xx_it.o(i.DebugMon_Handler) for DebugMon_Handler
    startup_stm32h743xx.o(RESET) refers to stm32h7xx_it.o(i.PendSV_Handler) for PendSV_Handler
    startup_stm32h743xx.o(RESET) refers to stm32h7xx_it.o(i.SysTick_Handler) for SysTick_Handler
    startup_stm32h743xx.o(RESET) refers to stm32h7xx_it.o(i.DMA1_Stream0_IRQHandler) for DMA1_Stream0_IRQHandler
    startup_stm32h743xx.o(RESET) refers to stm32h7xx_it.o(i.DMA1_Stream1_IRQHandler) for DMA1_Stream1_IRQHandler
    startup_stm32h743xx.o(RESET) refers to stm32h7xx_it.o(i.DMA1_Stream2_IRQHandler) for DMA1_Stream2_IRQHandler
    startup_stm32h743xx.o(RESET) refers to stm32h7xx_it.o(i.DMA1_Stream3_IRQHandler) for DMA1_Stream3_IRQHandler
    startup_stm32h743xx.o(RESET) refers to stm32h7xx_it.o(i.DMA1_Stream4_IRQHandler) for DMA1_Stream4_IRQHandler
    startup_stm32h743xx.o(RESET) refers to stm32h7xx_it.o(i.DMA1_Stream5_IRQHandler) for DMA1_Stream5_IRQHandler
    startup_stm32h743xx.o(RESET) refers to stm32h7xx_it.o(i.DMA1_Stream6_IRQHandler) for DMA1_Stream6_IRQHandler
    startup_stm32h743xx.o(RESET) refers to stm32h7xx_it.o(i.ADC_IRQHandler) for ADC_IRQHandler
    startup_stm32h743xx.o(RESET) refers to stm32h7xx_it.o(i.USART1_IRQHandler) for USART1_IRQHandler
    startup_stm32h743xx.o(RESET) refers to stm32h7xx_it.o(i.USART2_IRQHandler) for USART2_IRQHandler
    startup_stm32h743xx.o(RESET) refers to stm32h7xx_it.o(i.USART3_IRQHandler) for USART3_IRQHandler
    startup_stm32h743xx.o(RESET) refers to stm32h7xx_it.o(i.DMA1_Stream7_IRQHandler) for DMA1_Stream7_IRQHandler
    startup_stm32h743xx.o(RESET) refers to stm32h7xx_it.o(i.TIM5_IRQHandler) for TIM5_IRQHandler
    startup_stm32h743xx.o(RESET) refers to stm32h7xx_it.o(i.UART4_IRQHandler) for UART4_IRQHandler
    startup_stm32h743xx.o(RESET) refers to stm32h7xx_it.o(i.UART5_IRQHandler) for UART5_IRQHandler
    startup_stm32h743xx.o(RESET) refers to stm32h7xx_it.o(i.DMA2_Stream0_IRQHandler) for DMA2_Stream0_IRQHandler
    startup_stm32h743xx.o(RESET) refers to stm32h7xx_it.o(i.DMA2_Stream1_IRQHandler) for DMA2_Stream1_IRQHandler
    startup_stm32h743xx.o(RESET) refers to stm32h7xx_it.o(i.DMA2_Stream2_IRQHandler) for DMA2_Stream2_IRQHandler
    startup_stm32h743xx.o(RESET) refers to stm32h7xx_it.o(i.DMA2_Stream3_IRQHandler) for DMA2_Stream3_IRQHandler
    startup_stm32h743xx.o(RESET) refers to stm32h7xx_it.o(i.DMA2_Stream4_IRQHandler) for DMA2_Stream4_IRQHandler
    startup_stm32h743xx.o(RESET) refers to stm32h7xx_it.o(i.DMA2_Stream5_IRQHandler) for DMA2_Stream5_IRQHandler
    startup_stm32h743xx.o(RESET) refers to stm32h7xx_it.o(i.DMA2_Stream6_IRQHandler) for DMA2_Stream6_IRQHandler
    startup_stm32h743xx.o(RESET) refers to stm32h7xx_it.o(i.DMA2_Stream7_IRQHandler) for DMA2_Stream7_IRQHandler
    startup_stm32h743xx.o(RESET) refers to stm32h7xx_it.o(i.USART6_IRQHandler) for USART6_IRQHandler
    startup_stm32h743xx.o(RESET) refers to stm32h7xx_it.o(i.UART7_IRQHandler) for UART7_IRQHandler
    startup_stm32h743xx.o(RESET) refers to stm32h7xx_it.o(i.UART8_IRQHandler) for UART8_IRQHandler
    startup_stm32h743xx.o(RESET) refers to stm32h7xx_it.o(i.TIM16_IRQHandler) for TIM16_IRQHandler
    startup_stm32h743xx.o(RESET) refers to stm32h7xx_it.o(i.TIM17_IRQHandler) for TIM17_IRQHandler
    startup_stm32h743xx.o(.text) refers (Special) to heapauxi.o(.text) for __use_two_region_memory
    startup_stm32h743xx.o(.text) refers to system_stm32h7xx.o(i.SystemInit) for SystemInit
    startup_stm32h743xx.o(.text) refers to __main.o(!!!main) for __main
    startup_stm32h743xx.o(.text) refers to startup_stm32h743xx.o(HEAP) for Heap_Mem
    startup_stm32h743xx.o(.text) refers to startup_stm32h743xx.o(STACK) for Stack_Mem
[...]
    HAL_MPU_Enable                           0x08006631   Thumb Code    58  stm32h7xx_hal_cortex.o(i.HAL_MPU_Enable)
    HAL_MspInit                              0x08006671   Thumb Code    32  stm32h7xx_hal_msp.o(i.HAL_MspInit)
    HAL_NVIC_EnableIRQ                       0x08006695   Thumb Code    56  stm32h7xx_hal_cortex.o(i.HAL_NVIC_EnableIRQ)
    HAL_NVIC_SetPriority                     0x08006709   Thumb Code   150  stm32h7xx_hal_cortex.o(i.HAL_NVIC_SetPriority)
    HAL_NVIC_SetPriorityGrouping             0x080067dd   Thumb Code    66  stm32h7xx_hal_cortex.o(i.HAL_NVIC_SetPriorityGrouping)
    HAL_PWREx_ConfigSupply                   0x08006865   Thumb Code   110  stm32h7xx_hal_pwr_ex.o(i.HAL_PWREx_ConfigSupply)
    HAL_RCCEx_GetD3PCLK1Freq                 0x08006915   Thumb Code    26  stm32h7xx_hal_rcc_ex.o(i.HAL_RCCEx_GetD3PCLK1Freq)
    HAL_RCCEx_GetPLL1ClockFreq               0x08006939   Thumb Code   536  stm32h7xx_hal_rcc_ex.o(i.HAL_RCCEx_GetPLL1ClockFreq)
    HAL_RCCEx_GetPLL2ClockFreq               0x08006b69   Thumb Code   536  stm32h7xx_hal_rcc_ex.o(i.HAL_RCCEx_GetPLL2ClockFreq)
    HAL_RCCEx_GetPLL3ClockFreq               0x08006d99   Thumb Code   536  stm32h7xx_hal_rcc_ex.o(i.HAL_RCCEx_GetPLL3ClockFreq)
    HAL_RCCEx_GetPeriphCLKFreq               0x08006fc9   Thumb Code  2216  stm32h7xx_hal_rcc_ex.o(i.HAL_RCCEx_GetPeriphCLKFreq)
    HAL_RCCEx_PeriphCLKConfig                0x08007879   Thumb Code  4650  stm32h7xx_hal_rcc_ex.o(i.HAL_RCCEx_PeriphCLKConfig)
    HAL_RCC_ClockConfig                      0x08008aa5   Thumb Code  1524  stm32h7xx_hal_rcc.o(i.HAL_RCC_ClockConfig)
    HAL_RCC_GetHCLKFreq                      0x080090ad   Thumb Code    60  stm32h7xx_hal_rcc.o(i.HAL_RCC_GetHCLKFreq)
    HAL_RCC_GetPCLK1Freq                     0x080090f9   Thumb Code    26  stm32h7xx_hal_rcc.o(i.HAL_RCC_GetPCLK1Freq)
    HAL_RCC_GetPCLK2Freq                     0x0800911d   Thumb Code    26  stm32h7xx_hal_rcc.o(i.HAL_RCC_GetPCLK2Freq)
    HAL_RCC_GetSysClockFreq                  0x08009141   Thumb Code   524  stm32h7xx_hal_rcc.o(i.HAL_RCC_GetSysClockFreq)
    HAL_RCC_OscConfig                        0x0800936d   Thumb Code  2774  stm32h7xx_hal_rcc.o(i.HAL_RCC_OscConfig)
    HAL_SYSTICK_Config                       0x08009e49   Thumb Code    52  stm32h7xx_hal_cortex.o(i.HAL_SYSTICK_Config)
    HAL_TIMEx_Break2Callback                 0x08009e7d   Thumb Code     2  stm32h7xx_hal_tim_ex.o(i.HAL_TIMEx_Break2Callback)
    HAL_TIMEx_BreakCallback                  0x08009e7f   Thumb Code     2  stm32h7xx_hal_tim_ex.o(i.HAL_TIMEx_BreakCallback)
    HAL_TIMEx_CommutCallback                 0x08009e81   Thumb Code     2  stm32h7xx_hal_tim_ex.o(i.HAL_TIMEx_CommutCallback)
    HAL_TIMEx_MasterConfigSynchronization    0x08009e85   Thumb Code   498  stm32h7xx_hal_tim_ex.o(i.HAL_TIMEx_MasterConfigSynchronization)
    HAL_TIM_Base_Init                        0x0800a0d9   Thumb Code   396  stm32h7xx_hal_tim.o(i.HAL_TIM_Base_Init)
    HAL_TIM_Base_MspInit                     0x0800a2d1   Thumb Code   174  stm32h7xx_hal_msp.o(i.HAL_TIM_Base_MspInit)
    HAL_TIM_Base_Start_IT                    0x0800a391   Thumb Code   272  stm32h7xx_hal_tim.o(i.HAL_TIM_Base_Start_IT)
    HAL_TIM_ConfigClockSource                0x0800a511   Thumb Code  1434  stm32h7xx_hal_tim.o(i.HAL_TIM_ConfigClockSource)
    HAL_TIM_Encoder_Init                     0x0800aac9   Thumb Code   658  stm32h7xx_hal_tim.o(i.HAL_TIM_Encoder_Init)
    HAL_TIM_Encoder_MspInit                  0x0800adad   Thumb Code   220  stm32h7xx_hal_msp.o(i.HAL_TIM_Encoder_MspInit)
    HAL_TIM_Encoder_Start                    0x0800ae9d   Thumb Code   264  stm32h7xx_hal_tim.o(i.HAL_TIM_Encoder_Start)
    HAL_TIM_IC_CaptureCallback               0x0800aff1   Thumb Code     2  stm32h7xx_hal_tim.o(i.HAL_TIM_IC_CaptureCallback)
    HAL_TIM_IRQHandler                       0x0800aff3   Thumb Code   408  stm32h7xx_hal_tim.o(i.HAL_TIM_IRQHandler)
    HAL_TIM_MspPostInit                      0x0800b18d   Thumb Code    80  stm32h7xx_hal_msp.o(i.HAL_TIM_MspPostInit)
    HAL_TIM_OC_DelayElapsedCallback          0x0800b1e9   Thumb Code     2  stm32h7xx_hal_tim.o(i.HAL_TIM_OC_DelayElapsedCallback)
    HAL_TIM_PWM_ConfigChannel                0x0800b1ed   Thumb Code   876  stm32h7xx_hal_tim.o(i.HAL_TIM_PWM_ConfigChannel)
    HAL_TIM_PWM_Init                         0x0800b5c1   Thumb Code   396  stm32h7xx_hal_tim.o(i.HAL_TIM_PWM_Init)
    HAL_TIM_PWM_MspInit                      0x0800b7b9   Thumb Code     2  stm32h7xx_hal_tim.o(i.HAL_TIM_PWM_MspInit)
    HAL_TIM_PWM_PulseFinishedCallback        0x0800b7bb   Thumb Code     2  stm32h7xx_hal_tim.o(i.HAL_TIM_PWM_PulseFinishedCallback)
    HAL_TIM_PeriodElapsedCallback            0x0800b7bd   Thumb Code   690  main.o(i.HAL_TIM_PeriodElapsedCallback)
    HAL_TIM_TriggerCallback                  0x0800baed   Thumb Code     2  stm32h7xx_hal_tim.o(i.HAL_TIM_TriggerCallback)
    HAL_UARTEx_DisableFifoMode               0x0800baf1   Thumb Code   156  stm32h7xx_hal_uart_ex.o(i.HAL_UARTEx_DisableFifoMode)
    HAL_UARTEx_RxEventCallback               0x0800bbe9   Thumb Code     2  stm32h7xx_hal_uart.o(i.HAL_UARTEx_RxEventCallback)
    HAL_UARTEx_RxFifoFullCallback            0x0800bbeb   Thumb Code     2  stm32h7xx_hal_uart_ex.o(i.HAL_UARTEx_RxFifoFullCallback)
    HAL_UARTEx_SetRxFifoThreshold            0x0800bbed   Thumb Code   214  stm32h7xx_hal_uart_ex.o(i.HAL_UARTEx_SetRxFifoThreshold)
    HAL_UARTEx_SetTxFifoThreshold            0x0800bd21   Thumb Code   214  stm32h7xx_hal_uart_ex.o(i.HAL_UARTEx_SetTxFifoThreshold)
    HAL_UARTEx_TxFifoEmptyCallback           0x0800be55   Thumb Code     2  stm32h7xx_hal_uart_ex.o(i.HAL_UARTEx_TxFifoEmptyCallback)
    HAL_UARTEx_WakeupCallback                0x0800be57   Thumb Code     2  stm32h7xx_hal_uart_ex.o(i.HAL_UARTEx_WakeupCallback)
    HAL_UART_DMAStop                         0x0800be59   Thumb Code   190  stm32h7xx_hal_uart.o(i.HAL_UART_DMAStop)
    HAL_UART_ErrorCallback                   0x0800bf17   Thumb Code     2  stm32h7xx_hal_uart.o(i.HAL_UART_ErrorCallback)
    HAL_UART_IRQHandler                      0x0800bf19   Thumb Code  1172  stm32h7xx_hal_uart.o(i.HAL_UART_IRQHandler)
    HAL_UART_Init                            0x0800c3ad   Thumb Code   288  stm32h7xx_hal_uart.o(i.HAL_UART_Init)
    HAL_UART_MspInit                         0x0800c52d   Thumb Code  2358  stm32h7xx_hal_msp.o(i.HAL_UART_MspInit)
    HAL_UART_Receive_DMA                     0x0800ce75   Thumb Code    88  stm32h7xx_hal_uart.o(i.HAL_UART_Receive_DMA)
    HAL_UART_Receive_IT                      0x0800ced1   Thumb Code    88  stm32h7xx_hal_uart.o(i.HAL_UART_Receive_IT)
    HAL_UART_RxCpltCallback                  0x0800cf2d   Thumb Code    54  main.o(i.HAL_UART_RxCpltCallback)
    HAL_UART_RxHalfCpltCallback              0x0800cf79   Thumb Code     2  stm32h7xx_hal_uart.o(i.HAL_UART_RxHalfCpltCallback)
    HAL_UART_Transmit                        0x0800cf7b   Thumb Code   194  stm32h7xx_hal_uart.o(i.HAL_UART_Transmit)
    HAL_UART_Transmit_DMA                    0x0800d03d   Thumb Code   148  stm32h7xx_hal_uart.o(i.HAL_UART_Transmit_DMA)
    HAL_UART_Transmit_IT                     0x0800d0dd   Thumb Code   156  stm32h7xx_hal_uart.o(i.HAL_UART_Transmit_IT)
    HAL_UART_TxCpltCallback                  0x0800d189   Thumb Code    72  main.o(i.HAL_UART_TxCpltCallback)
    HAL_UART_TxHalfCpltCallback              0x0800d1e1   Thumb Code     2  stm32h7xx_hal_uart.o(i.HAL_UART_TxHalfCpltCallback)
    HandleButtonPress                        0x0800d1e5   Thumb Code   260  main.o(i.HandleButtonPress)
    HardFault_Handler                        0x0800d321   Thumb Code     4  stm32h7xx_it.o(i.HardFault_Handler)
    Home_Button_Handle                       0x0800d325   Thumb Code     8  main.o(i.Home_Button_Handle)
    Home_Page_Nextion_Print                  0x0800d331   Thumb Code   150  main.o(i.Home_Page_Nextion_Print)
    Home_Robot_Button_Handle                 0x0800d401   Thumb Code     8  main.o(i.Home_Robot_Button_Handle)
    Init_Nextion_Comp                        0x0800d491   Thumb Code   830  main.o(i.Init_Nextion_Comp)
    Joystick_To_Velocity                     0x0800d935   Thumb Code   298  swerve_x4_kinematic.o(i.Joystick_To_Velocity)
    MemManage_Handler                        0x0800e5b9   Thumb Code     4  stm32h7xx_it.o(i.MemManage_Handler)
    Motion_Profile_Compute                   0x0800e5bd   Thumb Code   334  waypoints.o(i.Motion_Profile_Compute)
    Motion_Profile_Finished                  0x0800e711   Thumb Code    24  waypoints.o(i.Motion_Profile_Finished)
    Motion_Profile_Init                      0x0800e729   Thumb Code   258  waypoints.o(i.Motion_Profile_Init)
    NMI_Handler                              0x0800e831   Thumb Code     4  stm32h7xx_it.o(i.NMI_Handler)
    NextionAddComp                           0x0800e835   Thumb Code    88  nextion_hmi.o(i.NextionAddComp)
    NextionInit                              0x0800e88d   Thumb Code    68  nextion_hmi.o(i.NextionInit)
    NextionSendCommand                       0x0800e8d1   Thumb Code    16  nextion_hmi.o(i.NextionSendCommand)
    NextionSetVal                            0x0800e8e1   Thumb Code    44  nextion_hmi.o(i.NextionSetVal)
    NextionUpdate                            0x0800e919   Thumb Code   348  nextion_hmi.o(i.NextionUpdate)
    Nextion_EnqueueCommand                   0x0800ea75   Thumb Code   138  nextion_hmi.o(i.Nextion_EnqueueCommand)
    Nextion_Process                          0x0800eaff   Thumb Code    84  nextion_hmi.o(i.Nextion_Process)
    Nextion_UART_TxCpltCallback              0x0800eb53   Thumb Code    34  nextion_hmi.o(i.Nextion_UART_TxCpltCallback)
    OptimizeSteeringAngle                    0x0800eb75   Thumb Code   184  swerve_x4_kinematic.o(i.OptimizeSteeringAngle)
    OptimizeSteeringAngle_Pure               0x0800ec31   Thumb Code   184  swerve_x4_kinematic.o(i.OptimizeSteeringAngle_Pure)
    PID                                      0x0800eced   Thumb Code   106  pid.o(i.PID)
    PID_Compute                              0x0800ed69   Thumb Code   258  pid.o(i.PID_Compute)
    PID_Init                                 0x0800ee75   Thumb Code    76  pid.o(i.PID_Init)
    PID_SetControllerDirection               0x0800eec1   Thumb Code    62  pid.o(i.PID_SetControllerDirection)
    PID_SetMode                              0x0800ef09   Thumb Code    34  pid.o(i.PID_SetMode)
    PID_SetOutputLimits                      0x0800ef2b   Thumb Code   144  pid.o(i.PID_SetOutputLimits)
    PID_SetSampleTime                        0x0800efbb   Thumb Code    52  pid.o(i.PID_SetSampleTime)
    PID_SetTunings2                          0x0800eff1   Thumb Code   152  pid.o(i.PID_SetTunings2)
    PS4_Init                                 0x0800f099   Thumb Code     6  ps4_esp.o(i.PS4_Init)
    PS4_Page_Nextion_Print                   0x0800f0a5   Thumb Code   658  main.o(i.PS4_Page_Nextion_Print)
    PS4_UART_Req                             0x0800f3a1   Thumb Code    28  ps4_esp.o(i.PS4_UART_Req)
    PS4_UART_Rx_IDLE_Handle                  0x0800f3c9   Thumb Code    72  ps4_esp.o(i.PS4_UART_Rx_IDLE_Handle)
    PendSV_Handler                           0x0800f421   Thumb Code     2  stm32h7xx_it.o(i.PendSV_Handler)
    Rad_2_rpm                                0x0800f8f5   Thumb Code    14  swerve_x4_kinematic.o(i.Rad_2_rpm)
    RobotAcceleration_Init                   0x0800f909   Thumb Code    42  robot_acceleration.o(i.RobotAcceleration_Init)
    RobotAcceleration_Update                 0x0800f939   Thumb Code   132  robot_acceleration.o(i.RobotAcceleration_Update)
    Robot_Hold_Stop                          0x0800f9bd   Thumb Code    46  main.o(i.Robot_Hold_Stop)
    Run_Button_Handle                        0x0800f9f5   Thumb Code     8  main.o(i.Run_Button_Handle)
    SVC_Handler                              0x0800fa01   Thumb Code     2  stm32h7xx_it.o(i.SVC_Handler)
    Set_Buzzer_State                         0x0800fa05   Thumb Code    16  main.o(i.Set_Buzzer_State)
    Set_LED_State                            0x0800fa19   Thumb Code    84  main.o(i.Set_LED_State)
    Stop_Button_Handle                       0x0800fa75   Thumb Code     2  main.o(i.Stop_Button_Handle)
    Swerve_4X_CalculateModules               0x0800fa79   Thumb Code   814  swerve_x4_kinematic.o(i.Swerve_4X_CalculateModules)
    Swerve_4X_Field_Control                  0x0800fdbd   Thumb Code   286  swerve_x4_kinematic.o(i.Swerve_4X_Field_Control)
    Swerve_4X_Init                           0x0800feed   Thumb Code   374  swerve_x4_kinematic.o(i.Swerve_4X_Init)
    SysTick_Handler                          0x080100c1   Thumb Code     8  stm32h7xx_it.o(i.SysTick_Handler)
    SystemClock_Config                       0x080100c9   Thumb Code   300  main.o(i.SystemClock_Config)
    SystemInit                               0x08010201   Thumb Code   212  system_stm32h7xx.o(i.SystemInit)
    TIM16_IRQHandler                         0x080102fd   Thumb Code    10  stm32h7xx_it.o(i.TIM16_IRQHandler)
    TIM17_IRQHandler                         0x0801030d   Thumb Code    10  stm32h7xx_it.o(i.TIM17_IRQHandler)
    TIM5_IRQHandler                          0x0801031d   Thumb Code    10  stm32h7xx_it.o(i.TIM5_IRQHandler)
    TIM_Base_SetConfig                       0x0801032d   Thumb Code   186  stm32h7xx_hal_tim.o(i.TIM_Base_SetConfig)
    TIM_CCxChannelCmd                        0x08010409   Thumb Code   166  stm32h7xx_hal_tim.o(i.TIM_CCxChannelCmd)
    TIM_ETR_SetConfig                        0x08010515   Thumb Code    22  stm32h7xx_hal_tim.o(i.TIM_ETR_SetConfig)
    TIM_OC2_SetConfig                        0x0801067d   Thumb Code   240  stm32h7xx_hal_tim.o(i.TIM_OC2_SetConfig)
    Test_PS4_Button_Handle                   0x08010afd   Thumb Code     8  main.o(i.Test_PS4_Button_Handle)
    Timeout_Begin                            0x08010b09   Thumb Code    50  timer_timeout.o(i.Timeout_Begin)
    Timer_Timeout_Check                      0x08010b45   Thumb Code    80  timer_timeout.o(i.Timer_Timeout_Check)
    Timer_Timeout_Init                       0x08010b95   Thumb Code    10  timer_timeout.o(i.Timer_Timeout_Init)
    Timer_Timeout_Reset                      0x08010b9f   Thumb Code     8  timer_timeout.o(i.Timer_Timeout_Reset)
    Timer_Timeout_Start                      0x08010ba7   Thumb Code    12  timer_timeout.o(i.Timer_Timeout_Start)
    Toggle_Solenoid                          0x08010bb5   Thumb Code    30  main.o(i.Toggle_Solenoid)
    UART4_IRQHandler                         0x08010bd9   Thumb Code    10  stm32h7xx_it.o(i.UART4_IRQHandler)
    UART5_IRQHandler                         0x08010be9   Thumb Code    10  stm32h7xx_it.o(i.UART5_IRQHandler)
    UART7_IRQHandler                         0x08010bf9   Thumb Code    10  stm32h7xx_it.o(i.UART7_IRQHandler)
    UART8_IRQHandler                         0x08010c09   Thumb Code    10  stm32h7xx_it.o(i.UART8_IRQHandler)
    UART_AdvFeatureConfig                    0x08010c71   Thumb Code   578  stm32h7xx_hal_uart.o(i.UART_AdvFeatureConfig)
    UART_CheckIdleState                      0x08010f11   Thumb Code   234  stm32h7xx_hal_uart.o(i.UART_CheckIdleState)
    UART_SetConfig                           0x08011881   Thumb Code  1782  stm32h7xx_hal_uart.o(i.UART_SetConfig)
    UART_Start_Receive_DMA                   0x08011f8d   Thumb Code   186  stm32h7xx_hal_uart.o(i.UART_Start_Receive_DMA)
    UART_Start_Receive_IT                    0x08012055   Thumb Code   332  stm32h7xx_hal_uart.o(i.UART_Start_Receive_IT)
    UART_WaitOnFlagUntilTimeout              0x0801236f   Thumb Code   172  stm32h7xx_hal_uart.o(i.UART_WaitOnFlagUntilTimeout)
    USART1_IRQHandler                        0x0801241d   Thumb Code    10  stm32h7xx_it.o(i.USART1_IRQHandler)
    USART2_IRQHandler                        0x0801242d   Thumb Code    10  stm32h7xx_it.o(i.USART2_IRQHandler)
    USART3_IRQHandler                        0x0801243d   Thumb Code    10  stm32h7xx_it.o(i.USART3_IRQHandler)
    USART6_IRQHandler                        0x0801244d   Thumb Code    10  stm32h7xx_it.o(i.USART6_IRQHandler)
    Update_Nextion_Page                      0x0801245d   Thumb Code    32  main.o(i.Update_Nextion_Page)
    UsageFault_Handler                       0x08012481   Thumb Code     4  stm32h7xx_it.o(i.UsageFault_Handler)
    WT901C_Begin_Recieve                     0x08012485   Thumb Code    12  wt901c.o(i.WT901C_Begin_Recieve)
    WT901C_Calibrate_Accel                   0x08012491   Thumb Code   122  wt901c.o(i.WT901C_Calibrate_Accel)
    WT901C_Init                              0x08012525   Thumb Code    58  wt901c.o(i.WT901C_Init)
    WT901C_Process_Buffer                    0x08012565   Thumb Code   304  wt901c.o(i.WT901C_Process_Buffer)
    WT901C_Reset_Angles                      0x080126a9   Thumb Code   102  wt901c.o(i.WT901C_Reset_Angles)
    WT901C_Start_Receive                     0x08012729   Thumb Code    16  wt901c.o(i.WT901C_Start_Receive)
    WT901C_Stop_Recieve                      0x0801273d   Thumb Code    12  wt901c.o(i.WT901C_Stop_Recieve)
    WT901C_UART_Rx_IDLE_Hanlde               0x08012749   Thumb Code    22  wt901c.o(i.WT901C_UART_Rx_IDLE_Hanlde)
    __ARM_fpclassify                         0x08012765   Thumb Code    48  fpclassify.o(i.__ARM_fpclassify)
    __ARM_fpclassifyf                        0x08012795   Thumb Code    38  fpclassifyf.o(i.__ARM_fpclassifyf)
    __hardfp_atan2f                          0x080127f5   Thumb Code   502  atan2f.o(i.__hardfp_atan2f)
    __hardfp_cosf                            0x08012a4d   Thumb Code   276  cosf.o(i.__hardfp_cosf)
    __hardfp_exp                             0x08012ba1   Thumb Code   486  exp.o(i.__hardfp_exp)
    __hardfp_fmodf                           0x08012e09   Thumb Code   176  fmodf.o(i.__hardfp_fmodf)
    __hardfp_sinf                            0x08012eb9   Thumb Code   344  sinf.o(i.__hardfp_sinf)
    __hardfp_sqrtf                           0x0801304d   Thumb Code    58  sqrtf.o(i.__hardfp_sqrtf)
    __kernel_poly                            0x08013087   Thumb Code   112  poly.o(i.__kernel_poly)
    __mathlib_dbl_infnan                     0x080130f7   Thumb Code     6  dunder.o(i.__mathlib_dbl_infnan)
    __mathlib_dbl_overflow                   0x08013101   Thumb Code    10  dunder.o(i.__mathlib_dbl_overflow)
    __mathlib_dbl_underflow                  0x08013119   Thumb Code    10  dunder.o(i.__mathlib_dbl_underflow)
    __mathlib_flt_infnan                     0x08013131   Thumb Code     6  funder.o(i.__mathlib_flt_infnan)
    __mathlib_flt_infnan2                    0x08013137   Thumb Code     6  funder.o(i.__mathlib_flt_infnan2)
    __mathlib_flt_invalid                    0x0801313d   Thumb Code    10  funder.o(i.__mathlib_flt_invalid)
    __mathlib_flt_underflow                  0x0801314d   Thumb Code    10  funder.o(i.__mathlib_flt_underflow)
    __mathlib_rredf2                         0x0801315d   Thumb Code   316  rredf.o(i.__mathlib_rredf2)
    assert_failed                            0x08013305   Thumb Code     2  main.o(i.assert_failed)
    main                                     0x08013331   Thumb Code   712  main.o(i.main)
    __fpl_fnaninf                            0x08013691   Thumb Code   140  fnaninf.o(x$fpl$fnaninf)
    _fp_init                                 0x0801371d   Thumb Code    10  fpinit.o(x$fpl$fpinit)
    __fplib_config_fpu_vfp                   0x08013725   Thumb Code     0  fpinit.o(x$fpl$fpinit)
    __fplib_config_pureend_doubles           0x08013725   Thumb Code     0  fpinit.o(x$fpl$fpinit)
    _frem                                    0x08013729   Thumb Code   240  frem_clz.o(x$fpl$frem)
    __I$use$fp                               0x0801381c   Number         0  usenofp.o(x$fpl$usenofp)
    UARTPrescTable                           0x08013960   Data          24  stm32h7xx_hal_uart.o(.constdata)
    D1CorePrescTable                         0x08013988   Data          16  system_stm32h7xx.o(.constdata)
    Region$$Table$$Base                      0x08013a10   Number         0  anon$$obj.o(Region$$Table)
    Region$$Table$$Limit                     0x08013a30   Number         0  anon$$obj.o(Region$$Table)
    huart_ps4                                0x24000000   Data           4  ps4_esp.o(.data)
    Omega_PID_Out                            0x24000020   Data           8  swerve_x4_kinematic.o(.data)
    Kp_Omega                                 0x24000028   Data           8  swerve_x4_kinematic.o(.data)
    Ki_Omega                                 0x24000030   Data           8  swerve_x4_kinematic.o(.data)
    Kd_Omega                                 0x24000038   Data           8  swerve_x4_kinematic.o(.data)
    Speed_Omega_PID                          0x24000040   Data           8  swerve_x4_kinematic.o(.data)
    Vx_PID_Out                               0x24000048   Data           8  swerve_x4_kinematic.o(.data)
    Kp_Vx                                    0x24000050   Data           8  swerve_x4_kinematic.o(.data)
    Ki_Vx                                    0x24000058   Data           8  swerve_x4_kinematic.o(.data)
    Kd_Vx                                    0x24000060   Data           8  swerve_x4_kinematic.o(.data)
    Speed_Vx_PID                             0x24000068   Data           8  swerve_x4_kinematic.o(.data)
    Vy_PID_Out                               0x24000070   Data           8  swerve_x4_kinematic.o(.data)
    Kp_Vy                                    0x24000078   Data           8  swerve_x4_kinematic.o(.data)
    Ki_Vy                                    0x24000080   Data           8  swerve_x4_kinematic.o(.data)
    Kd_Vy                                    0x24000088   Data           8  swerve_x4_kinematic.o(.data)
    Speed_Vy_PID                             0x24000090   Data           8  swerve_x4_kinematic.o(.data)
    Robot_Side                               0x24000099   Data           1  main.o(.data)
    action_done_flag                         0x2400009a   Data           1  main.o(.data)
    Home_To_Picking_Ball                     0x2400009b   Data           1  main.o(.data)
    Exit_Function                            0x2400009c   Data           1  main.o(.data)
    mp_count                                 0x2400009d   Data           1  main.o(.data)
    profile_max_index                        0x240000a0   Data           4  main.o(.data)
    B_W                                      0x240000a4   Data          16  main.o(.data)
    C_W                                      0x240000b4   Data          16  main.o(.data)
    D_W                                      0x240000c4   Data          16  main.o(.data)
    E_W                                      0x240000d4   Data          16  main.o(.data)
    current_time                             0x240000e4   Data           4  main.o(.data)
    Is_Moving_Waypoints                      0x240000e8   Data           1  main.o(.data)
    Current_Arm_Position                     0x240000ea   Data           2  main.o(.data)
    Target_Arm_Position                      0x240000ec   Data           2  main.o(.data)
    Home_Pulse                               0x240000ee   Data           2  main.o(.data)
    Stanby_Picking_Ball_Pulse                0x240000f0   Data           2  main.o(.data)
    Home_Suck_Ball_Offset                    0x240000f2   Data           2  main.o(.data)
    Picking_Ball_Pulse                       0x240000f4   Data           2  main.o(.data)
    High_Silo_Pulse                          0x240000f6   Data           2  main.o(.data)
    Mid_Silo_Pulse                           0x240000f8   Data           2  main.o(.data)
    Low_Silo_Pulse                           0x240000fa   Data           2  main.o(.data)
    Is_Arm_Moving                            0x240000fc   Data           1  main.o(.data)
    arm_action_state                         0x240000fd   Data           1  main.o(.data)
    Encoder_X_Loc                            0x24000100   Data           4  main.o(.data)
    Encoder_Y_Loc                            0x24000104   Data           4  main.o(.data)
    Distance_Encoder                         0x24000108   Data           4  main.o(.data)
    Robot_Reset_Home                         0x2400010c   Data           1  main.o(.data)
    Button_State                             0x2400010e   Data           2  main.o(.data)
    Last_Button                              0x24000110   Data           2  main.o(.data)
    Button_Hold_State                        0x24000112   Data           1  main.o(.data)
    Timer_OVF_Flag_0                         0x24000114   Data           2  main.o(.data)
    Timer_OVF_Flag_1                         0x24000116   Data           2  main.o(.data)
    Timer_OVF_Flag_2                         0x24000118   Data           2  main.o(.data)
    V_Robot_Target                           0x2400011a   Data           1  main.o(.data)
    Accel_Time                               0x2400011c   Data           4  main.o(.data)
    Buzzer                                   0x24000120   Data           6  main.o(.data)
    Page_State                               0x24000126   Data           1  main.o(.data)
    uwTick                                   0x24000134   Data           4  stm32h7xx_hal.o(.data)
    uwTickPrio                               0x24000138   Data           4  stm32h7xx_hal.o(.data)
    uwTickFreq                               0x2400013c   Data           1  stm32h7xx_hal.o(.data)
    SystemCoreClock                          0x24000140   Data           4  system_stm32h7xx.o(.data)
    SystemD2Clock                            0x24000144   Data           4  system_stm32h7xx.o(.data)
    rx_buffer                                0x24000198   Data           9  ps4_esp.o(.bss)
    rx_buffer_imu                            0x240001ac   Data          25  wt901c.o(.bss)
    Joystick                                 0x240001d4   Data          12  swerve_x4_kinematic.o(.bss)
    hadc1                                    0x240001ec   Data         100  main.o(.bss)
    hfdcan1                                  0x24000250   Data         160  main.o(.bss)
    hi2c1                                    0x240002f0   Data          84  main.o(.bss)
    htim1                                    0x24000344   Data          76  main.o(.bss)
    htim4                                    0x24000390   Data          76  main.o(.bss)
    htim5                                    0x240003dc   Data          76  main.o(.bss)
    htim16                                   0x24000428   Data          76  main.o(.bss)
    htim17                                   0x24000474   Data          76  main.o(.bss)
    huart4                                   0x240004c0   Data         148  main.o(.bss)
    huart5                                   0x24000554   Data         148  main.o(.bss)
    huart7                                   0x240005e8   Data         148  main.o(.bss)
    huart8                                   0x2400067c   Data         148  main.o(.bss)
    huart1                                   0x24000710   Data         148  main.o(.bss)
    huart2                                   0x240007a4   Data         148  main.o(.bss)
    huart3                                   0x24000838   Data         148  main.o(.bss)
    huart6                                   0x240008cc   Data         148  main.o(.bss)
    hdma_uart4_rx                            0x24000960   Data         120  main.o(.bss)
    hdma_uart4_tx                            0x240009d8   Data         120  main.o(.bss)
    hdma_uart5_rx                            0x24000a50   Data         120  main.o(.bss)
    hdma_uart5_tx                            0x24000ac8   Data         120  main.o(.bss)
    hdma_uart7_rx                            0x24000b40   Data         120  main.o(.bss)
    hdma_uart7_tx                            0x24000bb8   Data         120  main.o(.bss)
    hdma_uart8_tx                            0x24000c30   Data         120  main.o(.bss)
    hdma_uart8_rx                            0x24000ca8   Data         120  main.o(.bss)
    hdma_usart1_rx                           0x24000d20   Data         120  main.o(.bss)
    hdma_usart1_tx                           0x24000d98   Data         120  main.o(.bss)
    hdma_usart2_rx                           0x24000e10   Data         120  main.o(.bss)
    hdma_usart2_tx                           0x24000e88   Data         120  main.o(.bss)
    hdma_usart3_rx                           0x24000f00   Data         120  main.o(.bss)
    hdma_usart3_tx                           0x24000f78   Data         120  main.o(.bss)
    hdma_usart6_rx                           0x24000ff0   Data         120  main.o(.bss)
    hdma_usart6_tx                           0x24001068   Data         120  main.o(.bss)
    profile                                  0x240010e0   Data         300  main.o(.bss)
    A_W                                      0x2400120c   Data          16  main.o(.bss)
    Encoder_X_Local                          0x2400121c   Data          28  main.o(.bss)
    Encoder_Y_Local                          0x24001238   Data          28  main.o(.bss)
    IMU                                      0x24001254   Data          16  main.o(.bss)
    Omega_PID                                0x24001268   Data         112  main.o(.bss)
    Vx_PID                                   0x240012d8   Data         112  main.o(.bss)
    Vy_PID                                   0x24001348   Data         112  main.o(.bss)
    PS4_Dat                                  0x240013b8   Data           9  main.o(.bss)
    Task_TO                                  0x240013c2   Data          30  main.o(.bss)
    Swerve_Robot                             0x240013e0   Data         120  main.o(.bss)
    Wheel_Motor                              0x24001458   Data          40  main.o(.bss)
    Steering_Motor                           0x24001480   Data          40  main.o(.bss)
    Swerve_Acceleration                      0x240014a8   Data          24  main.o(.bss)
    nextion                                  0x240014c0   Data        1240  main.o(.bss)
    IMU_TEXT                                 0x24001998   Data          16  main.o(.bss)
    imu_val                                  0x240019a8   Data          16  main.o(.bss)
    Encoder_X_val                            0x240019b8   Data          16  main.o(.bss)
    Encoder_Y_val                            0x240019c8   Data          16  main.o(.bss)
    Lazer_X_val                              0x240019d8   Data          16  main.o(.bss)
    Lazer_Y_val                              0x240019e8   Data          16  main.o(.bss)
    Side                                     0x240019f8   Data          16  main.o(.bss)
    up_ps4_val                               0x24001a08   Data          16  main.o(.bss)
    down_ps4_val                             0x24001a18   Data          16  main.o(.bss)
    right_ps4_val                            0x24001a28   Data          16  main.o(.bss)
    left_ps4_val                             0x24001a38   Data          16  main.o(.bss)
    triag_ps4_val                            0x24001a48   Data          16  main.o(.bss)
    cross_ps4_val                            0x24001a58   Data          16  main.o(.bss)
    circle_ps4_val                           0x24001a68   Data          16  main.o(.bss)
    square_ps4_val                           0x24001a78   Data          16  main.o(.bss)
    r1_ps4_val                               0x24001a88   Data          16  main.o(.bss)
    l1_ps4_val                               0x24001a98   Data          16  main.o(.bss)
    r3_ps4_val                               0x24001aa8   Data          16  main.o(.bss)
    l3_ps4_val                               0x24001ab8   Data          16  main.o(.bss)
    opt_ps4_val                              0x24001ac8   Data          16  main.o(.bss)
    share_ps4_val                            0x24001ad8   Data          16  main.o(.bss)
    ps_ps4_val                               0x24001ae8   Data          16  main.o(.bss)
    kp_ps4_val                               0x24001af8   Data          16  main.o(.bss)
    rx_bar                                   0x24001b08   Data          16  main.o(.bss)
    ry_bar                                   0x24001b18   Data          16  main.o(.bss)
    lx_bar                                   0x24001b28   Data          16  main.o(.bss)
    ly_bar                                   0x24001b38   Data          16  main.o(.bss)
    r2_bar                                   0x24001b48   Data          16  main.o(.bss)
    l2_bar                                   0x24001b58   Data          16  main.o(.bss)
    ps4_fault                                0x24001b68   Data          16  main.o(.bss)
    imu_fault                                0x24001b78   Data          16  main.o(.bss)
    test_ps4_button                          0x24001b88   Data          16  main.o(.bss)
    home_button                              0x24001b98   Data          16  main.o(.bss)
    robot_home_button                        0x24001ba8   Data          16  main.o(.bss)
    change_side_button                       0x24001bb8   Data          16  main.o(.bss)
    run_button                               0x24001bc8   Data          16  main.o(.bss)
    stop_button                              0x24001bd8   Data          16  main.o(.bss)
    __libspace_start                         0x24001be8   Data          96  libspace.o(.bss)
    __temporary_stack_top$libspace           0x24001c48   Data           0  libspace.o(.bss)



==============================================================================

Memory Map of the image

  Image Entry point : 0x08000299

  Load Region LR_IROM1 (Base: 0x08000000, Size: 0x00013b78, Max: 0x00200000, ABSOLUTE, COMPRESSED[0x00013a98])

    Execution Region ER_IROM1 (Exec base: 0x08000000, Load base: 0x08000000, Size: 0x00013a30, Max: 0x00200000, ABSOLUTE)

    Exec Addr    Load Addr    Size         Type   Attr      Idx    E Section Name        Object

    0x08000000   0x08000000   0x00000298   Data   RO            3    RESET               startup_stm32h743xx.o
    0x08000298   0x08000298   0x00000008   Code   RO         6960  * !!!main             c_w.l(__main.o)
    0x080002a0   0x080002a0   0x00000034   Code   RO         7314    !!!scatter          c_w.l(__scatter.o)
    0x080002d4   0x080002d4   0x0000005a   Code   RO         7312    !!dczerorl2         c_w.l(__dczerorl2.o)
    0x0800032e   0x0800032e   0x00000002   PAD
    0x08000330   0x08000330   0x0000001c   Code   RO         7316    !!handler_zi        c_w.l(__scatter_zi.o)
    0x0800034c   0x0800034c   0x00000000   Code   RO         6943    .ARM.Collect$$_printf_percent$$00000000  c_w.l(_printf_percent.o)
    0x0800034c   0x0800034c   0x00000006   Code   RO         6942    .ARM.Collect$$_printf_percent$$00000009  c_w.l(_printf_d.o)
    0x08000352   0x08000352   0x00000006   Code   RO         6941    .ARM.Collect$$_printf_percent$$00000014  c_w.l(_printf_s.o)
    0x08000358   0x08000358   0x00000004   Code   RO         7084    .ARM.Collect$$_printf_percent$$00000017  c_w.l(_printf_percent_end.o)
    0x0800035c   0x0800035c   0x00000002   Code   RO         7251    .ARM.Collect$$libinit$$00000000  c_w.l(libinit.o)
    0x0800035e   0x0800035e   0x00000004   Code   RO         7087    .ARM.Collect$$libinit$$00000001  c_w.l(libinit2.o)
    0x08000362   0x08000362   0x00000000   Code   RO         7090    .ARM.Collect$$libinit$$00000004  c_w.l(libinit2.o)
    0x08000362   0x08000362   0x00000008   Code   RO         7091    .ARM.Collect$$libinit$$00000005  c_w.l(libinit2.o)
    0x0800036a   0x0800036a   0x00000000   Code   RO         7093    .ARM.Collect$$libinit$$0000000A  c_w.l(libinit2.o)
    0x0800036a   0x0800036a   0x00000000   Code   RO         7095    .ARM.Collect$$libinit$$0000000C  c_w.l(libinit2.o)
    0x0800036a   0x0800036a   0x00000000   Code   RO         7097    .ARM.Collect$$libinit$$0000000E  c_w.l(libinit2.o)
    0x0800036a   0x0800036a   0x00000000   Code   RO         7100    .ARM.Collect$$libinit$$00000011  c_w.l(libinit2.o)
    0x0800036a   0x0800036a   0x00000000   Code   RO         7102    .ARM.Collect$$libinit$$00000013  c_w.l(libinit2.o)
    0x0800036a   0x0800036a   0x00000000   Code   RO         7104    .ARM.Collect$$libinit$$00000015  c_w.l(libinit2.o)
    0x0800036a   0x0800036a   0x00000000   Code   RO         7106    .ARM.Collect$$libinit$$00000017  c_w.l(libinit2.o)
    0x0800036a   0x0800036a   0x00000000   Code   RO         7108    .ARM.Collect$$libinit$$00000019  c_w.l(libinit2.o)
    0x0800036a   0x0800036a   0x00000000   Code   RO         7110    .ARM.Collect$$libinit$$0000001B  c_w.l(libinit2.o)
    0x0800036a   0x0800036a   0x00000000   Code   RO         7112    .ARM.Collect$$libinit$$0000001D  c_w.l(libinit2.o)
    0x0800036a   0x0800036a   0x00000000   Code   RO         7114    .ARM.Collect$$libinit$$0000001F  c_w.l(libinit2.o)
    0x0800036a   0x0800036a   0x00000000   Code   RO         7116    .ARM.Collect$$libinit$$00000021  c_w.l(libinit2.o)
    0x0800036a   0x0800036a   0x00000000   Code   RO         7118    .ARM.Collect$$libinit$$00000023  c_w.l(libinit2.o)
    0x0800036a   0x0800036a   0x00000000   Code   RO         7120    .ARM.Collect$$libinit$$00000025  c_w.l(libinit2.o)
    0x0800036a   0x0800036a   0x00000000   Code   RO         7124    .ARM.Collect$$libinit$$0000002C  c_w.l(libinit2.o)
    0x0800036a   0x0800036a   0x00000000   Code   RO         7126    .ARM.Collect$$libinit$$0000002E  c_w.l(libinit2.o)
    0x0800036a   0x0800036a   0x00000000   Code   RO         7128    .ARM.Collect$$libinit$$00000030  c_w.l(libinit2.o)
    0x0800036a   0x0800036a   0x00000000   Code   RO         7130    .ARM.Collect$$libinit$$00000032  c_w.l(libinit2.o)
    0x0800036a   0x0800036a   0x00000002   Code   RO         7131    .ARM.Collect$$libinit$$00000033  c_w.l(libinit2.o)
    0x0800036c   0x0800036c   0x00000002   Code   RO         7309    .ARM.Collect$$libshutdown$$00000000  c_w.l(libshutdown.o)
    0x0800036e   0x0800036e   0x00000000   Code   RO         7267    .ARM.Collect$$libshutdown$$00000002  c_w.l(libshutdown2.o)
    0x0800036e   0x0800036e   0x00000000   Code   RO         7269    .ARM.Collect$$libshutdown$$00000004  c_w.l(libshutdown2.o)
    0x0800036e   0x0800036e   0x00000000   Code   RO         7272    .ARM.Collect$$libshutdown$$00000007  c_w.l(libshutdown2.o)
    0x0800036e   0x0800036e   0x00000000   Code   RO         7275    .ARM.Collect$$libshutdown$$0000000A  c_w.l(libshutdown2.o)
    0x0800036e   0x0800036e   0x00000000   Code   RO         7277    .ARM.Collect$$libshutdown$$0000000C  c_w.l(libshutdown2.o)
    0x0800036e   0x0800036e   0x00000000   Code   RO         7280    .ARM.Collect$$libshutdown$$0000000F  c_w.l(libshutdown2.o)
    0x0800036e   0x0800036e   0x00000002   Code   RO         7281    .ARM.Collect$$libshutdown$$00000010  c_w.l(libshutdown2.o)
    0x08000370   0x08000370   0x00000000   Code   RO         7038    .ARM.Collect$$rtentry$$00000000  c_w.l(__rtentry.o)
    0x08000370   0x08000370   0x00000000   Code   RO         7179    .ARM.Collect$$rtentry$$00000002  c_w.l(__rtentry2.o)
    0x08000370   0x08000370   0x00000006   Code   RO         7191    .ARM.Collect$$rtentry$$00000004  c_w.l(__rtentry4.o)
    0x08000376   0x08000376   0x00000000   Code   RO         7181    .ARM.Collect$$rtentry$$00000009  c_w.l(__rtentry2.o)
    0x08000376   0x08000376   0x00000004   Code   RO         7182    .ARM.Collect$$rtentry$$0000000A  c_w.l(__rtentry2.o)
    0x0800037a   0x0800037a   0x00000000   Code   RO         7184    .ARM.Collect$$rtentry$$0000000C  c_w.l(__rtentry2.o)
    0x0800037a   0x0800037a   0x00000008   Code   RO         7185    .ARM.Collect$$rtentry$$0000000D  c_w.l(__rtentry2.o)
    0x08000382   0x08000382   0x00000002   Code   RO         7254    .ARM.Collect$$rtexit$$00000000  c_w.l(rtexit.o)
    0x08000384   0x08000384   0x00000000   Code   RO         7285    .ARM.Collect$$rtexit$$00000002  c_w.l(rtexit2.o)
    0x08000384   0x08000384   0x00000004   Code   RO         7286    .ARM.Collect$$rtexit$$00000003  c_w.l(rtexit2.o)
    0x08000388   0x08000388   0x00000006   Code   RO         7287    .ARM.Collect$$rtexit$$00000004  c_w.l(rtexit2.o)
    0x0800038e   0x0800038e   0x00000002   PAD
    0x08000390   0x08000390   0x00000000   Code   RO         7202    .emb_text           c_w.l(maybetermalloc1.o)
    0x08000390   0x08000390   0x00000040   Code   RO            4    .text               startup_stm32h743xx.o
    0x080003d0   0x080003d0   0x0000005e   Code   RO         6855    .text               c_w.l(h1_alloc.o)
    0x0800042e   0x0800042e   0x000000ee   Code   RO         6909    .text               c_w.l(lludivv7m.o)
    0x0800051c   0x0800051c   0x00000028   Code   RO         6913    .text               c_w.l(noretval__2sprintf.o)
    0x08000544   0x08000544   0x00000068   Code   RO         6915    .text               c_w.l(__printf.o)
    0x080005ac   0x080005ac   0x00000052   Code   RO         6917    .text               c_w.l(_printf_str.o)
    0x080005fe   0x080005fe   0x00000002   PAD
    0x08000600   0x08000600   0x00000078   Code   RO         6919    .text               c_w.l(_printf_dec.o)
    0x08000678   0x08000678   0x00000048   Code   RO         6944    .text               c_w.l(strcpy.o)
    0x080006c0   0x080006c0   0x0000003e   Code   RO         6946    .text               c_w.l(strlen.o)
    0x080006fe   0x080006fe   0x0000008a   Code   RO         6948    .text               c_w.l(rt_memcpy_v6.o)
    0x08000788   0x08000788   0x00000064   Code   RO         6950    .text               c_w.l(rt_memcpy_w.o)
    0x080007ec   0x080007ec   0x00000044   Code   RO         6952    .text               c_w.l(rt_memclr.o)
    0x08000830   0x08000830   0x0000004e   Code   RO         6954    .text               c_w.l(rt_memclr_w.o)
    0x0800087e   0x0800087e   0x00000006   Code   RO         6958    .text               c_w.l(heapauxi.o)
    0x08000884   0x08000884   0x00000008   Code   RO         7046    .text               c_w.l(rt_heap_descriptor_intlibspace.o)
    0x0800088c   0x0800088c   0x00000004   Code   RO         7048    .text               c_w.l(hguard.o)
    0x08000890   0x08000890   0x0000008a   Code   RO         7050    .text               c_w.l(init_alloc.o)
    0x0800091a   0x0800091a   0x0000000e   Code   RO         7056    .text               c_w.l(h1_init.o)
    0x08000928   0x08000928   0x0000004e   Code   RO         7058    .text               c_w.l(h1_free.o)
    0x08000976   0x08000976   0x00000016   Code   RO         7074    .text               c_w.l(_rserrno.o)
    0x0800098c   0x0800098c   0x000000b2   Code   RO         7076    .text               c_w.l(_printf_intcommon.o)
    0x08000a3e   0x08000a3e   0x00000002   PAD
    0x08000a40   0x08000a40   0x00000030   Code   RO         7078    .text               c_w.l(_printf_char_common.o)
    0x08000a70   0x08000a70   0x0000000a   Code   RO         7080    .text               c_w.l(_sputc.o)
    0x08000a7a   0x08000a7a   0x0000002c   Code   RO         7082    .text               c_w.l(_printf_char.o)
    0x08000aa6   0x08000aa6   0x00000002   PAD
    0x08000aa8   0x08000aa8   0x00000008   Code   RO         7175    .text               c_w.l(libspace.o)
    0x08000ab0   0x08000ab0   0x00000008   Code   RO         7198    .text               c_w.l(rt_errno_addr_intlibspace.o)
    0x08000ab8   0x08000ab8   0x00000034   Code   RO         7204    .text               c_w.l(h1_extend.o)
    0x08000aec   0x08000aec   0x0000000e   Code   RO         7210    .text               c_w.l(defsig_rtmem_outer.o)
    0x08000afa   0x08000afa   0x00000002   Code   RO         7223    .text               c_w.l(use_no_semi.o)
    0x08000afc   0x08000afc   0x00000000   Code   RO         7225    .text               c_w.l(indicate_semi.o)
    0x08000afc   0x08000afc   0x0000004a   Code   RO         7226    .text               c_w.l(sys_stackheap_outer.o)
    0x08000b46   0x08000b46   0x00000012   Code   RO         7232    .text               c_w.l(exit.o)
    0x08000b58   0x08000b58   0x0000000a   Code   RO         7234    .text               c_w.l(defsig_exit.o)
    0x08000b62   0x08000b62   0x00000002   PAD
    0x08000b64   0x08000b64   0x00000050   Code   RO         7240    .text               c_w.l(defsig_rtmem_inner.o)
    0x08000bb4   0x08000bb4   0x0000000c   Code   RO         7252    .text               c_w.l(sys_exit.o)
    0x08000bc0   0x08000bc0   0x00000032   Code   RO         7262    .text               c_w.l(defsig_general.o)
    0x08000bf2   0x08000bf2   0x0000000e   Code   RO         7282    .text               c_w.l(sys_wrch.o)
    0x08000c00   0x08000c00   0x00000164   Code   RO         1610    i.ADC_ConfigureBoostMode  stm32h7xx_hal_adc.o
    0x08000d64   0x08000d64   0x00000010   Code   RO         1094    i.ADC_IRQHandler    stm32h7xx_it.o
    0x08000d74   0x08000d74   0x000000b4   Code   RO          760    i.Arm_Calculate     main.o
    0x08000e28   0x08000e28   0x00000060   Code   RO          761    i.Arm_Pick_Ball     main.o
    0x08000e88   0x08000e88   0x00000018   Code   RO          762    i.Arm_Relese_Ball   main.o
    0x08000ea0   0x08000ea0   0x00000020   Code   RO          764    i.Arm_Stanby_LowSilo  main.o
    0x08000ec0   0x08000ec0   0x00000028   Code   RO          766    i.Arm_Standby_Pick  main.o
    0x08000ee8   0x08000ee8   0x00000004   Code   RO           35    i.Assign_PID_AML_Id  driver_pid_aml.o
    0x08000eec   0x08000eec   0x00000004   Code   RO         1095    i.BusFault_Handler  stm32h7xx_it.o
    0x08000ef0   0x08000ef0   0x00000040   Code   RO          767    i.Buzzer_Update     main.o
    0x08000f30   0x08000f30   0x00000208   Code   RO          768    i.Change_Side_Button_Handle  main.o
    0x08001138   0x08001138   0x00000010   Code   RO         1096    i.DMA1_Stream0_IRQHandler  stm32h7xx_it.o
    0x08001148   0x08001148   0x00000010   Code   RO         1097    i.DMA1_Stream1_IRQHandler  stm32h7xx_it.o
    0x08001158   0x08001158   0x00000010   Code   RO         1098    i.DMA1_Stream2_IRQHandler  stm32h7xx_it.o
    0x08001168   0x08001168   0x00000010   Code   RO         1099    i.DMA1_Stream3_IRQHandler  stm32h7xx_it.o
    0x08001178   0x08001178   0x00000010   Code   RO         1100    i.DMA1_Stream4_IRQHandler  stm32h7xx_it.o
    0x08001188   0x08001188   0x00000010   Code   RO         1101    i.DMA1_Stream5_IRQHandler  stm32h7xx_it.o
    0x08001198   0x08001198   0x00000010   Code   RO         1102    i.DMA1_Stream6_IRQHandler  stm32h7xx_it.o
    0x080011a8   0x080011a8   0x00000010   Code   RO         1103    i.DMA1_Stream7_IRQHandler  stm32h7xx_it.o
    0x080011b8   0x080011b8   0x00000010   Code   RO         1104    i.DMA2_Stream0_IRQHandler  stm32h7xx_it.o
    0x080011c8   0x080011c8   0x00000010   Code   RO         1105    i.DMA2_Stream1_IRQHandler  stm32h7xx_it.o
    0x080011d8   0x080011d8   0x00000010   Code   RO         1106    i.DMA2_Stream2_IRQHandler  stm32h7xx_it.o
    0x080011e8   0x080011e8   0x00000010   Code   RO         1107    i.DMA2_Stream3_IRQHandler  stm32h7xx_it.o
    0x080011f8   0x080011f8   0x00000010   Code   RO         1108    i.DMA2_Stream4_IRQHandler  stm32h7xx_it.o
    0x08001208   0x08001208   0x00000010   Code   RO         1109    i.DMA2_Stream5_IRQHandler  stm32h7xx_it.o
    0x08001218   0x08001218   0x00000010   Code   RO         1110    i.DMA2_Stream6_IRQHandler  stm32h7xx_it.o
    0x08001228   0x08001228   0x00000010   Code   RO         1111    i.DMA2_Stream7_IRQHandler  stm32h7xx_it.o
    0x08001238   0x08001238   0x000000ec   Code   RO         2858    i.DMA_CalcBaseAndBitshift  stm32h7xx_hal_dma.o
    0x08001324   0x08001324   0x000000c4   Code   RO         2859    i.DMA_CalcDMAMUXChannelBaseAndMask  stm32h7xx_hal_dma.o
    0x080013e8   0x080013e8   0x00000098   Code   RO         2860    i.DMA_CalcDMAMUXRequestGenBaseAndMask  stm32h7xx_hal_dma.o
    0x08001480   0x08001480   0x000000ae   Code   RO         2861    i.DMA_CheckFifoParam  stm32h7xx_hal_dma.o
    0x0800152e   0x0800152e   0x00000002   PAD
    0x08001530   0x08001530   0x00000274   Code   RO         2862    i.DMA_SetConfig     stm32h7xx_hal_dma.o
    0x080017a4   0x080017a4   0x00000002   Code   RO         1112    i.DebugMon_Handler  stm32h7xx_it.o
    0x080017a6   0x080017a6   0x00000004   Code   RO           37    i.Driver_PID_AML_Init_UART  driver_pid_aml.o
    0x080017aa   0x080017aa   0x00000002   PAD
    0x080017ac   0x080017ac   0x00000060   Code   RO           38    i.Driver_Send_Setpoints_U1  driver_pid_aml.o
    0x0800180c   0x0800180c   0x00000060   Code   RO           39    i.Driver_Send_Setpoints_U2  driver_pid_aml.o
    0x0800186c   0x0800186c   0x00000036   Code   RO         1529    i.Encoder_GetRawCount  encoder.o
    0x080018a2   0x080018a2   0x0000004a   Code   RO         1530    i.Encoder_Init      encoder.o
    0x080018ec   0x080018ec   0x0000002c   Code   RO         1531    i.Encoder_Reset     encoder.o
    0x08001918   0x08001918   0x00000148   Code   RO         1532    i.Encoder_UpdateOdometry  encoder.o
    0x08001a60   0x08001a60   0x00000006   Code   RO          769    i.Error_Handler     main.o
    0x08001a66   0x08001a66   0x00000004   Code   RO          451    i.Extract_Button    ps4_esp.o
    0x08001a6a   0x08001a6a   0x00000002   PAD
    0x08001a6c   0x08001a6c   0x00000220   Code   RO         4633    i.FDCAN_CalcultateRamBlockAddresses  stm32h7xx_hal_fdcan.o
    0x08001c8c   0x08001c8c   0x00000002   Code   RO         1881    i.HAL_ADCEx_EndOfSamplingCallback  stm32h7xx_hal_adc_ex.o
    0x08001c8e   0x08001c8e   0x00000002   Code   RO         1884    i.HAL_ADCEx_InjectedConvCpltCallback  stm32h7xx_hal_adc_ex.o
    0x08001c90   0x08001c90   0x00000002   Code   RO         1887    i.HAL_ADCEx_InjectedQueueOverflowCallback  stm32h7xx_hal_adc_ex.o
    0x08001c92   0x08001c92   0x00000002   Code   RO         1892    i.HAL_ADCEx_LevelOutOfWindow2Callback  stm32h7xx_hal_adc_ex.o
    0x08001c94   0x08001c94   0x00000002   Code   RO         1893    i.HAL_ADCEx_LevelOutOfWindow3Callback  stm32h7xx_hal_adc_ex.o
    0x08001c96   0x08001c96   0x00000002   PAD
    0x08001c98   0x08001c98   0x00000260   Code   RO         1897    i.HAL_ADCEx_MultiModeConfigChannel  stm32h7xx_hal_adc_ex.o
    0x08001ef8   0x08001ef8   0x00000970   Code   RO         1618    i.HAL_ADC_ConfigChannel  stm32h7xx_hal_adc.o
    0x08002868   0x08002868   0x00000002   Code   RO         1619    i.HAL_ADC_ConvCpltCallback  stm32h7xx_hal_adc.o
    0x0800286a   0x0800286a   0x00000002   Code   RO         1622    i.HAL_ADC_ErrorCallback  stm32h7xx_hal_adc.o
    0x0800286c   0x0800286c   0x000003d4   Code   RO         1626    i.HAL_ADC_IRQHandler  stm32h7xx_hal_adc.o
    0x08002c40   0x08002c40   0x00000648   Code   RO         1627    i.HAL_ADC_Init      stm32h7xx_hal_adc.o
    0x08003288   0x08003288   0x00000002   Code   RO         1628    i.HAL_ADC_LevelOutOfWindowCallback  stm32h7xx_hal_adc.o
    0x0800328a   0x0800328a   0x00000002   PAD
    0x0800328c   0x0800328c   0x00000128   Code   RO         1339    i.HAL_ADC_MspInit   stm32h7xx_hal_msp.o
    0x080033b4   0x080033b4   0x000004dc   Code   RO         2863    i.HAL_DMA_Abort     stm32h7xx_hal_dma.o
    0x08003890   0x08003890   0x00000398   Code   RO         2864    i.HAL_DMA_Abort_IT  stm32h7xx_hal_dma.o
    0x08003c28   0x08003c28   0x00000006   Code   RO         2866    i.HAL_DMA_GetError  stm32h7xx_hal_dma.o
    0x08003c2e   0x08003c2e   0x00000002   PAD
    0x08003c30   0x08003c30   0x00000af8   Code   RO         2868    i.HAL_DMA_IRQHandler  stm32h7xx_hal_dma.o
    0x08004728   0x08004728   0x000007c4   Code   RO         2869    i.HAL_DMA_Init      stm32h7xx_hal_dma.o
    0x08004eec   0x08004eec   0x0000042c   Code   RO         2873    i.HAL_DMA_Start_IT  stm32h7xx_hal_dma.o
    0x08005318   0x08005318   0x00000028   Code   RO         3730    i.HAL_Delay         stm32h7xx_hal.o
    0x08005340   0x08005340   0x000005fc   Code   RO         4685    i.HAL_FDCAN_Init    stm32h7xx_hal_fdcan.o
    0x0800593c   0x0800593c   0x000000a0   Code   RO         1341    i.HAL_FDCAN_MspInit  stm32h7xx_hal_msp.o
    0x080059dc   0x080059dc   0x000003b8   Code   RO         2711    i.HAL_GPIO_Init     stm32h7xx_hal_gpio.o
    0x08005d94   0x08005d94   0x00000078   Code   RO         2715    i.HAL_GPIO_WritePin  stm32h7xx_hal_gpio.o
    0x08005e0c   0x08005e0c   0x0000000c   Code   RO         3741    i.HAL_GetREVID      stm32h7xx_hal.o
    0x08005e18   0x08005e18   0x0000000c   Code   RO         3742    i.HAL_GetTick       stm32h7xx_hal.o
    0x08005e24   0x08005e24   0x000000f8   Code   RO         4507    i.HAL_I2CEx_ConfigAnalogFilter  stm32h7xx_hal_i2c_ex.o
    0x08005f1c   0x08005f1c   0x000000ec   Code   RO         4508    i.HAL_I2CEx_ConfigDigitalFilter  stm32h7xx_hal_i2c_ex.o
    0x08006008   0x08006008   0x0000020c   Code   RO         4046    i.HAL_I2C_Init      stm32h7xx_hal_i2c.o
    0x08006214   0x08006214   0x0000009c   Code   RO         1343    i.HAL_I2C_MspInit   stm32h7xx_hal_msp.o
    0x080062b0   0x080062b0   0x00000018   Code   RO         3748    i.HAL_IncTick       stm32h7xx_hal.o
    0x080062c8   0x080062c8   0x00000060   Code   RO         3749    i.HAL_Init          stm32h7xx_hal.o
    0x08006328   0x08006328   0x00000058   Code   RO         3750    i.HAL_InitTick      stm32h7xx_hal.o
    0x08006380   0x08006380   0x00000284   Code   RO         3566    i.HAL_MPU_ConfigRegion  stm32h7xx_hal_cortex.o
    0x08006604   0x08006604   0x0000002c   Code   RO         3567    i.HAL_MPU_Disable   stm32h7xx_hal_cortex.o
    0x08006630   0x08006630   0x00000040   Code   RO         3569    i.HAL_MPU_Enable    stm32h7xx_hal_cortex.o
    0x08006670   0x08006670   0x00000024   Code   RO         1344    i.HAL_MspInit       stm32h7xx_hal_msp.o
    0x08006694   0x08006694   0x00000074   Code   RO         3573    i.HAL_NVIC_EnableIRQ  stm32h7xx_hal_cortex.o
    0x08006708   0x08006708   0x000000d4   Code   RO         3579    i.HAL_NVIC_SetPriority  stm32h7xx_hal_cortex.o
    0x080067dc   0x080067dc   0x00000088   Code   RO         3580    i.HAL_NVIC_SetPriorityGrouping  stm32h7xx_hal_cortex.o
    0x08006864   0x08006864   0x000000b0   Code   RO         3312    i.HAL_PWREx_ConfigSupply  stm32h7xx_hal_pwr_ex.o
    0x08006914   0x08006914   0x00000024   Code   RO         2262    i.HAL_RCCEx_GetD3PCLK1Freq  stm32h7xx_hal_rcc_ex.o
    0x08006938   0x08006938   0x00000230   Code   RO         2263    i.HAL_RCCEx_GetPLL1ClockFreq  stm32h7xx_hal_rcc_ex.o
    0x08006b68   0x08006b68   0x00000230   Code   RO         2264    i.HAL_RCCEx_GetPLL2ClockFreq  stm32h7xx_hal_rcc_ex.o
    0x08006d98   0x08006d98   0x00000230   Code   RO         2265    i.HAL_RCCEx_GetPLL3ClockFreq  stm32h7xx_hal_rcc_ex.o
    0x08006fc8   0x08006fc8   0x000008b0   Code   RO         2267    i.HAL_RCCEx_GetPeriphCLKFreq  stm32h7xx_hal_rcc_ex.o
    0x08007878   0x08007878   0x0000122a   Code   RO         2271    i.HAL_RCCEx_PeriphCLKConfig  stm32h7xx_hal_rcc_ex.o
    0x08008aa2   0x08008aa2   0x00000002   PAD
    0x08008aa4   0x08008aa4   0x00000608   Code   RO         2147    i.HAL_RCC_ClockConfig  stm32h7xx_hal_rcc.o
    0x080090ac   0x080090ac   0x0000004c   Code   RO         2152    i.HAL_RCC_GetHCLKFreq  stm32h7xx_hal_rcc.o
    0x080090f8   0x080090f8   0x00000024   Code   RO         2154    i.HAL_RCC_GetPCLK1Freq  stm32h7xx_hal_rcc.o
    0x0800911c   0x0800911c   0x00000024   Code   RO         2155    i.HAL_RCC_GetPCLK2Freq  stm32h7xx_hal_rcc.o
    0x08009140   0x08009140   0x0000022c   Code   RO         2156    i.HAL_RCC_GetSysClockFreq  stm32h7xx_hal_rcc.o
    0x0800936c   0x0800936c   0x00000adc   Code   RO         2159    i.HAL_RCC_OscConfig  stm32h7xx_hal_rcc.o
    0x08009e48   0x08009e48   0x00000034   Code   RO         3584    i.HAL_SYSTICK_Config  stm32h7xx_hal_cortex.o
    0x08009e7c   0x08009e7c   0x00000002   Code   RO         5978    i.HAL_TIMEx_Break2Callback  stm32h7xx_hal_tim_ex.o
    0x08009e7e   0x08009e7e   0x00000002   Code   RO         5979    i.HAL_TIMEx_BreakCallback  stm32h7xx_hal_tim_ex.o
    0x08009e80   0x08009e80   0x00000002   Code   RO         5980    i.HAL_TIMEx_CommutCallback  stm32h7xx_hal_tim_ex.o
    0x08009e82   0x08009e82   0x00000002   PAD
    0x08009e84   0x08009e84   0x00000254   Code   RO         6000    i.HAL_TIMEx_MasterConfigSynchronization  stm32h7xx_hal_tim_ex.o
    0x0800a0d8   0x0800a0d8   0x000001f8   Code   RO         5253    i.HAL_TIM_Base_Init  stm32h7xx_hal_tim.o
    0x0800a2d0   0x0800a2d0   0x000000c0   Code   RO         1346    i.HAL_TIM_Base_MspInit  stm32h7xx_hal_msp.o
    0x0800a390   0x0800a390   0x00000180   Code   RO         5258    i.HAL_TIM_Base_Start_IT  stm32h7xx_hal_tim.o
    0x0800a510   0x0800a510   0x000005b8   Code   RO         5262    i.HAL_TIM_ConfigClockSource  stm32h7xx_hal_tim.o
    0x0800aac8   0x0800aac8   0x000002e4   Code   RO         5274    i.HAL_TIM_Encoder_Init  stm32h7xx_hal_tim.o
    0x0800adac   0x0800adac   0x000000f0   Code   RO         1348    i.HAL_TIM_Encoder_MspInit  stm32h7xx_hal_msp.o
    0x0800ae9c   0x0800ae9c   0x00000154   Code   RO         5277    i.HAL_TIM_Encoder_Start  stm32h7xx_hal_tim.o
    0x0800aff0   0x0800aff0   0x00000002   Code   RO         5287    i.HAL_TIM_IC_CaptureCallback  stm32h7xx_hal_tim.o
    0x0800aff2   0x0800aff2   0x00000198   Code   RO         5301    i.HAL_TIM_IRQHandler  stm32h7xx_hal_tim.o
    0x0800b18a   0x0800b18a   0x00000002   PAD
    0x0800b18c   0x0800b18c   0x0000005c   Code   RO         1349    i.HAL_TIM_MspPostInit  stm32h7xx_hal_msp.o
    0x0800b1e8   0x0800b1e8   0x00000002   Code   RO         5304    i.HAL_TIM_OC_DelayElapsedCallback  stm32h7xx_hal_tim.o
    0x0800b1ea   0x0800b1ea   0x00000002   PAD
    0x0800b1ec   0x0800b1ec   0x000003d4   Code   RO         5325    i.HAL_TIM_PWM_ConfigChannel  stm32h7xx_hal_tim.o
    0x0800b5c0   0x0800b5c0   0x000001f8   Code   RO         5328    i.HAL_TIM_PWM_Init  stm32h7xx_hal_tim.o
    0x0800b7b8   0x0800b7b8   0x00000002   Code   RO         5330    i.HAL_TIM_PWM_MspInit  stm32h7xx_hal_tim.o
    0x0800b7ba   0x0800b7ba   0x00000002   Code   RO         5331    i.HAL_TIM_PWM_PulseFinishedCallback  stm32h7xx_hal_tim.o
    0x0800b7bc   0x0800b7bc   0x00000330   Code   RO          770    i.HAL_TIM_PeriodElapsedCallback  main.o
    0x0800baec   0x0800baec   0x00000002   Code   RO         5344    i.HAL_TIM_TriggerCallback  stm32h7xx_hal_tim.o
    0x0800baee   0x0800baee   0x00000002   PAD
    0x0800baf0   0x0800baf0   0x000000f8   Code   RO         6694    i.HAL_UARTEx_DisableFifoMode  stm32h7xx_hal_uart_ex.o
    0x0800bbe8   0x0800bbe8   0x00000002   Code   RO         6278    i.HAL_UARTEx_RxEventCallback  stm32h7xx_hal_uart.o
    0x0800bbea   0x0800bbea   0x00000002   Code   RO         6702    i.HAL_UARTEx_RxFifoFullCallback  stm32h7xx_hal_uart_ex.o
    0x0800bbec   0x0800bbec   0x00000134   Code   RO         6703    i.HAL_UARTEx_SetRxFifoThreshold  stm32h7xx_hal_uart_ex.o
    0x0800bd20   0x0800bd20   0x00000134   Code   RO         6704    i.HAL_UARTEx_SetTxFifoThreshold  stm32h7xx_hal_uart_ex.o
    0x0800be54   0x0800be54   0x00000002   Code   RO         6706    i.HAL_UARTEx_TxFifoEmptyCallback  stm32h7xx_hal_uart_ex.o
    0x0800be56   0x0800be56   0x00000002   Code   RO         6707    i.HAL_UARTEx_WakeupCallback  stm32h7xx_hal_uart_ex.o
    0x0800be58   0x0800be58   0x000000be   Code   RO         6290    i.HAL_UART_DMAStop  stm32h7xx_hal_uart.o
    0x0800bf16   0x0800bf16   0x00000002   Code   RO         6294    i.HAL_UART_ErrorCallback  stm32h7xx_hal_uart.o
    0x0800bf18   0x0800bf18   0x00000494   Code   RO         6297    i.HAL_UART_IRQHandler  stm32h7xx_hal_uart.o
    0x0800c3ac   0x0800c3ac   0x00000180   Code   RO         6298    i.HAL_UART_Init     stm32h7xx_hal_uart.o
    0x0800c52c   0x0800c52c   0x00000948   Code   RO         1351    i.HAL_UART_MspInit  stm32h7xx_hal_msp.o
    0x0800ce74   0x0800ce74   0x0000005c   Code   RO         6302    i.HAL_UART_Receive_DMA  stm32h7xx_hal_uart.o
    0x0800ced0   0x0800ced0   0x0000005c   Code   RO         6303    i.HAL_UART_Receive_IT  stm32h7xx_hal_uart.o
    0x0800cf2c   0x0800cf2c   0x0000004c   Code   RO          771    i.HAL_UART_RxCpltCallback  main.o
    0x0800cf78   0x0800cf78   0x00000002   Code   RO         6306    i.HAL_UART_RxHalfCpltCallback  stm32h7xx_hal_uart.o
    0x0800cf7a   0x0800cf7a   0x000000c2   Code   RO         6307    i.HAL_UART_Transmit  stm32h7xx_hal_uart.o
    0x0800d03c   0x0800d03c   0x000000a0   Code   RO         6308    i.HAL_UART_Transmit_DMA  stm32h7xx_hal_uart.o
    0x0800d0dc   0x0800d0dc   0x000000ac   Code   RO         6309    i.HAL_UART_Transmit_IT  stm32h7xx_hal_uart.o
    0x0800d188   0x0800d188   0x00000058   Code   RO          772    i.HAL_UART_TxCpltCallback  main.o
    0x0800d1e0   0x0800d1e0   0x00000002   Code   RO         6311    i.HAL_UART_TxHalfCpltCallback  stm32h7xx_hal_uart.o
    0x0800d1e2   0x0800d1e2   0x00000002   PAD
    0x0800d1e4   0x0800d1e4   0x0000013c   Code   RO          773    i.HandleButtonPress  main.o
    0x0800d320   0x0800d320   0x00000004   Code   RO         1113    i.HardFault_Handler  stm32h7xx_it.o
    0x0800d324   0x0800d324   0x0000000c   Code   RO          774    i.Home_Button_Handle  main.o
    0x0800d330   0x0800d330   0x000000d0   Code   RO          775    i.Home_Page_Nextion_Print  main.o
    0x0800d400   0x0800d400   0x0000000c   Code   RO          776    i.Home_Robot_Button_Handle  main.o
    0x0800d40c   0x0800d40c   0x00000084   Code   RO          559    i.Infinite_Yaw      wt901c.o
    0x0800d490   0x0800d490   0x000004a4   Code   RO          777    i.Init_Nextion_Comp  main.o
    0x0800d934   0x0800d934   0x00000154   Code   RO          644    i.Joystick_To_Velocity  swerve_x4_kinematic.o
    0x0800da88   0x0800da88   0x0000000a   Code   RO         1640    i.LL_ADC_GetMultiDMATransfer  stm32h7xx_hal_adc.o
    0x0800da92   0x0800da92   0x0000000a   Code   RO         1641    i.LL_ADC_GetMultimode  stm32h7xx_hal_adc.o
    0x0800da9c   0x0800da9c   0x00000034   Code   RO         1642    i.LL_ADC_GetResolution  stm32h7xx_hal_adc.o
    0x0800dad0   0x0800dad0   0x0000000a   Code   RO         1643    i.LL_ADC_INJ_IsConversionOngoing  stm32h7xx_hal_adc.o
    0x0800dada   0x0800dada   0x0000000a   Code   RO         1645    i.LL_ADC_IsEnabled  stm32h7xx_hal_adc.o
    0x0800dae4   0x0800dae4   0x0000000a   Code   RO         1911    i.LL_ADC_IsEnabled  stm32h7xx_hal_adc_ex.o
    0x0800daee   0x0800daee   0x0000000a   Code   RO         1646    i.LL_ADC_IsInternalRegulatorEnabled  stm32h7xx_hal_adc.o
    0x0800daf8   0x0800daf8   0x0000000a   Code   RO         1647    i.LL_ADC_REG_IsConversionOngoing  stm32h7xx_hal_adc.o
    0x0800db02   0x0800db02   0x0000000a   Code   RO         1912    i.LL_ADC_REG_IsConversionOngoing  stm32h7xx_hal_adc_ex.o
    0x0800db0c   0x0800db0c   0x00000012   Code   RO         1648    i.LL_ADC_REG_IsTriggerSourceSWStart  stm32h7xx_hal_adc.o
    0x0800db1e   0x0800db1e   0x00000028   Code   RO         1651    i.LL_ADC_SetChannelSamplingTime  stm32h7xx_hal_adc.o
    0x0800db46   0x0800db46   0x0000000c   Code   RO         1652    i.LL_ADC_SetCommonPathInternalCh  stm32h7xx_hal_adc.o
    0x0800db52   0x0800db52   0x00000056   Code   RO          778    i.MPU_Config        main.o
    0x0800dba8   0x0800dba8   0x000000cc   Code   RO          779    i.MX_ADC1_Init      main.o
    0x0800dc74   0x0800dc74   0x00000140   Code   RO          780    i.MX_DMA_Init       main.o
    0x0800ddb4   0x0800ddb4   0x00000070   Code   RO          781    i.MX_FDCAN1_Init    main.o
    0x0800de24   0x0800de24   0x000001a0   Code   RO          782    i.MX_GPIO_Init      main.o
    0x0800dfc4   0x0800dfc4   0x00000058   Code   RO          783    i.MX_I2C1_Init      main.o
    0x0800e01c   0x0800e01c   0x00000034   Code   RO          784    i.MX_TIM16_Init     main.o
    0x0800e050   0x0800e050   0x00000034   Code   RO          785    i.MX_TIM17_Init     main.o
    0x0800e084   0x0800e084   0x00000080   Code   RO          786    i.MX_TIM1_Init      main.o
    0x0800e104   0x0800e104   0x0000007c   Code   RO          787    i.MX_TIM4_Init      main.o
    0x0800e180   0x0800e180   0x000000d8   Code   RO          788    i.MX_TIM5_Init      main.o
    0x0800e258   0x0800e258   0x0000006c   Code   RO          789    i.MX_UART4_Init     main.o
    0x0800e2c4   0x0800e2c4   0x0000006c   Code   RO          790    i.MX_UART5_Init     main.o
    0x0800e330   0x0800e330   0x0000006c   Code   RO          791    i.MX_UART7_Init     main.o
    0x0800e39c   0x0800e39c   0x0000006c   Code   RO          792    i.MX_UART8_Init     main.o
    0x0800e408   0x0800e408   0x0000006c   Code   RO          793    i.MX_USART1_UART_Init  main.o
    0x0800e474   0x0800e474   0x0000006c   Code   RO          794    i.MX_USART2_UART_Init  main.o
    0x0800e4e0   0x0800e4e0   0x0000006c   Code   RO          795    i.MX_USART3_UART_Init  main.o
    0x0800e54c   0x0800e54c   0x0000006c   Code   RO          796    i.MX_USART6_UART_Init  main.o
    0x0800e5b8   0x0800e5b8   0x00000004   Code   RO         1114    i.MemManage_Handler  stm32h7xx_it.o
    0x0800e5bc   0x0800e5bc   0x00000154   Code   RO         1583    i.Motion_Profile_Compute  waypoints.o
    0x0800e710   0x0800e710   0x00000018   Code   RO         1584    i.Motion_Profile_Finished  waypoints.o
    0x0800e728   0x0800e728   0x00000108   Code   RO         1585    i.Motion_Profile_Init  waypoints.o
    0x0800e830   0x0800e830   0x00000004   Code   RO         1115    i.NMI_Handler       stm32h7xx_it.o
    0x0800e834   0x0800e834   0x00000058   Code   RO          219    i.NextionAddComp    nextion_hmi.o
    0x0800e88c   0x0800e88c   0x00000044   Code   RO          223    i.NextionInit       nextion_hmi.o
    0x0800e8d0   0x0800e8d0   0x00000010   Code   RO          225    i.NextionSendCommand  nextion_hmi.o
    0x0800e8e0   0x0800e8e0   0x00000038   Code   RO          227    i.NextionSetVal     nextion_hmi.o
    0x0800e918   0x0800e918   0x0000015c   Code   RO          229    i.NextionUpdate     nextion_hmi.o
    0x0800ea74   0x0800ea74   0x0000008a   Code   RO          230    i.Nextion_EnqueueCommand  nextion_hmi.o
    0x0800eafe   0x0800eafe   0x00000054   Code   RO          231    i.Nextion_Process   nextion_hmi.o
    0x0800eb52   0x0800eb52   0x00000022   Code   RO          232    i.Nextion_UART_TxCpltCallback  nextion_hmi.o
    0x0800eb74   0x0800eb74   0x000000bc   Code   RO          645    i.OptimizeSteeringAngle  swerve_x4_kinematic.o
    0x0800ec30   0x0800ec30   0x000000bc   Code   RO          646    i.OptimizeSteeringAngle_Pure  swerve_x4_kinematic.o
    0x0800ecec   0x0800ecec   0x0000007c   Code   RO          331    i.PID               pid.o
    0x0800ed68   0x0800ed68   0x0000010c   Code   RO          333    i.PID_Compute       pid.o
    0x0800ee74   0x0800ee74   0x0000004c   Code   RO          339    i.PID_Init          pid.o
    0x0800eec0   0x0800eec0   0x00000048   Code   RO          340    i.PID_SetControllerDirection  pid.o
    0x0800ef08   0x0800ef08   0x00000022   Code   RO          341    i.PID_SetMode       pid.o
    0x0800ef2a   0x0800ef2a   0x00000090   Code   RO          342    i.PID_SetOutputLimits  pid.o
    0x0800efba   0x0800efba   0x00000034   Code   RO          343    i.PID_SetSampleTime  pid.o
    0x0800efee   0x0800efee   0x00000002   PAD
    0x0800eff0   0x0800eff0   0x000000a8   Code   RO          345    i.PID_SetTunings2   pid.o
    0x0800f098   0x0800f098   0x0000000c   Code   RO          452    i.PS4_Init          ps4_esp.o
    0x0800f0a4   0x0800f0a4   0x000002fc   Code   RO          797    i.PS4_Page_Nextion_Print  main.o
    0x0800f3a0   0x0800f3a0   0x00000028   Code   RO          453    i.PS4_UART_Req      ps4_esp.o
    0x0800f3c8   0x0800f3c8   0x00000058   Code   RO          454    i.PS4_UART_Rx_IDLE_Handle  ps4_esp.o
    0x0800f420   0x0800f420   0x00000002   Code   RO         1116    i.PendSV_Handler    stm32h7xx_it.o
    0x0800f422   0x0800f422   0x00000002   PAD
    0x0800f424   0x0800f424   0x00000264   Code   RO         2274    i.RCCEx_PLL2_Config  stm32h7xx_hal_rcc_ex.o
    0x0800f688   0x0800f688   0x0000026c   Code   RO         2275    i.RCCEx_PLL3_Config  stm32h7xx_hal_rcc_ex.o
    0x0800f8f4   0x0800f8f4   0x00000014   Code   RO          647    i.Rad_2_rpm         swerve_x4_kinematic.o
    0x0800f908   0x0800f908   0x00000030   Code   RO          730    i.RobotAcceleration_Init  robot_acceleration.o
    0x0800f938   0x0800f938   0x00000084   Code   RO          732    i.RobotAcceleration_Update  robot_acceleration.o
    0x0800f9bc   0x0800f9bc   0x00000038   Code   RO          798    i.Robot_Hold_Stop   main.o
    0x0800f9f4   0x0800f9f4   0x0000000c   Code   RO          799    i.Run_Button_Handle  main.o
    0x0800fa00   0x0800fa00   0x00000002   Code   RO         1117    i.SVC_Handler       stm32h7xx_it.o
    0x0800fa02   0x0800fa02   0x00000002   PAD
    0x0800fa04   0x0800fa04   0x00000014   Code   RO          800    i.Set_Buzzer_State  main.o
    0x0800fa18   0x0800fa18   0x0000005c   Code   RO          801    i.Set_LED_State     main.o
    0x0800fa74   0x0800fa74   0x00000002   Code   RO          802    i.Stop_Button_Handle  main.o
    0x0800fa76   0x0800fa76   0x00000002   PAD
    0x0800fa78   0x0800fa78   0x00000344   Code   RO          649    i.Swerve_4X_CalculateModules  swerve_x4_kinematic.o
    0x0800fdbc   0x0800fdbc   0x00000130   Code   RO          650    i.Swerve_4X_Field_Control  swerve_x4_kinematic.o
    0x0800feec   0x0800feec   0x000001d4   Code   RO          651    i.Swerve_4X_Init    swerve_x4_kinematic.o
    0x080100c0   0x080100c0   0x00000008   Code   RO         1118    i.SysTick_Handler   stm32h7xx_it.o
    0x080100c8   0x080100c8   0x00000138   Code   RO          803    i.SystemClock_Config  main.o
    0x08010200   0x08010200   0x000000fc   Code   RO         6818    i.SystemInit        system_stm32h7xx.o
    0x080102fc   0x080102fc   0x00000010   Code   RO         1119    i.TIM16_IRQHandler  stm32h7xx_it.o
    0x0801030c   0x0801030c   0x00000010   Code   RO         1120    i.TIM17_IRQHandler  stm32h7xx_it.o
    0x0801031c   0x0801031c   0x00000010   Code   RO         1121    i.TIM5_IRQHandler   stm32h7xx_it.o
    0x0801032c   0x0801032c   0x000000dc   Code   RO         5346    i.TIM_Base_SetConfig  stm32h7xx_hal_tim.o
    0x08010408   0x08010408   0x0000010c   Code   RO         5347    i.TIM_CCxChannelCmd  stm32h7xx_hal_tim.o
    0x08010514   0x08010514   0x00000016   Code   RO         5357    i.TIM_ETR_SetConfig  stm32h7xx_hal_tim.o
    0x0801052a   0x0801052a   0x00000002   PAD
    0x0801052c   0x0801052c   0x00000018   Code   RO         5358    i.TIM_ITRx_SetConfig  stm32h7xx_hal_tim.o
    0x08010544   0x08010544   0x00000138   Code   RO         5359    i.TIM_OC1_SetConfig  stm32h7xx_hal_tim.o
    0x0801067c   0x0801067c   0x00000140   Code   RO         5360    i.TIM_OC2_SetConfig  stm32h7xx_hal_tim.o
    0x080107bc   0x080107bc   0x00000140   Code   RO         5361    i.TIM_OC3_SetConfig  stm32h7xx_hal_tim.o
    0x080108fc   0x080108fc   0x000000d0   Code   RO         5362    i.TIM_OC4_SetConfig  stm32h7xx_hal_tim.o
    0x080109cc   0x080109cc   0x00000070   Code   RO         5363    i.TIM_OC5_SetConfig  stm32h7xx_hal_tim.o
    0x08010a3c   0x08010a3c   0x00000070   Code   RO         5364    i.TIM_OC6_SetConfig  stm32h7xx_hal_tim.o
    0x08010aac   0x08010aac   0x00000026   Code   RO         5366    i.TIM_TI1_ConfigInputStage  stm32h7xx_hal_tim.o
    0x08010ad2   0x08010ad2   0x00000028   Code   RO         5368    i.TIM_TI2_ConfigInputStage  stm32h7xx_hal_tim.o
    0x08010afa   0x08010afa   0x00000002   PAD
    0x08010afc   0x08010afc   0x0000000c   Code   RO          804    i.Test_PS4_Button_Handle  main.o
    0x08010b08   0x08010b08   0x0000003c   Code   RO          505    i.Timeout_Begin     timer_timeout.o
    0x08010b44   0x08010b44   0x00000050   Code   RO          506    i.Timer_Timeout_Check  timer_timeout.o
    0x08010b94   0x08010b94   0x0000000a   Code   RO          507    i.Timer_Timeout_Init  timer_timeout.o
    0x08010b9e   0x08010b9e   0x00000008   Code   RO          508    i.Timer_Timeout_Reset  timer_timeout.o
    0x08010ba6   0x08010ba6   0x0000000c   Code   RO          509    i.Timer_Timeout_Start  timer_timeout.o
    0x08010bb2   0x08010bb2   0x00000002   PAD
    0x08010bb4   0x08010bb4   0x00000024   Code   RO          805    i.Toggle_Solenoid   main.o
    0x08010bd8   0x08010bd8   0x00000010   Code   RO         1122    i.UART4_IRQHandler  stm32h7xx_it.o
    0x08010be8   0x08010be8   0x00000010   Code   RO         1123    i.UART5_IRQHandler  stm32h7xx_it.o
    0x08010bf8   0x08010bf8   0x00000010   Code   RO         1124    i.UART7_IRQHandler  stm32h7xx_it.o
    0x08010c08   0x08010c08   0x00000010   Code   RO         1125    i.UART8_IRQHandler  stm32h7xx_it.o
    0x08010c18   0x08010c18   0x00000058   Code   RO         6708    i.UARTEx_SetNbDataToProcess  stm32h7xx_hal_uart_ex.o
    0x08010c70   0x08010c70   0x000002a0   Code   RO         6312    i.UART_AdvFeatureConfig  stm32h7xx_hal_uart.o
    0x08010f10   0x08010f10   0x000000ea   Code   RO         6313    i.UART_CheckIdleState  stm32h7xx_hal_uart.o
    0x08010ffa   0x08010ffa   0x00000018   Code   RO         6314    i.UART_DMAAbortOnError  stm32h7xx_hal_uart.o
    0x08011012   0x08011012   0x0000005e   Code   RO         6315    i.UART_DMAError     stm32h7xx_hal_uart.o
    0x08011070   0x08011070   0x000000ae   Code   RO         6316    i.UART_DMAReceiveCplt  stm32h7xx_hal_uart.o
    0x0801111e   0x0801111e   0x00000026   Code   RO         6318    i.UART_DMARxHalfCplt  stm32h7xx_hal_uart.o
    0x08011144   0x08011144   0x00000054   Code   RO         6320    i.UART_DMATransmitCplt  stm32h7xx_hal_uart.o
    0x08011198   0x08011198   0x0000000e   Code   RO         6322    i.UART_DMATxHalfCplt  stm32h7xx_hal_uart.o
    0x080111a6   0x080111a6   0x00000002   PAD
    0x080111a8   0x080111a8   0x0000006c   Code   RO         6324    i.UART_EndRxTransfer  stm32h7xx_hal_uart.o
    0x08011214   0x08011214   0x00000030   Code   RO         6325    i.UART_EndTransmit_IT  stm32h7xx_hal_uart.o
    0x08011244   0x08011244   0x00000040   Code   RO         6326    i.UART_EndTxTransfer  stm32h7xx_hal_uart.o
    0x08011284   0x08011284   0x00000104   Code   RO         6327    i.UART_RxISR_16BIT  stm32h7xx_hal_uart.o
    0x08011388   0x08011388   0x000001fc   Code   RO         6328    i.UART_RxISR_16BIT_FIFOEN  stm32h7xx_hal_uart.o
    0x08011584   0x08011584   0x00000104   Code   RO         6329    i.UART_RxISR_8BIT   stm32h7xx_hal_uart.o
    0x08011688   0x08011688   0x000001f8   Code   RO         6330    i.UART_RxISR_8BIT_FIFOEN  stm32h7xx_hal_uart.o
    0x08011880   0x08011880   0x0000070c   Code   RO         6331    i.UART_SetConfig    stm32h7xx_hal_uart.o
    0x08011f8c   0x08011f8c   0x000000c8   Code   RO         6332    i.UART_Start_Receive_DMA  stm32h7xx_hal_uart.o
    0x08012054   0x08012054   0x0000015c   Code   RO         6333    i.UART_Start_Receive_IT  stm32h7xx_hal_uart.o
    0x080121b0   0x080121b0   0x00000062   Code   RO         6334    i.UART_TxISR_16BIT  stm32h7xx_hal_uart.o
    0x08012212   0x08012212   0x00000082   Code   RO         6335    i.UART_TxISR_16BIT_FIFOEN  stm32h7xx_hal_uart.o
    0x08012294   0x08012294   0x0000005c   Code   RO         6336    i.UART_TxISR_8BIT   stm32h7xx_hal_uart.o
    0x080122f0   0x080122f0   0x0000007e   Code   RO         6337    i.UART_TxISR_8BIT_FIFOEN  stm32h7xx_hal_uart.o
    0x0801236e   0x0801236e   0x000000ac   Code   RO         6338    i.UART_WaitOnFlagUntilTimeout  stm32h7xx_hal_uart.o
    0x0801241a   0x0801241a   0x00000002   PAD
    0x0801241c   0x0801241c   0x00000010   Code   RO         1126    i.USART1_IRQHandler  stm32h7xx_it.o
    0x0801242c   0x0801242c   0x00000010   Code   RO         1127    i.USART2_IRQHandler  stm32h7xx_it.o
    0x0801243c   0x0801243c   0x00000010   Code   RO         1128    i.USART3_IRQHandler  stm32h7xx_it.o
    0x0801244c   0x0801244c   0x00000010   Code   RO         1129    i.USART6_IRQHandler  stm32h7xx_it.o
    0x0801245c   0x0801245c   0x00000024   Code   RO          807    i.Update_Nextion_Page  main.o
    0x08012480   0x08012480   0x00000004   Code   RO         1130    i.UsageFault_Handler  stm32h7xx_it.o
    0x08012484   0x08012484   0x0000000c   Code   RO          560    i.WT901C_Begin_Recieve  wt901c.o
    0x08012490   0x08012490   0x00000094   Code   RO          561    i.WT901C_Calibrate_Accel  wt901c.o
    0x08012524   0x08012524   0x00000040   Code   RO          562    i.WT901C_Init       wt901c.o
    0x08012564   0x08012564   0x00000144   Code   RO          563    i.WT901C_Process_Buffer  wt901c.o
    0x080126a8   0x080126a8   0x00000080   Code   RO          564    i.WT901C_Reset_Angles  wt901c.o
    0x08012728   0x08012728   0x00000014   Code   RO          565    i.WT901C_Start_Receive  wt901c.o
    0x0801273c   0x0801273c   0x0000000c   Code   RO          566    i.WT901C_Stop_Recieve  wt901c.o
    0x08012748   0x08012748   0x0000001c   Code   RO          567    i.WT901C_UART_Rx_IDLE_Hanlde  wt901c.o
    0x08012764   0x08012764   0x00000030   Code   RO         7149    i.__ARM_fpclassify  m_wv.l(fpclassify.o)
    0x08012794   0x08012794   0x00000026   Code   RO         7151    i.__ARM_fpclassifyf  m_wv.l(fpclassifyf.o)
    0x080127ba   0x080127ba   0x00000002   PAD
    0x080127bc   0x080127bc   0x00000010   Code   RO         3586    i.__NVIC_GetPriorityGrouping  stm32h7xx_hal_cortex.o
    0x080127cc   0x080127cc   0x00000028   Code   RO         3587    i.__NVIC_SetPriority  stm32h7xx_hal_cortex.o
    0x080127f4   0x080127f4   0x00000258   Code   RO         6962    i.__hardfp_atan2f   m_wv.l(atan2f.o)
    0x08012a4c   0x08012a4c   0x00000150   Code   RO         6974    i.__hardfp_cosf     m_wv.l(cosf.o)
    0x08012b9c   0x08012b9c   0x00000004   PAD
    0x08012ba0   0x08012ba0   0x00000268   Code   RO         6986    i.__hardfp_exp      m_wv.l(exp.o)
    0x08012e08   0x08012e08   0x000000b0   Code   RO         7000    i.__hardfp_fmodf    m_wv.l(fmodf.o)
    0x08012eb8   0x08012eb8   0x00000194   Code   RO         7012    i.__hardfp_sinf     m_wv.l(sinf.o)
    0x0801304c   0x0801304c   0x0000003a   Code   RO         7024    i.__hardfp_sqrtf    m_wv.l(sqrtf.o)
    0x08013086   0x08013086   0x00000070   Code   RO         7167    i.__kernel_poly     m_wv.l(poly.o)
    0x080130f6   0x080130f6   0x00000006   Code   RO         7136    i.__mathlib_dbl_infnan  m_wv.l(dunder.o)
    0x080130fc   0x080130fc   0x00000004   PAD
    0x08013100   0x08013100   0x00000018   Code   RO         7139    i.__mathlib_dbl_overflow  m_wv.l(dunder.o)
    0x08013118   0x08013118   0x00000018   Code   RO         7141    i.__mathlib_dbl_underflow  m_wv.l(dunder.o)
    0x08013130   0x08013130   0x00000006   Code   RO         7154    i.__mathlib_flt_infnan  m_wv.l(funder.o)
    0x08013136   0x08013136   0x00000006   Code   RO         7155    i.__mathlib_flt_infnan2  m_wv.l(funder.o)
    0x0801313c   0x0801313c   0x00000010   Code   RO         7156    i.__mathlib_flt_invalid  m_wv.l(funder.o)
    0x0801314c   0x0801314c   0x00000010   Code   RO         7159    i.__mathlib_flt_underflow  m_wv.l(funder.o)
    0x0801315c   0x0801315c   0x00000154   Code   RO         7170    i.__mathlib_rredf2  m_wv.l(rredf.o)
    0x080132b0   0x080132b0   0x00000054   Code   RO          652    i.angleDifference   swerve_x4_kinematic.o
    0x08013304   0x08013304   0x00000002   Code   RO          808    i.assert_failed     main.o
    0x08013306   0x08013306   0x0000001e   Code   RO          568    i.computeChecksum   wt901c.o
    0x08013324   0x08013324   0x0000000a   Code   RO          653    i.fabsf             swerve_x4_kinematic.o
    0x0801332e   0x0801332e   0x00000002   PAD
    0x08013330   0x08013330   0x00000360   Code   RO          809    i.main              main.o
    0x08013690   0x08013690   0x0000008c   Code   RO         7219    x$fpl$fnaninf       fz_wv.l(fnaninf.o)
    0x0801371c   0x0801371c   0x0000000a   Code   RO         7221    x$fpl$fpinit        fz_wv.l(fpinit.o)
    0x08013726   0x08013726   0x00000002   PAD
    0x08013728   0x08013728   0x000000f4   Code   RO         7132    x$fpl$frem          fz_wv.l(frem_clz.o)
    0x0801381c   0x0801381c   0x00000000   Code   RO         7134    x$fpl$usenofp       fz_wv.l(usenofp.o)
    0x0801381c   0x0801381c   0x00000001   Data   RO          456    .constdata          ps4_esp.o
    0x0801381d   0x0801381d   0x00000001   PAD
    0x0801381e   0x0801381e   0x0000000a   Data   RO          510    .constdata          timer_timeout.o
    0x08013828   0x08013828   0x00000017   Data   RO          570    .constdata          wt901c.o
    0x0801383f   0x0801383f   0x00000001   PAD
    0x08013840   0x08013840   0x00000030   Data   RO          655    .constdata          swerve_x4_kinematic.o
    0x08013870   0x08013870   0x0000008c   Data   RO          811    .constdata          main.o
    0x080138fc   0x080138fc   0x00000008   Data   RO         2875    .constdata          stm32h7xx_hal_dma.o
    0x08013904   0x08013904   0x0000005c   Data   RO         4733    .constdata          stm32h7xx_hal_fdcan.o
    0x08013960   0x08013960   0x00000018   Data   RO         6339    .constdata          stm32h7xx_hal_uart.o
    0x08013978   0x08013978   0x00000010   Data   RO         6710    .constdata          stm32h7xx_hal_uart_ex.o
    0x08013988   0x08013988   0x00000010   Data   RO         6819    .constdata          system_stm32h7xx.o
    0x08013998   0x08013998   0x00000058   Data   RO         6989    .constdata          m_wv.l(exp.o)
    0x080139f0   0x080139f0   0x00000020   Data   RO         7171    .constdata          m_wv.l(rredf.o)
    0x08013a10   0x08013a10   0x00000020   Data   RO         7310    Region$$Table       anon$$obj.o


    Execution Region RW_IRAM1 (Exec base: 0x20000000, Load base: 0x08013a30, Size: 0x00000000, Max: 0x00020000, ABSOLUTE)

    **** No section assigned to this execution region ****


    Execution Region RW_IRAM2 (Exec base: 0x24000000, Load base: 0x08013a30, Size: 0x00002248, Max: 0x00080000, ABSOLUTE, COMPRESSED[0x00000068])

    Exec Addr    Load Addr    Size         Type   Attr      Idx    E Section Name        Object

    0x24000000   COMPRESSED   0x00000004   Data   RW          457    .data               ps4_esp.o
    0x24000004   COMPRESSED   0x00000014   Data   RW          571    .data               wt901c.o
    0x24000018   COMPRESSED   0x00000080   Data   RW          656    .data               swerve_x4_kinematic.o
    0x24000098   COMPRESSED   0x0000008f   Data   RW          812    .data               main.o
    0x24000127   COMPRESSED   0x00000001   PAD
    0x24000128   COMPRESSED   0x0000000c   Data   RW         1533    .data               encoder.o
    0x24000134   COMPRESSED   0x00000009   Data   RW         3771    .data               stm32h7xx_hal.o
    0x2400013d   COMPRESSED   0x00000003   PAD
    0x24000140   COMPRESSED   0x00000008   Data   RW         6820    .data               system_stm32h7xx.o
    0x24000148        -       0x00000050   Zero   RW           41    .bss                driver_pid_aml.o
    0x24000198        -       0x00000009   Zero   RW          455    .bss                ps4_esp.o
    0x240001a1        -       0x00000024   Zero   RW          569    .bss                wt901c.o
    0x240001c5   COMPRESSED   0x00000003   PAD
    0x240001c8        -       0x00000018   Zero   RW          654    .bss                swerve_x4_kinematic.o
    0x240001e0        -       0x00001a08   Zero   RW          810    .bss                main.o
    0x24001be8        -       0x00000060   Zero   RW         7176    .bss                c_w.l(libspace.o)
    0x24001c48        -       0x00000200   Zero   RW            2    HEAP                startup_stm32h743xx.o
    0x24001e48        -       0x00000400   Zero   RW            1    STACK               startup_stm32h743xx.o


==============================================================================

Image component sizes


      Code (inc. data)   RO Data    RW Data    ZI Data      Debug   Object Name

         0          0          0          0          0       4508   crc_16.o
       200          8          0          0         80    1363377   driver_pid_aml.o
       500         34          0         12          0       4686   encoder.o
      8548       1294        140        143       6664      37414   main.o
       832         12          0          0          0       8661   nextion_hmi.o
       938         54          0          0          0       7270   pid.o
       144         34          1          4          9       3910   ps4_esp.o
       180          6          0          0          0       2416   robot_acceleration.o
        64         26        664          0       1536        868   startup_stm32h743xx.o
       272         52          0          9          0      23640   stm32h7xx_hal.o
      5548        448          0          0          0      76691   stm32h7xx_hal_adc.o
       638         82          0          0          0      66388   stm32h7xx_hal_adc_ex.o
      1324        284          0          0          0      43021   stm32h7xx_hal_cortex.o
      9420        286          8          0          0      14541   stm32h7xx_hal_dma.o
      2076         86         92          0          0       5177   stm32h7xx_hal_fdcan.o
      1072        178          0          0          0       2636   stm32h7xx_hal_gpio.o
       524         76          0          0          0       3059   stm32h7xx_hal_i2c.o
       484        154          0          0          0       2251   stm32h7xx_hal_i2c_ex.o
      3548        256          0          0          0       9170   stm32h7xx_hal_msp.o
       176         66          0          0          0        813   stm32h7xx_hal_pwr_ex.o
      5028        226          0          0          0       7912   stm32h7xx_hal_rcc.o
      9822        560          0          0          0      11775   stm32h7xx_hal_rcc_ex.o
      7330       1258          0          0          0      21871   stm32h7xx_hal_tim.o
       602         98          0          0          0       3556   stm32h7xx_hal_tim_ex.o
      8520        494         24          0          0      52162   stm32h7xx_hal_uart.o
       958        290         16          0          0       5942   stm32h7xx_hal_uart_ex.o
       482        168          0          0          0      19227   stm32h7xx_it.o
      2438        204         48        128         24      15251   swerve_x4_kinematic.o
       252         40         16          8          0       1486   system_stm32h7xx.o
       170         10         10          0          0       4221   timer_timeout.o
       628         12          0          0          0       2977   waypoints.o
       898        112         23         20         36       8523   wt901c.o

    ----------------------------------------------------------------------
     73660       6908       1076        328       8352    1835400   Object Totals
         0          0         32          0          0          0   (incl. Generated)
        44          0          2          4          3          0   (incl. Padding)

    ----------------------------------------------------------------------

      Code (inc. data)   RO Data    RW Data    ZI Data      Debug   Library Member Name

        90          0          0          0          0          0   __dczerorl2.o
         8          0          0          0          0         68   __main.o
       104          0          0          0          0         84   __printf.o
         0          0          0          0          0          0   __rtentry.o
        12          0          0          0          0          0   __rtentry2.o
         6          0          0          0          0          0   __rtentry4.o
        52          8          0          0          0          0   __scatter.o
        28          0          0          0          0          0   __scatter_zi.o
        44          0          0          0          0        108   _printf_char.o
        48          6          0          0          0         96   _printf_char_common.o
         6          0          0          0          0          0   _printf_d.o
       120         16          0          0          0         92   _printf_dec.o
       178          0          0          0          0         88   _printf_intcommon.o
         0          0          0          0          0          0   _printf_percent.o
         4          0          0          0          0          0   _printf_percent_end.o
         6          0          0          0          0          0   _printf_s.o
        82          0          0          0          0         80   _printf_str.o
        22          0          0          0          0        100   _rserrno.o
        10          0          0          0          0         68   _sputc.o
        10          0          0          0          0         68   defsig_exit.o
        50          0          0          0          0         88   defsig_general.o
        80         58          0          0          0         76   defsig_rtmem_inner.o
        14          0          0          0          0         80   defsig_rtmem_outer.o
        18          0          0          0          0         80   exit.o
        94          0          0          0          0         80   h1_alloc.o
        52          0          0          0          0         68   h1_extend.o
        78          0          0          0          0         80   h1_free.o
        14          0          0          0          0         84   h1_init.o
         6          0          0          0          0        152   heapauxi.o
         4          0          0          0          0        136   hguard.o
         0          0          0          0          0          0   indicate_semi.o
       138          0          0          0          0        168   init_alloc.o
         2          0          0          0          0          0   libinit.o
        14          0          0          0          0          0   libinit2.o
         2          0          0          0          0          0   libshutdown.o
         2          0          0          0          0          0   libshutdown2.o
         8          4          0          0         96         68   libspace.o
       238          0          0          0          0        100   lludivv7m.o
         0          0          0          0          0          0   maybetermalloc1.o
        40          6          0          0          0         84   noretval__2sprintf.o
         8          4          0          0          0         68   rt_errno_addr_intlibspace.o
         8          4          0          0          0         68   rt_heap_descriptor_intlibspace.o
        68          0          0          0          0         68   rt_memclr.o
        78          0          0          0          0         80   rt_memclr_w.o
       138          0          0          0          0         68   rt_memcpy_v6.o
       100          0          0          0          0         80   rt_memcpy_w.o
         2          0          0          0          0          0   rtexit.o
        10          0          0          0          0          0   rtexit2.o
        72          0          0          0          0         80   strcpy.o
        62          0          0          0          0         76   strlen.o
        12          4          0          0          0         68   sys_exit.o
        74          0          0          0          0         80   sys_stackheap_outer.o
        14          0          0          0          0         76   sys_wrch.o
         2          0          0          0          0         68   use_no_semi.o
       140          4          0          0          0        132   fnaninf.o
        10          0          0          0          0        116   fpinit.o
       244          8          0          0          0        132   frem_clz.o
         0          0          0          0          0          0   usenofp.o
       600         98          0          0          0        184   atan2f.o
       336         60          0          0          0        136   cosf.o
        54         28          0          0          0        348   dunder.o
       616        130         88          0          0        260   exp.o
       176          0          0          0          0        168   fmodf.o
        48          0          0          0          0        124   fpclassify.o
        38          0          0          0          0        116   fpclassifyf.o
        44         12          0          0          0        464   funder.o
       112          0          0          0          0        116   poly.o
       340         24         32          0          0        160   rredf.o
       404         60          0          0          0        212   sinf.o
        58          0          0          0          0        136   sqrtf.o

    ----------------------------------------------------------------------
      5576        538        120          0         96       5880   Library Totals
        24          4          0          0          0          0   (incl. Padding)

    ----------------------------------------------------------------------

      Code (inc. data)   RO Data    RW Data    ZI Data      Debug   Library Name

      2332        110          0          0         96       3076   c_w.l
       394         12          0          0          0        380   fz_wv.l
      2826        412        120          0          0       2424   m_wv.l

    ----------------------------------------------------------------------
      5576        538        120          0         96       5880   Library Totals

    ----------------------------------------------------------------------

==============================================================================


      Code (inc. data)   RO Data    RW Data    ZI Data      Debug   

     79236       7446       1196        328       8448    1810264   Grand Totals
     79236       7446       1196        104       8448    1810264   ELF Image Totals (compressed)
     79236       7446       1196        104          0          0   ROM Totals

==============================================================================

    Total RO  Size (Code + RO Data)                80432 (  78.55kB)
    Total RW  Size (RW Data + ZI Data)              8776 (   8.57kB)
    Total ROM Size (Code + RO Data + RW Data)      80536 (  78.65kB)

==============================================================================

