Archive member included to satisfy reference by file (symbol)

c:/sysgcc/arm-eabi/bin/../lib/gcc/arm-none-eabi/10.3.1/../../../../arm-none-eabi/lib/thumb/v7e-m+dp/hard\libc_nano.a(lib_a-exit.o)
                              c:/sysgcc/arm-eabi/bin/../lib/gcc/arm-none-eabi/10.3.1/../../../../arm-none-eabi/lib/thumb/v7e-m+dp/hard/crt0.o (exit)
c:/sysgcc/arm-eabi/bin/../lib/gcc/arm-none-eabi/10.3.1/../../../../arm-none-eabi/lib/thumb/v7e-m+dp/hard\libc_nano.a(lib_a-impure.o)
                              c:/sysgcc/arm-eabi/bin/../lib/gcc/arm-none-eabi/10.3.1/../../../../arm-none-eabi/lib/thumb/v7e-m+dp/hard\libc_nano.a(lib_a-exit.o) (_global_impure_ptr)
c:/sysgcc/arm-eabi/bin/../lib/gcc/arm-none-eabi/10.3.1/../../../../arm-none-eabi/lib/thumb/v7e-m+dp/hard\libc_nano.a(lib_a-init.o)
                              c:/sysgcc/arm-eabi/bin/../lib/gcc/arm-none-eabi/10.3.1/../../../../arm-none-eabi/lib/thumb/v7e-m+dp/hard/crt0.o (__libc_init_array)
c:/sysgcc/arm-eabi/bin/../lib/gcc/arm-none-eabi/10.3.1/../../../../arm-none-eabi/lib/thumb/v7e-m+dp/hard\libc_nano.a(lib_a-memset.o)
                              c:/sysgcc/arm-eabi/bin/../lib/gcc/arm-none-eabi/10.3.1/../../../../arm-none-eabi/lib/thumb/v7e-m+dp/hard/crt0.o (memset)
c:/sysgcc/arm-eabi/bin/../lib/gcc/arm-none-eabi/10.3.1/thumb/v7e-m+dp/hard\libgcc.a(_aeabi_uldivmod.o)
                              CMakeFiles/ROBOT_SDC_AML_SWERVE_2025.dir/Drivers/STM32H7xx_HAL_Driver/Src/stm32h7xx_hal_uart.c.obj (__aeabi_uldivmod)
c:/sysgcc/arm-eabi/bin/../lib/gcc/arm-none-eabi/10.3.1/thumb/v7e-m+dp/hard\libgcc.a(_udivmoddi4.o)
                              c:/sysgcc/arm-eabi/bin/../lib/gcc/arm-none-eabi/10.3.1/thumb/v7e-m+dp/hard\libgcc.a(_aeabi_uldivmod.o) (__udivmoddi4)
c:/sysgcc/arm-eabi/bin/../lib/gcc/arm-none-eabi/10.3.1/thumb/v7e-m+dp/hard\libgcc.a(_dvmd_tls.o)
                              c:/sysgcc/arm-eabi/bin/../lib/gcc/arm-none-eabi/10.3.1/thumb/v7e-m+dp/hard\libgcc.a(_aeabi_uldivmod.o) (__aeabi_ldiv0)
c:/sysgcc/arm-eabi/bin/../lib/gcc/arm-none-eabi/10.3.1/../../../../arm-none-eabi/lib/thumb/v7e-m+dp/hard\libg_nano.a(lib_a-errno.o)
                              CMakeFiles/ROBOT_SDC_AML_SWERVE_2025.dir/Core/Src/sysmem.c.obj (__errno)
c:/sysgcc/arm-eabi/bin/../lib/gcc/arm-none-eabi/10.3.1/../../../../arm-none-eabi/lib/thumb/v7e-m+dp/hard\libg_nano.a(lib_a-memcpy-stub.o)
                              CMakeFiles/ROBOT_SDC_AML_SWERVE_2025.dir/Drivers/STM32H7xx_HAL_Driver/Src/stm32h7xx_hal_fdcan.c.obj (memcpy)

Discarded input sections

 .text          0x00000000        0x0 c:/sysgcc/arm-eabi/bin/../lib/gcc/arm-none-eabi/10.3.1/thumb/v7e-m+dp/hard/crti.o
 .data          0x00000000        0x0 c:/sysgcc/arm-eabi/bin/../lib/gcc/arm-none-eabi/10.3.1/thumb/v7e-m+dp/hard/crti.o
 .bss           0x00000000        0x0 c:/sysgcc/arm-eabi/bin/../lib/gcc/arm-none-eabi/10.3.1/thumb/v7e-m+dp/hard/crti.o
 .data          0x00000000        0x4 c:/sysgcc/arm-eabi/bin/../lib/gcc/arm-none-eabi/10.3.1/thumb/v7e-m+dp/hard/crtbegin.o
 .rodata        0x00000000       0x24 c:/sysgcc/arm-eabi/bin/../lib/gcc/arm-none-eabi/10.3.1/thumb/v7e-m+dp/hard/crtbegin.o
 .text          0x00000000       0x7c c:/sysgcc/arm-eabi/bin/../lib/gcc/arm-none-eabi/10.3.1/../../../../arm-none-eabi/lib/thumb/v7e-m+dp/hard/crt0.o
 .data          0x00000000        0x0 c:/sysgcc/arm-eabi/bin/../lib/gcc/arm-none-eabi/10.3.1/../../../../arm-none-eabi/lib/thumb/v7e-m+dp/hard/crt0.o
 .bss           0x00000000        0x0 c:/sysgcc/arm-eabi/bin/../lib/gcc/arm-none-eabi/10.3.1/../../../../arm-none-eabi/lib/thumb/v7e-m+dp/hard/crt0.o
 .ARM.extab     0x00000000        0x0 c:/sysgcc/arm-eabi/bin/../lib/gcc/arm-none-eabi/10.3.1/../../../../arm-none-eabi/lib/thumb/v7e-m+dp/hard/crt0.o
 .ARM.exidx     0x00000000       0x10 c:/sysgcc/arm-eabi/bin/../lib/gcc/arm-none-eabi/10.3.1/../../../../arm-none-eabi/lib/thumb/v7e-m+dp/hard/crt0.o
 .ARM.attributes
                0x00000000       0x1c c:/sysgcc/arm-eabi/bin/../lib/gcc/arm-none-eabi/10.3.1/../../../../arm-none-eabi/lib/thumb/v7e-m+dp/hard/crt0.o
 .text          0x00000000        0x0 c:/sysgcc/arm-eabi/bin/../lib/gcc/arm-none-eabi/10.3.1/../../../../arm-none-eabi/lib/thumb/v7e-m+dp/hard\libc_nano.a(lib_a-exit.o)
 .data          0x00000000        0x0 c:/sysgcc/arm-eabi/bin/../lib/gcc/arm-none-eabi/10.3.1/../../../../arm-none-eabi/lib/thumb/v7e-m+dp/hard\libc_nano.a(lib_a-exit.o)
 .bss           0x00000000        0x0 c:/sysgcc/arm-eabi/bin/../lib/gcc/arm-none-eabi/10.3.1/../../../../arm-none-eabi/lib/thumb/v7e-m+dp/hard\libc_nano.a(lib_a-exit.o)
 .text.exit     0x00000000       0x28 c:/sysgcc/arm-eabi/bin/../lib/gcc/arm-none-eabi/10.3.1/../../../../arm-none-eabi/lib/thumb/v7e-m+dp/hard\libc_nano.a(lib_a-exit.o)
 .debug_frame   0x00000000       0x28 c:/sysgcc/arm-eabi/bin/../lib/gcc/arm-none-eabi/10.3.1/../../../../arm-none-eabi/lib/thumb/v7e-m+dp/hard\libc_nano.a(lib_a-exit.o)
 .ARM.attributes
[...]
Memory Configuration

Name             Origin             Length             Attributes
DTCMRAM          0x20000000         0x00020000         xrw
RAM              0x24000000         0x00080000         xrw
RAM_D2           0x30000000         0x00048000         xrw
RAM_D3           0x38000000         0x00010000         xrw
ITCMRAM          0x00000000         0x00010000         xrw
FLASH            0x08000000         0x00200000         xr
*default*        0x00000000         0xffffffff

Linker script and memory map

LOAD c:/sysgcc/arm-eabi/bin/../lib/gcc/arm-none-eabi/10.3.1/thumb/v7e-m+dp/hard/crti.o
LOAD c:/sysgcc/arm-eabi/bin/../lib/gcc/arm-none-eabi/10.3.1/thumb/v7e-m+dp/hard/crtbegin.o
LOAD c:/sysgcc/arm-eabi/bin/../lib/gcc/arm-none-eabi/10.3.1/../../../../arm-none-eabi/lib/thumb/v7e-m+dp/hard/crt0.o
START GROUP
LOAD c:/sysgcc/arm-eabi/bin/../lib/gcc/arm-none-eabi/10.3.1/../../../../arm-none-eabi/lib/thumb/v7e-m+dp/hard\libc_nano.a
LOAD c:/sysgcc/arm-eabi/bin/../lib/gcc/arm-none-eabi/10.3.1/../../../../arm-none-eabi/lib/thumb/v7e-m+dp/hard\libm.a
END GROUP
LOAD CMakeFiles/ROBOT_SDC_AML_SWERVE_2025.dir/Core/Src/main.c.obj
LOAD CMakeFiles/ROBOT_SDC_AML_SWERVE_2025.dir/Core/Src/stm32h7xx_it.c.obj
LOAD CMakeFiles/ROBOT_SDC_AML_SWERVE_2025.dir/Core/Src/stm32h7xx_hal_msp.c.obj
LOAD CMakeFiles/ROBOT_SDC_AML_SWERVE_2025.dir/Drivers/STM32H7xx_HAL_Driver/Src/stm32h7xx_hal_adc.c.obj
LOAD CMakeFiles/ROBOT_SDC_AML_SWERVE_2025.dir/Drivers/STM32H7xx_HAL_Driver/Src/stm32h7xx_hal_adc_ex.c.obj
LOAD CMakeFiles/ROBOT_SDC_AML_SWERVE_2025.dir/Drivers/STM32H7xx_HAL_Driver/Src/stm32h7xx_hal_rcc.c.obj
LOAD CMakeFiles/ROBOT_SDC_AML_SWERVE_2025.dir/Drivers/STM32H7xx_HAL_Driver/Src/stm32h7xx_hal_rcc_ex.c.obj
LOAD CMakeFiles/ROBOT_SDC_AML_SWERVE_2025.dir/Drivers/STM32H7xx_HAL_Driver/Src/stm32h7xx_hal_flash.c.obj
LOAD CMakeFiles/ROBOT_SDC_AML_SWERVE_2025.dir/Drivers/STM32H7xx_HAL_Driver/Src/stm32h7xx_hal_flash_ex.c.obj
LOAD CMakeFiles/ROBOT_SDC_AML_SWERVE_2025.dir/Drivers/STM32H7xx_HAL_Driver/Src/stm32h7xx_hal_gpio.c.obj
LOAD CMakeFiles/ROBOT_SDC_AML_SWERVE_2025.dir/Drivers/STM32H7xx_HAL_Driver/Src/stm32h7xx_hal_hsem.c.obj
LOAD CMakeFiles/ROBOT_SDC_AML_SWERVE_2025.dir/Drivers/STM32H7xx_HAL_Driver/Src/stm32h7xx_hal_dma.c.obj
LOAD CMakeFiles/ROBOT_SDC_AML_SWERVE_2025.dir/Drivers/STM32H7xx_HAL_Driver/Src/stm32h7xx_hal_dma_ex.c.obj
LOAD CMakeFiles/ROBOT_SDC_AML_SWERVE_2025.dir/Drivers/STM32H7xx_HAL_Driver/Src/stm32h7xx_hal_mdma.c.obj
LOAD CMakeFiles/ROBOT_SDC_AML_SWERVE_2025.dir/Drivers/STM32H7xx_HAL_Driver/Src/stm32h7xx_hal_pwr.c.obj
LOAD CMakeFiles/ROBOT_SDC_AML_SWERVE_2025.dir/Drivers/STM32H7xx_HAL_Driver/Src/stm32h7xx_hal_pwr_ex.c.obj
LOAD CMakeFiles/ROBOT_SDC_AML_SWERVE_2025.dir/Drivers/STM32H7xx_HAL_Driver/Src/stm32h7xx_hal_cortex.c.obj
LOAD CMakeFiles/ROBOT_SDC_AML_SWERVE_2025.dir/Drivers/STM32H7xx_HAL_Driver/Src/stm32h7xx_hal.c.obj
LOAD CMakeFiles/ROBOT_SDC_AML_SWERVE_2025.dir/Drivers/STM32H7xx_HAL_Driver/Src/stm32h7xx_hal_i2c.c.obj
LOAD CMakeFiles/ROBOT_SDC_AML_SWERVE_2025.dir/Drivers/STM32H7xx_HAL_Driver/Src/stm32h7xx_hal_i2c_ex.c.obj
LOAD CMakeFiles/ROBOT_SDC_AML_SWERVE_2025.dir/Drivers/STM32H7xx_HAL_Driver/Src/stm32h7xx_hal_exti.c.obj
LOAD CMakeFiles/ROBOT_SDC_AML_SWERVE_2025.dir/Drivers/STM32H7xx_HAL_Driver/Src/stm32h7xx_hal_fdcan.c.obj
LOAD CMakeFiles/ROBOT_SDC_AML_SWERVE_2025.dir/Drivers/STM32H7xx_HAL_Driver/Src/stm32h7xx_hal_tim.c.obj
LOAD CMakeFiles/ROBOT_SDC_AML_SWERVE_2025.dir/Drivers/STM32H7xx_HAL_Driver/Src/stm32h7xx_hal_tim_ex.c.obj
LOAD CMakeFiles/ROBOT_SDC_AML_SWERVE_2025.dir/Drivers/STM32H7xx_HAL_Driver/Src/stm32h7xx_hal_uart.c.obj
LOAD CMakeFiles/ROBOT_SDC_AML_SWERVE_2025.dir/Drivers/STM32H7xx_HAL_Driver/Src/stm32h7xx_hal_uart_ex.c.obj
LOAD CMakeFiles/ROBOT_SDC_AML_SWERVE_2025.dir/Core/Src/system_stm32h7xx.c.obj
LOAD CMakeFiles/ROBOT_SDC_AML_SWERVE_2025.dir/Core/Src/sysmem.c.obj
LOAD CMakeFiles/ROBOT_SDC_AML_SWERVE_2025.dir/Core/Src/syscalls.c.obj
LOAD CMakeFiles/ROBOT_SDC_AML_SWERVE_2025.dir/startup_stm32h743xx.s.obj
START GROUP
LOAD c:/sysgcc/arm-eabi/bin/../lib/gcc/arm-none-eabi/10.3.1/thumb/v7e-m+dp/hard\libgcc.a
LOAD c:/sysgcc/arm-eabi/bin/../lib/gcc/arm-none-eabi/10.3.1/../../../../arm-none-eabi/lib/thumb/v7e-m+dp/hard\libg_nano.a
LOAD c:/sysgcc/arm-eabi/bin/../lib/gcc/arm-none-eabi/10.3.1/../../../../arm-none-eabi/lib/thumb/v7e-m+dp/hard\libc_nano.a
END GROUP
START GROUP
LOAD c:/sysgcc/arm-eabi/bin/../lib/gcc/arm-none-eabi/10.3.1/thumb/v7e-m+dp/hard\libgcc.a
LOAD c:/sysgcc/arm-eabi/bin/../lib/gcc/arm-none-eabi/10.3.1/../../../../arm-none-eabi/lib/thumb/v7e-m+dp/hard\libc_nano.a
END GROUP
LOAD c:/sysgcc/arm-eabi/bin/../lib/gcc/arm-none-eabi/10.3.1/thumb/v7e-m+dp/hard/crtend.o
LOAD c:/sysgcc/arm-eabi/bin/../lib/gcc/arm-none-eabi/10.3.1/thumb/v7e-m+dp/hard/crtn.o
                0x20020000                _estack = (ORIGIN (DTCMRAM) + LENGTH (DTCMRAM))
                0x00000200                _Min_Heap_Size = 0x200
                0x00000400                _Min_Stack_Size = 0x400

.isr_vector     0x08000000      0x298
                0x08000000                . = ALIGN (0x4)
 *(.isr_vector)
 .isr_vector    0x08000000      0x298 CMakeFiles/ROBOT_SDC_AML_SWERVE_2025.dir/startup_stm32h743xx.s.obj
                0x08000000                g_pfnVectors
                0x08000298                . = ALIGN (0x4)

.text           0x08000298    0x10714
                0x08000298                . = ALIGN (0x4)
 *(.text)
 .text          0x08000298       0x40 c:/sysgcc/arm-eabi/bin/../lib/gcc/arm-none-eabi/10.3.1/thumb/v7e-m+dp/hard/crtbegin.o
 .text          0x080002d8       0x30 c:/sysgcc/arm-eabi/bin/../lib/gcc/arm-none-eabi/10.3.1/thumb/v7e-m+dp/hard\libgcc.a(_aeabi_uldivmod.o)
                0x080002d8                __aeabi_uldivmod
 .text          0x08000308      0x2d0 c:/sysgcc/arm-eabi/bin/../lib/gcc/arm-none-eabi/10.3.1/thumb/v7e-m+dp/hard\libgcc.a(_udivmoddi4.o)
                0x08000308                __udivmoddi4
 .text          0x080005d8        0x4 c:/sysgcc/arm-eabi/bin/../lib/gcc/arm-none-eabi/10.3.1/thumb/v7e-m+dp/hard\libgcc.a(_dvmd_tls.o)
                0x080005d8                __aeabi_idiv0
                0x080005d8                __aeabi_ldiv0
 *(.text*)
 .text.__libc_init_array
                0x080005dc       0x48 c:/sysgcc/arm-eabi/bin/../lib/gcc/arm-none-eabi/10.3.1/../../../../arm-none-eabi/lib/thumb/v7e-m+dp/hard\libc_nano.a(lib_a-init.o)
                0x080005dc                __libc_init_array
 .text.memset   0x08000624       0x10 c:/sysgcc/arm-eabi/bin/../lib/gcc/arm-none-eabi/10.3.1/../../../../arm-none-eabi/lib/thumb/v7e-m+dp/hard\libc_nano.a(lib_a-memset.o)
                0x08000624                memset
 .text.Timeout_Begin
                0x08000634       0x60 CMakeFiles/ROBOT_SDC_AML_SWERVE_2025.dir/Core/Src/main.c.obj
                0x08000634                Timeout_Begin
 *fill*         0x08000694        0x4 
 .text.HAL_TIM_PeriodElapsedCallback
                0x08000698      0x144 CMakeFiles/ROBOT_SDC_AML_SWERVE_2025.dir/Core/Src/main.c.obj
                0x08000698                HAL_TIM_PeriodElapsedCallback
 .text.HAL_UART_TxCpltCallback
                0x080007dc       0x44 CMakeFiles/ROBOT_SDC_AML_SWERVE_2025.dir/Core/Src/main.c.obj
                0x080007dc                HAL_UART_TxCpltCallback
 .text.main     0x08000820      0x114 CMakeFiles/ROBOT_SDC_AML_SWERVE_2025.dir/Core/Src/main.c.obj
                0x08000820                main
 .text.SystemClock_Config
                0x08000934      0x15c CMakeFiles/ROBOT_SDC_AML_SWERVE_2025.dir/Core/Src/main.c.obj
                0x08000934                SystemClock_Config
 .text.MX_ADC1_Init
                0x08000a90      0x108 CMakeFiles/ROBOT_SDC_AML_SWERVE_2025.dir/Core/Src/main.c.obj
 .text.MX_TIM1_Init
                0x08000b98       0xb4 CMakeFiles/ROBOT_SDC_AML_SWERVE_2025.dir/Core/Src/main.c.obj
 .text.MX_TIM4_Init
                0x08000c4c       0xac CMakeFiles/ROBOT_SDC_AML_SWERVE_2025.dir/Core/Src/main.c.obj
 .text.MX_TIM5_Init
                0x08000cf8      0x134 CMakeFiles/ROBOT_SDC_AML_SWERVE_2025.dir/Core/Src/main.c.obj
 .text.MX_TIM17_Init
                0x08000e2c       0x4c CMakeFiles/ROBOT_SDC_AML_SWERVE_2025.dir/Core/Src/main.c.obj
 .text.MX_UART4_Init
                0x08000e78       0x98 CMakeFiles/ROBOT_SDC_AML_SWERVE_2025.dir/Core/Src/main.c.obj
 .text.MX_UART5_Init
                0x08000f10       0x98 CMakeFiles/ROBOT_SDC_AML_SWERVE_2025.dir/Core/Src/main.c.obj
 .text.MX_UART7_Init
                0x08000fa8       0x98 CMakeFiles/ROBOT_SDC_AML_SWERVE_2025.dir/Core/Src/main.c.obj
 .text.MX_UART8_Init
                0x08001040       0x98 CMakeFiles/ROBOT_SDC_AML_SWERVE_2025.dir/Core/Src/main.c.obj
 .text.MX_USART1_UART_Init
                0x080010d8       0x98 CMakeFiles/ROBOT_SDC_AML_SWERVE_2025.dir/Core/Src/main.c.obj
 .text.MX_USART2_UART_Init
                0x08001170       0x98 CMakeFiles/ROBOT_SDC_AML_SWERVE_2025.dir/Core/Src/main.c.obj
 .text.MX_USART3_UART_Init
                0x08001208       0x98 CMakeFiles/ROBOT_SDC_AML_SWERVE_2025.dir/Core/Src/main.c.obj
 .text.MX_USART6_UART_Init
                0x080012a0       0x98 CMakeFiles/ROBOT_SDC_AML_SWERVE_2025.dir/Core/Src/main.c.obj
 .text.MX_DMA_Init
                0x08001338      0x150 CMakeFiles/ROBOT_SDC_AML_SWERVE_2025.dir/Core/Src/main.c.obj
 .text.MX_GPIO_Init
                0x08001488      0x1e8 CMakeFiles/ROBOT_SDC_AML_SWERVE_2025.dir/Core/Src/main.c.obj
 .text.MPU_Config
                0x08001670       0x58 CMakeFiles/ROBOT_SDC_AML_SWERVE_2025.dir/Core/Src/main.c.obj
 .text.Error_Handler
                0x080016c8        0xa CMakeFiles/ROBOT_SDC_AML_SWERVE_2025.dir/Core/Src/main.c.obj
                0x080016c8                Error_Handler
 .text.assert_failed
                0x080016d2       0x16 CMakeFiles/ROBOT_SDC_AML_SWERVE_2025.dir/Core/Src/main.c.obj
                0x080016d2                assert_failed
 .text.NMI_Handler
                0x080016e8        0x6 CMakeFiles/ROBOT_SDC_AML_SWERVE_2025.dir/Core/Src/stm32h7xx_it.c.obj
                0x080016e8                NMI_Handler
 .text.HardFault_Handler
                0x080016ee        0x6 CMakeFiles/ROBOT_SDC_AML_SWERVE_2025.dir/Core/Src/stm32h7xx_it.c.obj
                0x080016ee                HardFault_Handler
 .text.MemManage_Handler
                0x080016f4        0x6 CMakeFiles/ROBOT_SDC_AML_SWERVE_2025.dir/Core/Src/stm32h7xx_it.c.obj
                0x080016f4                MemManage_Handler
 .text.BusFault_Handler
                0x080016fa        0x6 CMakeFiles/ROBOT_SDC_AML_SWERVE_2025.dir/Core/Src/stm32h7xx_it.c.obj
                0x080016fa                BusFault_Handler
 .text.UsageFault_Handler
                0x08001700        0x6 CMakeFiles/ROBOT_SDC_AML_SWERVE_2025.dir/Core/Src/stm32h7xx_it.c.obj
                0x08001700                UsageFault_Handler
 .text.SVC_Handler
                0x08001706        0xe CMakeFiles/ROBOT_SDC_AML_SWERVE_2025.dir/Core/Src/stm32h7xx_it.c.obj
                0x08001706                SVC_Handler
 .text.DebugMon_Handler
                0x08001714        0xe CMakeFiles/ROBOT_SDC_AML_SWERVE_2025.dir/Core/Src/stm32h7xx_it.c.obj
                0x08001714                DebugMon_Handler
 .text.PendSV_Handler
                0x08001722        0xe CMakeFiles/ROBOT_SDC_AML_SWERVE_2025.dir/Core/Src/stm32h7xx_it.c.obj
                0x08001722                PendSV_Handler
 .text.SysTick_Handler
                0x08001730        0xc CMakeFiles/ROBOT_SDC_AML_SWERVE_2025.dir/Core/Src/stm32h7xx_it.c.obj
                0x08001730                SysTick_Handler
 .text.DMA1_Stream0_IRQHandler
                0x0800173c       0x14 CMakeFiles/ROBOT_SDC_AML_SWERVE_2025.dir/Core/Src/stm32h7xx_it.c.obj
                0x0800173c                DMA1_Stream0_IRQHandler
 .text.DMA1_Stream1_IRQHandler
                0x08001750       0x14 CMakeFiles/ROBOT_SDC_AML_SWERVE_2025.dir/Core/Src/stm32h7xx_it.c.obj
                0x08001750                DMA1_Stream1_IRQHandler
 .text.DMA1_Stream2_IRQHandler
                0x08001764       0x14 CMakeFiles/ROBOT_SDC_AML_SWERVE_2025.dir/Core/Src/stm32h7xx_it.c.obj
                0x08001764                DMA1_Stream2_IRQHandler
 .text.DMA1_Stream3_IRQHandler
                0x08001778       0x14 CMakeFiles/ROBOT_SDC_AML_SWERVE_2025.dir/Core/Src/stm32h7xx_it.c.obj
                0x08001778                DMA1_Stream3_IRQHandler
 .text.DMA1_Stream4_IRQHandler
                0x0800178c       0x14 CMakeFiles/ROBOT_SDC_AML_SWERVE_2025.dir/Core/Src/stm32h7xx_it.c.obj
                0x0800178c                DMA1_Stream4_IRQHandler
 .text.DMA1_Stream5_IRQHandler
                0x080017a0       0x14 CMakeFiles/ROBOT_SDC_AML_SWERVE_2025.dir/Core/Src/stm32h7xx_it.c.obj
                0x080017a0                DMA1_Stream5_IRQHandler
 .text.DMA1_Stream6_IRQHandler
                0x080017b4       0x14 CMakeFiles/ROBOT_SDC_AML_SWERVE_2025.dir/Core/Src/stm32h7xx_it.c.obj
                0x080017b4                DMA1_Stream6_IRQHandler
 .text.USART1_IRQHandler
                0x080017c8       0x14 CMakeFiles/ROBOT_SDC_AML_SWERVE_2025.dir/Core/Src/stm32h7xx_it.c.obj
                0x080017c8                USART1_IRQHandler
 .text.USART2_IRQHandler
                0x080017dc       0x14 CMakeFiles/ROBOT_SDC_AML_SWERVE_2025.dir/Core/Src/stm32h7xx_it.c.obj
                0x080017dc                USART2_IRQHandler
 .text.USART3_IRQHandler
                0x080017f0       0x14 CMakeFiles/ROBOT_SDC_AML_SWERVE_2025.dir/Core/Src/stm32h7xx_it.c.obj
                0x080017f0                USART3_IRQHandler
 .text.DMA1_Stream7_IRQHandler
                0x08001804       0x14 CMakeFiles/ROBOT_SDC_AML_SWERVE_2025.dir/Core/Src/stm32h7xx_it.c.obj
                0x08001804                DMA1_Stream7_IRQHandler
 .text.TIM5_IRQHandler
                0x08001818       0x14 CMakeFiles/ROBOT_SDC_AML_SWERVE_2025.dir/Core/Src/stm32h7xx_it.c.obj
                0x08001818                TIM5_IRQHandler
 .text.UART4_IRQHandler
                0x0800182c       0x14 CMakeFiles/ROBOT_SDC_AML_SWERVE_2025.dir/Core/Src/stm32h7xx_it.c.obj
                0x0800182c                UART4_IRQHandler
 .text.UART5_IRQHandler
                0x08001840       0x14 CMakeFiles/ROBOT_SDC_AML_SWERVE_2025.dir/Core/Src/stm32h7xx_it.c.obj
                0x08001840                UART5_IRQHandler
 .text.DMA2_Stream0_IRQHandler
                0x08001854       0x14 CMakeFiles/ROBOT_SDC_AML_SWERVE_2025.dir/Core/Src/stm32h7xx_it.c.obj
                0x08001854                DMA2_Stream0_IRQHandler
 .text.DMA2_Stream1_IRQHandler
                0x08001868       0x14 CMakeFiles/ROBOT_SDC_AML_SWERVE_2025.dir/Core/Src/stm32h7xx_it.c.obj
                0x08001868                DMA2_Stream1_IRQHandler
 .text.DMA2_Stream2_IRQHandler
                0x0800187c       0x14 CMakeFiles/ROBOT_SDC_AML_SWERVE_2025.dir/Core/Src/stm32h7xx_it.c.obj
                0x0800187c                DMA2_Stream2_IRQHandler
 .text.DMA2_Stream3_IRQHandler
                0x08001890       0x14 CMakeFiles/ROBOT_SDC_AML_SWERVE_2025.dir/Core/Src/stm32h7xx_it.c.obj
                0x08001890                DMA2_Stream3_IRQHandler
 .text.DMA2_Stream4_IRQHandler
                0x080018a4       0x14 CMakeFiles/ROBOT_SDC_AML_SWERVE_2025.dir/Core/Src/stm32h7xx_it.c.obj
                0x080018a4                DMA2_Stream4_IRQHandler
 .text.DMA2_Stream5_IRQHandler
                0x080018b8       0x14 CMakeFiles/ROBOT_SDC_AML_SWERVE_2025.dir/Core/Src/stm32h7xx_it.c.obj
                0x080018b8                DMA2_Stream5_IRQHandler
 .text.DMA2_Stream6_IRQHandler
                0x080018cc       0x14 CMakeFiles/ROBOT_SDC_AML_SWERVE_2025.dir/Core/Src/stm32h7xx_it.c.obj
                0x080018cc                DMA2_Stream6_IRQHandler
 .text.DMA2_Stream7_IRQHandler
                0x080018e0       0x14 CMakeFiles/ROBOT_SDC_AML_SWERVE_2025.dir/Core/Src/stm32h7xx_it.c.obj
                0x080018e0                DMA2_Stream7_IRQHandler
 .text.USART6_IRQHandler
                0x080018f4       0x14 CMakeFiles/ROBOT_SDC_AML_SWERVE_2025.dir/Core/Src/stm32h7xx_it.c.obj
                0x080018f4                USART6_IRQHandler
 .text.UART7_IRQHandler
                0x08001908       0x14 CMakeFiles/ROBOT_SDC_AML_SWERVE_2025.dir/Core/Src/stm32h7xx_it.c.obj
                0x08001908                UART7_IRQHandler
 .text.UART8_IRQHandler
                0x0800191c       0x14 CMakeFiles/ROBOT_SDC_AML_SWERVE_2025.dir/Core/Src/stm32h7xx_it.c.obj
                0x0800191c                UART8_IRQHandler
 .text.TIM17_IRQHandler
                0x08001930       0x14 CMakeFiles/ROBOT_SDC_AML_SWERVE_2025.dir/Core/Src/stm32h7xx_it.c.obj
                0x08001930                TIM17_IRQHandler
 .text.HAL_MspInit
                0x08001944       0x34 CMakeFiles/ROBOT_SDC_AML_SWERVE_2025.dir/Core/Src/stm32h7xx_hal_msp.c.obj
                0x08001944                HAL_MspInit
 .text.HAL_ADC_MspInit
                0x08001978      0x168 CMakeFiles/ROBOT_SDC_AML_SWERVE_2025.dir/Core/Src/stm32h7xx_hal_msp.c.obj
                0x08001978                HAL_ADC_MspInit
 .text.HAL_TIM_Encoder_MspInit
                0x08001ae0      0x108 CMakeFiles/ROBOT_SDC_AML_SWERVE_2025.dir/Core/Src/stm32h7xx_hal_msp.c.obj
                0x08001ae0                HAL_TIM_Encoder_MspInit
 .text.HAL_TIM_Base_MspInit
                0x08001be8       0x90 CMakeFiles/ROBOT_SDC_AML_SWERVE_2025.dir/Core/Src/stm32h7xx_hal_msp.c.obj
                0x08001be8                HAL_TIM_Base_MspInit
 .text.HAL_TIM_MspPostInit
                0x08001c78       0x74 CMakeFiles/ROBOT_SDC_AML_SWERVE_2025.dir/Core/Src/stm32h7xx_hal_msp.c.obj
                0x08001c78                HAL_TIM_MspPostInit
 .text.HAL_UART_MspInit
                0x08001cec      0xe28 CMakeFiles/ROBOT_SDC_AML_SWERVE_2025.dir/Core/Src/stm32h7xx_hal_msp.c.obj
                0x08001cec                HAL_UART_MspInit
 .text.LL_ADC_SetCommonClock
                0x08002b14       0x26 CMakeFiles/ROBOT_SDC_AML_SWERVE_2025.dir/Drivers/STM32H7xx_HAL_Driver/Src/stm32h7xx_hal_adc.c.obj
 .text.LL_ADC_SetCommonPathInternalCh
                0x08002b3a       0x26 CMakeFiles/ROBOT_SDC_AML_SWERVE_2025.dir/Drivers/STM32H7xx_HAL_Driver/Src/stm32h7xx_hal_adc.c.obj
 .text.LL_ADC_GetCommonPathInternalCh
                0x08002b60       0x1c CMakeFiles/ROBOT_SDC_AML_SWERVE_2025.dir/Drivers/STM32H7xx_HAL_Driver/Src/stm32h7xx_hal_adc.c.obj
 .text.LL_ADC_GetResolution
                0x08002b7c       0x48 CMakeFiles/ROBOT_SDC_AML_SWERVE_2025.dir/Drivers/STM32H7xx_HAL_Driver/Src/stm32h7xx_hal_adc.c.obj
 .text.LL_ADC_SetOffset
                0x08002bc4       0x40 CMakeFiles/ROBOT_SDC_AML_SWERVE_2025.dir/Drivers/STM32H7xx_HAL_Driver/Src/stm32h7xx_hal_adc.c.obj
 .text.LL_ADC_SetDataRightShift
                0x08002c04       0x32 CMakeFiles/ROBOT_SDC_AML_SWERVE_2025.dir/Drivers/STM32H7xx_HAL_Driver/Src/stm32h7xx_hal_adc.c.obj
 .text.LL_ADC_SetOffsetSignedSaturation
                0x08002c36       0x36 CMakeFiles/ROBOT_SDC_AML_SWERVE_2025.dir/Drivers/STM32H7xx_HAL_Driver/Src/stm32h7xx_hal_adc.c.obj
 .text.LL_ADC_REG_SetSequencerRanks
                0x08002c6c       0x58 CMakeFiles/ROBOT_SDC_AML_SWERVE_2025.dir/Drivers/STM32H7xx_HAL_Driver/Src/stm32h7xx_hal_adc.c.obj
 .text.LL_ADC_SetChannelSamplingTime
                0x08002cc4       0x56 CMakeFiles/ROBOT_SDC_AML_SWERVE_2025.dir/Drivers/STM32H7xx_HAL_Driver/Src/stm32h7xx_hal_adc.c.obj
 *fill*         0x08002d1a        0x2 
 .text.LL_ADC_SetChannelSingleDiff
                0x08002d1c       0x48 CMakeFiles/ROBOT_SDC_AML_SWERVE_2025.dir/Drivers/STM32H7xx_HAL_Driver/Src/stm32h7xx_hal_adc.c.obj
 .text.LL_ADC_DisableDeepPowerDown
                0x08002d64       0x24 CMakeFiles/ROBOT_SDC_AML_SWERVE_2025.dir/Drivers/STM32H7xx_HAL_Driver/Src/stm32h7xx_hal_adc.c.obj
 .text.LL_ADC_IsDeepPowerDownEnabled
                0x08002d88       0x28 CMakeFiles/ROBOT_SDC_AML_SWERVE_2025.dir/Drivers/STM32H7xx_HAL_Driver/Src/stm32h7xx_hal_adc.c.obj
 .text.LL_ADC_EnableInternalRegulator
                0x08002db0       0x28 CMakeFiles/ROBOT_SDC_AML_SWERVE_2025.dir/Drivers/STM32H7xx_HAL_Driver/Src/stm32h7xx_hal_adc.c.obj
 .text.LL_ADC_IsInternalRegulatorEnabled
                0x08002dd8       0x28 CMakeFiles/ROBOT_SDC_AML_SWERVE_2025.dir/Drivers/STM32H7xx_HAL_Driver/Src/stm32h7xx_hal_adc.c.obj
 .text.LL_ADC_IsEnabled
                0x08002e00       0x26 CMakeFiles/ROBOT_SDC_AML_SWERVE_2025.dir/Drivers/STM32H7xx_HAL_Driver/Src/stm32h7xx_hal_adc.c.obj
 .text.LL_ADC_REG_IsConversionOngoing
                0x08002e26       0x26 CMakeFiles/ROBOT_SDC_AML_SWERVE_2025.dir/Drivers/STM32H7xx_HAL_Driver/Src/stm32h7xx_hal_adc.c.obj
 .text.LL_ADC_INJ_IsConversionOngoing
                0x08002e4c       0x26 CMakeFiles/ROBOT_SDC_AML_SWERVE_2025.dir/Drivers/STM32H7xx_HAL_Driver/Src/stm32h7xx_hal_adc.c.obj
 *fill*         0x08002e72        0x2 
 .text.HAL_ADC_Init
                0x08002e74      0x7a4 CMakeFiles/ROBOT_SDC_AML_SWERVE_2025.dir/Drivers/STM32H7xx_HAL_Driver/Src/stm32h7xx_hal_adc.c.obj
                0x08002e74                HAL_ADC_Init
 .text.HAL_ADC_ConfigChannel
                0x08003618      0xc24 CMakeFiles/ROBOT_SDC_AML_SWERVE_2025.dir/Drivers/STM32H7xx_HAL_Driver/Src/stm32h7xx_hal_adc.c.obj
                0x08003618                HAL_ADC_ConfigChannel
 .text.ADC_ConfigureBoostMode
                0x0800423c      0x218 CMakeFiles/ROBOT_SDC_AML_SWERVE_2025.dir/Drivers/STM32H7xx_HAL_Driver/Src/stm32h7xx_hal_adc.c.obj
                0x0800423c                ADC_ConfigureBoostMode
 .text.LL_ADC_IsEnabled
                0x08004454       0x26 CMakeFiles/ROBOT_SDC_AML_SWERVE_2025.dir/Drivers/STM32H7xx_HAL_Driver/Src/stm32h7xx_hal_adc_ex.c.obj
 .text.LL_ADC_REG_IsConversionOngoing
                0x0800447a       0x26 CMakeFiles/ROBOT_SDC_AML_SWERVE_2025.dir/Drivers/STM32H7xx_HAL_Driver/Src/stm32h7xx_hal_adc_ex.c.obj
 .text.HAL_ADCEx_MultiModeConfigChannel
                0x080044a0      0x2bc CMakeFiles/ROBOT_SDC_AML_SWERVE_2025.dir/Drivers/STM32H7xx_HAL_Driver/Src/stm32h7xx_hal_adc_ex.c.obj
                0x080044a0                HAL_ADCEx_MultiModeConfigChannel
 .text.HAL_RCC_OscConfig
                0x0800475c      0xb60 CMakeFiles/ROBOT_SDC_AML_SWERVE_2025.dir/Drivers/STM32H7xx_HAL_Driver/Src/stm32h7xx_hal_rcc.c.obj
                0x0800475c                HAL_RCC_OscConfig
 .text.HAL_RCC_ClockConfig
                0x080052bc      0x6e0 CMakeFiles/ROBOT_SDC_AML_SWERVE_2025.dir/Drivers/STM32H7xx_HAL_Driver/Src/stm32h7xx_hal_rcc.c.obj
                0x080052bc                HAL_RCC_ClockConfig
 .text.HAL_RCC_GetSysClockFreq
                0x0800599c      0x2f4 CMakeFiles/ROBOT_SDC_AML_SWERVE_2025.dir/Drivers/STM32H7xx_HAL_Driver/Src/stm32h7xx_hal_rcc.c.obj
                0x0800599c                HAL_RCC_GetSysClockFreq
 .text.HAL_RCC_GetHCLKFreq
                0x08005c90       0x60 CMakeFiles/ROBOT_SDC_AML_SWERVE_2025.dir/Drivers/STM32H7xx_HAL_Driver/Src/stm32h7xx_hal_rcc.c.obj
                0x08005c90                HAL_RCC_GetHCLKFreq
 .text.HAL_RCC_GetPCLK1Freq
                0x08005cf0       0x2c CMakeFiles/ROBOT_SDC_AML_SWERVE_2025.dir/Drivers/STM32H7xx_HAL_Driver/Src/stm32h7xx_hal_rcc.c.obj
                0x08005cf0                HAL_RCC_GetPCLK1Freq
 .text.HAL_RCC_GetPCLK2Freq
                0x08005d1c       0x2c CMakeFiles/ROBOT_SDC_AML_SWERVE_2025.dir/Drivers/STM32H7xx_HAL_Driver/Src/stm32h7xx_hal_rcc.c.obj
                0x08005d1c                HAL_RCC_GetPCLK2Freq
 .text.HAL_RCCEx_PeriphCLKConfig
                0x08005d48     0x1a60 CMakeFiles/ROBOT_SDC_AML_SWERVE_2025.dir/Drivers/STM32H7xx_HAL_Driver/Src/stm32h7xx_hal_rcc_ex.c.obj
                0x08005d48                HAL_RCCEx_PeriphCLKConfig
 .text.HAL_RCCEx_GetPeriphCLKFreq
                0x080077a8      0xb00 CMakeFiles/ROBOT_SDC_AML_SWERVE_2025.dir/Drivers/STM32H7xx_HAL_Driver/Src/stm32h7xx_hal_rcc_ex.c.obj
                0x080077a8                HAL_RCCEx_GetPeriphCLKFreq
 .text.HAL_RCCEx_GetD3PCLK1Freq
                0x080082a8       0x2c CMakeFiles/ROBOT_SDC_AML_SWERVE_2025.dir/Drivers/STM32H7xx_HAL_Driver/Src/stm32h7xx_hal_rcc_ex.c.obj
                0x080082a8                HAL_RCCEx_GetD3PCLK1Freq
 .text.HAL_RCCEx_GetPLL2ClockFreq
                0x080082d4      0x2a8 CMakeFiles/ROBOT_SDC_AML_SWERVE_2025.dir/Drivers/STM32H7xx_HAL_Driver/Src/stm32h7xx_hal_rcc_ex.c.obj
                0x080082d4                HAL_RCCEx_GetPLL2ClockFreq
 .text.HAL_RCCEx_GetPLL3ClockFreq
                0x0800857c      0x2a8 CMakeFiles/ROBOT_SDC_AML_SWERVE_2025.dir/Drivers/STM32H7xx_HAL_Driver/Src/stm32h7xx_hal_rcc_ex.c.obj
                0x0800857c                HAL_RCCEx_GetPLL3ClockFreq
 .text.HAL_RCCEx_GetPLL1ClockFreq
                0x08008824      0x2a4 CMakeFiles/ROBOT_SDC_AML_SWERVE_2025.dir/Drivers/STM32H7xx_HAL_Driver/Src/stm32h7xx_hal_rcc_ex.c.obj
                0x08008824                HAL_RCCEx_GetPLL1ClockFreq
 .text.RCCEx_PLL2_Config
                0x08008ac8      0x244 CMakeFiles/ROBOT_SDC_AML_SWERVE_2025.dir/Drivers/STM32H7xx_HAL_Driver/Src/stm32h7xx_hal_rcc_ex.c.obj
 .text.RCCEx_PLL3_Config
                0x08008d0c      0x24c CMakeFiles/ROBOT_SDC_AML_SWERVE_2025.dir/Drivers/STM32H7xx_HAL_Driver/Src/stm32h7xx_hal_rcc_ex.c.obj
 .text.HAL_GPIO_Init
                0x08008f58      0x55c CMakeFiles/ROBOT_SDC_AML_SWERVE_2025.dir/Drivers/STM32H7xx_HAL_Driver/Src/stm32h7xx_hal_gpio.c.obj
                0x08008f58                HAL_GPIO_Init
 .text.HAL_GPIO_WritePin
                0x080094b4       0x68 CMakeFiles/ROBOT_SDC_AML_SWERVE_2025.dir/Drivers/STM32H7xx_HAL_Driver/Src/stm32h7xx_hal_gpio.c.obj
                0x080094b4                HAL_GPIO_WritePin
 .text.HAL_GPIO_TogglePin
                0x0800951c       0x54 CMakeFiles/ROBOT_SDC_AML_SWERVE_2025.dir/Drivers/STM32H7xx_HAL_Driver/Src/stm32h7xx_hal_gpio.c.obj
                0x0800951c                HAL_GPIO_TogglePin
 .text.HAL_DMA_Init
                0x08009570      0x9f0 CMakeFiles/ROBOT_SDC_AML_SWERVE_2025.dir/Drivers/STM32H7xx_HAL_Driver/Src/stm32h7xx_hal_dma.c.obj
                0x08009570                HAL_DMA_Init
 .text.HAL_DMA_Abort
                0x08009f60      0x63c CMakeFiles/ROBOT_SDC_AML_SWERVE_2025.dir/Drivers/STM32H7xx_HAL_Driver/Src/stm32h7xx_hal_dma.c.obj
                0x08009f60                HAL_DMA_Abort
 .text.HAL_DMA_Abort_IT
                0x0800a59c      0x48c CMakeFiles/ROBOT_SDC_AML_SWERVE_2025.dir/Drivers/STM32H7xx_HAL_Driver/Src/stm32h7xx_hal_dma.c.obj
                0x0800a59c                HAL_DMA_Abort_IT
 .text.HAL_DMA_IRQHandler
                0x0800aa28      0xe54 CMakeFiles/ROBOT_SDC_AML_SWERVE_2025.dir/Drivers/STM32H7xx_HAL_Driver/Src/stm32h7xx_hal_dma.c.obj
                0x0800aa28                HAL_DMA_IRQHandler
 .text.DMA_CalcBaseAndBitshift
                0x0800b87c      0x164 CMakeFiles/ROBOT_SDC_AML_SWERVE_2025.dir/Drivers/STM32H7xx_HAL_Driver/Src/stm32h7xx_hal_dma.c.obj
 .text.DMA_CheckFifoParam
                0x0800b9e0       0xf8 CMakeFiles/ROBOT_SDC_AML_SWERVE_2025.dir/Drivers/STM32H7xx_HAL_Driver/Src/stm32h7xx_hal_dma.c.obj
 .text.DMA_CalcDMAMUXChannelBaseAndMask
                0x0800bad8      0x134 CMakeFiles/ROBOT_SDC_AML_SWERVE_2025.dir/Drivers/STM32H7xx_HAL_Driver/Src/stm32h7xx_hal_dma.c.obj
 .text.DMA_CalcDMAMUXRequestGenBaseAndMask
                0x0800bc0c       0xe8 CMakeFiles/ROBOT_SDC_AML_SWERVE_2025.dir/Drivers/STM32H7xx_HAL_Driver/Src/stm32h7xx_hal_dma.c.obj
 .text.HAL_PWREx_ConfigSupply
                0x0800bcf4       0x8c CMakeFiles/ROBOT_SDC_AML_SWERVE_2025.dir/Drivers/STM32H7xx_HAL_Driver/Src/stm32h7xx_hal_pwr_ex.c.obj
                0x0800bcf4                HAL_PWREx_ConfigSupply
 .text.__NVIC_SetPriorityGrouping
                0x0800bd80       0x48 CMakeFiles/ROBOT_SDC_AML_SWERVE_2025.dir/Drivers/STM32H7xx_HAL_Driver/Src/stm32h7xx_hal_cortex.c.obj
 .text.__NVIC_GetPriorityGrouping
                0x0800bdc8       0x1c CMakeFiles/ROBOT_SDC_AML_SWERVE_2025.dir/Drivers/STM32H7xx_HAL_Driver/Src/stm32h7xx_hal_cortex.c.obj
 .text.__NVIC_EnableIRQ
                0x0800bde4       0x3c CMakeFiles/ROBOT_SDC_AML_SWERVE_2025.dir/Drivers/STM32H7xx_HAL_Driver/Src/stm32h7xx_hal_cortex.c.obj
 .text.__NVIC_SetPriority
                0x0800be20       0x54 CMakeFiles/ROBOT_SDC_AML_SWERVE_2025.dir/Drivers/STM32H7xx_HAL_Driver/Src/stm32h7xx_hal_cortex.c.obj
 .text.NVIC_EncodePriority
                0x0800be74       0x66 CMakeFiles/ROBOT_SDC_AML_SWERVE_2025.dir/Drivers/STM32H7xx_HAL_Driver/Src/stm32h7xx_hal_cortex.c.obj
 *fill*         0x0800beda        0x2 
 .text.SysTick_Config
                0x0800bedc       0x44 CMakeFiles/ROBOT_SDC_AML_SWERVE_2025.dir/Drivers/STM32H7xx_HAL_Driver/Src/stm32h7xx_hal_cortex.c.obj
 .text.HAL_NVIC_SetPriorityGrouping
                0x0800bf20       0x40 CMakeFiles/ROBOT_SDC_AML_SWERVE_2025.dir/Drivers/STM32H7xx_HAL_Driver/Src/stm32h7xx_hal_cortex.c.obj
                0x0800bf20                HAL_NVIC_SetPriorityGrouping
 .text.HAL_NVIC_SetPriority
                0x0800bf60       0x54 CMakeFiles/ROBOT_SDC_AML_SWERVE_2025.dir/Drivers/STM32H7xx_HAL_Driver/Src/stm32h7xx_hal_cortex.c.obj
                0x0800bf60                HAL_NVIC_SetPriority
 .text.HAL_NVIC_EnableIRQ
                0x0800bfb4       0x30 CMakeFiles/ROBOT_SDC_AML_SWERVE_2025.dir/Drivers/STM32H7xx_HAL_Driver/Src/stm32h7xx_hal_cortex.c.obj
                0x0800bfb4                HAL_NVIC_EnableIRQ
 .text.HAL_SYSTICK_Config
                0x0800bfe4       0x18 CMakeFiles/ROBOT_SDC_AML_SWERVE_2025.dir/Drivers/STM32H7xx_HAL_Driver/Src/stm32h7xx_hal_cortex.c.obj
                0x0800bfe4                HAL_SYSTICK_Config
 .text.HAL_MPU_Disable
                0x0800bffc       0x30 CMakeFiles/ROBOT_SDC_AML_SWERVE_2025.dir/Drivers/STM32H7xx_HAL_Driver/Src/stm32h7xx_hal_cortex.c.obj
                0x0800bffc                HAL_MPU_Disable
 .text.HAL_MPU_Enable
                0x0800c02c       0x40 CMakeFiles/ROBOT_SDC_AML_SWERVE_2025.dir/Drivers/STM32H7xx_HAL_Driver/Src/stm32h7xx_hal_cortex.c.obj
                0x0800c02c                HAL_MPU_Enable
 .text.HAL_MPU_ConfigRegion
                0x0800c06c      0x2ec CMakeFiles/ROBOT_SDC_AML_SWERVE_2025.dir/Drivers/STM32H7xx_HAL_Driver/Src/stm32h7xx_hal_cortex.c.obj
                0x0800c06c                HAL_MPU_ConfigRegion
 .text.HAL_Init
                0x0800c358       0x78 CMakeFiles/ROBOT_SDC_AML_SWERVE_2025.dir/Drivers/STM32H7xx_HAL_Driver/Src/stm32h7xx_hal.c.obj
                0x0800c358                HAL_Init
 .text.HAL_InitTick
                0x0800c3d0       0x6c CMakeFiles/ROBOT_SDC_AML_SWERVE_2025.dir/Drivers/STM32H7xx_HAL_Driver/Src/stm32h7xx_hal.c.obj
                0x0800c3d0                HAL_InitTick
 .text.HAL_IncTick
                0x0800c43c       0x28 CMakeFiles/ROBOT_SDC_AML_SWERVE_2025.dir/Drivers/STM32H7xx_HAL_Driver/Src/stm32h7xx_hal.c.obj
                0x0800c43c                HAL_IncTick
 .text.HAL_GetTick
                0x0800c464       0x18 CMakeFiles/ROBOT_SDC_AML_SWERVE_2025.dir/Drivers/STM32H7xx_HAL_Driver/Src/stm32h7xx_hal.c.obj
                0x0800c464                HAL_GetTick
 .text.HAL_Delay
                0x0800c47c       0x48 CMakeFiles/ROBOT_SDC_AML_SWERVE_2025.dir/Drivers/STM32H7xx_HAL_Driver/Src/stm32h7xx_hal.c.obj
                0x0800c47c                HAL_Delay
 .text.HAL_GetREVID
                0x0800c4c4       0x18 CMakeFiles/ROBOT_SDC_AML_SWERVE_2025.dir/Drivers/STM32H7xx_HAL_Driver/Src/stm32h7xx_hal.c.obj
                0x0800c4c4                HAL_GetREVID
 .text.HAL_TIM_Base_Init
                0x0800c4dc      0x240 CMakeFiles/ROBOT_SDC_AML_SWERVE_2025.dir/Drivers/STM32H7xx_HAL_Driver/Src/stm32h7xx_hal_tim.c.obj
                0x0800c4dc                HAL_TIM_Base_Init
 .text.HAL_TIM_PWM_Init
                0x0800c71c      0x240 CMakeFiles/ROBOT_SDC_AML_SWERVE_2025.dir/Drivers/STM32H7xx_HAL_Driver/Src/stm32h7xx_hal_tim.c.obj
                0x0800c71c                HAL_TIM_PWM_Init
 .text.HAL_TIM_PWM_MspInit
                0x0800c95c       0x14 CMakeFiles/ROBOT_SDC_AML_SWERVE_2025.dir/Drivers/STM32H7xx_HAL_Driver/Src/stm32h7xx_hal_tim.c.obj
                0x0800c95c                HAL_TIM_PWM_MspInit
 .text.HAL_TIM_Encoder_Init
                0x0800c970      0x384 CMakeFiles/ROBOT_SDC_AML_SWERVE_2025.dir/Drivers/STM32H7xx_HAL_Driver/Src/stm32h7xx_hal_tim.c.obj
                0x0800c970                HAL_TIM_Encoder_Init
 .text.HAL_TIM_IRQHandler
                0x0800ccf4      0x20e CMakeFiles/ROBOT_SDC_AML_SWERVE_2025.dir/Drivers/STM32H7xx_HAL_Driver/Src/stm32h7xx_hal_tim.c.obj
                0x0800ccf4                HAL_TIM_IRQHandler
 *fill*         0x0800cf02        0x2 
 .text.HAL_TIM_PWM_ConfigChannel
                0x0800cf04      0x4d0 CMakeFiles/ROBOT_SDC_AML_SWERVE_2025.dir/Drivers/STM32H7xx_HAL_Driver/Src/stm32h7xx_hal_tim.c.obj
                0x0800cf04                HAL_TIM_PWM_ConfigChannel
 .text.HAL_TIM_ConfigClockSource
                0x0800d3d4      0x764 CMakeFiles/ROBOT_SDC_AML_SWERVE_2025.dir/Drivers/STM32H7xx_HAL_Driver/Src/stm32h7xx_hal_tim.c.obj
                0x0800d3d4                HAL_TIM_ConfigClockSource
 .text.HAL_TIM_OC_DelayElapsedCallback
                0x0800db38       0x14 CMakeFiles/ROBOT_SDC_AML_SWERVE_2025.dir/Drivers/STM32H7xx_HAL_Driver/Src/stm32h7xx_hal_tim.c.obj
                0x0800db38                HAL_TIM_OC_DelayElapsedCallback
 .text.HAL_TIM_IC_CaptureCallback
                0x0800db4c       0x14 CMakeFiles/ROBOT_SDC_AML_SWERVE_2025.dir/Drivers/STM32H7xx_HAL_Driver/Src/stm32h7xx_hal_tim.c.obj
                0x0800db4c                HAL_TIM_IC_CaptureCallback
 .text.HAL_TIM_PWM_PulseFinishedCallback
                0x0800db60       0x14 CMakeFiles/ROBOT_SDC_AML_SWERVE_2025.dir/Drivers/STM32H7xx_HAL_Driver/Src/stm32h7xx_hal_tim.c.obj
                0x0800db60                HAL_TIM_PWM_PulseFinishedCallback
 .text.HAL_TIM_TriggerCallback
                0x0800db74       0x14 CMakeFiles/ROBOT_SDC_AML_SWERVE_2025.dir/Drivers/STM32H7xx_HAL_Driver/Src/stm32h7xx_hal_tim.c.obj
                0x0800db74                HAL_TIM_TriggerCallback
 .text.TIM_Base_SetConfig
                0x0800db88      0x14c CMakeFiles/ROBOT_SDC_AML_SWERVE_2025.dir/Drivers/STM32H7xx_HAL_Driver/Src/stm32h7xx_hal_tim.c.obj
                0x0800db88                TIM_Base_SetConfig
 .text.TIM_OC1_SetConfig
                0x0800dcd4      0x174 CMakeFiles/ROBOT_SDC_AML_SWERVE_2025.dir/Drivers/STM32H7xx_HAL_Driver/Src/stm32h7xx_hal_tim.c.obj
 .text.TIM_OC2_SetConfig
                0x0800de48      0x164 CMakeFiles/ROBOT_SDC_AML_SWERVE_2025.dir/Drivers/STM32H7xx_HAL_Driver/Src/stm32h7xx_hal_tim.c.obj
                0x0800de48                TIM_OC2_SetConfig
 .text.TIM_OC3_SetConfig
                0x0800dfac      0x164 CMakeFiles/ROBOT_SDC_AML_SWERVE_2025.dir/Drivers/STM32H7xx_HAL_Driver/Src/stm32h7xx_hal_tim.c.obj
 .text.TIM_OC4_SetConfig
                0x0800e110       0xf0 CMakeFiles/ROBOT_SDC_AML_SWERVE_2025.dir/Drivers/STM32H7xx_HAL_Driver/Src/stm32h7xx_hal_tim.c.obj
 .text.TIM_OC5_SetConfig
                0x0800e200       0xc8 CMakeFiles/ROBOT_SDC_AML_SWERVE_2025.dir/Drivers/STM32H7xx_HAL_Driver/Src/stm32h7xx_hal_tim.c.obj
 .text.TIM_OC6_SetConfig
                0x0800e2c8       0xcc CMakeFiles/ROBOT_SDC_AML_SWERVE_2025.dir/Drivers/STM32H7xx_HAL_Driver/Src/stm32h7xx_hal_tim.c.obj
 .text.TIM_TI1_ConfigInputStage
                0x0800e394       0x5e CMakeFiles/ROBOT_SDC_AML_SWERVE_2025.dir/Drivers/STM32H7xx_HAL_Driver/Src/stm32h7xx_hal_tim.c.obj
 .text.TIM_TI2_ConfigInputStage
                0x0800e3f2       0x60 CMakeFiles/ROBOT_SDC_AML_SWERVE_2025.dir/Drivers/STM32H7xx_HAL_Driver/Src/stm32h7xx_hal_tim.c.obj
 *fill*         0x0800e452        0x2 
 .text.TIM_ITRx_SetConfig
                0x0800e454       0x3c CMakeFiles/ROBOT_SDC_AML_SWERVE_2025.dir/Drivers/STM32H7xx_HAL_Driver/Src/stm32h7xx_hal_tim.c.obj
 .text.TIM_ETR_SetConfig
                0x0800e490       0x40 CMakeFiles/ROBOT_SDC_AML_SWERVE_2025.dir/Drivers/STM32H7xx_HAL_Driver/Src/stm32h7xx_hal_tim.c.obj
                0x0800e490                TIM_ETR_SetConfig
 .text.HAL_TIMEx_MasterConfigSynchronization
                0x0800e4d0      0x2cc CMakeFiles/ROBOT_SDC_AML_SWERVE_2025.dir/Drivers/STM32H7xx_HAL_Driver/Src/stm32h7xx_hal_tim_ex.c.obj
                0x0800e4d0                HAL_TIMEx_MasterConfigSynchronization
 .text.HAL_TIMEx_CommutCallback
                0x0800e79c       0x14 CMakeFiles/ROBOT_SDC_AML_SWERVE_2025.dir/Drivers/STM32H7xx_HAL_Driver/Src/stm32h7xx_hal_tim_ex.c.obj
                0x0800e79c                HAL_TIMEx_CommutCallback
 .text.HAL_TIMEx_BreakCallback
                0x0800e7b0       0x14 CMakeFiles/ROBOT_SDC_AML_SWERVE_2025.dir/Drivers/STM32H7xx_HAL_Driver/Src/stm32h7xx_hal_tim_ex.c.obj
                0x0800e7b0                HAL_TIMEx_BreakCallback
 .text.HAL_TIMEx_Break2Callback
                0x0800e7c4       0x14 CMakeFiles/ROBOT_SDC_AML_SWERVE_2025.dir/Drivers/STM32H7xx_HAL_Driver/Src/stm32h7xx_hal_tim_ex.c.obj
                0x0800e7c4                HAL_TIMEx_Break2Callback
 .text.HAL_UART_Init
                0x0800e7d8      0x19c CMakeFiles/ROBOT_SDC_AML_SWERVE_2025.dir/Drivers/STM32H7xx_HAL_Driver/Src/stm32h7xx_hal_uart.c.obj
                0x0800e7d8                HAL_UART_Init
 .text.HAL_UART_IRQHandler
                0x0800e974      0x774 CMakeFiles/ROBOT_SDC_AML_SWERVE_2025.dir/Drivers/STM32H7xx_HAL_Driver/Src/stm32h7xx_hal_uart.c.obj
                0x0800e974                HAL_UART_IRQHandler
 .text.HAL_UART_ErrorCallback
                0x0800f0e8       0x14 CMakeFiles/ROBOT_SDC_AML_SWERVE_2025.dir/Drivers/STM32H7xx_HAL_Driver/Src/stm32h7xx_hal_uart.c.obj
                0x0800f0e8                HAL_UART_ErrorCallback
 .text.HAL_UARTEx_RxEventCallback
                0x0800f0fc       0x18 CMakeFiles/ROBOT_SDC_AML_SWERVE_2025.dir/Drivers/STM32H7xx_HAL_Driver/Src/stm32h7xx_hal_uart.c.obj
                0x0800f0fc                HAL_UARTEx_RxEventCallback
 .text.UART_SetConfig
                0x0800f114      0xc88 CMakeFiles/ROBOT_SDC_AML_SWERVE_2025.dir/Drivers/STM32H7xx_HAL_Driver/Src/stm32h7xx_hal_uart.c.obj
                0x0800f114                UART_SetConfig
 .text.UART_AdvFeatureConfig
                0x0800fd9c      0x2e8 CMakeFiles/ROBOT_SDC_AML_SWERVE_2025.dir/Drivers/STM32H7xx_HAL_Driver/Src/stm32h7xx_hal_uart.c.obj
                0x0800fd9c                UART_AdvFeatureConfig
 .text.UART_CheckIdleState
                0x08010084      0x154 CMakeFiles/ROBOT_SDC_AML_SWERVE_2025.dir/Drivers/STM32H7xx_HAL_Driver/Src/stm32h7xx_hal_uart.c.obj
                0x08010084                UART_CheckIdleState
 .text.UART_WaitOnFlagUntilTimeout
                0x080101d8       0xda CMakeFiles/ROBOT_SDC_AML_SWERVE_2025.dir/Drivers/STM32H7xx_HAL_Driver/Src/stm32h7xx_hal_uart.c.obj
                0x080101d8                UART_WaitOnFlagUntilTimeout
 *fill*         0x080102b2        0x2 
 .text.UART_EndRxTransfer
                0x080102b4       0xcc CMakeFiles/ROBOT_SDC_AML_SWERVE_2025.dir/Drivers/STM32H7xx_HAL_Driver/Src/stm32h7xx_hal_uart.c.obj
 .text.UART_DMAAbortOnError
                0x08010380       0x2c CMakeFiles/ROBOT_SDC_AML_SWERVE_2025.dir/Drivers/STM32H7xx_HAL_Driver/Src/stm32h7xx_hal_uart.c.obj
 .text.UART_EndTransmit_IT
                0x080103ac       0x56 CMakeFiles/ROBOT_SDC_AML_SWERVE_2025.dir/Drivers/STM32H7xx_HAL_Driver/Src/stm32h7xx_hal_uart.c.obj
 .text.HAL_UARTEx_WakeupCallback
                0x08010402       0x14 CMakeFiles/ROBOT_SDC_AML_SWERVE_2025.dir/Drivers/STM32H7xx_HAL_Driver/Src/stm32h7xx_hal_uart_ex.c.obj
                0x08010402                HAL_UARTEx_WakeupCallback
 .text.HAL_UARTEx_RxFifoFullCallback
                0x08010416       0x14 CMakeFiles/ROBOT_SDC_AML_SWERVE_2025.dir/Drivers/STM32H7xx_HAL_Driver/Src/stm32h7xx_hal_uart_ex.c.obj
                0x08010416                HAL_UARTEx_RxFifoFullCallback
 .text.HAL_UARTEx_TxFifoEmptyCallback
                0x0801042a       0x14 CMakeFiles/ROBOT_SDC_AML_SWERVE_2025.dir/Drivers/STM32H7xx_HAL_Driver/Src/stm32h7xx_hal_uart_ex.c.obj
                0x0801042a                HAL_UARTEx_TxFifoEmptyCallback
 *fill*         0x0801043e        0x2 
 .text.HAL_UARTEx_DisableFifoMode
                0x08010440       0xec CMakeFiles/ROBOT_SDC_AML_SWERVE_2025.dir/Drivers/STM32H7xx_HAL_Driver/Src/stm32h7xx_hal_uart_ex.c.obj
                0x08010440                HAL_UARTEx_DisableFifoMode
 .text.HAL_UARTEx_SetTxFifoThreshold
                0x0801052c      0x134 CMakeFiles/ROBOT_SDC_AML_SWERVE_2025.dir/Drivers/STM32H7xx_HAL_Driver/Src/stm32h7xx_hal_uart_ex.c.obj
                0x0801052c                HAL_UARTEx_SetTxFifoThreshold
 .text.HAL_UARTEx_SetRxFifoThreshold
                0x08010660      0x134 CMakeFiles/ROBOT_SDC_AML_SWERVE_2025.dir/Drivers/STM32H7xx_HAL_Driver/Src/stm32h7xx_hal_uart_ex.c.obj
                0x08010660                HAL_UARTEx_SetRxFifoThreshold
 .text.UARTEx_SetNbDataToProcess
                0x08010794       0x9c CMakeFiles/ROBOT_SDC_AML_SWERVE_2025.dir/Drivers/STM32H7xx_HAL_Driver/Src/stm32h7xx_hal_uart_ex.c.obj
 .text.SystemInit
                0x08010830      0x110 CMakeFiles/ROBOT_SDC_AML_SWERVE_2025.dir/Core/Src/system_stm32h7xx.c.obj
                0x08010830                SystemInit
 .text.Reset_Handler
                0x08010940       0x50 CMakeFiles/ROBOT_SDC_AML_SWERVE_2025.dir/startup_stm32h743xx.s.obj
                0x08010940                Reset_Handler
 .text.Default_Handler
                0x08010990        0x2 CMakeFiles/ROBOT_SDC_AML_SWERVE_2025.dir/startup_stm32h743xx.s.obj
                0x08010990                RTC_Alarm_IRQHandler
                0x08010990                EXTI2_IRQHandler
                0x08010990                TIM8_CC_IRQHandler
                0x08010990                HRTIM1_Master_IRQHandler
                0x08010990                SPI4_IRQHandler
                0x08010990                TIM1_CC_IRQHandler
                0x08010990                BDMA_Channel6_IRQHandler
                0x08010990                HRTIM1_FLT_IRQHandler
                0x08010990                JPEG_IRQHandler
                0x08010990                BDMA_Channel1_IRQHandler
                0x08010990                HRTIM1_TIMD_IRQHandler
                0x08010990                TAMP_STAMP_IRQHandler
                0x08010990                EXTI3_IRQHandler
                0x08010990                LPTIM4_IRQHandler
                0x08010990                TIM8_TRG_COM_TIM14_IRQHandler
                0x08010990                LPTIM2_IRQHandler
                0x08010990                DFSDM1_FLT1_IRQHandler
                0x08010990                DMAMUX2_OVR_IRQHandler
                0x08010990                TIM8_UP_TIM13_IRQHandler
                0x08010990                I2C3_ER_IRQHandler
                0x08010990                DFSDM1_FLT2_IRQHandler
                0x08010990                MDMA_IRQHandler
                0x08010990                LPTIM3_IRQHandler
                0x08010990                HSEM1_IRQHandler
                0x08010990                EXTI0_IRQHandler
                0x08010990                I2C2_EV_IRQHandler
                0x08010990                FPU_IRQHandler
                0x08010990                OTG_HS_WKUP_IRQHandler
                0x08010990                FDCAN1_IT1_IRQHandler
                0x08010990                LTDC_ER_IRQHandler
                0x08010990                HRTIM1_TIME_IRQHandler
                0x08010990                SPI1_IRQHandler
                0x08010990                TIM6_DAC_IRQHandler
                0x08010990                DCMI_IRQHandler
                0x08010990                HRTIM1_TIMC_IRQHandler
                0x08010990                SAI2_IRQHandler
                0x08010990                DFSDM1_FLT3_IRQHandler
                0x08010990                BDMA_Channel7_IRQHandler
                0x08010990                LPTIM5_IRQHandler
                0x08010990                ADC3_IRQHandler
                0x08010990                TIM4_IRQHandler
                0x08010990                BDMA_Channel2_IRQHandler
                0x08010990                QUADSPI_IRQHandler
                0x08010990                I2C1_EV_IRQHandler
                0x08010990                DMAMUX1_OVR_IRQHandler
                0x08010990                TIM16_IRQHandler
                0x08010990                BDMA_Channel5_IRQHandler
                0x08010990                TIM3_IRQHandler
                0x08010990                RCC_IRQHandler
                0x08010990                TIM8_BRK_TIM12_IRQHandler
                0x08010990                TIM1_TRG_COM_IRQHandler
                0x08010990                Default_Handler
                0x08010990                ECC_IRQHandler
                0x08010990                CEC_IRQHandler
                0x08010990                EXTI15_10_IRQHandler
                0x08010990                BDMA_Channel0_IRQHandler
                0x08010990                ADC_IRQHandler
                0x08010990                HRTIM1_TIMA_IRQHandler
                0x08010990                SPI5_IRQHandler
                0x08010990                TIM7_IRQHandler
                0x08010990                SDMMC1_IRQHandler
                0x08010990                TIM15_IRQHandler
                0x08010990                PVD_AVD_IRQHandler
                0x08010990                I2C3_EV_IRQHandler
                0x08010990                EXTI9_5_IRQHandler
                0x08010990                RTC_WKUP_IRQHandler
                0x08010990                LTDC_IRQHandler
                0x08010990                SAI3_IRQHandler
                0x08010990                ETH_WKUP_IRQHandler
                0x08010990                SPDIF_RX_IRQHandler
                0x08010990                SPI2_IRQHandler
                0x08010990                OTG_HS_EP1_IN_IRQHandler
                0x08010990                CRS_IRQHandler
                0x08010990                EXTI4_IRQHandler
                0x08010990                RNG_IRQHandler
                0x08010990                HRTIM1_TIMB_IRQHandler
                0x08010990                FDCAN2_IT1_IRQHandler
                0x08010990                ETH_IRQHandler
                0x08010990                TIM1_UP_IRQHandler
                0x08010990                BDMA_Channel4_IRQHandler
                0x08010990                OTG_HS_EP1_OUT_IRQHandler
                0x08010990                WWDG_IRQHandler
                0x08010990                SPI6_IRQHandler
                0x08010990                MDIOS_IRQHandler
                0x08010990                I2C4_EV_IRQHandler
                0x08010990                FDCAN2_IT0_IRQHandler
                0x08010990                LPUART1_IRQHandler
                0x08010990                FDCAN1_IT0_IRQHandler
                0x08010990                TIM2_IRQHandler
                0x08010990                OTG_FS_WKUP_IRQHandler
                0x08010990                OTG_HS_IRQHandler
                0x08010990                DMA2D_IRQHandler
                0x08010990                TIM1_BRK_IRQHandler
                0x08010990                EXTI1_IRQHandler
                0x08010990                SDMMC2_IRQHandler
                0x08010990                OTG_FS_EP1_OUT_IRQHandler
                0x08010990                BDMA_Channel3_IRQHandler
                0x08010990                MDIOS_WKUP_IRQHandler
                0x08010990                DFSDM1_FLT0_IRQHandler
                0x08010990                SAI4_IRQHandler
                0x08010990                I2C2_ER_IRQHandler
                0x08010990                FLASH_IRQHandler
                0x08010990                OTG_FS_IRQHandler
                0x08010990                SPI3_IRQHandler
                0x08010990                WAKEUP_PIN_IRQHandler
                0x08010990                OTG_FS_EP1_IN_IRQHandler
                0x08010990                I2C1_ER_IRQHandler
                0x08010990                FMC_IRQHandler
                0x08010990                FDCAN_CAL_IRQHandler
                0x08010990                SWPMI1_IRQHandler
                0x08010990                COMP1_IRQHandler
                0x08010990                LPTIM1_IRQHandler
                0x08010990                I2C4_ER_IRQHandler
                0x08010990                SAI1_IRQHandler
 *(.glue_7)
 .glue_7        0x08010992        0x0 linker stubs
 *(.glue_7t)
 .glue_7t       0x08010992        0x0 linker stubs
 *(.eh_frame)
 *fill*         0x08010992        0x2 
 .eh_frame      0x08010994        0x0 c:/sysgcc/arm-eabi/bin/../lib/gcc/arm-none-eabi/10.3.1/thumb/v7e-m+dp/hard/crtbegin.o
 *(.init)
 .init          0x08010994        0x4 c:/sysgcc/arm-eabi/bin/../lib/gcc/arm-none-eabi/10.3.1/thumb/v7e-m+dp/hard/crti.o
                0x08010994                _init
 .init          0x08010998        0x8 c:/sysgcc/arm-eabi/bin/../lib/gcc/arm-none-eabi/10.3.1/thumb/v7e-m+dp/hard/crtn.o
 *(.fini)
 .fini          0x080109a0        0x4 c:/sysgcc/arm-eabi/bin/../lib/gcc/arm-none-eabi/10.3.1/thumb/v7e-m+dp/hard/crti.o
                0x080109a0                _fini
 .fini          0x080109a4        0x8 c:/sysgcc/arm-eabi/bin/../lib/gcc/arm-none-eabi/10.3.1/thumb/v7e-m+dp/hard/crtn.o
                0x080109ac                . = ALIGN (0x4)
                0x080109ac                _etext = .

.vfp11_veneer   0x080109ac        0x0
 .vfp11_veneer  0x080109ac        0x0 linker stubs

.v4_bx          0x080109ac        0x0
 .v4_bx         0x080109ac        0x0 linker stubs

.iplt           0x080109ac        0x0
 .iplt          0x080109ac        0x0 c:/sysgcc/arm-eabi/bin/../lib/gcc/arm-none-eabi/10.3.1/thumb/v7e-m+dp/hard/crtbegin.o

.rodata         0x080109ac      0x5d0
                0x080109ac                . = ALIGN (0x4)
 *(.rodata)
 .rodata        0x080109ac       0x74 CMakeFiles/ROBOT_SDC_AML_SWERVE_2025.dir/Drivers/STM32H7xx_HAL_Driver/Src/stm32h7xx_hal_adc.c.obj
 .rodata        0x08010a20       0x77 CMakeFiles/ROBOT_SDC_AML_SWERVE_2025.dir/Drivers/STM32H7xx_HAL_Driver/Src/stm32h7xx_hal_adc_ex.c.obj
 *fill*         0x08010a97        0x1 
 .rodata        0x08010a98       0x74 CMakeFiles/ROBOT_SDC_AML_SWERVE_2025.dir/Drivers/STM32H7xx_HAL_Driver/Src/stm32h7xx_hal_rcc.c.obj
 .rodata        0x08010b0c       0x77 CMakeFiles/ROBOT_SDC_AML_SWERVE_2025.dir/Drivers/STM32H7xx_HAL_Driver/Src/stm32h7xx_hal_rcc_ex.c.obj
 *fill*         0x08010b83        0x1 
 .rodata        0x08010b84       0x75 CMakeFiles/ROBOT_SDC_AML_SWERVE_2025.dir/Drivers/STM32H7xx_HAL_Driver/Src/stm32h7xx_hal_gpio.c.obj
 *fill*         0x08010bf9        0x3 
 .rodata        0x08010bfc       0x74 CMakeFiles/ROBOT_SDC_AML_SWERVE_2025.dir/Drivers/STM32H7xx_HAL_Driver/Src/stm32h7xx_hal_dma.c.obj
 .rodata        0x08010c70       0x77 CMakeFiles/ROBOT_SDC_AML_SWERVE_2025.dir/Drivers/STM32H7xx_HAL_Driver/Src/stm32h7xx_hal_pwr_ex.c.obj
 *fill*         0x08010ce7        0x1 
 .rodata        0x08010ce8       0x77 CMakeFiles/ROBOT_SDC_AML_SWERVE_2025.dir/Drivers/STM32H7xx_HAL_Driver/Src/stm32h7xx_hal_cortex.c.obj
 *fill*         0x08010d5f        0x1 
 .rodata        0x08010d60       0x74 CMakeFiles/ROBOT_SDC_AML_SWERVE_2025.dir/Drivers/STM32H7xx_HAL_Driver/Src/stm32h7xx_hal_tim.c.obj
 .rodata        0x08010dd4       0x77 CMakeFiles/ROBOT_SDC_AML_SWERVE_2025.dir/Drivers/STM32H7xx_HAL_Driver/Src/stm32h7xx_hal_tim_ex.c.obj
 *fill*         0x08010e4b        0x1 
 .rodata        0x08010e4c       0x75 CMakeFiles/ROBOT_SDC_AML_SWERVE_2025.dir/Drivers/STM32H7xx_HAL_Driver/Src/stm32h7xx_hal_uart.c.obj
 *fill*         0x08010ec1        0x3 
 .rodata        0x08010ec4       0x78 CMakeFiles/ROBOT_SDC_AML_SWERVE_2025.dir/Drivers/STM32H7xx_HAL_Driver/Src/stm32h7xx_hal_uart_ex.c.obj
 *(.rodata*)
 .rodata.flagBitshiftOffset.0
                0x08010f3c        0x8 CMakeFiles/ROBOT_SDC_AML_SWERVE_2025.dir/Drivers/STM32H7xx_HAL_Driver/Src/stm32h7xx_hal_dma.c.obj
 .rodata.UARTPrescTable
                0x08010f44       0x18 CMakeFiles/ROBOT_SDC_AML_SWERVE_2025.dir/Drivers/STM32H7xx_HAL_Driver/Src/stm32h7xx_hal_uart.c.obj
                0x08010f44                UARTPrescTable
 .rodata.numerator.1
                0x08010f5c        0x8 CMakeFiles/ROBOT_SDC_AML_SWERVE_2025.dir/Drivers/STM32H7xx_HAL_Driver/Src/stm32h7xx_hal_uart_ex.c.obj
 .rodata.denominator.0
                0x08010f64        0x8 CMakeFiles/ROBOT_SDC_AML_SWERVE_2025.dir/Drivers/STM32H7xx_HAL_Driver/Src/stm32h7xx_hal_uart_ex.c.obj
 .rodata.D1CorePrescTable
                0x08010f6c       0x10 CMakeFiles/ROBOT_SDC_AML_SWERVE_2025.dir/Core/Src/system_stm32h7xx.c.obj
                0x08010f6c                D1CorePrescTable
                0x08010f7c                . = ALIGN (0x4)

.ARM.extab
 *(.ARM.extab* .gnu.linkonce.armextab.*)

.ARM            0x08010f7c        0x8
                0x08010f7c                __exidx_start = .
 *(.ARM.exidx*)
 .ARM.exidx     0x08010f7c        0x8 c:/sysgcc/arm-eabi/bin/../lib/gcc/arm-none-eabi/10.3.1/thumb/v7e-m+dp/hard\libgcc.a(_udivmoddi4.o)
                0x08010f84                __exidx_end = .

.rel.dyn        0x08010f84        0x0
 .rel.iplt      0x08010f84        0x0 c:/sysgcc/arm-eabi/bin/../lib/gcc/arm-none-eabi/10.3.1/thumb/v7e-m+dp/hard/crtbegin.o

.preinit_array  0x08010f84        0x0
                0x08010f84                PROVIDE (__preinit_array_start = .)
 *(.preinit_array*)
                0x08010f84                PROVIDE (__preinit_array_end = .)

.init_array     0x08010f84        0x4
                0x08010f84                PROVIDE (__init_array_start = .)
 *(SORT_BY_NAME(.init_array.*))
 *(.init_array*)
 .init_array    0x08010f84        0x4 c:/sysgcc/arm-eabi/bin/../lib/gcc/arm-none-eabi/10.3.1/thumb/v7e-m+dp/hard/crtbegin.o
                0x08010f88                PROVIDE (__init_array_end = .)

.fini_array     0x08010f88        0x4
                [!provide]                PROVIDE (__fini_array_start = .)
 *(SORT_BY_NAME(.fini_array.*))
 *(.fini_array*)
 .fini_array    0x08010f88        0x4 c:/sysgcc/arm-eabi/bin/../lib/gcc/arm-none-eabi/10.3.1/thumb/v7e-m+dp/hard/crtbegin.o
                [!provide]                PROVIDE (__fini_array_end = .)
                0x08010f8c                _sidata = LOADADDR (.data)

.data           0x20000000       0x10 load address 0x08010f8c
                0x20000000                . = ALIGN (0x4)
                0x20000000                _sdata = .
 *(.data)
 *(.data*)
 .data.uwTickPrio
                0x20000000        0x4 CMakeFiles/ROBOT_SDC_AML_SWERVE_2025.dir/Drivers/STM32H7xx_HAL_Driver/Src/stm32h7xx_hal.c.obj
                0x20000000                uwTickPrio
 .data.uwTickFreq
                0x20000004        0x1 CMakeFiles/ROBOT_SDC_AML_SWERVE_2025.dir/Drivers/STM32H7xx_HAL_Driver/Src/stm32h7xx_hal.c.obj
                0x20000004                uwTickFreq
 *fill*         0x20000005        0x3 
 .data.SystemCoreClock
                0x20000008        0x4 CMakeFiles/ROBOT_SDC_AML_SWERVE_2025.dir/Core/Src/system_stm32h7xx.c.obj
                0x20000008                SystemCoreClock
 .data.SystemD2Clock
                0x2000000c        0x4 CMakeFiles/ROBOT_SDC_AML_SWERVE_2025.dir/Core/Src/system_stm32h7xx.c.obj
                0x2000000c                SystemD2Clock
                0x20000010                . = ALIGN (0x4)
                0x20000010                _edata = .

.igot.plt       0x20000010        0x0 load address 0x08010f9c
 .igot.plt      0x20000010        0x0 c:/sysgcc/arm-eabi/bin/../lib/gcc/arm-none-eabi/10.3.1/thumb/v7e-m+dp/hard/crtbegin.o
                0x20000010                . = ALIGN (0x4)

.bss            0x20000010      0xeb4 load address 0x08010f9c
                0x20000010                _sbss = .
                0x20000010                __bss_start__ = _sbss
 *(.bss)
 .bss           0x20000010       0x1c c:/sysgcc/arm-eabi/bin/../lib/gcc/arm-none-eabi/10.3.1/thumb/v7e-m+dp/hard/crtbegin.o
 *(.bss*)
 .bss.hadc1     0x2000002c       0x64 CMakeFiles/ROBOT_SDC_AML_SWERVE_2025.dir/Core/Src/main.c.obj
                0x2000002c                hadc1
 .bss.htim1     0x20000090       0x4c CMakeFiles/ROBOT_SDC_AML_SWERVE_2025.dir/Core/Src/main.c.obj
                0x20000090                htim1
 .bss.htim4     0x200000dc       0x4c CMakeFiles/ROBOT_SDC_AML_SWERVE_2025.dir/Core/Src/main.c.obj
                0x200000dc                htim4
 .bss.htim5     0x20000128       0x4c CMakeFiles/ROBOT_SDC_AML_SWERVE_2025.dir/Core/Src/main.c.obj
                0x20000128                htim5
 .bss.htim17    0x20000174       0x4c CMakeFiles/ROBOT_SDC_AML_SWERVE_2025.dir/Core/Src/main.c.obj
                0x20000174                htim17
 .bss.huart4    0x200001c0       0x94 CMakeFiles/ROBOT_SDC_AML_SWERVE_2025.dir/Core/Src/main.c.obj
                0x200001c0                huart4
 .bss.huart5    0x20000254       0x94 CMakeFiles/ROBOT_SDC_AML_SWERVE_2025.dir/Core/Src/main.c.obj
                0x20000254                huart5
 .bss.huart7    0x200002e8       0x94 CMakeFiles/ROBOT_SDC_AML_SWERVE_2025.dir/Core/Src/main.c.obj
                0x200002e8                huart7
 .bss.huart8    0x2000037c       0x94 CMakeFiles/ROBOT_SDC_AML_SWERVE_2025.dir/Core/Src/main.c.obj
                0x2000037c                huart8
 .bss.huart1    0x20000410       0x94 CMakeFiles/ROBOT_SDC_AML_SWERVE_2025.dir/Core/Src/main.c.obj
                0x20000410                huart1
 .bss.huart2    0x200004a4       0x94 CMakeFiles/ROBOT_SDC_AML_SWERVE_2025.dir/Core/Src/main.c.obj
                0x200004a4                huart2
 .bss.huart3    0x20000538       0x94 CMakeFiles/ROBOT_SDC_AML_SWERVE_2025.dir/Core/Src/main.c.obj
                0x20000538                huart3
 .bss.huart6    0x200005cc       0x94 CMakeFiles/ROBOT_SDC_AML_SWERVE_2025.dir/Core/Src/main.c.obj
                0x200005cc                huart6
 .bss.hdma_uart4_rx
                0x20000660       0x78 CMakeFiles/ROBOT_SDC_AML_SWERVE_2025.dir/Core/Src/main.c.obj
                0x20000660                hdma_uart4_rx
 .bss.hdma_uart4_tx
                0x200006d8       0x78 CMakeFiles/ROBOT_SDC_AML_SWERVE_2025.dir/Core/Src/main.c.obj
                0x200006d8                hdma_uart4_tx
 .bss.hdma_uart5_rx
                0x20000750       0x78 CMakeFiles/ROBOT_SDC_AML_SWERVE_2025.dir/Core/Src/main.c.obj
                0x20000750                hdma_uart5_rx
 .bss.hdma_uart5_tx
                0x200007c8       0x78 CMakeFiles/ROBOT_SDC_AML_SWERVE_2025.dir/Core/Src/main.c.obj
                0x200007c8                hdma_uart5_tx
 .bss.hdma_uart7_rx
                0x20000840       0x78 CMakeFiles/ROBOT_SDC_AML_SWERVE_2025.dir/Core/Src/main.c.obj
                0x20000840                hdma_uart7_rx
 .bss.hdma_uart7_tx
                0x200008b8       0x78 CMakeFiles/ROBOT_SDC_AML_SWERVE_2025.dir/Core/Src/main.c.obj
                0x200008b8                hdma_uart7_tx
 .bss.hdma_uart8_tx
                0x20000930       0x78 CMakeFiles/ROBOT_SDC_AML_SWERVE_2025.dir/Core/Src/main.c.obj
                0x20000930                hdma_uart8_tx
 .bss.hdma_uart8_rx
                0x200009a8       0x78 CMakeFiles/ROBOT_SDC_AML_SWERVE_2025.dir/Core/Src/main.c.obj
                0x200009a8                hdma_uart8_rx
 .bss.hdma_usart1_rx
                0x20000a20       0x78 CMakeFiles/ROBOT_SDC_AML_SWERVE_2025.dir/Core/Src/main.c.obj
                0x20000a20                hdma_usart1_rx
 .bss.hdma_usart1_tx
                0x20000a98       0x78 CMakeFiles/ROBOT_SDC_AML_SWERVE_2025.dir/Core/Src/main.c.obj
                0x20000a98                hdma_usart1_tx
 .bss.hdma_usart2_rx
                0x20000b10       0x78 CMakeFiles/ROBOT_SDC_AML_SWERVE_2025.dir/Core/Src/main.c.obj
                0x20000b10                hdma_usart2_rx
 .bss.hdma_usart2_tx
                0x20000b88       0x78 CMakeFiles/ROBOT_SDC_AML_SWERVE_2025.dir/Core/Src/main.c.obj
                0x20000b88                hdma_usart2_tx
 .bss.hdma_usart3_rx
                0x20000c00       0x78 CMakeFiles/ROBOT_SDC_AML_SWERVE_2025.dir/Core/Src/main.c.obj
                0x20000c00                hdma_usart3_rx
 .bss.hdma_usart3_tx
                0x20000c78       0x78 CMakeFiles/ROBOT_SDC_AML_SWERVE_2025.dir/Core/Src/main.c.obj
                0x20000c78                hdma_usart3_tx
 .bss.hdma_usart6_rx
                0x20000cf0       0x78 CMakeFiles/ROBOT_SDC_AML_SWERVE_2025.dir/Core/Src/main.c.obj
                0x20000cf0                hdma_usart6_rx
 .bss.hdma_usart6_tx
                0x20000d68       0x78 CMakeFiles/ROBOT_SDC_AML_SWERVE_2025.dir/Core/Src/main.c.obj
                0x20000d68                hdma_usart6_tx
 .bss.IMU       0x20000de0       0x10 CMakeFiles/ROBOT_SDC_AML_SWERVE_2025.dir/Core/Src/main.c.obj
                0x20000de0                IMU
 .bss.PS4_Dat   0x20000df0        0x9 CMakeFiles/ROBOT_SDC_AML_SWERVE_2025.dir/Core/Src/main.c.obj
                0x20000df0                PS4_Dat
 *fill*         0x20000df9        0x3 
 .bss.Task_TO   0x20000dfc       0x12 CMakeFiles/ROBOT_SDC_AML_SWERVE_2025.dir/Core/Src/main.c.obj
                0x20000dfc                Task_TO
 .bss.Timer_OVF_Flag_0
                0x20000e0e        0x2 CMakeFiles/ROBOT_SDC_AML_SWERVE_2025.dir/Core/Src/main.c.obj
                0x20000e0e                Timer_OVF_Flag_0
 .bss.Timer_OVF_Flag_1
                0x20000e10        0x2 CMakeFiles/ROBOT_SDC_AML_SWERVE_2025.dir/Core/Src/main.c.obj
                0x20000e10                Timer_OVF_Flag_1
 .bss.Timer_OVF_Flag_2
                0x20000e12        0x2 CMakeFiles/ROBOT_SDC_AML_SWERVE_2025.dir/Core/Src/main.c.obj
                0x20000e12                Timer_OVF_Flag_2
 *fill*         0x20000e14        0x4 
 .bss.Swerve_Robot
                0x20000e18       0x50 CMakeFiles/ROBOT_SDC_AML_SWERVE_2025.dir/Core/Src/main.c.obj
                0x20000e18                Swerve_Robot
 .bss.Steering_Motor
                0x20000e68       0x20 CMakeFiles/ROBOT_SDC_AML_SWERVE_2025.dir/Core/Src/main.c.obj
                0x20000e68                Steering_Motor
 .bss.Wheel_Motor
                0x20000e88       0x20 CMakeFiles/ROBOT_SDC_AML_SWERVE_2025.dir/Core/Src/main.c.obj
                0x20000e88                Wheel_Motor
 .bss.ad_ccel   0x20000ea8       0x18 CMakeFiles/ROBOT_SDC_AML_SWERVE_2025.dir/Core/Src/main.c.obj
                0x20000ea8                ad_ccel
 .bss.uwTick    0x20000ec0        0x4 CMakeFiles/ROBOT_SDC_AML_SWERVE_2025.dir/Drivers/STM32H7xx_HAL_Driver/Src/stm32h7xx_hal.c.obj
                0x20000ec0                uwTick
 *(COMMON)
                0x20000ec4                . = ALIGN (0x4)
                0x20000ec4                _ebss = .
                0x20000ec4                __bss_end__ = _ebss

._user_heap_stack
                0x20000ec4      0x604 load address 0x08010f9c
                0x20000ec8                . = ALIGN (0x8)
 *fill*         0x20000ec4        0x4 
                [!provide]                PROVIDE (end = .)
                0x20000ec8                PROVIDE (_end = .)
                0x200010c8                . = (. + _Min_Heap_Size)
 *fill*         0x20000ec8      0x200 
                0x200014c8                . = (. + _Min_Stack_Size)
 *fill*         0x200010c8      0x400 
                0x200014c8                . = ALIGN (0x8)

/DISCARD/
 libc.a(*)
 libm.a(*)
 libgcc.a(*)

.ARM.attributes
                0x00000000       0x2e
 *(.ARM.attributes)
 .ARM.attributes
                0x00000000       0x1e c:/sysgcc/arm-eabi/bin/../lib/gcc/arm-none-eabi/10.3.1/thumb/v7e-m+dp/hard/crti.o
 .ARM.attributes
                0x0000001e       0x32 c:/sysgcc/arm-eabi/bin/../lib/gcc/arm-none-eabi/10.3.1/thumb/v7e-m+dp/hard/crtbegin.o
 .ARM.attributes
                0x00000050       0x32 c:/sysgcc/arm-eabi/bin/../lib/gcc/arm-none-eabi/10.3.1/../../../../arm-none-eabi/lib/thumb/v7e-m+dp/hard\libc_nano.a(lib_a-init.o)
 .ARM.attributes
                0x00000082       0x32 c:/sysgcc/arm-eabi/bin/../lib/gcc/arm-none-eabi/10.3.1/../../../../arm-none-eabi/lib/thumb/v7e-m+dp/hard\libc_nano.a(lib_a-memset.o)
 .ARM.attributes
                0x000000b4       0x32 CMakeFiles/ROBOT_SDC_AML_SWERVE_2025.dir/Core/Src/main.c.obj
 .ARM.attributes
                0x000000e6       0x32 CMakeFiles/ROBOT_SDC_AML_SWERVE_2025.dir/Core/Src/stm32h7xx_it.c.obj
 .ARM.attributes
                0x00000118       0x32 CMakeFiles/ROBOT_SDC_AML_SWERVE_2025.dir/Core/Src/stm32h7xx_hal_msp.c.obj
 .ARM.attributes
                0x0000014a       0x32 CMakeFiles/ROBOT_SDC_AML_SWERVE_2025.dir/Drivers/STM32H7xx_HAL_Driver/Src/stm32h7xx_hal_adc.c.obj
 .ARM.attributes
                0x0000017c       0x32 CMakeFiles/ROBOT_SDC_AML_SWERVE_2025.dir/Drivers/STM32H7xx_HAL_Driver/Src/stm32h7xx_hal_adc_ex.c.obj
 .ARM.attributes
                0x000001ae       0x32 CMakeFiles/ROBOT_SDC_AML_SWERVE_2025.dir/Drivers/STM32H7xx_HAL_Driver/Src/stm32h7xx_hal_rcc.c.obj
 .ARM.attributes
                0x000001e0       0x32 CMakeFiles/ROBOT_SDC_AML_SWERVE_2025.dir/Drivers/STM32H7xx_HAL_Driver/Src/stm32h7xx_hal_rcc_ex.c.obj
 .ARM.attributes
                0x00000212       0x32 CMakeFiles/ROBOT_SDC_AML_SWERVE_2025.dir/Drivers/STM32H7xx_HAL_Driver/Src/stm32h7xx_hal_gpio.c.obj
 .ARM.attributes
                0x00000244       0x32 CMakeFiles/ROBOT_SDC_AML_SWERVE_2025.dir/Drivers/STM32H7xx_HAL_Driver/Src/stm32h7xx_hal_dma.c.obj
 .ARM.attributes
                0x00000276       0x32 CMakeFiles/ROBOT_SDC_AML_SWERVE_2025.dir/Drivers/STM32H7xx_HAL_Driver/Src/stm32h7xx_hal_pwr_ex.c.obj
 .ARM.attributes
                0x000002a8       0x32 CMakeFiles/ROBOT_SDC_AML_SWERVE_2025.dir/Drivers/STM32H7xx_HAL_Driver/Src/stm32h7xx_hal_cortex.c.obj
 .ARM.attributes
                0x000002da       0x32 CMakeFiles/ROBOT_SDC_AML_SWERVE_2025.dir/Drivers/STM32H7xx_HAL_Driver/Src/stm32h7xx_hal.c.obj
 .ARM.attributes
                0x0000030c       0x32 CMakeFiles/ROBOT_SDC_AML_SWERVE_2025.dir/Drivers/STM32H7xx_HAL_Driver/Src/stm32h7xx_hal_tim.c.obj
 .ARM.attributes
                0x0000033e       0x32 CMakeFiles/ROBOT_SDC_AML_SWERVE_2025.dir/Drivers/STM32H7xx_HAL_Driver/Src/stm32h7xx_hal_tim_ex.c.obj
 .ARM.attributes
                0x00000370       0x32 CMakeFiles/ROBOT_SDC_AML_SWERVE_2025.dir/Drivers/STM32H7xx_HAL_Driver/Src/stm32h7xx_hal_uart.c.obj
 .ARM.attributes
                0x000003a2       0x32 CMakeFiles/ROBOT_SDC_AML_SWERVE_2025.dir/Drivers/STM32H7xx_HAL_Driver/Src/stm32h7xx_hal_uart_ex.c.obj
 .ARM.attributes
                0x000003d4       0x32 CMakeFiles/ROBOT_SDC_AML_SWERVE_2025.dir/Core/Src/system_stm32h7xx.c.obj
 .ARM.attributes
                0x00000406       0x21 CMakeFiles/ROBOT_SDC_AML_SWERVE_2025.dir/startup_stm32h743xx.s.obj
 .ARM.attributes
                0x00000427       0x1e c:/sysgcc/arm-eabi/bin/../lib/gcc/arm-none-eabi/10.3.1/thumb/v7e-m+dp/hard\libgcc.a(_aeabi_uldivmod.o)
 .ARM.attributes
                0x00000445       0x32 c:/sysgcc/arm-eabi/bin/../lib/gcc/arm-none-eabi/10.3.1/thumb/v7e-m+dp/hard\libgcc.a(_udivmoddi4.o)
 .ARM.attributes
                0x00000477       0x1e c:/sysgcc/arm-eabi/bin/../lib/gcc/arm-none-eabi/10.3.1/thumb/v7e-m+dp/hard\libgcc.a(_dvmd_tls.o)
 .ARM.attributes
                0x00000495       0x1e c:/sysgcc/arm-eabi/bin/../lib/gcc/arm-none-eabi/10.3.1/thumb/v7e-m+dp/hard/crtn.o
OUTPUT(ROBOT_SDC_AML_SWERVE_2025.elf elf32-littlearm)
LOAD linker stubs
LOAD c:/sysgcc/arm-eabi/bin/../lib/gcc/arm-none-eabi/10.3.1/../../../../arm-none-eabi/lib/thumb/v7e-m+dp/hard\libc.a
LOAD c:/sysgcc/arm-eabi/bin/../lib/gcc/arm-none-eabi/10.3.1/../../../../arm-none-eabi/lib/thumb/v7e-m+dp/hard\libm.a
LOAD c:/sysgcc/arm-eabi/bin/../lib/gcc/arm-none-eabi/10.3.1/thumb/v7e-m+dp/hard\libgcc.a

.debug_frame    0x00000000     0x5e38
 .debug_frame   0x00000000       0x2c c:/sysgcc/arm-eabi/bin/../lib/gcc/arm-none-eabi/10.3.1/../../../../arm-none-eabi/lib/thumb/v7e-m+dp/hard\libc_nano.a(lib_a-init.o)
 .debug_frame   0x0000002c       0x20 c:/sysgcc/arm-eabi/bin/../lib/gcc/arm-none-eabi/10.3.1/../../../../arm-none-eabi/lib/thumb/v7e-m+dp/hard\libc_nano.a(lib_a-memset.o)
 .debug_frame   0x0000004c      0x358 CMakeFiles/ROBOT_SDC_AML_SWERVE_2025.dir/Core/Src/main.c.obj
 .debug_frame   0x000003a4      0x3dc CMakeFiles/ROBOT_SDC_AML_SWERVE_2025.dir/Core/Src/stm32h7xx_it.c.obj
 .debug_frame   0x00000780      0x220 CMakeFiles/ROBOT_SDC_AML_SWERVE_2025.dir/Core/Src/stm32h7xx_hal_msp.c.obj
 .debug_frame   0x000009a0      0xa44 CMakeFiles/ROBOT_SDC_AML_SWERVE_2025.dir/Drivers/STM32H7xx_HAL_Driver/Src/stm32h7xx_hal_adc.c.obj
 .debug_frame   0x000013e4      0x8ac CMakeFiles/ROBOT_SDC_AML_SWERVE_2025.dir/Drivers/STM32H7xx_HAL_Driver/Src/stm32h7xx_hal_adc_ex.c.obj
 .debug_frame   0x00001c90      0x1f8 CMakeFiles/ROBOT_SDC_AML_SWERVE_2025.dir/Drivers/STM32H7xx_HAL_Driver/Src/stm32h7xx_hal_rcc.c.obj
 .debug_frame   0x00001e88      0x40c CMakeFiles/ROBOT_SDC_AML_SWERVE_2025.dir/Drivers/STM32H7xx_HAL_Driver/Src/stm32h7xx_hal_rcc_ex.c.obj
 .debug_frame   0x00002294      0x13c CMakeFiles/ROBOT_SDC_AML_SWERVE_2025.dir/Drivers/STM32H7xx_HAL_Driver/Src/stm32h7xx_hal_gpio.c.obj
 .debug_frame   0x000023d0      0x2b8 CMakeFiles/ROBOT_SDC_AML_SWERVE_2025.dir/Drivers/STM32H7xx_HAL_Driver/Src/stm32h7xx_hal_dma.c.obj
 .debug_frame   0x00002688      0x55c CMakeFiles/ROBOT_SDC_AML_SWERVE_2025.dir/Drivers/STM32H7xx_HAL_Driver/Src/stm32h7xx_hal_pwr_ex.c.obj
 .debug_frame   0x00002be4      0x4fc CMakeFiles/ROBOT_SDC_AML_SWERVE_2025.dir/Drivers/STM32H7xx_HAL_Driver/Src/stm32h7xx_hal_cortex.c.obj
 .debug_frame   0x000030e0      0x660 CMakeFiles/ROBOT_SDC_AML_SWERVE_2025.dir/Drivers/STM32H7xx_HAL_Driver/Src/stm32h7xx_hal.c.obj
 .debug_frame   0x00003740     0x1230 CMakeFiles/ROBOT_SDC_AML_SWERVE_2025.dir/Drivers/STM32H7xx_HAL_Driver/Src/stm32h7xx_hal_tim.c.obj
 .debug_frame   0x00004970      0x6cc CMakeFiles/ROBOT_SDC_AML_SWERVE_2025.dir/Drivers/STM32H7xx_HAL_Driver/Src/stm32h7xx_hal_tim_ex.c.obj
 .debug_frame   0x0000503c      0xa8c CMakeFiles/ROBOT_SDC_AML_SWERVE_2025.dir/Drivers/STM32H7xx_HAL_Driver/Src/stm32h7xx_hal_uart.c.obj
 .debug_frame   0x00005ac8      0x2b8 CMakeFiles/ROBOT_SDC_AML_SWERVE_2025.dir/Drivers/STM32H7xx_HAL_Driver/Src/stm32h7xx_hal_uart_ex.c.obj
 .debug_frame   0x00005d80       0x58 CMakeFiles/ROBOT_SDC_AML_SWERVE_2025.dir/Core/Src/system_stm32h7xx.c.obj
 .debug_frame   0x00005dd8       0x2c c:/sysgcc/arm-eabi/bin/../lib/gcc/arm-none-eabi/10.3.1/thumb/v7e-m+dp/hard\libgcc.a(_aeabi_uldivmod.o)
 .debug_frame   0x00005e04       0x34 c:/sysgcc/arm-eabi/bin/../lib/gcc/arm-none-eabi/10.3.1/thumb/v7e-m+dp/hard\libgcc.a(_udivmoddi4.o)

.debug_info     0x00000000    0x1d57b
 .debug_info    0x00000000     0x37bb CMakeFiles/ROBOT_SDC_AML_SWERVE_2025.dir/Core/Src/main.c.obj
 .debug_info    0x000037bb      0xf0f CMakeFiles/ROBOT_SDC_AML_SWERVE_2025.dir/Core/Src/stm32h7xx_it.c.obj
 .debug_info    0x000046ca     0x2ceb CMakeFiles/ROBOT_SDC_AML_SWERVE_2025.dir/Core/Src/stm32h7xx_hal_msp.c.obj
 .debug_info    0x000073b5     0x1f07 CMakeFiles/ROBOT_SDC_AML_SWERVE_2025.dir/Drivers/STM32H7xx_HAL_Driver/Src/stm32h7xx_hal_adc.c.obj
 .debug_info    0x000092bc     0x202d CMakeFiles/ROBOT_SDC_AML_SWERVE_2025.dir/Drivers/STM32H7xx_HAL_Driver/Src/stm32h7xx_hal_adc_ex.c.obj
 .debug_info    0x0000b2e9      0xef6 CMakeFiles/ROBOT_SDC_AML_SWERVE_2025.dir/Drivers/STM32H7xx_HAL_Driver/Src/stm32h7xx_hal_rcc.c.obj
 .debug_info    0x0000c1df     0x1298 CMakeFiles/ROBOT_SDC_AML_SWERVE_2025.dir/Drivers/STM32H7xx_HAL_Driver/Src/stm32h7xx_hal_rcc_ex.c.obj
 .debug_info    0x0000d477      0xd40 CMakeFiles/ROBOT_SDC_AML_SWERVE_2025.dir/Drivers/STM32H7xx_HAL_Driver/Src/stm32h7xx_hal_gpio.c.obj
 .debug_info    0x0000e1b7      0xcc8 CMakeFiles/ROBOT_SDC_AML_SWERVE_2025.dir/Drivers/STM32H7xx_HAL_Driver/Src/stm32h7xx_hal_dma.c.obj
 .debug_info    0x0000ee7f     0x1087 CMakeFiles/ROBOT_SDC_AML_SWERVE_2025.dir/Drivers/STM32H7xx_HAL_Driver/Src/stm32h7xx_hal_pwr_ex.c.obj
 .debug_info    0x0000ff06     0x11d5 CMakeFiles/ROBOT_SDC_AML_SWERVE_2025.dir/Drivers/STM32H7xx_HAL_Driver/Src/stm32h7xx_hal_cortex.c.obj
 .debug_info    0x000110db     0x1577 CMakeFiles/ROBOT_SDC_AML_SWERVE_2025.dir/Drivers/STM32H7xx_HAL_Driver/Src/stm32h7xx_hal.c.obj
 .debug_info    0x00012652     0x2da6 CMakeFiles/ROBOT_SDC_AML_SWERVE_2025.dir/Drivers/STM32H7xx_HAL_Driver/Src/stm32h7xx_hal_tim.c.obj
 .debug_info    0x000153f8     0x180c CMakeFiles/ROBOT_SDC_AML_SWERVE_2025.dir/Drivers/STM32H7xx_HAL_Driver/Src/stm32h7xx_hal_tim_ex.c.obj
 .debug_info    0x00016c04     0x4cc3 CMakeFiles/ROBOT_SDC_AML_SWERVE_2025.dir/Drivers/STM32H7xx_HAL_Driver/Src/stm32h7xx_hal_uart.c.obj
 .debug_info    0x0001b8c7      0xf8b CMakeFiles/ROBOT_SDC_AML_SWERVE_2025.dir/Drivers/STM32H7xx_HAL_Driver/Src/stm32h7xx_hal_uart_ex.c.obj
 .debug_info    0x0001c852      0xd07 CMakeFiles/ROBOT_SDC_AML_SWERVE_2025.dir/Core/Src/system_stm32h7xx.c.obj
 .debug_info    0x0001d559       0x22 CMakeFiles/ROBOT_SDC_AML_SWERVE_2025.dir/startup_stm32h743xx.s.obj

.debug_abbrev   0x00000000     0x276c
 .debug_abbrev  0x00000000      0x319 CMakeFiles/ROBOT_SDC_AML_SWERVE_2025.dir/Core/Src/main.c.obj
 .debug_abbrev  0x00000319      0x17d CMakeFiles/ROBOT_SDC_AML_SWERVE_2025.dir/Core/Src/stm32h7xx_it.c.obj
 .debug_abbrev  0x00000496      0x21e CMakeFiles/ROBOT_SDC_AML_SWERVE_2025.dir/Core/Src/stm32h7xx_hal_msp.c.obj
 .debug_abbrev  0x000006b4      0x260 CMakeFiles/ROBOT_SDC_AML_SWERVE_2025.dir/Drivers/STM32H7xx_HAL_Driver/Src/stm32h7xx_hal_adc.c.obj
 .debug_abbrev  0x00000914      0x2a6 CMakeFiles/ROBOT_SDC_AML_SWERVE_2025.dir/Drivers/STM32H7xx_HAL_Driver/Src/stm32h7xx_hal_adc_ex.c.obj
 .debug_abbrev  0x00000bba      0x270 CMakeFiles/ROBOT_SDC_AML_SWERVE_2025.dir/Drivers/STM32H7xx_HAL_Driver/Src/stm32h7xx_hal_rcc.c.obj
 .debug_abbrev  0x00000e2a      0x247 CMakeFiles/ROBOT_SDC_AML_SWERVE_2025.dir/Drivers/STM32H7xx_HAL_Driver/Src/stm32h7xx_hal_rcc_ex.c.obj
 .debug_abbrev  0x00001071      0x1ec CMakeFiles/ROBOT_SDC_AML_SWERVE_2025.dir/Drivers/STM32H7xx_HAL_Driver/Src/stm32h7xx_hal_gpio.c.obj
 .debug_abbrev  0x0000125d      0x224 CMakeFiles/ROBOT_SDC_AML_SWERVE_2025.dir/Drivers/STM32H7xx_HAL_Driver/Src/stm32h7xx_hal_dma.c.obj
 .debug_abbrev  0x00001481      0x267 CMakeFiles/ROBOT_SDC_AML_SWERVE_2025.dir/Drivers/STM32H7xx_HAL_Driver/Src/stm32h7xx_hal_pwr_ex.c.obj
 .debug_abbrev  0x000016e8      0x329 CMakeFiles/ROBOT_SDC_AML_SWERVE_2025.dir/Drivers/STM32H7xx_HAL_Driver/Src/stm32h7xx_hal_cortex.c.obj
 .debug_abbrev  0x00001a11      0x225 CMakeFiles/ROBOT_SDC_AML_SWERVE_2025.dir/Drivers/STM32H7xx_HAL_Driver/Src/stm32h7xx_hal.c.obj
 .debug_abbrev  0x00001c36      0x238 CMakeFiles/ROBOT_SDC_AML_SWERVE_2025.dir/Drivers/STM32H7xx_HAL_Driver/Src/stm32h7xx_hal_tim.c.obj
 .debug_abbrev  0x00001e6e      0x240 CMakeFiles/ROBOT_SDC_AML_SWERVE_2025.dir/Drivers/STM32H7xx_HAL_Driver/Src/stm32h7xx_hal_tim_ex.c.obj
 .debug_abbrev  0x000020ae      0x2cf CMakeFiles/ROBOT_SDC_AML_SWERVE_2025.dir/Drivers/STM32H7xx_HAL_Driver/Src/stm32h7xx_hal_uart.c.obj
 .debug_abbrev  0x0000237d      0x296 CMakeFiles/ROBOT_SDC_AML_SWERVE_2025.dir/Drivers/STM32H7xx_HAL_Driver/Src/stm32h7xx_hal_uart_ex.c.obj
 .debug_abbrev  0x00002613      0x147 CMakeFiles/ROBOT_SDC_AML_SWERVE_2025.dir/Core/Src/system_stm32h7xx.c.obj
 .debug_abbrev  0x0000275a       0x12 CMakeFiles/ROBOT_SDC_AML_SWERVE_2025.dir/startup_stm32h743xx.s.obj

.debug_aranges  0x00000000     0x15f0
 .debug_aranges
                0x00000000       0xe8 CMakeFiles/ROBOT_SDC_AML_SWERVE_2025.dir/Core/Src/main.c.obj
 .debug_aranges
                0x000000e8      0x130 CMakeFiles/ROBOT_SDC_AML_SWERVE_2025.dir/Core/Src/stm32h7xx_it.c.obj
 .debug_aranges
                0x00000218       0x88 CMakeFiles/ROBOT_SDC_AML_SWERVE_2025.dir/Core/Src/stm32h7xx_hal_msp.c.obj
 .debug_aranges
                0x000002a0      0x230 CMakeFiles/ROBOT_SDC_AML_SWERVE_2025.dir/Drivers/STM32H7xx_HAL_Driver/Src/stm32h7xx_hal_adc.c.obj
 .debug_aranges
                0x000004d0      0x1e0 CMakeFiles/ROBOT_SDC_AML_SWERVE_2025.dir/Drivers/STM32H7xx_HAL_Driver/Src/stm32h7xx_hal_adc_ex.c.obj
 .debug_aranges
                0x000006b0       0x88 CMakeFiles/ROBOT_SDC_AML_SWERVE_2025.dir/Drivers/STM32H7xx_HAL_Driver/Src/stm32h7xx_hal_rcc.c.obj
 .debug_aranges
                0x00000738       0xf8 CMakeFiles/ROBOT_SDC_AML_SWERVE_2025.dir/Drivers/STM32H7xx_HAL_Driver/Src/stm32h7xx_hal_rcc_ex.c.obj
 .debug_aranges
                0x00000830       0x58 CMakeFiles/ROBOT_SDC_AML_SWERVE_2025.dir/Drivers/STM32H7xx_HAL_Driver/Src/stm32h7xx_hal_gpio.c.obj
 .debug_aranges
                0x00000888       0xa0 CMakeFiles/ROBOT_SDC_AML_SWERVE_2025.dir/Drivers/STM32H7xx_HAL_Driver/Src/stm32h7xx_hal_dma.c.obj
 .debug_aranges
                0x00000928      0x158 CMakeFiles/ROBOT_SDC_AML_SWERVE_2025.dir/Drivers/STM32H7xx_HAL_Driver/Src/stm32h7xx_hal_pwr_ex.c.obj
 .debug_aranges
                0x00000a80      0x130 CMakeFiles/ROBOT_SDC_AML_SWERVE_2025.dir/Drivers/STM32H7xx_HAL_Driver/Src/stm32h7xx_hal_cortex.c.obj
 .debug_aranges
                0x00000bb0      0x198 CMakeFiles/ROBOT_SDC_AML_SWERVE_2025.dir/Drivers/STM32H7xx_HAL_Driver/Src/stm32h7xx_hal.c.obj
 .debug_aranges
                0x00000d48      0x3e0 CMakeFiles/ROBOT_SDC_AML_SWERVE_2025.dir/Drivers/STM32H7xx_HAL_Driver/Src/stm32h7xx_hal_tim.c.obj
 .debug_aranges
                0x00001128      0x188 CMakeFiles/ROBOT_SDC_AML_SWERVE_2025.dir/Drivers/STM32H7xx_HAL_Driver/Src/stm32h7xx_hal_tim_ex.c.obj
 .debug_aranges
                0x000012b0      0x248 CMakeFiles/ROBOT_SDC_AML_SWERVE_2025.dir/Drivers/STM32H7xx_HAL_Driver/Src/stm32h7xx_hal_uart.c.obj
 .debug_aranges
                0x000014f8       0xa8 CMakeFiles/ROBOT_SDC_AML_SWERVE_2025.dir/Drivers/STM32H7xx_HAL_Driver/Src/stm32h7xx_hal_uart_ex.c.obj
 .debug_aranges
                0x000015a0       0x28 CMakeFiles/ROBOT_SDC_AML_SWERVE_2025.dir/Core/Src/system_stm32h7xx.c.obj
 .debug_aranges
                0x000015c8       0x28 CMakeFiles/ROBOT_SDC_AML_SWERVE_2025.dir/startup_stm32h743xx.s.obj

.debug_ranges   0x00000000     0x1508
 .debug_ranges  0x00000000       0xd8 CMakeFiles/ROBOT_SDC_AML_SWERVE_2025.dir/Core/Src/main.c.obj
 .debug_ranges  0x000000d8      0x120 CMakeFiles/ROBOT_SDC_AML_SWERVE_2025.dir/Core/Src/stm32h7xx_it.c.obj
 .debug_ranges  0x000001f8       0x78 CMakeFiles/ROBOT_SDC_AML_SWERVE_2025.dir/Core/Src/stm32h7xx_hal_msp.c.obj
 .debug_ranges  0x00000270      0x220 CMakeFiles/ROBOT_SDC_AML_SWERVE_2025.dir/Drivers/STM32H7xx_HAL_Driver/Src/stm32h7xx_hal_adc.c.obj
 .debug_ranges  0x00000490      0x1d0 CMakeFiles/ROBOT_SDC_AML_SWERVE_2025.dir/Drivers/STM32H7xx_HAL_Driver/Src/stm32h7xx_hal_adc_ex.c.obj
 .debug_ranges  0x00000660       0x78 CMakeFiles/ROBOT_SDC_AML_SWERVE_2025.dir/Drivers/STM32H7xx_HAL_Driver/Src/stm32h7xx_hal_rcc.c.obj
 .debug_ranges  0x000006d8       0xe8 CMakeFiles/ROBOT_SDC_AML_SWERVE_2025.dir/Drivers/STM32H7xx_HAL_Driver/Src/stm32h7xx_hal_rcc_ex.c.obj
 .debug_ranges  0x000007c0       0x48 CMakeFiles/ROBOT_SDC_AML_SWERVE_2025.dir/Drivers/STM32H7xx_HAL_Driver/Src/stm32h7xx_hal_gpio.c.obj
 .debug_ranges  0x00000808       0x90 CMakeFiles/ROBOT_SDC_AML_SWERVE_2025.dir/Drivers/STM32H7xx_HAL_Driver/Src/stm32h7xx_hal_dma.c.obj
 .debug_ranges  0x00000898      0x148 CMakeFiles/ROBOT_SDC_AML_SWERVE_2025.dir/Drivers/STM32H7xx_HAL_Driver/Src/stm32h7xx_hal_pwr_ex.c.obj
 .debug_ranges  0x000009e0      0x120 CMakeFiles/ROBOT_SDC_AML_SWERVE_2025.dir/Drivers/STM32H7xx_HAL_Driver/Src/stm32h7xx_hal_cortex.c.obj
 .debug_ranges  0x00000b00      0x188 CMakeFiles/ROBOT_SDC_AML_SWERVE_2025.dir/Drivers/STM32H7xx_HAL_Driver/Src/stm32h7xx_hal.c.obj
 .debug_ranges  0x00000c88      0x3d0 CMakeFiles/ROBOT_SDC_AML_SWERVE_2025.dir/Drivers/STM32H7xx_HAL_Driver/Src/stm32h7xx_hal_tim.c.obj
 .debug_ranges  0x00001058      0x178 CMakeFiles/ROBOT_SDC_AML_SWERVE_2025.dir/Drivers/STM32H7xx_HAL_Driver/Src/stm32h7xx_hal_tim_ex.c.obj
 .debug_ranges  0x000011d0      0x268 CMakeFiles/ROBOT_SDC_AML_SWERVE_2025.dir/Drivers/STM32H7xx_HAL_Driver/Src/stm32h7xx_hal_uart.c.obj
 .debug_ranges  0x00001438       0x98 CMakeFiles/ROBOT_SDC_AML_SWERVE_2025.dir/Drivers/STM32H7xx_HAL_Driver/Src/stm32h7xx_hal_uart_ex.c.obj
 .debug_ranges  0x000014d0       0x18 CMakeFiles/ROBOT_SDC_AML_SWERVE_2025.dir/Core/Src/system_stm32h7xx.c.obj
 .debug_ranges  0x000014e8       0x20 CMakeFiles/ROBOT_SDC_AML_SWERVE_2025.dir/startup_stm32h743xx.s.obj

.debug_macro    0x00000000    0x3a281
 .debug_macro   0x00000000      0x46a CMakeFiles/ROBOT_SDC_AML_SWERVE_2025.dir/Core/Src/main.c.obj
 .debug_macro   0x0000046a      0xa96 CMakeFiles/ROBOT_SDC_AML_SWERVE_2025.dir/Core/Src/main.c.obj
 .debug_macro   0x00000f00      0x24b CMakeFiles/ROBOT_SDC_AML_SWERVE_2025.dir/Core/Src/main.c.obj
 .debug_macro   0x0000114b       0x28 CMakeFiles/ROBOT_SDC_AML_SWERVE_2025.dir/Core/Src/main.c.obj
 .debug_macro   0x00001173       0x3b CMakeFiles/ROBOT_SDC_AML_SWERVE_2025.dir/Core/Src/main.c.obj
 .debug_macro   0x000011ae       0x22 CMakeFiles/ROBOT_SDC_AML_SWERVE_2025.dir/Core/Src/main.c.obj
 .debug_macro   0x000011d0       0x8e CMakeFiles/ROBOT_SDC_AML_SWERVE_2025.dir/Core/Src/main.c.obj
 .debug_macro   0x0000125e       0x51 CMakeFiles/ROBOT_SDC_AML_SWERVE_2025.dir/Core/Src/main.c.obj
 .debug_macro   0x000012af      0x103 CMakeFiles/ROBOT_SDC_AML_SWERVE_2025.dir/Core/Src/main.c.obj
 .debug_macro   0x000013b2       0x6a CMakeFiles/ROBOT_SDC_AML_SWERVE_2025.dir/Core/Src/main.c.obj
 .debug_macro   0x0000141c      0x1df CMakeFiles/ROBOT_SDC_AML_SWERVE_2025.dir/Core/Src/main.c.obj
 .debug_macro   0x000015fb       0x1c CMakeFiles/ROBOT_SDC_AML_SWERVE_2025.dir/Core/Src/main.c.obj
 .debug_macro   0x00001617       0x22 CMakeFiles/ROBOT_SDC_AML_SWERVE_2025.dir/Core/Src/main.c.obj
 .debug_macro   0x00001639       0xfb CMakeFiles/ROBOT_SDC_AML_SWERVE_2025.dir/Core/Src/main.c.obj
 .debug_macro   0x00001734     0x1305 CMakeFiles/ROBOT_SDC_AML_SWERVE_2025.dir/Core/Src/main.c.obj
 .debug_macro   0x00002a39      0x11f CMakeFiles/ROBOT_SDC_AML_SWERVE_2025.dir/Core/Src/main.c.obj
 .debug_macro   0x00002b58       0x27 CMakeFiles/ROBOT_SDC_AML_SWERVE_2025.dir/Core/Src/main.c.obj
 .debug_macro   0x00002b7f    0x258f9 CMakeFiles/ROBOT_SDC_AML_SWERVE_2025.dir/Core/Src/main.c.obj
 .debug_macro   0x00028478       0x6d CMakeFiles/ROBOT_SDC_AML_SWERVE_2025.dir/Core/Src/main.c.obj
 .debug_macro   0x000284e5     0x3d79 CMakeFiles/ROBOT_SDC_AML_SWERVE_2025.dir/Core/Src/main.c.obj
 .debug_macro   0x0002c25e      0x174 CMakeFiles/ROBOT_SDC_AML_SWERVE_2025.dir/Core/Src/main.c.obj
 .debug_macro   0x0002c3d2       0x64 CMakeFiles/ROBOT_SDC_AML_SWERVE_2025.dir/Core/Src/main.c.obj
 .debug_macro   0x0002c436       0x1d CMakeFiles/ROBOT_SDC_AML_SWERVE_2025.dir/Core/Src/main.c.obj
 .debug_macro   0x0002c453       0x35 CMakeFiles/ROBOT_SDC_AML_SWERVE_2025.dir/Core/Src/main.c.obj
 .debug_macro   0x0002c488       0x34 CMakeFiles/ROBOT_SDC_AML_SWERVE_2025.dir/Core/Src/main.c.obj
 .debug_macro   0x0002c4bc       0x16 CMakeFiles/ROBOT_SDC_AML_SWERVE_2025.dir/Core/Src/main.c.obj
 .debug_macro   0x0002c4d2       0x43 CMakeFiles/ROBOT_SDC_AML_SWERVE_2025.dir/Core/Src/main.c.obj
 .debug_macro   0x0002c515       0x34 CMakeFiles/ROBOT_SDC_AML_SWERVE_2025.dir/Core/Src/main.c.obj
 .debug_macro   0x0002c549       0x10 CMakeFiles/ROBOT_SDC_AML_SWERVE_2025.dir/Core/Src/main.c.obj
 .debug_macro   0x0002c559       0x58 CMakeFiles/ROBOT_SDC_AML_SWERVE_2025.dir/Core/Src/main.c.obj
 .debug_macro   0x0002c5b1      0x182 CMakeFiles/ROBOT_SDC_AML_SWERVE_2025.dir/Core/Src/main.c.obj
 .debug_macro   0x0002c733      0x341 CMakeFiles/ROBOT_SDC_AML_SWERVE_2025.dir/Core/Src/main.c.obj
 .debug_macro   0x0002ca74      0x19b CMakeFiles/ROBOT_SDC_AML_SWERVE_2025.dir/Core/Src/main.c.obj
 .debug_macro   0x0002cc0f       0x5d CMakeFiles/ROBOT_SDC_AML_SWERVE_2025.dir/Core/Src/main.c.obj
 .debug_macro   0x0002cc6c     0x2382 CMakeFiles/ROBOT_SDC_AML_SWERVE_2025.dir/Core/Src/main.c.obj
 .debug_macro   0x0002efee     0x102c CMakeFiles/ROBOT_SDC_AML_SWERVE_2025.dir/Core/Src/main.c.obj
 .debug_macro   0x0003001a      0x154 CMakeFiles/ROBOT_SDC_AML_SWERVE_2025.dir/Core/Src/main.c.obj
 .debug_macro   0x0003016e      0x114 CMakeFiles/ROBOT_SDC_AML_SWERVE_2025.dir/Core/Src/main.c.obj
 .debug_macro   0x00030282      0x3b6 CMakeFiles/ROBOT_SDC_AML_SWERVE_2025.dir/Core/Src/main.c.obj
 .debug_macro   0x00030638       0xac CMakeFiles/ROBOT_SDC_AML_SWERVE_2025.dir/Core/Src/main.c.obj
 .debug_macro   0x000306e4      0x72d CMakeFiles/ROBOT_SDC_AML_SWERVE_2025.dir/Core/Src/main.c.obj
 .debug_macro   0x00030e11      0x228 CMakeFiles/ROBOT_SDC_AML_SWERVE_2025.dir/Core/Src/main.c.obj
 .debug_macro   0x00031039       0x66 CMakeFiles/ROBOT_SDC_AML_SWERVE_2025.dir/Core/Src/main.c.obj
 .debug_macro   0x0003109f      0x3bb CMakeFiles/ROBOT_SDC_AML_SWERVE_2025.dir/Core/Src/main.c.obj
 .debug_macro   0x0003145a      0x3e4 CMakeFiles/ROBOT_SDC_AML_SWERVE_2025.dir/Core/Src/main.c.obj
 .debug_macro   0x0003183e      0x275 CMakeFiles/ROBOT_SDC_AML_SWERVE_2025.dir/Core/Src/main.c.obj
 .debug_macro   0x00031ab3     0x1044 CMakeFiles/ROBOT_SDC_AML_SWERVE_2025.dir/Core/Src/main.c.obj
 .debug_macro   0x00032af7      0x6cc CMakeFiles/ROBOT_SDC_AML_SWERVE_2025.dir/Core/Src/main.c.obj
 .debug_macro   0x000331c3      0x36e CMakeFiles/ROBOT_SDC_AML_SWERVE_2025.dir/Core/Src/main.c.obj
 .debug_macro   0x00033531      0xe42 CMakeFiles/ROBOT_SDC_AML_SWERVE_2025.dir/Core/Src/main.c.obj
 .debug_macro   0x00034373      0x3ca CMakeFiles/ROBOT_SDC_AML_SWERVE_2025.dir/Core/Src/main.c.obj
 .debug_macro   0x0003473d      0x408 CMakeFiles/ROBOT_SDC_AML_SWERVE_2025.dir/Core/Src/main.c.obj
 .debug_macro   0x00034b45       0x51 CMakeFiles/ROBOT_SDC_AML_SWERVE_2025.dir/Core/Src/main.c.obj
 .debug_macro   0x00034b96       0x4a CMakeFiles/ROBOT_SDC_AML_SWERVE_2025.dir/Core/Src/main.c.obj
 .debug_macro   0x00034be0      0x22c CMakeFiles/ROBOT_SDC_AML_SWERVE_2025.dir/Core/Src/main.c.obj
 .debug_macro   0x00034e0c       0x67 CMakeFiles/ROBOT_SDC_AML_SWERVE_2025.dir/Core/Src/main.c.obj
 .debug_macro   0x00034e73       0xa5 CMakeFiles/ROBOT_SDC_AML_SWERVE_2025.dir/Core/Src/main.c.obj
 .debug_macro   0x00034f18      0x1c4 CMakeFiles/ROBOT_SDC_AML_SWERVE_2025.dir/Core/Src/main.c.obj
 .debug_macro   0x000350dc      0x25e CMakeFiles/ROBOT_SDC_AML_SWERVE_2025.dir/Core/Src/main.c.obj
 .debug_macro   0x0003533a       0x35 CMakeFiles/ROBOT_SDC_AML_SWERVE_2025.dir/Core/Src/main.c.obj
 .debug_macro   0x0003536f      0xafa CMakeFiles/ROBOT_SDC_AML_SWERVE_2025.dir/Core/Src/main.c.obj
 .debug_macro   0x00035e69      0x29f CMakeFiles/ROBOT_SDC_AML_SWERVE_2025.dir/Core/Src/main.c.obj
 .debug_macro   0x00036108      0x693 CMakeFiles/ROBOT_SDC_AML_SWERVE_2025.dir/Core/Src/main.c.obj
 .debug_macro   0x0003679b       0xa6 CMakeFiles/ROBOT_SDC_AML_SWERVE_2025.dir/Core/Src/main.c.obj
 .debug_macro   0x00036841      0x5a0 CMakeFiles/ROBOT_SDC_AML_SWERVE_2025.dir/Core/Src/main.c.obj
 .debug_macro   0x00036de1      0x10c CMakeFiles/ROBOT_SDC_AML_SWERVE_2025.dir/Core/Src/main.c.obj
 .debug_macro   0x00036eed       0x16 CMakeFiles/ROBOT_SDC_AML_SWERVE_2025.dir/Core/Src/main.c.obj
 .debug_macro   0x00036f03       0x35 CMakeFiles/ROBOT_SDC_AML_SWERVE_2025.dir/Core/Src/main.c.obj
 .debug_macro   0x00036f38       0x16 CMakeFiles/ROBOT_SDC_AML_SWERVE_2025.dir/Core/Src/main.c.obj
 .debug_macro   0x00036f4e       0x29 CMakeFiles/ROBOT_SDC_AML_SWERVE_2025.dir/Core/Src/main.c.obj
 .debug_macro   0x00036f77       0x16 CMakeFiles/ROBOT_SDC_AML_SWERVE_2025.dir/Core/Src/main.c.obj
 .debug_macro   0x00036f8d       0x1c CMakeFiles/ROBOT_SDC_AML_SWERVE_2025.dir/Core/Src/main.c.obj
 .debug_macro   0x00036fa9       0x10 CMakeFiles/ROBOT_SDC_AML_SWERVE_2025.dir/Core/Src/main.c.obj
 .debug_macro   0x00036fb9       0x10 CMakeFiles/ROBOT_SDC_AML_SWERVE_2025.dir/Core/Src/main.c.obj
 .debug_macro   0x00036fc9       0x1c CMakeFiles/ROBOT_SDC_AML_SWERVE_2025.dir/Core/Src/main.c.obj
 .debug_macro   0x00036fe5       0x52 CMakeFiles/ROBOT_SDC_AML_SWERVE_2025.dir/Core/Src/main.c.obj
 .debug_macro   0x00037037       0x22 CMakeFiles/ROBOT_SDC_AML_SWERVE_2025.dir/Core/Src/main.c.obj
 .debug_macro   0x00037059       0x10 CMakeFiles/ROBOT_SDC_AML_SWERVE_2025.dir/Core/Src/main.c.obj
 .debug_macro   0x00037069       0x52 CMakeFiles/ROBOT_SDC_AML_SWERVE_2025.dir/Core/Src/main.c.obj
 .debug_macro   0x000370bb       0xd5 CMakeFiles/ROBOT_SDC_AML_SWERVE_2025.dir/Core/Src/main.c.obj
 .debug_macro   0x00037190       0x1c CMakeFiles/ROBOT_SDC_AML_SWERVE_2025.dir/Core/Src/main.c.obj
 .debug_macro   0x000371ac       0x3d CMakeFiles/ROBOT_SDC_AML_SWERVE_2025.dir/Core/Src/main.c.obj
 .debug_macro   0x000371e9       0x16 CMakeFiles/ROBOT_SDC_AML_SWERVE_2025.dir/Core/Src/main.c.obj
 .debug_macro   0x000371ff      0x16f CMakeFiles/ROBOT_SDC_AML_SWERVE_2025.dir/Core/Src/main.c.obj
 .debug_macro   0x0003736e       0x8e CMakeFiles/ROBOT_SDC_AML_SWERVE_2025.dir/Core/Src/main.c.obj
 .debug_macro   0x000373fc       0x10 CMakeFiles/ROBOT_SDC_AML_SWERVE_2025.dir/Core/Src/main.c.obj
 .debug_macro   0x0003740c       0x29 CMakeFiles/ROBOT_SDC_AML_SWERVE_2025.dir/Core/Src/main.c.obj
 .debug_macro   0x00037435       0x3a CMakeFiles/ROBOT_SDC_AML_SWERVE_2025.dir/Core/Src/main.c.obj
 .debug_macro   0x0003746f       0x22 CMakeFiles/ROBOT_SDC_AML_SWERVE_2025.dir/Core/Src/main.c.obj
 .debug_macro   0x00037491       0x10 CMakeFiles/ROBOT_SDC_AML_SWERVE_2025.dir/Core/Src/main.c.obj
 .debug_macro   0x000374a1      0x2de CMakeFiles/ROBOT_SDC_AML_SWERVE_2025.dir/Core/Src/stm32h7xx_it.c.obj
 .debug_macro   0x0003777f      0x2d4 CMakeFiles/ROBOT_SDC_AML_SWERVE_2025.dir/Core/Src/stm32h7xx_hal_msp.c.obj
 .debug_macro   0x00037a53      0x2e9 CMakeFiles/ROBOT_SDC_AML_SWERVE_2025.dir/Drivers/STM32H7xx_HAL_Driver/Src/stm32h7xx_hal_adc.c.obj
 .debug_macro   0x00037d3c      0x2d1 CMakeFiles/ROBOT_SDC_AML_SWERVE_2025.dir/Drivers/STM32H7xx_HAL_Driver/Src/stm32h7xx_hal_adc_ex.c.obj
 .debug_macro   0x0003800d      0x2e9 CMakeFiles/ROBOT_SDC_AML_SWERVE_2025.dir/Drivers/STM32H7xx_HAL_Driver/Src/stm32h7xx_hal_rcc.c.obj
 .debug_macro   0x000382f6      0x2e3 CMakeFiles/ROBOT_SDC_AML_SWERVE_2025.dir/Drivers/STM32H7xx_HAL_Driver/Src/stm32h7xx_hal_rcc_ex.c.obj
 .debug_macro   0x000385d9      0x2cc CMakeFiles/ROBOT_SDC_AML_SWERVE_2025.dir/Drivers/STM32H7xx_HAL_Driver/Src/stm32h7xx_hal_gpio.c.obj
 .debug_macro   0x000388a5      0x319 CMakeFiles/ROBOT_SDC_AML_SWERVE_2025.dir/Drivers/STM32H7xx_HAL_Driver/Src/stm32h7xx_hal_dma.c.obj
 .debug_macro   0x00038bbe      0x2fe CMakeFiles/ROBOT_SDC_AML_SWERVE_2025.dir/Drivers/STM32H7xx_HAL_Driver/Src/stm32h7xx_hal_pwr_ex.c.obj
 .debug_macro   0x00038ebc      0x2c5 CMakeFiles/ROBOT_SDC_AML_SWERVE_2025.dir/Drivers/STM32H7xx_HAL_Driver/Src/stm32h7xx_hal_cortex.c.obj
 .debug_macro   0x00039181      0x2ef CMakeFiles/ROBOT_SDC_AML_SWERVE_2025.dir/Drivers/STM32H7xx_HAL_Driver/Src/stm32h7xx_hal.c.obj
 .debug_macro   0x00039470      0x2c6 CMakeFiles/ROBOT_SDC_AML_SWERVE_2025.dir/Drivers/STM32H7xx_HAL_Driver/Src/stm32h7xx_hal_tim.c.obj
 .debug_macro   0x00039736      0x2c5 CMakeFiles/ROBOT_SDC_AML_SWERVE_2025.dir/Drivers/STM32H7xx_HAL_Driver/Src/stm32h7xx_hal_tim_ex.c.obj
 .debug_macro   0x000399fb      0x2f0 CMakeFiles/ROBOT_SDC_AML_SWERVE_2025.dir/Drivers/STM32H7xx_HAL_Driver/Src/stm32h7xx_hal_uart.c.obj
 .debug_macro   0x00039ceb      0x2d1 CMakeFiles/ROBOT_SDC_AML_SWERVE_2025.dir/Drivers/STM32H7xx_HAL_Driver/Src/stm32h7xx_hal_uart_ex.c.obj
 .debug_macro   0x00039fbc      0x2c5 CMakeFiles/ROBOT_SDC_AML_SWERVE_2025.dir/Core/Src/system_stm32h7xx.c.obj

.debug_line     0x00000000    0x1fd8a
 .debug_line    0x00000000     0x1167 CMakeFiles/ROBOT_SDC_AML_SWERVE_2025.dir/Core/Src/main.c.obj
 .debug_line    0x00001167      0xa76 CMakeFiles/ROBOT_SDC_AML_SWERVE_2025.dir/Core/Src/stm32h7xx_it.c.obj
 .debug_line    0x00001bdd      0xe74 CMakeFiles/ROBOT_SDC_AML_SWERVE_2025.dir/Core/Src/stm32h7xx_hal_msp.c.obj
 .debug_line    0x00002a51     0x2913 CMakeFiles/ROBOT_SDC_AML_SWERVE_2025.dir/Drivers/STM32H7xx_HAL_Driver/Src/stm32h7xx_hal_adc.c.obj
 .debug_line    0x00005364     0x23e9 CMakeFiles/ROBOT_SDC_AML_SWERVE_2025.dir/Drivers/STM32H7xx_HAL_Driver/Src/stm32h7xx_hal_adc_ex.c.obj
 .debug_line    0x0000774d     0x168f CMakeFiles/ROBOT_SDC_AML_SWERVE_2025.dir/Drivers/STM32H7xx_HAL_Driver/Src/stm32h7xx_hal_rcc.c.obj
 .debug_line    0x00008ddc     0x1ed8 CMakeFiles/ROBOT_SDC_AML_SWERVE_2025.dir/Drivers/STM32H7xx_HAL_Driver/Src/stm32h7xx_hal_rcc_ex.c.obj
 .debug_line    0x0000acb4      0xd80 CMakeFiles/ROBOT_SDC_AML_SWERVE_2025.dir/Drivers/STM32H7xx_HAL_Driver/Src/stm32h7xx_hal_gpio.c.obj
 .debug_line    0x0000ba34     0x27d4 CMakeFiles/ROBOT_SDC_AML_SWERVE_2025.dir/Drivers/STM32H7xx_HAL_Driver/Src/stm32h7xx_hal_dma.c.obj
 .debug_line    0x0000e208     0x1011 CMakeFiles/ROBOT_SDC_AML_SWERVE_2025.dir/Drivers/STM32H7xx_HAL_Driver/Src/stm32h7xx_hal_pwr_ex.c.obj
 .debug_line    0x0000f219      0xfba CMakeFiles/ROBOT_SDC_AML_SWERVE_2025.dir/Drivers/STM32H7xx_HAL_Driver/Src/stm32h7xx_hal_cortex.c.obj
 .debug_line    0x000101d3     0x12b2 CMakeFiles/ROBOT_SDC_AML_SWERVE_2025.dir/Drivers/STM32H7xx_HAL_Driver/Src/stm32h7xx_hal.c.obj
 .debug_line    0x00011485     0x67c9 CMakeFiles/ROBOT_SDC_AML_SWERVE_2025.dir/Drivers/STM32H7xx_HAL_Driver/Src/stm32h7xx_hal_tim.c.obj
 .debug_line    0x00017c4e     0x2836 CMakeFiles/ROBOT_SDC_AML_SWERVE_2025.dir/Drivers/STM32H7xx_HAL_Driver/Src/stm32h7xx_hal_tim_ex.c.obj
 .debug_line    0x0001a484     0x4036 CMakeFiles/ROBOT_SDC_AML_SWERVE_2025.dir/Drivers/STM32H7xx_HAL_Driver/Src/stm32h7xx_hal_uart.c.obj
 .debug_line    0x0001e4ba      0xf28 CMakeFiles/ROBOT_SDC_AML_SWERVE_2025.dir/Drivers/STM32H7xx_HAL_Driver/Src/stm32h7xx_hal_uart_ex.c.obj
 .debug_line    0x0001f3e2      0x8f3 CMakeFiles/ROBOT_SDC_AML_SWERVE_2025.dir/Core/Src/system_stm32h7xx.c.obj
 .debug_line    0x0001fcd5       0xb5 CMakeFiles/ROBOT_SDC_AML_SWERVE_2025.dir/startup_stm32h743xx.s.obj

.debug_str      0x00000000   0x181265
 .debug_str     0x00000000   0x17ad97 CMakeFiles/ROBOT_SDC_AML_SWERVE_2025.dir/Core/Src/main.c.obj
                             0x17b6eb (size before relaxing)
 .debug_str     0x0017ad97      0x326 CMakeFiles/ROBOT_SDC_AML_SWERVE_2025.dir/Core/Src/stm32h7xx_it.c.obj
                             0x178378 (size before relaxing)
 .debug_str     0x0017b0bd      0x4a4 CMakeFiles/ROBOT_SDC_AML_SWERVE_2025.dir/Core/Src/stm32h7xx_hal_msp.c.obj
                             0x179948 (size before relaxing)
 .debug_str     0x0017b561      0xaed CMakeFiles/ROBOT_SDC_AML_SWERVE_2025.dir/Drivers/STM32H7xx_HAL_Driver/Src/stm32h7xx_hal_adc.c.obj
                             0x178493 (size before relaxing)